[load] sim_paper/data/figure_3/cellbin_batch_sigma_slide/bin16um/bs0.05/simulation_bin_z_qc.h5ad
[load] AnnData shape: 365861 x 556
[stagger] offsetting each slice's x coordinate so slices don't overlap
  slice 0: offset x by 0.0
  slice 1: offset x by 20400.0
  slice 2: offset x by 40800.0
  slice 3: offset x by 61200.0
  slice 4: offset x by 81600.0
  slice 5: offset x by 102000.0
  slice 6: offset x by 122400.0
  slice 7: offset x by 142800.0
  slice 8: offset x by 163200.0
  slice 9: offset x by 183600.0

[normalize] normalize_total (no log1p -- BANKSY expects normalized, non-log counts here)
[hvg] skipped -- using all 556 genes (matches 01.2_pca_harmony.py's convention)

[banksy] k_geom=100 max_m=1 lambda=0.5 decay=scaled_gaussian

Median distance to closest cell = 16.0

---- Ran median_dist_to_nearest_neighbour in 2.34 s ----

---- Ran generate_spatial_distance_graph in 10.51 s ----

---- Ran row_normalize in 0.84 s ----

---- Ran generate_spatial_weights_fixed_nbrs in 16.23 s ----

---- Ran generate_spatial_distance_graph in 19.56 s ----

---- Ran theta_from_spatial_graph in 3.64 s ----

---- Ran row_normalize in 0.88 s ----

---- Ran generate_spatial_weights_fixed_nbrs in 31.04 s ----

Runtime Sep-17-2026-23-56

556 genes to be analysed:
Gene List:
Index(['G1', 'G2', 'G3', 'G4', 'G5', 'G6', 'G7', 'G8', 'G9', 'G10',
       ...
       'G547', 'G548', 'G549', 'G550', 'G551', 'G552', 'G553', 'G554', 'G555',
       'G556'],
      dtype='object', length=556)

Check if X contains only finite (non-NAN) values
Decay Type: scaled_gaussian
Weights Object: {'weights': {0: <365861x365861 sparse matrix of type '<class 'numpy.float64'>'
	with 36586100 stored elements in Compressed Sparse Row format>, 1: <365861x365861 sparse matrix of type '<class 'numpy.complex128'>'
	with 73172200 stored elements in Compressed Sparse Row format>}}

Nbr matrix | Mean: 17.99 | Std: 18.79
Size of Nbr | Shape: (365861, 556)
Top 3 entries of Nbr Mat:

[[ 9.15710984 38.24908991  1.26718949]
 [49.70732982 31.99303701  4.50230196]
 [53.51204943 40.96795905  5.09136563]]

AGF matrix | Mean: 4.53 | Std: 5.16
Size of AGF mat (m = 1) | Shape: (365861, 556)
Top entries of AGF:
[[10.4477699  11.83664654  1.0953384 ]
 [14.87147905  7.30506779  1.8426995 ]
 [ 9.8970822   9.79739346  0.91333389]]
Ran 'Create BANKSY Matrix' in 1.89 mins

Cell by gene matrix has shape (365861, 556)

Scale factors squared: [0.5        0.33333333 0.16666667]
Scale factors: [0.70710678 0.57735027 0.40824829]
/dcs04/hicks/data/Jan/sim_project/sim_paper/env/sim-app-banksy/lib/python3.10/site-packages/banksy/main.py:368: FutureWarning: X.dtype being converted to np.float32 from float64. In the next version of anndata (0.9) conversion will not be automatic. Pass dtype explicitly to avoid this warning. Pass `AnnData(X, dtype=X.dtype, ...)` to get the future behavour.
  return anndata.AnnData(concatenated_matrix, obs=adata.obs, var=var_combined)
Shape of BANKSY matrix: (365861, 1668)
Type of banksy_matrix: <class 'anndata._core.anndata.AnnData'>

[banksy] BANKSY matrix shape: 365861 x 1668

[pca] pre-Harmony PCA
Current decay types: ['scaled_gaussian']

Reducing dims of dataset in (Index = scaled_gaussian, lambda = 0.5)
==================================================

Setting the total number of PC = 30
Original shape of matrix: (365861, 1668)
Reduced shape of matrix: (365861, 30)
------------------------------------------------------------
min_value = -8.91871166229248, mean = -1.3383232726482674e-06, max = 10.745986938476562

  [plot] saved pca_preharmony_by_slice_id.png
  [plot] saved pca_preharmony_by_domain_true.png
  [plot] saved pca_preharmony_by_cell_type_true.png

[harmony] batch_key=slice_id
2026-09-17 23:59:47,127 - harmonypy - INFO - Running Harmony
2026-09-17 23:59:47,127 - harmonypy - INFO -   Parameters:
2026-09-17 23:59:47,128 - harmonypy - INFO -     max_iter_harmony: 10
2026-09-17 23:59:47,128 - harmonypy - INFO -     max_iter_kmeans: 4
2026-09-17 23:59:47,128 - harmonypy - INFO -     epsilon_cluster: 0.001
2026-09-17 23:59:47,128 - harmonypy - INFO -     epsilon_harmony: 0.01
2026-09-17 23:59:47,128 - harmonypy - INFO -     nclust: 100
2026-09-17 23:59:47,128 - harmonypy - INFO -     block_size: 0.05
2026-09-17 23:59:47,128 - harmonypy - INFO -     lamb: dynamic (alpha=0.2)
2026-09-17 23:59:47,128 - harmonypy - INFO -     theta: [2. 2. 2. 2. 2. 2. 2. 2. 2. 2.]
2026-09-17 23:59:47,128 - harmonypy - INFO -     sigma: [0.1 0.1 0.1 0.1 0.1]...
2026-09-17 23:59:47,128 - harmonypy - INFO -     verbose: True
2026-09-17 23:59:47,128 - harmonypy - INFO -     random_state: 0
2026-09-17 23:59:47,128 - harmonypy - INFO -   Data: 30 PCs × 365861 cells
2026-09-17 23:59:47,128 - harmonypy - INFO -   Batch variables: ['slice_id']
2026-09-17 23:59:47,815 - harmonypy - INFO - Computing initial centroids...
2026-09-17 23:59:54,112 - harmonypy - INFO - Initialization complete.
2026-09-17 23:59:54,112 - harmonypy - INFO - Iteration 1 of 10
2026-09-18 00:00:00,551 - harmonypy - INFO - Iteration 2 of 10
2026-09-18 00:00:07,040 - harmonypy - INFO - Iteration 3 of 10
2026-09-18 00:00:13,602 - harmonypy - INFO - Converged after 3 iterations
  [plot] saved pca_postharmony_by_slice_id.png
  [plot] saved pca_postharmony_by_domain_true.png
  [plot] saved pca_postharmony_by_cell_type_true.png

[save] sim_paper/data/figure_3/cellbin_batch_sigma_slide/bin16um/bs0.05/banksy_matrix/simulation_bin_z_banksy_pca_harmony_qc.h5ad
[save] done
/dcs04/hicks/data/Jan/sim_project/sim_paper/env/albis-tutorial/lib/python3.10/site-packages/louvain/__init__.py:54: UserWarning: pkg_resources is deprecated as an API. See https://setuptools.pypa.io/en/latest/pkg_resources.html. The pkg_resources package is slated for removal as early as 2025-11-30. Refrain from using this package or pin to Setuptools<81.
  from pkg_resources import get_distribution, DistributionNotFound
[load] sim_paper/data/figure_3/cellbin_batch_sigma_slide/bin16um/bs0.05/banksy_matrix/simulation_bin_z_banksy_pca_harmony_qc.h5ad
[load] AnnData shape: 365861 x 1668
[neighbors] n_pcs=30 n_neighbors=15
[ari] domain_true: target_k=6
[ari] domain_true: resolution=0.1034 achieved_k=6 (target 6)  ARI=0.7979
[ari] cell_type_true: target_k=8
[ari] cell_type_true: resolution=0.1969 achieved_k=8 (target 8)  ARI=0.1018
[save] sim_paper/data/figure_3/cellbin_batch_sigma_slide/bin16um/bs0.05/ari/ari_summary_bin.json
[save] sim_paper/data/figure_3/cellbin_batch_sigma_slide/bin16um/bs0.05/ari/simulation_bin_z_ari_recovery.h5ad
[score] bin16um_bs0.05  <-  sim_paper/data/figure_3/cellbin_batch_sigma_slide/bin16um/bs0.05/ari/simulation_bin_z_ari_recovery.h5ad
  [bin16um_bs0.05/cell_type] ARI=0.102 V=0.133  (leak 0.02)
  [bin16um_bs0.05/domain] ARI=0.798 V=0.774  (leak 0.01)
      modality  n_obs     level      ari  v_measure  slice_id_leakage_ari
bin16um_bs0.05 365861 cell_type 0.101810   0.132570              0.015847
bin16um_bs0.05 365861    domain 0.797946   0.773956              0.014447
[done] bin16um bs0.05
