[task 5] bin16um batch_sigma=0.45 lambda=0.5 k_geom=100
Python: /dcs04/hicks/data/Jan/sim_project/sim_paper/env/sim-app-banksy/bin/python
albis module: /dcs04/hicks/data/Jan/sim_project/albis/albis/__init__.py
albis version: 0.1.0

Generating bin data for slice axis Z with theta=2.0, theta_jitter=0.6, noise_scale=1.3, batch_sigma=0.45, base_gene_lognormal=(-2.5, 0.7), n_cells=600000, cell_r_mean=7.5, allow_cell_overlap=False, sphere_r_um=2050.0, capture_window_um=(6500.0, 6500.0), core_fuzz_width_um=102.5, max_shift=1025.0, bin_size_um=16.0, sync_unaligned_seed=True, seed=2025
/dcs04/hicks/data/Jan/sim_project/albis/albis/simulation_sphere.py:1513: FutureWarning: X.dtype being converted to np.float32 from int32. In the next version of anndata (0.9) conversion will not be automatic. Pass dtype explicitly to avoid this warning. Pass `AnnData(X, dtype=X.dtype, ...)` to get the future behavour.
  adata_cell_true = ad.AnnData(X=X_cell_true, obs=cell_obs, var=var)
/dcs04/hicks/data/Jan/sim_project/albis/albis/simulation_sphere.py:1517: FutureWarning: X.dtype being converted to np.float32 from int32. In the next version of anndata (0.9) conversion will not be automatic. Pass dtype explicitly to avoid this warning. Pass `AnnData(X, dtype=X.dtype, ...)` to get the future behavour.
  adata_cell_obs = ad.AnnData(X=X_cell_obs, obs=cell_obs, var=var)
/dcs04/hicks/data/Jan/sim_project/albis/albis/simulation_sphere.py:1948: FutureWarning: X.dtype being converted to np.float32 from int32. In the next version of anndata (0.9) conversion will not be automatic. Pass dtype explicitly to avoid this warning. Pass `AnnData(X, dtype=X.dtype, ...)` to get the future behavour.
  adb = ad.AnnData(X=Xb, obs=obs_b, var=var)

Generated AnnData:
AnnData object with n_obs × n_vars = 1656490 × 556
    obs: 'slice_axis', 'slice_id', 'bin_size_um', 'window_center0', 'window_center1', 'window_size0', 'window_size1', 'plane_dim0', 'plane_dim1', 'cell_type_true', 'domain_true', 'is_empty'
    var: 'gene_class', 'is_noise', 'is_shared_marker'
    uns: 'batch_effect_factors', 'rigid_perturb_inplane', 'output', 'sim_params'
    obsm: 'spatial', 'cell_type_frac_true', 'domain_frac_true', 'spatial_3d', 'spatial_unaligned', 'spatial_3d_unaligned'
    layers: 'counts_pre_batch'

[nb] empirical theta_hat = 0.13 (real data fits ~0.15-0.16 via count_distribution.py --compare-input; lower --theta further if this is still much higher)

Summary:
{
  "n_obs": 1656490,
  "n_vars": 556,
  "total_counts": 58593644,
  "nonzero_counts": 26638884,
  "platform": "bin",
  "slice_axis": "Z",
  "n_slices": 10,
  "slice_ids": [
    0,
    1,
    2,
    3,
    4,
    5,
    6,
    7,
    8,
    9
  ],
  "obs_columns": [
    "slice_axis",
    "slice_id",
    "bin_size_um",
    "window_center0",
    "window_center1",
    "window_size0",
    "window_size1",
    "plane_dim0",
    "plane_dim1",
    "cell_type_true",
    "domain_true",
    "is_empty"
  ],
  "var_columns": [
    "gene_class",
    "is_noise",
    "is_shared_marker"
  ],
  "layers": [
    "counts_pre_batch"
  ],
  "obsm_keys": [
    "spatial",
    "cell_type_frac_true",
    "domain_frac_true",
    "spatial_3d",
    "spatial_unaligned",
    "spatial_3d_unaligned"
  ],
  "uns_keys": [
    "batch_effect_factors",
    "rigid_perturb_inplane",
    "output",
    "sim_params"
  ],
  "truth_annotations": [
    "layers['counts_pre_batch']",
    "obs['cell_type_true']",
    "obs['domain_true']",
    "obsm['cell_type_frac_true']",
    "obsm['domain_frac_true']"
  ]
}

Saved summary -> sim_paper/data/figure_3/cellbin_batch_sigma_slide/bin16um/bs0.45/packing_pf0p04_bin16um_log_mu_-2.5_jitter0.6_strongmix_bsigma045_summary.json

Generating diagnostic plots...
Plotting a deterministic subset of 100,000 / 1,656,490 observations.
  saved sim_paper/data/figure_3/cellbin_batch_sigma_slide/bin16um/bs0.45/plots/packing_pf0p04_bin16um_log_mu_-2.5_jitter0.6_strongmix_bsigma045/01_aligned_domain_true.png
  saved sim_paper/data/figure_3/cellbin_batch_sigma_slide/bin16um/bs0.45/plots/packing_pf0p04_bin16um_log_mu_-2.5_jitter0.6_strongmix_bsigma045/02_aligned_cell_type_true.png
  saved sim_paper/data/figure_3/cellbin_batch_sigma_slide/bin16um/bs0.45/plots/packing_pf0p04_bin16um_log_mu_-2.5_jitter0.6_strongmix_bsigma045/03_unaligned_slice_id.png
  saved sim_paper/data/figure_3/cellbin_batch_sigma_slide/bin16um/bs0.45/plots/packing_pf0p04_bin16um_log_mu_-2.5_jitter0.6_strongmix_bsigma045/04_qc_count_distributions.png
  saved sim_paper/data/figure_3/cellbin_batch_sigma_slide/bin16um/bs0.45/plots/packing_pf0p04_bin16um_log_mu_-2.5_jitter0.6_strongmix_bsigma045/05_bins_per_slice.png
  saved sim_paper/data/figure_3/cellbin_batch_sigma_slide/bin16um/bs0.45/plots/packing_pf0p04_bin16um_log_mu_-2.5_jitter0.6_strongmix_bsigma045/06_domain_composition_per_slice.png

All diagnostic plots saved under sim_paper/data/figure_3/cellbin_batch_sigma_slide/bin16um/bs0.45/plots/packing_pf0p04_bin16um_log_mu_-2.5_jitter0.6_strongmix_bsigma045

Saved dataset -> sim_paper/data/figure_3/cellbin_batch_sigma_slide/bin16um/bs0.45/packing_pf0p04_bin16um_log_mu_-2.5_jitter0.6_strongmix_bsigma045.h5ad
/dcs04/hicks/data/Jan/sim_project/sim_paper/env/albis-tutorial/lib/python3.10/site-packages/louvain/__init__.py:54: UserWarning: pkg_resources is deprecated as an API. See https://setuptools.pypa.io/en/latest/pkg_resources.html. The pkg_resources package is slated for removal as early as 2025-11-30. Refrain from using this package or pin to Setuptools<81.
  from pkg_resources import get_distribution, DistributionNotFound
[load] sim_paper/data/figure_3/cellbin_batch_sigma_slide/bin16um/bs0.45/packing_pf0p04_bin16um_log_mu_-2.5_jitter0.6_strongmix_bsigma045.h5ad
[load] AnnData shape: 1656490 x 556
[qc] fully-empty (total_counts == 0): 1283894 (77.51%)
[qc] near-empty (0 < total_counts, n_genes < 3): 6559 (0.40%)
[qc] dropped 1290453 observations (77.90%); 366037 remain
[save] sim_paper/data/figure_3/cellbin_batch_sigma_slide/bin16um/bs0.45/packing_pf0p04_bin16um_log_mu_-2.5_jitter0.6_strongmix_bsigma045_qc_summary.json
[save] sim_paper/data/figure_3/cellbin_batch_sigma_slide/bin16um/bs0.45/packing_pf0p04_bin16um_log_mu_-2.5_jitter0.6_strongmix_bsigma045_qc.h5ad
[load] sim_paper/data/figure_3/cellbin_batch_sigma_slide/bin16um/bs0.45/packing_pf0p04_bin16um_log_mu_-2.5_jitter0.6_strongmix_bsigma045_qc.h5ad
[load] AnnData shape: 366037 x 556
[stagger] offsetting each slice's x coordinate so slices don't overlap
  slice 0: offset x by 0.0
  slice 1: offset x by 20400.0
  slice 2: offset x by 40800.0
  slice 3: offset x by 61200.0
  slice 4: offset x by 81600.0
  slice 5: offset x by 102000.0
  slice 6: offset x by 122400.0
  slice 7: offset x by 142800.0
  slice 8: offset x by 163200.0
  slice 9: offset x by 183600.0

[normalize] normalize_total (no log1p -- BANKSY expects normalized, non-log counts here)
[hvg] skipped -- using all 556 genes (matches 01.2_pca_harmony.py's convention)

[banksy] k_geom=100 max_m=1 lambda=0.5 decay=scaled_gaussian

Median distance to closest cell = 16.0

---- Ran median_dist_to_nearest_neighbour in 3.08 s ----

---- Ran generate_spatial_distance_graph in 20.73 s ----

---- Ran row_normalize in 4.95 s ----

---- Ran generate_spatial_weights_fixed_nbrs in 54.18 s ----

---- Ran generate_spatial_distance_graph in 38.08 s ----

---- Ran theta_from_spatial_graph in 17.34 s ----

---- Ran row_normalize in 5.13 s ----

---- Ran generate_spatial_weights_fixed_nbrs in 96.88 s ----

Runtime Sep-23-2026-23-54

556 genes to be analysed:
Gene List:
Index(['G1', 'G2', 'G3', 'G4', 'G5', 'G6', 'G7', 'G8', 'G9', 'G10',
       ...
       'G547', 'G548', 'G549', 'G550', 'G551', 'G552', 'G553', 'G554', 'G555',
       'G556'],
      dtype='object', length=556)

Check if X contains only finite (non-NAN) values
Decay Type: scaled_gaussian
Weights Object: {'weights': {0: <366037x366037 sparse matrix of type '<class 'numpy.float64'>'
	with 36603700 stored elements in Compressed Sparse Row format>, 1: <366037x366037 sparse matrix of type '<class 'numpy.complex128'>'
	with 73207400 stored elements in Compressed Sparse Row format>}}

Nbr matrix | Mean: 17.99 | Std: 21.77
Size of Nbr | Shape: (366037, 556)
Top 3 entries of Nbr Mat:

[[113.80911768  20.13917519   7.91064629]
 [121.45204848  11.73426469   8.08472726]
 [127.60337652  13.89127094   8.08577581]]

AGF matrix | Mean: 4.25 | Std: 4.65
Size of AGF mat (m = 1) | Shape: (366037, 556)
Top entries of AGF:
[[30.09747719  9.38967145  2.42493207]
 [27.9677356   6.95364983  2.55484192]
 [29.83676525  2.66923728  3.81154492]]
Ran 'Create BANKSY Matrix' in 7.35 mins

Cell by gene matrix has shape (366037, 556)

Scale factors squared: [0.5        0.33333333 0.16666667]
Scale factors: [0.70710678 0.57735027 0.40824829]
/dcs04/hicks/data/Jan/sim_project/sim_paper/env/sim-app-banksy/lib/python3.10/site-packages/banksy/main.py:368: FutureWarning: X.dtype being converted to np.float32 from float64. In the next version of anndata (0.9) conversion will not be automatic. Pass dtype explicitly to avoid this warning. Pass `AnnData(X, dtype=X.dtype, ...)` to get the future behavour.
  return anndata.AnnData(concatenated_matrix, obs=adata.obs, var=var_combined)
Shape of BANKSY matrix: (366037, 1668)
Type of banksy_matrix: <class 'anndata._core.anndata.AnnData'>

[banksy] BANKSY matrix shape: 366037 x 1668

[pca] pre-Harmony PCA
Current decay types: ['scaled_gaussian']

Reducing dims of dataset in (Index = scaled_gaussian, lambda = 0.5)
==================================================

Setting the total number of PC = 30
Original shape of matrix: (366037, 1668)
Reduced shape of matrix: (366037, 30)
------------------------------------------------------------
min_value = -14.333735466003418, mean = 7.705771167820785e-06, max = 24.321950912475586

  [plot] saved pca_preharmony_by_slice_id.png
  [plot] saved pca_preharmony_by_domain_true.png
  [plot] saved pca_preharmony_by_cell_type_true.png

[harmony] batch_key=slice_id
2026-09-24 00:03:57,278 - harmonypy - INFO - Running Harmony
2026-09-24 00:03:57,278 - harmonypy - INFO -   Parameters:
2026-09-24 00:03:57,278 - harmonypy - INFO -     max_iter_harmony: 10
2026-09-24 00:03:57,278 - harmonypy - INFO -     max_iter_kmeans: 4
2026-09-24 00:03:57,278 - harmonypy - INFO -     epsilon_cluster: 0.001
2026-09-24 00:03:57,278 - harmonypy - INFO -     epsilon_harmony: 0.01
2026-09-24 00:03:57,278 - harmonypy - INFO -     nclust: 100
2026-09-24 00:03:57,278 - harmonypy - INFO -     block_size: 0.05
2026-09-24 00:03:57,278 - harmonypy - INFO -     lamb: dynamic (alpha=0.2)
2026-09-24 00:03:57,279 - harmonypy - INFO -     theta: [2. 2. 2. 2. 2. 2. 2. 2. 2. 2.]
2026-09-24 00:03:57,279 - harmonypy - INFO -     sigma: [0.1 0.1 0.1 0.1 0.1]...
2026-09-24 00:03:57,279 - harmonypy - INFO -     verbose: True
2026-09-24 00:03:57,279 - harmonypy - INFO -     random_state: 0
2026-09-24 00:03:57,279 - harmonypy - INFO -   Data: 30 PCs × 366037 cells
2026-09-24 00:03:57,279 - harmonypy - INFO -   Batch variables: ['slice_id']
2026-09-24 00:03:57,912 - harmonypy - INFO - Computing initial centroids...
2026-09-24 00:04:16,394 - harmonypy - INFO - Initialization complete.
2026-09-24 00:04:16,394 - harmonypy - INFO - Iteration 1 of 10
2026-09-24 00:04:30,513 - harmonypy - INFO - Converged after 1 iteration
  [plot] saved pca_postharmony_by_slice_id.png
  [plot] saved pca_postharmony_by_domain_true.png
  [plot] saved pca_postharmony_by_cell_type_true.png

[save] sim_paper/data/figure_3/cellbin_batch_sigma_slide/bin16um/bs0.45/banksy_matrix/simulation_bin_z_banksy_pca_harmony_qc.h5ad
[save] done
/dcs04/hicks/data/Jan/sim_project/sim_paper/env/albis-tutorial/lib/python3.10/site-packages/louvain/__init__.py:54: UserWarning: pkg_resources is deprecated as an API. See https://setuptools.pypa.io/en/latest/pkg_resources.html. The pkg_resources package is slated for removal as early as 2025-11-30. Refrain from using this package or pin to Setuptools<81.
  from pkg_resources import get_distribution, DistributionNotFound
[load] sim_paper/data/figure_3/cellbin_batch_sigma_slide/bin16um/bs0.45/banksy_matrix/simulation_bin_z_banksy_pca_harmony_qc.h5ad
[load] AnnData shape: 366037 x 1668
[neighbors] n_pcs=30 n_neighbors=15
[ari] domain_true: target_k=6
[ari] domain_true: resolution=0.1034 achieved_k=10 (target 6)  ARI=0.0152
[ari] cell_type_true: target_k=8
[ari] cell_type_true: resolution=0.1034 achieved_k=10 (target 8)  ARI=0.0022
[save] sim_paper/data/figure_3/cellbin_batch_sigma_slide/bin16um/bs0.45/ari/ari_summary_bin.json
[save] sim_paper/data/figure_3/cellbin_batch_sigma_slide/bin16um/bs0.45/ari/simulation_bin_z_ari_recovery.h5ad
[score] bin16um_bs0.45  <-  sim_paper/data/figure_3/cellbin_batch_sigma_slide/bin16um/bs0.45/ari/simulation_bin_z_ari_recovery.h5ad
  [bin16um_bs0.45/cell_type] ARI=0.002 V=0.003  (leak 1.00)
  [bin16um_bs0.45/domain] ARI=0.015 V=0.037  (leak 1.00)
      modality  n_obs     level      ari  v_measure  slice_id_leakage_ari
bin16um_bs0.45 366037 cell_type 0.002220   0.002976              0.999987
bin16um_bs0.45 366037    domain 0.015248   0.036795              0.999987
/dcs04/hicks/data/Jan/sim_project/sim_paper/env/albis-tutorial/lib/python3.10/site-packages/louvain/__init__.py:54: UserWarning: pkg_resources is deprecated as an API. See https://setuptools.pypa.io/en/latest/pkg_resources.html. The pkg_resources package is slated for removal as early as 2025-11-30. Refrain from using this package or pin to Setuptools<81.
  from pkg_resources import get_distribution, DistributionNotFound
[save] BANKSY plots: sim_paper/data/figure_3/cellbin_batch_sigma_slide/bin16um/bs0.45/ari/plots
[done] task 5 -> sim_paper/data/figure_3/cellbin_batch_sigma_slide/bin16um/bs0.45
