[task 3] cell batch_sigma=0.2 lambda=0.5 k_geom=60
[load] sim_paper/data/noisy/cell_strong_mix_bs0.2/simulation_cell_z_qc.h5ad
[load] AnnData shape: 24207 x 556
[stagger] offsetting each slice's x coordinate so slices don't overlap
  slice 0: offset x by 0.0
  slice 1: offset x by 20250.3
  slice 2: offset x by 40500.5
  slice 3: offset x by 60750.8
  slice 4: offset x by 81001.1
  slice 5: offset x by 101251.3
  slice 6: offset x by 121501.6
  slice 7: offset x by 141751.9
  slice 8: offset x by 162002.1
  slice 9: offset x by 182252.4

[normalize] normalize_total (no log1p -- BANKSY expects normalized, non-log counts here)
[hvg] skipped -- using all 556 genes (matches 01.2_pca_harmony.py's convention)

[banksy] k_geom=60 max_m=1 lambda=0.5 decay=scaled_gaussian

Median distance to closest cell = 28.960353576993736

---- Ran median_dist_to_nearest_neighbour in 0.09 s ----

---- Ran generate_spatial_distance_graph in 0.53 s ----

---- Ran row_normalize in 0.12 s ----

---- Ran generate_spatial_weights_fixed_nbrs in 1.37 s ----

---- Ran generate_spatial_distance_graph in 0.75 s ----

---- Ran theta_from_spatial_graph in 0.33 s ----

---- Ran row_normalize in 0.11 s ----

---- Ran generate_spatial_weights_fixed_nbrs in 1.86 s ----

Runtime Sep-18-2026-09-06

556 genes to be analysed:
Gene List:
Index(['G1', 'G2', 'G3', 'G4', 'G5', 'G6', 'G7', 'G8', 'G9', 'G10',
       ...
       'G547', 'G548', 'G549', 'G550', 'G551', 'G552', 'G553', 'G554', 'G555',
       'G556'],
      dtype='object', length=556)

Check if X contains only finite (non-NAN) values
Decay Type: scaled_gaussian
Weights Object: {'weights': {0: <24207x24207 sparse matrix of type '<class 'numpy.float64'>'
	with 1452420 stored elements in Compressed Sparse Row format>, 1: <24207x24207 sparse matrix of type '<class 'numpy.complex128'>'
	with 2904840 stored elements in Compressed Sparse Row format>}}

Nbr matrix | Mean: 17.99 | Std: 20.74
Size of Nbr | Shape: (24207, 556)
Top 3 entries of Nbr Mat:

[[ 8.37477911 29.04103654  9.20921892]
 [20.21565403 46.98968749  1.76217925]
 [15.05650989 35.53587694 20.77862606]]

AGF matrix | Mean: 6.36 | Std: 6.1
Size of AGF mat (m = 1) | Shape: (24207, 556)
Top entries of AGF:
[[ 1.10503293  9.77022914  6.31463298]
 [ 0.45918107 14.3012324   0.51168706]
 [ 7.19798597 16.05473493  5.1971254 ]]
Ran 'Create BANKSY Matrix' in 0.11 mins

Cell by gene matrix has shape (24207, 556)

Scale factors squared: [0.5        0.33333333 0.16666667]
Scale factors: [0.70710678 0.57735027 0.40824829]
/dcs04/hicks/data/Jan/sim_project/sim_paper/env/sim-app-banksy/lib/python3.10/site-packages/banksy/main.py:368: FutureWarning: X.dtype being converted to np.float32 from float64. In the next version of anndata (0.9) conversion will not be automatic. Pass dtype explicitly to avoid this warning. Pass `AnnData(X, dtype=X.dtype, ...)` to get the future behavour.
  return anndata.AnnData(concatenated_matrix, obs=adata.obs, var=var_combined)
Shape of BANKSY matrix: (24207, 1668)
Type of banksy_matrix: <class 'anndata._core.anndata.AnnData'>

[banksy] BANKSY matrix shape: 24207 x 1668

[pca] pre-Harmony PCA
Current decay types: ['scaled_gaussian']

Reducing dims of dataset in (Index = scaled_gaussian, lambda = 0.5)
==================================================

Setting the total number of PC = 30
Original shape of matrix: (24207, 1668)
Reduced shape of matrix: (24207, 30)
------------------------------------------------------------
min_value = -5.811563491821289, mean = 2.3511910640650058e-08, max = 8.394379615783691

  [plot] saved pca_preharmony_by_slice_id.png
  [plot] saved pca_preharmony_by_domain_true.png
  [plot] saved pca_preharmony_by_cell_type_true.png

[harmony] batch_key=slice_id
2026-09-18 09:07:01,387 - harmonypy - INFO - Running Harmony
2026-09-18 09:07:01,387 - harmonypy - INFO -   Parameters:
2026-09-18 09:07:01,387 - harmonypy - INFO -     max_iter_harmony: 10
2026-09-18 09:07:01,387 - harmonypy - INFO -     max_iter_kmeans: 4
2026-09-18 09:07:01,388 - harmonypy - INFO -     epsilon_cluster: 0.001
2026-09-18 09:07:01,388 - harmonypy - INFO -     epsilon_harmony: 0.01
2026-09-18 09:07:01,388 - harmonypy - INFO -     nclust: 100
2026-09-18 09:07:01,388 - harmonypy - INFO -     block_size: 0.05
2026-09-18 09:07:01,388 - harmonypy - INFO -     lamb: dynamic (alpha=0.2)
2026-09-18 09:07:01,388 - harmonypy - INFO -     theta: [2. 2. 2. 2. 2. 2. 2. 2. 2. 2.]
2026-09-18 09:07:01,388 - harmonypy - INFO -     sigma: [0.1 0.1 0.1 0.1 0.1]...
2026-09-18 09:07:01,388 - harmonypy - INFO -     verbose: True
2026-09-18 09:07:01,388 - harmonypy - INFO -     random_state: 0
2026-09-18 09:07:01,388 - harmonypy - INFO -   Data: 30 PCs × 24207 cells
2026-09-18 09:07:01,388 - harmonypy - INFO -   Batch variables: ['slice_id']
2026-09-18 09:07:01,403 - harmonypy - INFO - Computing initial centroids...
2026-09-18 09:07:01,924 - harmonypy - INFO - Initialization complete.
2026-09-18 09:07:01,925 - harmonypy - INFO - Iteration 1 of 10
2026-09-18 09:07:02,439 - harmonypy - INFO - Iteration 2 of 10
2026-09-18 09:07:02,985 - harmonypy - INFO - Converged after 2 iterations
  [plot] saved pca_postharmony_by_slice_id.png
  [plot] saved pca_postharmony_by_domain_true.png
  [plot] saved pca_postharmony_by_cell_type_true.png

[save] sim_paper/data/figure_3/cellbin_batch_sigma_slide/cell/bs0.2/banksy_matrix/simulation_cell_z_banksy_pca_harmony_qc.h5ad
[save] done
/dcs04/hicks/data/Jan/sim_project/sim_paper/env/albis-tutorial/lib/python3.10/site-packages/louvain/__init__.py:54: UserWarning: pkg_resources is deprecated as an API. See https://setuptools.pypa.io/en/latest/pkg_resources.html. The pkg_resources package is slated for removal as early as 2025-11-30. Refrain from using this package or pin to Setuptools<81.
  from pkg_resources import get_distribution, DistributionNotFound
[load] sim_paper/data/figure_3/cellbin_batch_sigma_slide/cell/bs0.2/banksy_matrix/simulation_cell_z_banksy_pca_harmony_qc.h5ad
[load] AnnData shape: 24207 x 1668
[neighbors] n_pcs=30 n_neighbors=15
[ari] domain_true: target_k=6
[ari] domain_true: resolution=0.0158 achieved_k=7 (target 6)  ARI=0.0213
[ari] cell_type_true: target_k=8
[ari] cell_type_true: resolution=0.0334 achieved_k=8 (target 8)  ARI=0.0017
[save] sim_paper/data/figure_3/cellbin_batch_sigma_slide/cell/bs0.2/ari/ari_summary_cell.json
[save] sim_paper/data/figure_3/cellbin_batch_sigma_slide/cell/bs0.2/ari/simulation_cell_z_ari_recovery.h5ad
[score] cell_bs0.2  <-  sim_paper/data/figure_3/cellbin_batch_sigma_slide/cell/bs0.2/ari/simulation_cell_z_ari_recovery.h5ad
  [cell_bs0.2/cell_type] ARI=0.002 V=0.003  (leak 0.96)
  [cell_bs0.2/domain] ARI=0.021 V=0.037  (leak 0.87)
  modality  n_obs     level      ari  v_measure  slice_id_leakage_ari
cell_bs0.2  24207 cell_type 0.001656   0.002734              0.955194
cell_bs0.2  24207    domain 0.021318   0.036965              0.873677
[done] task 3 -> sim_paper/data/figure_3/cellbin_batch_sigma_slide/cell/bs0.2
