[task 3] spot batch_sigma=0.12 lambda=0.1 k_geom=8
[load] sim_paper/data/noisy/spot_strong_mix_bs0.12/simulation_spot_z_qc.h5ad
[load] AnnData shape: 10030 x 556
[stagger] offsetting each slice's x coordinate so slices don't overlap
  slice 0: offset x by 0.0
  slice 1: offset x by 20500.0
  slice 2: offset x by 41000.0
  slice 3: offset x by 61500.0
  slice 4: offset x by 82000.0
  slice 5: offset x by 102500.0
  slice 6: offset x by 123000.0
  slice 7: offset x by 143500.0
  slice 8: offset x by 164000.0
  slice 9: offset x by 184500.0

[normalize] normalize_total (no log1p -- BANKSY expects normalized, non-log counts here)
[hvg] skipped -- using all 556 genes (matches 01.2_pca_harmony.py's convention)

[banksy] k_geom=8 max_m=1 lambda=0.1 decay=scaled_gaussian

Median distance to closest cell = 100.0

---- Ran median_dist_to_nearest_neighbour in 0.04 s ----

---- Ran generate_spatial_distance_graph in 0.06 s ----

---- Ran row_normalize in 0.09 s ----

---- Ran generate_spatial_weights_fixed_nbrs in 0.81 s ----

---- Ran generate_spatial_distance_graph in 0.09 s ----

---- Ran theta_from_spatial_graph in 0.16 s ----

---- Ran row_normalize in 0.09 s ----

---- Ran generate_spatial_weights_fixed_nbrs in 1.01 s ----

Runtime Sep-23-2026-13-11

556 genes to be analysed:
Gene List:
Index(['G1', 'G2', 'G3', 'G4', 'G5', 'G6', 'G7', 'G8', 'G9', 'G10',
       ...
       'G547', 'G548', 'G549', 'G550', 'G551', 'G552', 'G553', 'G554', 'G555',
       'G556'],
      dtype='object', length=556)

Check if X contains only finite (non-NAN) values
Decay Type: scaled_gaussian
Weights Object: {'weights': {0: <10030x10030 sparse matrix of type '<class 'numpy.float64'>'
	with 80240 stored elements in Compressed Sparse Row format>, 1: <10030x10030 sparse matrix of type '<class 'numpy.complex128'>'
	with 160480 stored elements in Compressed Sparse Row format>}}

Nbr matrix | Mean: 17.99 | Std: 29.66
Size of Nbr | Shape: (10030, 556)
Top 3 entries of Nbr Mat:

[[ 4.0027274   5.4012537   0.        ]
 [ 5.45982984 42.66904022  0.        ]
 [ 3.25200676 29.12142323  1.78517315]]

AGF matrix | Mean: 4.71 | Std: 9.43
Size of AGF mat (m = 1) | Shape: (10030, 556)
Top entries of AGF:
[[ 5.50470669  2.36713899  0.13815006]
 [ 1.48494509 22.36116203  0.85129446]
 [ 1.85969073  4.56451842  4.07233643]]
Ran 'Create BANKSY Matrix' in 0.03 mins

Cell by gene matrix has shape (10030, 556)

Scale factors squared: [0.9        0.06666667 0.03333333]
Scale factors: [0.9486833  0.25819889 0.18257419]
/dcs04/hicks/data/Jan/sim_project/sim_paper/env/sim-app-banksy/lib/python3.10/site-packages/banksy/main.py:368: FutureWarning: X.dtype being converted to np.float32 from float64. In the next version of anndata (0.9) conversion will not be automatic. Pass dtype explicitly to avoid this warning. Pass `AnnData(X, dtype=X.dtype, ...)` to get the future behavour.
  return anndata.AnnData(concatenated_matrix, obs=adata.obs, var=var_combined)
Shape of BANKSY matrix: (10030, 1668)
Type of banksy_matrix: <class 'anndata._core.anndata.AnnData'>

[banksy] BANKSY matrix shape: 10030 x 1668

[pca] pre-Harmony PCA
Current decay types: ['scaled_gaussian']

Reducing dims of dataset in (Index = scaled_gaussian, lambda = 0.1)
==================================================

Setting the total number of PC = 30
Original shape of matrix: (10030, 1668)
Reduced shape of matrix: (10030, 30)
------------------------------------------------------------
min_value = -59.39165496826172, mean = 4.563944955293664e-08, max = 116.68563079833984

  [plot] saved pca_preharmony_by_slice_id.png
  [plot] saved pca_preharmony_by_domain_true.png
  [plot] saved pca_preharmony_by_cell_type_true.png

[harmony] batch_key=slice_id
2026-09-23 13:11:47,335 - harmonypy - INFO - Running Harmony
2026-09-23 13:11:47,335 - harmonypy - INFO -   Parameters:
2026-09-23 13:11:47,335 - harmonypy - INFO -     max_iter_harmony: 10
2026-09-23 13:11:47,335 - harmonypy - INFO -     max_iter_kmeans: 4
2026-09-23 13:11:47,335 - harmonypy - INFO -     epsilon_cluster: 0.001
2026-09-23 13:11:47,335 - harmonypy - INFO -     epsilon_harmony: 0.01
2026-09-23 13:11:47,335 - harmonypy - INFO -     nclust: 100
2026-09-23 13:11:47,335 - harmonypy - INFO -     block_size: 0.05
2026-09-23 13:11:47,335 - harmonypy - INFO -     lamb: dynamic (alpha=0.2)
2026-09-23 13:11:47,336 - harmonypy - INFO -     theta: [2. 2. 2. 2. 2. 2. 2. 2. 2. 2.]
2026-09-23 13:11:47,336 - harmonypy - INFO -     sigma: [0.1 0.1 0.1 0.1 0.1]...
2026-09-23 13:11:47,336 - harmonypy - INFO -     verbose: True
2026-09-23 13:11:47,336 - harmonypy - INFO -     random_state: 0
2026-09-23 13:11:47,336 - harmonypy - INFO -   Data: 30 PCs × 10030 cells
2026-09-23 13:11:47,336 - harmonypy - INFO -   Batch variables: ['slice_id']
2026-09-23 13:11:47,375 - harmonypy - INFO - Computing initial centroids...
2026-09-23 13:11:47,877 - harmonypy - INFO - Initialization complete.
2026-09-23 13:11:47,877 - harmonypy - INFO - Iteration 1 of 10
2026-09-23 13:11:48,309 - harmonypy - INFO - Converged after 1 iteration
  [plot] saved pca_postharmony_by_slice_id.png
  [plot] saved pca_postharmony_by_domain_true.png
  [plot] saved pca_postharmony_by_cell_type_true.png

[save] sim_paper/data/figure_3/cellbin_batch_sigma_slide/spot/bs0.12/banksy_matrix/simulation_spot_z_banksy_pca_harmony_qc.h5ad
[save] done
/dcs04/hicks/data/Jan/sim_project/sim_paper/env/albis-tutorial/lib/python3.10/site-packages/louvain/__init__.py:54: UserWarning: pkg_resources is deprecated as an API. See https://setuptools.pypa.io/en/latest/pkg_resources.html. The pkg_resources package is slated for removal as early as 2025-11-30. Refrain from using this package or pin to Setuptools<81.
  from pkg_resources import get_distribution, DistributionNotFound
[load] sim_paper/data/figure_3/cellbin_batch_sigma_slide/spot/bs0.12/banksy_matrix/simulation_spot_z_banksy_pca_harmony_qc.h5ad
[load] AnnData shape: 10030 x 1668
[neighbors] n_pcs=30 n_neighbors=15
slurmstepd: error: *** JOB 35884270 ON compute-095 CANCELLED AT 2026-09-23T13:13:43 ***
