[task 0] spot batch_sigma=0.0 lambda=0.1 k_geom=8
Python: /dcs04/hicks/data/Jan/sim_project/sim_paper/env/sim-app-banksy/bin/python
albis module: /dcs04/hicks/data/Jan/sim_project/albis/albis/__init__.py
albis version: 0.1.0

Generating spot data for slice axis Z with theta=0.25, theta_jitter=0.1, noise_scale=1.3, batch_sigma=0.0, base_gene_lognormal=(-2.25, 1.0), n_cells=600000, cell_r_mean=7.5, allow_cell_overlap=False, sphere_r_um=2050.0, capture_window_um=(6500.0, 6500.0), core_fuzz_width_um=102.5, max_shift=1025.0, bin_size_um=8.0, sync_unaligned_seed=True, seed=2025
/dcs04/hicks/data/Jan/sim_project/albis/albis/simulation_sphere.py:1513: FutureWarning: X.dtype being converted to np.float32 from int32. In the next version of anndata (0.9) conversion will not be automatic. Pass dtype explicitly to avoid this warning. Pass `AnnData(X, dtype=X.dtype, ...)` to get the future behavour.
  adata_cell_true = ad.AnnData(X=X_cell_true, obs=cell_obs, var=var)
/dcs04/hicks/data/Jan/sim_project/albis/albis/simulation_sphere.py:1517: FutureWarning: X.dtype being converted to np.float32 from int32. In the next version of anndata (0.9) conversion will not be automatic. Pass dtype explicitly to avoid this warning. Pass `AnnData(X, dtype=X.dtype, ...)` to get the future behavour.
  adata_cell_obs = ad.AnnData(X=X_cell_obs, obs=cell_obs, var=var)
/dcs04/hicks/data/Jan/sim_project/albis/albis/simulation_sphere.py:1996: FutureWarning: X.dtype being converted to np.float32 from int32. In the next version of anndata (0.9) conversion will not be automatic. Pass dtype explicitly to avoid this warning. Pass `AnnData(X, dtype=X.dtype, ...)` to get the future behavour.
  ads = ad.AnnData(X=Xs, obs=obs_s, var=var)

Generated AnnData:
AnnData object with n_obs × n_vars = 43560 × 556
    obs: 'slice_axis', 'slice_id', 'spot_spacing_um', 'spot_radius_um', 'window_center0', 'window_center1', 'window_size0', 'window_size1', 'plane_dim0', 'plane_dim1', 'cell_type_true', 'domain_true', 'is_empty'
    var: 'gene_class', 'is_noise', 'is_shared_marker'
    uns: 'batch_effect_factors', 'rigid_perturb_inplane', 'output', 'sim_params'
    obsm: 'spatial', 'cell_type_frac_true', 'domain_frac_true', 'spatial_3d', 'spatial_unaligned', 'spatial_3d_unaligned'
    layers: 'counts_pre_batch'

[nb] empirical theta_hat = 0.12 (real data fits ~0.15-0.16 via count_distribution.py --compare-input; lower --theta further if this is still much higher)

Summary:
{
  "n_obs": 43560,
  "n_vars": 556,
  "total_counts": 27130264,
  "nonzero_counts": 3354157,
  "platform": "spot",
  "slice_axis": "Z",
  "n_slices": 10,
  "slice_ids": [
    0,
    1,
    2,
    3,
    4,
    5,
    6,
    7,
    8,
    9
  ],
  "obs_columns": [
    "slice_axis",
    "slice_id",
    "spot_spacing_um",
    "spot_radius_um",
    "window_center0",
    "window_center1",
    "window_size0",
    "window_size1",
    "plane_dim0",
    "plane_dim1",
    "cell_type_true",
    "domain_true",
    "is_empty"
  ],
  "var_columns": [
    "gene_class",
    "is_noise",
    "is_shared_marker"
  ],
  "layers": [
    "counts_pre_batch"
  ],
  "obsm_keys": [
    "spatial",
    "cell_type_frac_true",
    "domain_frac_true",
    "spatial_3d",
    "spatial_unaligned",
    "spatial_3d_unaligned"
  ],
  "uns_keys": [
    "batch_effect_factors",
    "rigid_perturb_inplane",
    "output",
    "sim_params"
  ],
  "truth_annotations": [
    "layers['counts_pre_batch']",
    "obs['cell_type_true']",
    "obs['domain_true']",
    "obsm['cell_type_frac_true']",
    "obsm['domain_frac_true']"
  ]
}
Traceback (most recent call last):
  File "/dcs04/hicks/data/Jan/sim_project/sim_paper/code/data/generate_simulation_noisy.py", line 515, in <module>
    with open(SUMMARY_PATH, "w") as f:
FileNotFoundError: [Errno 2] No such file or directory: 'sim_paper/data/figure_3/cellbin_batch_sigma_slide/spot/bs0.0/packing_pf0p04_log_mu_-2.25_sigma1.0_theta_0.25_jitter0.10_dsf_strongmix_bsigma0_summary.json'
