[task 3] cell batch_sigma=0.2 lambda=0.5 k_geom=60
Python: /dcs04/hicks/data/Jan/sim_project/sim_paper/env/sim-app-banksy/bin/python
albis module: /dcs04/hicks/data/Jan/sim_project/albis/albis/__init__.py
albis version: 0.1.0

Generating cell data for slice axis Z with theta=0.4, theta_jitter=0.15, noise_scale=1.3, batch_sigma=0.2, base_gene_lognormal=(-2.5, 0.7), n_cells=24207, cell_r_mean=7.5, allow_cell_overlap=False, sphere_r_um=2050.0, capture_window_um=(12000.0, 24000.0), core_fuzz_width_um=102.5, max_shift=1025.0, bin_size_um=8.0, sync_unaligned_seed=True, seed=2025
/dcs04/hicks/data/Jan/sim_project/albis/albis/simulation_sphere.py:1513: FutureWarning: X.dtype being converted to np.float32 from int32. In the next version of anndata (0.9) conversion will not be automatic. Pass dtype explicitly to avoid this warning. Pass `AnnData(X, dtype=X.dtype, ...)` to get the future behavour.
  adata_cell_true = ad.AnnData(X=X_cell_true, obs=cell_obs, var=var)
/dcs04/hicks/data/Jan/sim_project/albis/albis/simulation_sphere.py:1517: FutureWarning: X.dtype being converted to np.float32 from int32. In the next version of anndata (0.9) conversion will not be automatic. Pass dtype explicitly to avoid this warning. Pass `AnnData(X, dtype=X.dtype, ...)` to get the future behavour.
  adata_cell_obs = ad.AnnData(X=X_cell_obs, obs=cell_obs, var=var)

Generated AnnData:
AnnData object with n_obs × n_vars = 24207 × 556
    obs: 'domain_true', 'cell_type_true', 'cell_radius', 'cell_sigma_for_95pct', 'slice_id_X', 'slice_id_Y', 'slice_id_Z', 'slice_axis', 'slice_id'
    var: 'gene_class', 'is_noise', 'is_shared_marker'
    uns: 'sim_params', 'batch_effect_factors', 'rigid_perturb_inplane', 'output'
    obsm: 'spatial', 'spatial_3d', 'spatial_unaligned', 'spatial_3d_unaligned'
    layers: 'counts_pre_batch'

[nb] empirical theta_hat = 0.23 (real data fits ~0.15-0.16 via count_distribution.py --compare-input; lower --theta further if this is still much higher)

Summary:
{
  "n_obs": 24207,
  "n_vars": 556,
  "total_counts": 2057873,
  "nonzero_counts": 953029,
  "platform": "cell",
  "slice_axis": "Z",
  "n_slices": 10,
  "slice_ids": [
    0,
    1,
    2,
    3,
    4,
    5,
    6,
    7,
    8,
    9
  ],
  "obs_columns": [
    "domain_true",
    "cell_type_true",
    "cell_radius",
    "cell_sigma_for_95pct",
    "slice_id_X",
    "slice_id_Y",
    "slice_id_Z",
    "slice_axis",
    "slice_id"
  ],
  "var_columns": [
    "gene_class",
    "is_noise",
    "is_shared_marker"
  ],
  "layers": [
    "counts_pre_batch"
  ],
  "obsm_keys": [
    "spatial",
    "spatial_3d",
    "spatial_unaligned",
    "spatial_3d_unaligned"
  ],
  "uns_keys": [
    "sim_params",
    "batch_effect_factors",
    "rigid_perturb_inplane",
    "output"
  ],
  "truth_annotations": [
    "layers['counts_pre_batch']",
    "obs['cell_type_true']",
    "obs['domain_true']",
    "obs['cell_radius']",
    "obs['cell_sigma_for_95pct']"
  ]
}

Saved summary -> sim_paper/data/figure_3/cellbin_batch_sigma_slide/cell/bs0.2/log_mu_-2.5_theta_0.40_jitter0.15_strongmix_bsigma02_summary.json

Generating diagnostic plots...
  saved sim_paper/data/figure_3/cellbin_batch_sigma_slide/cell/bs0.2/plots/log_mu_-2.5_theta_0.40_jitter0.15_strongmix_bsigma02/01_aligned_domain_true.png
  saved sim_paper/data/figure_3/cellbin_batch_sigma_slide/cell/bs0.2/plots/log_mu_-2.5_theta_0.40_jitter0.15_strongmix_bsigma02/02_aligned_cell_type_true.png
  saved sim_paper/data/figure_3/cellbin_batch_sigma_slide/cell/bs0.2/plots/log_mu_-2.5_theta_0.40_jitter0.15_strongmix_bsigma02/03_unaligned_slice_id.png
  saved sim_paper/data/figure_3/cellbin_batch_sigma_slide/cell/bs0.2/plots/log_mu_-2.5_theta_0.40_jitter0.15_strongmix_bsigma02/04_qc_count_distributions.png
  saved sim_paper/data/figure_3/cellbin_batch_sigma_slide/cell/bs0.2/plots/log_mu_-2.5_theta_0.40_jitter0.15_strongmix_bsigma02/05_cells_per_slice.png
  saved sim_paper/data/figure_3/cellbin_batch_sigma_slide/cell/bs0.2/plots/log_mu_-2.5_theta_0.40_jitter0.15_strongmix_bsigma02/06_domain_composition_per_slice.png

All diagnostic plots saved under sim_paper/data/figure_3/cellbin_batch_sigma_slide/cell/bs0.2/plots/log_mu_-2.5_theta_0.40_jitter0.15_strongmix_bsigma02

Saved dataset -> sim_paper/data/figure_3/cellbin_batch_sigma_slide/cell/bs0.2/log_mu_-2.5_theta_0.40_jitter0.15_strongmix_bsigma02.h5ad
/dcs04/hicks/data/Jan/sim_project/sim_paper/env/albis-tutorial/lib/python3.10/site-packages/louvain/__init__.py:54: UserWarning: pkg_resources is deprecated as an API. See https://setuptools.pypa.io/en/latest/pkg_resources.html. The pkg_resources package is slated for removal as early as 2025-11-30. Refrain from using this package or pin to Setuptools<81.
  from pkg_resources import get_distribution, DistributionNotFound
[load] sim_paper/data/figure_3/cellbin_batch_sigma_slide/cell/bs0.2/log_mu_-2.5_theta_0.40_jitter0.15_strongmix_bsigma02.h5ad
[load] AnnData shape: 24207 x 556
[qc] fully-empty (total_counts == 0): 0 (0.00%)
[qc] near-empty (0 < total_counts, n_genes < 3): 0 (0.00%)
[qc] dropped 0 observations (0.00%); 24207 remain
[save] sim_paper/data/figure_3/cellbin_batch_sigma_slide/cell/bs0.2/log_mu_-2.5_theta_0.40_jitter0.15_strongmix_bsigma02_qc_summary.json
[save] sim_paper/data/figure_3/cellbin_batch_sigma_slide/cell/bs0.2/log_mu_-2.5_theta_0.40_jitter0.15_strongmix_bsigma02_qc.h5ad
slurmstepd: error: *** JOB 35884514 ON compute-174 CANCELLED AT 2026-09-23T13:37:42 ***
