[task 2] bin16um batch_sigma=0.30 lambda=0.5 k_geom=100
[load] sim_paper/data/noisy/bin16um_strong_mix_bs0.30/simulation_bin_z_qc.h5ad
[load] AnnData shape: 366129 x 556
[stagger] offsetting each slice's x coordinate so slices don't overlap
  slice 0: offset x by 0.0
  slice 1: offset x by 20400.0
  slice 2: offset x by 40800.0
  slice 3: offset x by 61200.0
  slice 4: offset x by 81600.0
  slice 5: offset x by 102000.0
  slice 6: offset x by 122400.0
  slice 7: offset x by 142800.0
  slice 8: offset x by 163200.0
  slice 9: offset x by 183600.0

[normalize] normalize_total (no log1p -- BANKSY expects normalized, non-log counts here)
[hvg] skipped -- using all 556 genes (matches 01.2_pca_harmony.py's convention)

[banksy] k_geom=100 max_m=1 lambda=0.5 decay=scaled_gaussian

Median distance to closest cell = 16.0

---- Ran median_dist_to_nearest_neighbour in 0.69 s ----

---- Ran generate_spatial_distance_graph in 7.19 s ----

---- Ran row_normalize in 0.80 s ----

---- Ran generate_spatial_weights_fixed_nbrs in 11.85 s ----

---- Ran generate_spatial_distance_graph in 13.45 s ----

---- Ran theta_from_spatial_graph in 3.48 s ----

---- Ran row_normalize in 0.82 s ----

---- Ran generate_spatial_weights_fixed_nbrs in 23.35 s ----

Runtime Sep-23-2026-13-11

556 genes to be analysed:
Gene List:
Index(['G1', 'G2', 'G3', 'G4', 'G5', 'G6', 'G7', 'G8', 'G9', 'G10',
       ...
       'G547', 'G548', 'G549', 'G550', 'G551', 'G552', 'G553', 'G554', 'G555',
       'G556'],
      dtype='object', length=556)

Check if X contains only finite (non-NAN) values
Decay Type: scaled_gaussian
Weights Object: {'weights': {0: <366129x366129 sparse matrix of type '<class 'numpy.float64'>'
	with 36612900 stored elements in Compressed Sparse Row format>, 1: <366129x366129 sparse matrix of type '<class 'numpy.complex128'>'
	with 73225800 stored elements in Compressed Sparse Row format>}}

Nbr matrix | Mean: 17.99 | Std: 19.91
Size of Nbr | Shape: (366129, 556)
Top 3 entries of Nbr Mat:

[[68.17603855 14.50614403 14.12177069]
 [71.88167457  9.01461135 14.28965919]
 [79.12199657 11.94103719 13.97150027]]

AGF matrix | Mean: 4.29 | Std: 4.44
Size of AGF mat (m = 1) | Shape: (366129, 556)
Top entries of AGF:
[[23.69157199  5.9097727   4.44958189]
 [21.33612603  4.68311063  4.58934042]
 [17.77786988  5.7736086   6.3443478 ]]
Ran 'Create BANKSY Matrix' in 1.66 mins

Cell by gene matrix has shape (366129, 556)

Scale factors squared: [0.5        0.33333333 0.16666667]
Scale factors: [0.70710678 0.57735027 0.40824829]
/dcs04/hicks/data/Jan/sim_project/sim_paper/env/sim-app-banksy/lib/python3.10/site-packages/banksy/main.py:368: FutureWarning: X.dtype being converted to np.float32 from float64. In the next version of anndata (0.9) conversion will not be automatic. Pass dtype explicitly to avoid this warning. Pass `AnnData(X, dtype=X.dtype, ...)` to get the future behavour.
  return anndata.AnnData(concatenated_matrix, obs=adata.obs, var=var_combined)
Shape of BANKSY matrix: (366129, 1668)
Type of banksy_matrix: <class 'anndata._core.anndata.AnnData'>

[banksy] BANKSY matrix shape: 366129 x 1668

[pca] pre-Harmony PCA
Current decay types: ['scaled_gaussian']

Reducing dims of dataset in (Index = scaled_gaussian, lambda = 0.5)
==================================================

Setting the total number of PC = 30
Original shape of matrix: (366129, 1668)
Reduced shape of matrix: (366129, 30)
------------------------------------------------------------
min_value = -11.53689193725586, mean = 5.702275984731386e-07, max = 13.28464412689209

  [plot] saved pca_preharmony_by_slice_id.png
  [plot] saved pca_preharmony_by_domain_true.png
  [plot] saved pca_preharmony_by_cell_type_true.png

[harmony] batch_key=slice_id
2026-09-23 13:13:39,806 - harmonypy - INFO - Running Harmony
2026-09-23 13:13:39,806 - harmonypy - INFO -   Parameters:
2026-09-23 13:13:39,806 - harmonypy - INFO -     max_iter_harmony: 10
2026-09-23 13:13:39,806 - harmonypy - INFO -     max_iter_kmeans: 4
2026-09-23 13:13:39,806 - harmonypy - INFO -     epsilon_cluster: 0.001
2026-09-23 13:13:39,806 - harmonypy - INFO -     epsilon_harmony: 0.01
2026-09-23 13:13:39,806 - harmonypy - INFO -     nclust: 100
2026-09-23 13:13:39,806 - harmonypy - INFO -     block_size: 0.05
2026-09-23 13:13:39,806 - harmonypy - INFO -     lamb: dynamic (alpha=0.2)
2026-09-23 13:13:39,807 - harmonypy - INFO -     theta: [2. 2. 2. 2. 2. 2. 2. 2. 2. 2.]
2026-09-23 13:13:39,807 - harmonypy - INFO -     sigma: [0.1 0.1 0.1 0.1 0.1]...
2026-09-23 13:13:39,807 - harmonypy - INFO -     verbose: True
2026-09-23 13:13:39,807 - harmonypy - INFO -     random_state: 0
2026-09-23 13:13:39,807 - harmonypy - INFO -   Data: 30 PCs × 366129 cells
2026-09-23 13:13:39,807 - harmonypy - INFO -   Batch variables: ['slice_id']
2026-09-23 13:13:39,942 - harmonypy - INFO - Computing initial centroids...
slurmstepd: error: *** JOB 35884265 ON compute-174 CANCELLED AT 2026-09-23T13:13:43 ***
