[task 1] spot batch_sigma=0.05 lambda=0.1 k_geom=8
[load] sim_paper/data/noisy/spot_strong_mix_bs0.05/simulation_spot_z_qc.h5ad
[load] AnnData shape: 10027 x 556
[stagger] offsetting each slice's x coordinate so slices don't overlap
  slice 0: offset x by 0.0
  slice 1: offset x by 20500.0
  slice 2: offset x by 41000.0
  slice 3: offset x by 61500.0
  slice 4: offset x by 82000.0
  slice 5: offset x by 102500.0
  slice 6: offset x by 123000.0
  slice 7: offset x by 143500.0
  slice 8: offset x by 164000.0
  slice 9: offset x by 184500.0

[normalize] normalize_total (no log1p -- BANKSY expects normalized, non-log counts here)
[hvg] skipped -- using all 556 genes (matches 01.2_pca_harmony.py's convention)

[banksy] k_geom=8 max_m=1 lambda=0.1 decay=scaled_gaussian

Median distance to closest cell = 100.0

---- Ran median_dist_to_nearest_neighbour in 0.02 s ----

---- Ran generate_spatial_distance_graph in 0.03 s ----

---- Ran row_normalize in 0.03 s ----

---- Ran generate_spatial_weights_fixed_nbrs in 0.21 s ----

---- Ran generate_spatial_distance_graph in 0.04 s ----

---- Ran theta_from_spatial_graph in 0.05 s ----

---- Ran row_normalize in 0.03 s ----

---- Ran generate_spatial_weights_fixed_nbrs in 0.27 s ----

Runtime Sep-23-2026-13-10

556 genes to be analysed:
Gene List:
Index(['G1', 'G2', 'G3', 'G4', 'G5', 'G6', 'G7', 'G8', 'G9', 'G10',
       ...
       'G547', 'G548', 'G549', 'G550', 'G551', 'G552', 'G553', 'G554', 'G555',
       'G556'],
      dtype='object', length=556)

Check if X contains only finite (non-NAN) values
Decay Type: scaled_gaussian
Weights Object: {'weights': {0: <10027x10027 sparse matrix of type '<class 'numpy.float64'>'
	with 80216 stored elements in Compressed Sparse Row format>, 1: <10027x10027 sparse matrix of type '<class 'numpy.complex128'>'
	with 160432 stored elements in Compressed Sparse Row format>}}

Nbr matrix | Mean: 17.99 | Std: 29.57
Size of Nbr | Shape: (10027, 556)
Top 3 entries of Nbr Mat:

[[ 3.92062009  4.05982039  8.43107372]
 [ 5.34783321 39.36569481 12.9849711 ]
 [ 4.68367366 24.65759591 10.8754751 ]]

AGF matrix | Mean: 4.7 | Std: 9.32
Size of AGF mat (m = 1) | Shape: (10027, 556)
Top entries of AGF:
[[ 1.06739109  2.06017535  3.1043794 ]
 [ 2.46278854 22.085269    3.0814505 ]
 [ 2.34007316  3.91361088  3.12752945]]
Ran 'Create BANKSY Matrix' in 0.01 mins

Cell by gene matrix has shape (10027, 556)

Scale factors squared: [0.9        0.06666667 0.03333333]
Scale factors: [0.9486833  0.25819889 0.18257419]
/dcs04/hicks/data/Jan/sim_project/sim_paper/env/sim-app-banksy/lib/python3.10/site-packages/banksy/main.py:368: FutureWarning: X.dtype being converted to np.float32 from float64. In the next version of anndata (0.9) conversion will not be automatic. Pass dtype explicitly to avoid this warning. Pass `AnnData(X, dtype=X.dtype, ...)` to get the future behavour.
  return anndata.AnnData(concatenated_matrix, obs=adata.obs, var=var_combined)
Shape of BANKSY matrix: (10027, 1668)
Type of banksy_matrix: <class 'anndata._core.anndata.AnnData'>

[banksy] BANKSY matrix shape: 10027 x 1668

[pca] pre-Harmony PCA
Current decay types: ['scaled_gaussian']

Reducing dims of dataset in (Index = scaled_gaussian, lambda = 0.1)
==================================================

Setting the total number of PC = 30
Original shape of matrix: (10027, 1668)
Reduced shape of matrix: (10027, 30)
------------------------------------------------------------
min_value = -56.087772369384766, mean = 1.0893337787365454e-08, max = 82.05880737304688

  [plot] saved pca_preharmony_by_slice_id.png
  [plot] saved pca_preharmony_by_domain_true.png
  [plot] saved pca_preharmony_by_cell_type_true.png

[harmony] batch_key=slice_id
2026-09-23 13:10:47,723 - harmonypy - INFO - Running Harmony
2026-09-23 13:10:47,723 - harmonypy - INFO -   Parameters:
2026-09-23 13:10:47,723 - harmonypy - INFO -     max_iter_harmony: 10
2026-09-23 13:10:47,723 - harmonypy - INFO -     max_iter_kmeans: 4
2026-09-23 13:10:47,723 - harmonypy - INFO -     epsilon_cluster: 0.001
2026-09-23 13:10:47,723 - harmonypy - INFO -     epsilon_harmony: 0.01
2026-09-23 13:10:47,723 - harmonypy - INFO -     nclust: 100
2026-09-23 13:10:47,723 - harmonypy - INFO -     block_size: 0.05
2026-09-23 13:10:47,723 - harmonypy - INFO -     lamb: dynamic (alpha=0.2)
2026-09-23 13:10:47,724 - harmonypy - INFO -     theta: [2. 2. 2. 2. 2. 2. 2. 2. 2. 2.]
2026-09-23 13:10:47,724 - harmonypy - INFO -     sigma: [0.1 0.1 0.1 0.1 0.1]...
2026-09-23 13:10:47,724 - harmonypy - INFO -     verbose: True
2026-09-23 13:10:47,724 - harmonypy - INFO -     random_state: 0
2026-09-23 13:10:47,724 - harmonypy - INFO -   Data: 30 PCs × 10027 cells
2026-09-23 13:10:47,724 - harmonypy - INFO -   Batch variables: ['slice_id']
2026-09-23 13:10:47,729 - harmonypy - INFO - Computing initial centroids...
2026-09-23 13:10:47,925 - harmonypy - INFO - Initialization complete.
2026-09-23 13:10:47,925 - harmonypy - INFO - Iteration 1 of 10
2026-09-23 13:10:48,076 - harmonypy - INFO - Converged after 1 iteration
  [plot] saved pca_postharmony_by_slice_id.png
  [plot] saved pca_postharmony_by_domain_true.png
  [plot] saved pca_postharmony_by_cell_type_true.png

[save] sim_paper/data/figure_3/cellbin_batch_sigma_slide/spot/bs0.05/banksy_matrix/simulation_spot_z_banksy_pca_harmony_qc.h5ad
[save] done
/dcs04/hicks/data/Jan/sim_project/sim_paper/env/albis-tutorial/lib/python3.10/site-packages/louvain/__init__.py:54: UserWarning: pkg_resources is deprecated as an API. See https://setuptools.pypa.io/en/latest/pkg_resources.html. The pkg_resources package is slated for removal as early as 2025-11-30. Refrain from using this package or pin to Setuptools<81.
  from pkg_resources import get_distribution, DistributionNotFound
[load] sim_paper/data/figure_3/cellbin_batch_sigma_slide/spot/bs0.05/banksy_matrix/simulation_spot_z_banksy_pca_harmony_qc.h5ad
[load] AnnData shape: 10027 x 1668
[neighbors] n_pcs=30 n_neighbors=15
[ari] domain_true: target_k=6
[ari] domain_true: resolution=0.5706 achieved_k=6 (target 6)  ARI=0.4659
[ari] cell_type_true: target_k=8
[ari] cell_type_true: resolution=0.6641 achieved_k=8 (target 8)  ARI=0.3065
[save] sim_paper/data/figure_3/cellbin_batch_sigma_slide/spot/bs0.05/ari/ari_summary_spot.json
[save] sim_paper/data/figure_3/cellbin_batch_sigma_slide/spot/bs0.05/ari/simulation_spot_z_ari_recovery.h5ad
[score] spot_bs0.05  <-  sim_paper/data/figure_3/cellbin_batch_sigma_slide/spot/bs0.05/ari/simulation_spot_z_ari_recovery.h5ad
  [spot_bs0.05/cell_type] ARI=0.307 V=0.407  (leak 0.01)
  [spot_bs0.05/domain] ARI=0.466 V=0.481  (leak 0.01)
   modality  n_obs     level      ari  v_measure  slice_id_leakage_ari
spot_bs0.05  10027 cell_type 0.306517   0.407075              0.009906
spot_bs0.05  10027    domain 0.465874   0.481466              0.007409
/dcs04/hicks/data/Jan/sim_project/sim_paper/env/albis-tutorial/lib/python3.10/site-packages/louvain/__init__.py:54: UserWarning: pkg_resources is deprecated as an API. See https://setuptools.pypa.io/en/latest/pkg_resources.html. The pkg_resources package is slated for removal as early as 2025-11-30. Refrain from using this package or pin to Setuptools<81.
  from pkg_resources import get_distribution, DistributionNotFound
[save] BANKSY plots: sim_paper/data/figure_3/cellbin_batch_sigma_slide/spot/bs0.05/ari/plots
[done] task 1 -> sim_paper/data/figure_3/cellbin_batch_sigma_slide/spot/bs0.05
