[task 1] bin16um batch_sigma=0.25 lambda=0.5 k_geom=100
[load] sim_paper/data/noisy/bin16um_strong_mix_bs0.25/simulation_bin_z_qc.h5ad
[load] AnnData shape: 366027 x 556
[stagger] offsetting each slice's x coordinate so slices don't overlap
  slice 0: offset x by 0.0
  slice 1: offset x by 20400.0
  slice 2: offset x by 40800.0
  slice 3: offset x by 61200.0
  slice 4: offset x by 81600.0
  slice 5: offset x by 102000.0
  slice 6: offset x by 122400.0
  slice 7: offset x by 142800.0
  slice 8: offset x by 163200.0
  slice 9: offset x by 183600.0

[normalize] normalize_total (no log1p -- BANKSY expects normalized, non-log counts here)
[hvg] skipped -- using all 556 genes (matches 01.2_pca_harmony.py's convention)

[banksy] k_geom=100 max_m=1 lambda=0.5 decay=scaled_gaussian

Median distance to closest cell = 16.0

---- Ran median_dist_to_nearest_neighbour in 1.05 s ----

---- Ran generate_spatial_distance_graph in 10.48 s ----

---- Ran row_normalize in 0.88 s ----

---- Ran generate_spatial_weights_fixed_nbrs in 15.68 s ----

---- Ran generate_spatial_distance_graph in 19.19 s ----

---- Ran theta_from_spatial_graph in 3.66 s ----

---- Ran row_normalize in 0.91 s ----

---- Ran generate_spatial_weights_fixed_nbrs in 29.75 s ----

Runtime Sep-23-2026-13-11

556 genes to be analysed:
Gene List:
Index(['G1', 'G2', 'G3', 'G4', 'G5', 'G6', 'G7', 'G8', 'G9', 'G10',
       ...
       'G547', 'G548', 'G549', 'G550', 'G551', 'G552', 'G553', 'G554', 'G555',
       'G556'],
      dtype='object', length=556)

Check if X contains only finite (non-NAN) values
Decay Type: scaled_gaussian
Weights Object: {'weights': {0: <366027x366027 sparse matrix of type '<class 'numpy.float64'>'
	with 36602700 stored elements in Compressed Sparse Row format>, 1: <366027x366027 sparse matrix of type '<class 'numpy.complex128'>'
	with 73205400 stored elements in Compressed Sparse Row format>}}

Nbr matrix | Mean: 17.99 | Std: 19.17
Size of Nbr | Shape: (366027, 556)
Top 3 entries of Nbr Mat:

[[18.13555487 15.76545299  0.93479306]
 [18.9744936  15.94648219  1.02007375]
 [19.93019969 24.27947479  1.31833144]]

AGF matrix | Mean: 4.32 | Std: 4.37
Size of AGF mat (m = 1) | Shape: (366027, 556)
Top entries of AGF:
[[3.82458983 1.37677445 0.84385682]
 [3.71187852 3.22968875 0.96790698]
 [5.27545419 4.1871726  1.40369313]]
Ran 'Create BANKSY Matrix' in 1.78 mins

Cell by gene matrix has shape (366027, 556)

Scale factors squared: [0.5        0.33333333 0.16666667]
Scale factors: [0.70710678 0.57735027 0.40824829]
/dcs04/hicks/data/Jan/sim_project/sim_paper/env/sim-app-banksy/lib/python3.10/site-packages/banksy/main.py:368: FutureWarning: X.dtype being converted to np.float32 from float64. In the next version of anndata (0.9) conversion will not be automatic. Pass dtype explicitly to avoid this warning. Pass `AnnData(X, dtype=X.dtype, ...)` to get the future behavour.
  return anndata.AnnData(concatenated_matrix, obs=adata.obs, var=var_combined)
Shape of BANKSY matrix: (366027, 1668)
Type of banksy_matrix: <class 'anndata._core.anndata.AnnData'>

[banksy] BANKSY matrix shape: 366027 x 1668

[pca] pre-Harmony PCA
Current decay types: ['scaled_gaussian']

Reducing dims of dataset in (Index = scaled_gaussian, lambda = 0.5)
==================================================

Setting the total number of PC = 30
slurmstepd: error: *** JOB 35884264 ON compute-174 CANCELLED AT 2026-09-23T13:13:43 ***
