{
  "method": "sccube",
  "source": "/dcs04/hicks/data/Jan/sim_project/sim_paper/data/comparison_methods/overview_native556_20260926/sccube/cell.h5ad",
  "source_sha256": "9c528487331a29970485e69d5fb699342e2e3824615d5c3f1bef21723268af8f",
  "n_cells": 10000,
  "n_genes": 556,
  "n_slices": 10,
  "cell_types": {
    "type1": 1250,
    "type2": 1250,
    "type3": 1250,
    "type4": 1250,
    "type5": 1250,
    "type6": 1250,
    "type7": 1250,
    "type8": 1250
  },
  "preprocessing": "all genes; normalize_total 10000; log1p; scale max_value 10",
  "n_pcs": 30,
  "n_neighbors": 15,
  "batch_key": "slice_id",
  "random_state": 0,
  "resolution_search": {
    "lo": 0.01,
    "hi": 3.0,
    "max_iter": 15,
    "target_k": 8,
    "selection": "closest cluster count, not maximum ARI"
  },
  "script_sha256": {
    "01.2_pca_harmony.py": "870aece9dd86fd9c0dd7dfb89fd48461206e3836692848370b331d930d79d2c7",
    "02_leiden_resolution_sweep.py": "bfbcedc6abdaa2c39a42ead01b51d247defbdb53f6460ca53e2b975d098a4af7",
    "step03_cluster_and_plot.py": "2e53ad441233dd49d47f7be50d1a86eaa716541af46c299d3597f06d8acc3062"
  }
}
/dcs04/hicks/data/Jan/sim_project/sim_paper/env/albis-tutorial/lib/python3.10/site-packages/louvain/__init__.py:54: UserWarning: pkg_resources is deprecated as an API. See https://setuptools.pypa.io/en/latest/pkg_resources.html. The pkg_resources package is slated for removal as early as 2025-11-30. Refrain from using this package or pin to Setuptools<81.
  from pkg_resources import get_distribution, DistributionNotFound
[load] /dcs04/hicks/data/Jan/sim_project/sim_paper/data/comparison_methods/overview_native556_20260926/sccube/cell.h5ad
[load] AnnData shape: 10000 observations x 556 genes
[pca] Running PCA with 30 components over all genes
/dcs04/hicks/data/Jan/sim_project/sim_paper/env/albis-tutorial/lib/python3.10/functools.py:889: UserWarning: zero-centering a sparse array/matrix densifies it.
  return dispatch(args[0].__class__)(*args, **kw)
/dcs04/hicks/data/Jan/sim_project/sim_paper/env/albis-tutorial/lib/python3.10/site-packages/scanpy/preprocessing/_pca/__init__.py:226: FutureWarning: Argument `use_highly_variable` is deprecated, consider using the mask argument. Use_highly_variable=True can be called through mask_var="highly_variable". Use_highly_variable=False can be called through mask_var=None
  mask_var_param, mask_var = _handle_mask_var(
[harmony] Correcting X_pca_pre_harmony by obs['slice_id']
2026-09-26 23:47:09,962 - harmonypy - INFO - Running Harmony
2026-09-26 23:47:09,962 - harmonypy - INFO -   Parameters:
2026-09-26 23:47:09,962 - harmonypy - INFO -     max_iter_harmony: 10
2026-09-26 23:47:09,962 - harmonypy - INFO -     max_iter_kmeans: 4
2026-09-26 23:47:09,962 - harmonypy - INFO -     epsilon_cluster: 0.001
2026-09-26 23:47:09,962 - harmonypy - INFO -     epsilon_harmony: 0.01
2026-09-26 23:47:09,962 - harmonypy - INFO -     nclust: 100
2026-09-26 23:47:09,962 - harmonypy - INFO -     block_size: 0.05
2026-09-26 23:47:09,962 - harmonypy - INFO -     lamb: dynamic (alpha=0.2)
2026-09-26 23:47:09,963 - harmonypy - INFO -     theta: [2. 2. 2. 2. 2. 2. 2. 2. 2. 2.]
2026-09-26 23:47:09,963 - harmonypy - INFO -     sigma: [0.1 0.1 0.1 0.1 0.1]...
2026-09-26 23:47:09,963 - harmonypy - INFO -     verbose: True
2026-09-26 23:47:09,963 - harmonypy - INFO -     random_state: 0
2026-09-26 23:47:09,963 - harmonypy - INFO -   Data: 30 PCs × 10000 cells
2026-09-26 23:47:09,963 - harmonypy - INFO -   Batch variables: ['slice_id']
2026-09-26 23:47:10,007 - harmonypy - INFO - Computing initial centroids...
2026-09-26 23:47:10,397 - harmonypy - INFO - Initialization complete.
2026-09-26 23:47:10,397 - harmonypy - INFO - Iteration 1 of 10
2026-09-26 23:47:10,702 - harmonypy - INFO - Iteration 2 of 10
2026-09-26 23:47:11,027 - harmonypy - INFO - Iteration 3 of 10
2026-09-26 23:47:11,343 - harmonypy - INFO - Iteration 4 of 10
2026-09-26 23:47:11,667 - harmonypy - INFO - Iteration 5 of 10
2026-09-26 23:47:12,012 - harmonypy - INFO - Iteration 6 of 10
2026-09-26 23:47:12,337 - harmonypy - INFO - Iteration 7 of 10
2026-09-26 23:47:12,668 - harmonypy - INFO - Iteration 8 of 10
2026-09-26 23:47:12,994 - harmonypy - INFO - Converged after 8 iterations
[plot] Saving PCA before/after plots under /dcs04/hicks/data/Jan/sim_project/sim_paper/data/comparison_methods/clustering/cell_type/native556_sccube_35973657/pca_harmony/plots
[umap] Computing UMAP before Harmony from PCA
[umap] Computing UMAP after Harmony from PCA
[plot] Saving before/after UMAP plots under /dcs04/hicks/data/Jan/sim_project/sim_paper/data/comparison_methods/clustering/cell_type/native556_sccube_35973657/pca_harmony/plots
[pc_pairs] Plotting PC pairs by slice_id under /dcs04/hicks/data/Jan/sim_project/sim_paper/data/comparison_methods/clustering/cell_type/native556_sccube_35973657/pca_harmony/plots/pc_pairs
[pc_pairs] Plotting 30 PCs (15 adjacent pairs) using all observations
[pc_pairs] Saved -> /dcs04/hicks/data/Jan/sim_project/sim_paper/data/comparison_methods/clustering/cell_type/native556_sccube_35973657/pca_harmony/plots/pc_pairs/by_slice_id/pc_pairs_pre_harmony_by_slice_id.png
[pc_pairs] Saved -> /dcs04/hicks/data/Jan/sim_project/sim_paper/data/comparison_methods/clustering/cell_type/native556_sccube_35973657/pca_harmony/plots/pc_pairs/by_slice_id/pc_pairs_post_harmony_by_slice_id.png
[save] /dcs04/hicks/data/Jan/sim_project/sim_paper/data/comparison_methods/clustering/cell_type/native556_sccube_35973657/pca_harmony/cell_pca_harmony.h5ad
/dcs04/hicks/data/Jan/sim_project/sim_paper/env/albis-tutorial/lib/python3.10/site-packages/louvain/__init__.py:54: UserWarning: pkg_resources is deprecated as an API. See https://setuptools.pypa.io/en/latest/pkg_resources.html. The pkg_resources package is slated for removal as early as 2025-11-30. Refrain from using this package or pin to Setuptools<81.
  from pkg_resources import get_distribution, DistributionNotFound
[load] /dcs04/hicks/data/Jan/sim_project/sim_paper/data/comparison_methods/clustering/cell_type/native556_sccube_35973657/pca_harmony/cell_pca_harmony.h5ad
[load] AnnData shape: 10000 x 556
[neighbors] n_pcs=30 n_neighbors=15
[ari] cell_type_true: target_k=8
[ari] cell_type_true: resolution=0.4772 achieved_k=8 (target 8)  ARI=0.7093
[save] /dcs04/hicks/data/Jan/sim_project/sim_paper/data/comparison_methods/clustering/cell_type/native556_sccube_35973657/ari_recovery/ari_summary_cell.json
[save] /dcs04/hicks/data/Jan/sim_project/sim_paper/data/comparison_methods/clustering/cell_type/native556_sccube_35973657/ari_recovery/simulation_cell_z_ari_recovery.h5ad
/dcs04/hicks/data/Jan/sim_project/sim_paper/env/albis-tutorial/lib/python3.10/site-packages/louvain/__init__.py:54: UserWarning: pkg_resources is deprecated as an API. See https://setuptools.pypa.io/en/latest/pkg_resources.html. The pkg_resources package is slated for removal as early as 2025-11-30. Refrain from using this package or pin to Setuptools<81.
  from pkg_resources import get_distribution, DistributionNotFound
[load] /dcs04/hicks/data/Jan/sim_project/sim_paper/data/comparison_methods/clustering/cell_type/native556_sccube_35973657/pca_harmony/cell_pca_harmony.h5ad
[neighbors] Using first 30 dimensions of X_pca_harmony with n_neighbors=15
[leiden] resolution=0.4771875, key=cluster_label
[umap] Reusing X_umap_pca_post_harmony from the 01.2_pca_harmony.py output -- this figure's UMAP is then the exact same embedding as the before/after-Harmony panel (clustering/Leiden still uses its own neighbor graph above).
[save] /dcs04/hicks/data/Jan/sim_project/sim_paper/data/comparison_methods/clustering/cell_type/native556_sccube_35973657/leiden_celltype_matched/simulation_cell_z_leiden_pca_res0p4771875.h5ad
[done] {"modality": "cell", "ground_truth": "cell_type_true", "target_k": 8, "resolution": 0.4771875, "achieved_k": 8, "ari": 0.7093000002062023, "n_trials": 5, "trials": [{"resolution": 1.505, "n_clusters": 19}, {"resolution": 0.7575, "n_clusters": 12}, {"resolution": 0.38375, "n_clusters": 7}, {"resolution": 0.5706249999999999, "n_clusters": 9}, {"resolution": 0.4771875, "n_clusters": 8}]}
