[load] reference (cell): /dcs04/hicks/data/Jan/sim_project/sim_paper/data/figure_2/smaller_sphere/data/log_mu_-2.5_theta_0.40_jitter0.15_bsigma15_rctdref_seed271828/simulation_cell_z_qc.h5ad 
[reference] n_cells=24207 n_genes=556 per-type counts:
cell_types
type1 type2 type3 type4 type5 type6 type7 type8 
 3024  3056  3066  3202  3288  3069  2796  2706 
Warning message:
In check_UMI(nUMI, "Reference", require_2d = T, require_int = require_int,  :
  Reference: some nUMI values are less than min_UMI = 100, and these cells will be removed. Optionally, you may lower the min_UMI parameter.

[load] query (spot): /dcs04/hicks/data/Jan/sim_project/sim_paper/data/figure_2/smaller_sphere/data/packing_pf0p04_log_mu_-2.25_sigma1.0_theta_0.25_jitter0.10_dsf_bsigma03/simulation_spot_z_qc.h5ad 
[query] n_spots=10026 n_genes=556

[RCTD] create.RCTD (doublet_mode=full, max_cores=8)
Begin: process_cell_type_info
process_cell_type_info: number of cells in reference: 22290
process_cell_type_info: number of genes in reference: 556

type1 type2 type3 type4 type5 type6 type7 type8 
 2802  2801  2824  2945  3004  2830  2564  2520 
End: process_cell_type_info
create.RCTD: getting regression differentially expressed genes: 
get_de_genes: type1 found DE genes: 60
get_de_genes: type2 found DE genes: 60
get_de_genes: type3 found DE genes: 60
get_de_genes: type4 found DE genes: 59
get_de_genes: type5 found DE genes: 60
get_de_genes: type6 found DE genes: 60
get_de_genes: type7 found DE genes: 59
get_de_genes: type8 found DE genes: 60
get_de_genes: total DE genes: 478
create.RCTD: getting platform effect normalization differentially expressed genes: 
get_de_genes: type1 found DE genes: 60
get_de_genes: type2 found DE genes: 61
get_de_genes: type3 found DE genes: 60
get_de_genes: type4 found DE genes: 60
get_de_genes: type5 found DE genes: 60
get_de_genes: type6 found DE genes: 60
get_de_genes: type7 found DE genes: 60
get_de_genes: type8 found DE genes: 60
get_de_genes: total DE genes: 481
fitBulk: decomposing bulk
chooseSigma: using initial Q_mat with sigma =  1
starting worker pid=1469166 on localhost:11295 at 11:24:16.887
starting worker pid=1469181 on localhost:11295 at 11:24:17.106
starting worker pid=1469196 on localhost:11295 at 11:24:17.675
starting worker pid=1469211 on localhost:11295 at 11:24:17.907
starting worker pid=1469226 on localhost:11295 at 11:24:18.127
starting worker pid=1469241 on localhost:11295 at 11:24:18.348
starting worker pid=1469256 on localhost:11295 at 11:24:18.570
starting worker pid=1469271 on localhost:11295 at 11:24:18.788
Loading required package: spacexr
loaded spacexr and set parent environment
Loading required package: spacexr
loaded spacexr and set parent environment
Loading required package: spacexr
loaded spacexr and set parent environment
Loading required package: spacexr
loaded spacexr and set parent environment
Loading required package: spacexr
loaded spacexr and set parent environment
Loading required package: spacexr
loaded spacexr and set parent environment
Loading required package: spacexr
loaded spacexr and set parent environment
Loading required package: spacexr
loaded spacexr and set parent environment
Likelihood value: 1015816.81122387
Sigma value:  0.92
starting worker pid=1469326 on localhost:11295 at 11:24:46.735
starting worker pid=1469341 on localhost:11295 at 11:24:46.957
starting worker pid=1469356 on localhost:11295 at 11:24:47.176
starting worker pid=1469371 on localhost:11295 at 11:24:47.401
starting worker pid=1469386 on localhost:11295 at 11:24:47.620
starting worker pid=1469401 on localhost:11295 at 11:24:47.838
starting worker pid=1469416 on localhost:11295 at 11:24:48.055
starting worker pid=1469431 on localhost:11295 at 11:24:48.276
Loading required package: spacexr
loaded spacexr and set parent environment
Loading required package: spacexr
loaded spacexr and set parent environment
Loading required package: spacexr
loaded spacexr and set parent environment
Loading required package: spacexr
loaded spacexr and set parent environment
Loading required package: spacexr
loaded spacexr and set parent environment
Loading required package: spacexr
loaded spacexr and set parent environment
Loading required package: spacexr
loaded spacexr and set parent environment
Loading required package: spacexr
loaded spacexr and set parent environment
Likelihood value: 1014542.34272233
Sigma value:  0.9
starting worker pid=1470184 on localhost:11295 at 11:25:15.475
starting worker pid=1470199 on localhost:11295 at 11:25:15.692
starting worker pid=1470214 on localhost:11295 at 11:25:15.911
starting worker pid=1470229 on localhost:11295 at 11:25:16.126
starting worker pid=1470244 on localhost:11295 at 11:25:16.343
starting worker pid=1470259 on localhost:11295 at 11:25:16.558
starting worker pid=1470274 on localhost:11295 at 11:25:16.777
starting worker pid=1470289 on localhost:11295 at 11:25:16.995
Loading required package: spacexr
loaded spacexr and set parent environment
Loading required package: spacexr
loaded spacexr and set parent environment
Loading required package: spacexr
loaded spacexr and set parent environment
Loading required package: spacexr
loaded spacexr and set parent environment
Loading required package: spacexr
loaded spacexr and set parent environment
Loading required package: spacexr
loaded spacexr and set parent environment
Loading required package: spacexr
loaded spacexr and set parent environment
Loading required package: spacexr
loaded spacexr and set parent environment
Likelihood value: 1014499.03501378
Sigma value:  0.9
starting worker pid=1470419 on localhost:11295 at 11:25:44.322
starting worker pid=1470434 on localhost:11295 at 11:25:44.543
starting worker pid=1470449 on localhost:11295 at 11:25:44.812
starting worker pid=1470464 on localhost:11295 at 11:25:45.032
starting worker pid=1470479 on localhost:11295 at 11:25:45.249
starting worker pid=1470494 on localhost:11295 at 11:25:45.469
starting worker pid=1470509 on localhost:11295 at 11:25:45.689
starting worker pid=1470525 on localhost:11295 at 11:25:45.909
Loading required package: spacexr
loaded spacexr and set parent environment
Loading required package: spacexr
loaded spacexr and set parent environment
Loading required package: spacexr
loaded spacexr and set parent environment
Loading required package: spacexr
loaded spacexr and set parent environment
Loading required package: spacexr
loaded spacexr and set parent environment
Loading required package: spacexr
loaded spacexr and set parent environment
Loading required package: spacexr
loaded spacexr and set parent environment
Loading required package: spacexr
loaded spacexr and set parent environment

[score] 9840 / 10026 spots have an RCTD estimate (rest failed QC/min-UMI inside RCTD)

=== RESULTS ===
spots scored: 9840 / 10026 
overall Pearson r (all spots x all cell types, pooled): 0.6481 
overall RMSE: 0.0981 
mean per-spot Pearson r: 0.6186 
per-cell-type Pearson r:
      cell_type pearson_r       rmse
type1     type1 0.7345794 0.08316494
type2     type2 0.7387477 0.07724962
type3     type3 0.7037751 0.16243928
type4     type4 0.7193526 0.08386335
type5     type5 0.7385740 0.08908720
type6     type6 0.7184146 0.08026230
type7     type7 0.7369100 0.07733968
type8     type8 0.6843286 0.10148872

[done] outputs written to /dcs04/hicks/data/Jan/sim_project/sim_paper/data/figure_3/spatial_deconvolution/RCTD/spot_seed271828 
[done] RCTD (independent-seed reference) -> /dcs04/hicks/data/Jan/sim_project/sim_paper/data/figure_3/spatial_deconvolution/RCTD/spot_seed271828
[load] 9840 spots with an RCTD estimate
[spatial zoom -> rctd_spatial_zoom.png] slice 5, cropped to x/y in [0,1200]x[0,1200]: 144 spots, 8 cell types, 1 pair(s)/row
wrote /dcs04/hicks/data/Jan/sim_project/sim_paper/data/figure_3/spatial_deconvolution/RCTD/spot_seed271828/rctd_spatial_zoom.png
[spatial zoom -> rctd_spatial_zoom_4x4.png] slice 5, cropped to x/y in [0,1200]x[0,1200]: 144 spots, 8 cell types, 2 pair(s)/row
wrote /dcs04/hicks/data/Jan/sim_project/sim_paper/data/figure_3/spatial_deconvolution/RCTD/spot_seed271828/rctd_spatial_zoom_4x4.png
[spatial zoom -> rctd_spatial_zoom_main.png] slice 5, cropped to x/y in [0,1200]x[0,1200]: 144 spots, 2 cell types, 1 pair(s)/row
wrote /dcs04/hicks/data/Jan/sim_project/sim_paper/data/figure_3/spatial_deconvolution/RCTD/spot_seed271828/rctd_spatial_zoom_main.png
[spatial zoom -> rctd_spatial_zoom_4types.png] slice 5, cropped to x/y in [0,1200]x[0,1200]: 144 spots, 4 cell types, 2 pair(s)/row
wrote /dcs04/hicks/data/Jan/sim_project/sim_paper/data/figure_3/spatial_deconvolution/RCTD/spot_seed271828/rctd_spatial_zoom_4types.png
wrote /dcs04/hicks/data/Jan/sim_project/sim_paper/data/figure_3/spatial_deconvolution/RCTD/spot_seed271828/rctd_error_boxplot.png
