[load] 9840 spots, 3 seeds (271828, 314159, 999999), spot_id sets identical
wrote /dcs04/hicks/data/Jan/sim_project/sim_paper/data/figure_3/spatial_deconvolution/RCTD/spot_seed_avg/estimated_fractions_wide.csv

=== 3-SEED AVERAGE RESULTS ===
{
  "n_spots_scored": 9840,
  "n_spots_total": 10026,
  "doublet_mode": "full",
  "n_seeds_averaged": 3,
  "seeds_averaged": [
    "271828",
    "314159",
    "999999"
  ],
  "overall_pearson_r": 0.7039,
  "overall_rmse": 0.0851,
  "mean_per_spot_pearson_r": 0.6783,
  "mean_per_spot_rmse": 0.0794
}
cell_type  pearson_r     rmse
    type1   0.738100 0.098743
    type2   0.747937 0.076543
    type3   0.722878 0.094525
    type4   0.732907 0.078009
    type5   0.741387 0.085676
    type6   0.727614 0.079175
    type7   0.744494 0.075817
    type8   0.709915 0.089357
wrote /dcs04/hicks/data/Jan/sim_project/sim_paper/data/figure_3/spatial_deconvolution/RCTD/spot_seed_avg/est_vs_true_scatter.png
