[load] reference (cell): /dcs04/hicks/data/Jan/sim_project/sim_paper/data/figure_2/smaller_sphere/data/log_mu_-2.5_theta_0.40_jitter0.15_bsigma15_rctdref_seed314159/simulation_cell_z_qc.h5ad 
[reference] n_cells=24207 n_genes=556 per-type counts:
cell_types
type1 type2 type3 type4 type5 type6 type7 type8 
 3049  3076  3224  3090  3208  3137  2795  2628 
Warning message:
In check_UMI(nUMI, "Reference", require_2d = T, require_int = require_int,  :
  Reference: some nUMI values are less than min_UMI = 100, and these cells will be removed. Optionally, you may lower the min_UMI parameter.

[load] query (spot): /dcs04/hicks/data/Jan/sim_project/sim_paper/data/figure_2/smaller_sphere/data/packing_pf0p04_log_mu_-2.0_theta_0.25_jitter0.10_bsigma03/simulation_spot_z_qc.h5ad 
[query] n_spots=10034 n_genes=556

[RCTD] create.RCTD (doublet_mode=full, max_cores=8)
Begin: process_cell_type_info
process_cell_type_info: number of cells in reference: 21602
process_cell_type_info: number of genes in reference: 556

type1 type2 type3 type4 type5 type6 type7 type8 
 2686  2795  2903  2763  2862  2785  2513  2295 
End: process_cell_type_info
create.RCTD: getting regression differentially expressed genes: 
get_de_genes: type1 found DE genes: 60
get_de_genes: type2 found DE genes: 60
get_de_genes: type3 found DE genes: 60
get_de_genes: type4 found DE genes: 60
get_de_genes: type5 found DE genes: 60
get_de_genes: type6 found DE genes: 60
get_de_genes: type7 found DE genes: 60
get_de_genes: type8 found DE genes: 60
get_de_genes: total DE genes: 480
create.RCTD: getting platform effect normalization differentially expressed genes: 
get_de_genes: type1 found DE genes: 60
get_de_genes: type2 found DE genes: 60
get_de_genes: type3 found DE genes: 60
get_de_genes: type4 found DE genes: 61
get_de_genes: type5 found DE genes: 60
get_de_genes: type6 found DE genes: 60
get_de_genes: type7 found DE genes: 60
get_de_genes: type8 found DE genes: 60
get_de_genes: total DE genes: 480
fitBulk: decomposing bulk
chooseSigma: using initial Q_mat with sigma =  1
starting worker pid=3002712 on localhost:11587 at 16:00:59.870
starting worker pid=3002751 on localhost:11587 at 16:01:00.020
starting worker pid=3002801 on localhost:11587 at 16:01:00.190
starting worker pid=3002837 on localhost:11587 at 16:01:00.367
starting worker pid=3002879 on localhost:11587 at 16:01:00.565
starting worker pid=3002936 on localhost:11587 at 16:01:00.749
starting worker pid=3002981 on localhost:11587 at 16:01:00.913
starting worker pid=3003020 on localhost:11587 at 16:01:01.082
Loading required package: spacexr
loaded spacexr and set parent environment
Loading required package: spacexr
loaded spacexr and set parent environment
Loading required package: spacexr
loaded spacexr and set parent environment
Loading required package: spacexr
loaded spacexr and set parent environment
Loading required package: spacexr
loaded spacexr and set parent environment
Loading required package: spacexr
loaded spacexr and set parent environment
Loading required package: spacexr
loaded spacexr and set parent environment
Loading required package: spacexr
loaded spacexr and set parent environment
Likelihood value: 1061053.68681781
Sigma value:  0.92
starting worker pid=3005626 on localhost:11587 at 16:01:15.059
starting worker pid=3005661 on localhost:11587 at 16:01:15.225
starting worker pid=3005707 on localhost:11587 at 16:01:15.377
starting worker pid=3005747 on localhost:11587 at 16:01:15.561
starting worker pid=3005800 on localhost:11587 at 16:01:15.720
starting worker pid=3005844 on localhost:11587 at 16:01:15.874
starting worker pid=3005893 on localhost:11587 at 16:01:16.057
starting worker pid=3005952 on localhost:11587 at 16:01:16.235
Loading required package: spacexr
loaded spacexr and set parent environment
Loading required package: spacexr
loaded spacexr and set parent environment
Loading required package: spacexr
loaded spacexr and set parent environment
Loading required package: spacexr
loaded spacexr and set parent environment
Loading required package: spacexr
loaded spacexr and set parent environment
Loading required package: spacexr
loaded spacexr and set parent environment
Loading required package: spacexr
loaded spacexr and set parent environment
Loading required package: spacexr
loaded spacexr and set parent environment
Likelihood value: 1059718.74662955
Sigma value:  0.9
starting worker pid=3008397 on localhost:11587 at 16:01:29.590
starting worker pid=3008442 on localhost:11587 at 16:01:29.754
starting worker pid=3008493 on localhost:11587 at 16:01:29.911
starting worker pid=3008527 on localhost:11587 at 16:01:30.060
starting worker pid=3008574 on localhost:11587 at 16:01:30.227
starting worker pid=3008615 on localhost:11587 at 16:01:30.389
starting worker pid=3008664 on localhost:11587 at 16:01:30.557
starting worker pid=3008713 on localhost:11587 at 16:01:30.749
Loading required package: spacexr
loaded spacexr and set parent environment
Loading required package: spacexr
loaded spacexr and set parent environment
Loading required package: spacexr
loaded spacexr and set parent environment
Loading required package: spacexr
loaded spacexr and set parent environment
Loading required package: spacexr
loaded spacexr and set parent environment
Loading required package: spacexr
loaded spacexr and set parent environment
Loading required package: spacexr
loaded spacexr and set parent environment
Loading required package: spacexr
loaded spacexr and set parent environment
Likelihood value: 1059686.05060604
Sigma value:  0.9
starting worker pid=3012581 on localhost:11587 at 16:01:44.116
starting worker pid=3012634 on localhost:11587 at 16:01:44.263
starting worker pid=3012673 on localhost:11587 at 16:01:44.415
starting worker pid=3012719 on localhost:11587 at 16:01:44.584
starting worker pid=3012763 on localhost:11587 at 16:01:44.727
starting worker pid=3012810 on localhost:11587 at 16:01:44.884
starting worker pid=3012851 on localhost:11587 at 16:01:45.048
starting worker pid=3012901 on localhost:11587 at 16:01:45.206
Loading required package: spacexr
loaded spacexr and set parent environment
Loading required package: spacexr
loaded spacexr and set parent environment
Loading required package: spacexr
loaded spacexr and set parent environment
Loading required package: spacexr
loaded spacexr and set parent environment
Loading required package: spacexr
loaded spacexr and set parent environment
Loading required package: spacexr
loaded spacexr and set parent environment
Loading required package: spacexr
loaded spacexr and set parent environment
Loading required package: spacexr
loaded spacexr and set parent environment

[score] 9889 / 10034 spots have an RCTD estimate (rest failed QC/min-UMI inside RCTD)

=== RESULTS ===
spots scored: 9889 / 10034 
overall Pearson r (all spots x all cell types, pooled): 0.6714 
overall RMSE: 0.0923 
mean per-spot Pearson r: 0.6426 
per-cell-type Pearson r:
      cell_type pearson_r       rmse
type1     type1 0.7371035 0.14736043
type2     type2 0.7337942 0.10772793
type3     type3 0.7698013 0.07336900
type4     type4 0.7573994 0.07784133
type5     type5 0.7715125 0.07435023
type6     type6 0.7460641 0.07726983
type7     type7 0.7435637 0.08147795
type8     type8 0.7370958 0.07223664

[done] outputs written to /dcs04/hicks/data/Jan/sim_project/sim_paper/data/figure_3/spatial_deconvolution/RCTD/spot_seed314159 
[done] RCTD (independent-seed reference) -> /dcs04/hicks/data/Jan/sim_project/sim_paper/data/figure_3/spatial_deconvolution/RCTD/spot_seed314159
