[load] reference (cell): /dcs04/hicks/data/Jan/sim_project/sim_paper/data/figure_2/smaller_sphere/data/log_mu_-2.5_theta_0.40_jitter0.15_bsigma15_rctdref_seed999999/simulation_cell_z_qc.h5ad 
[reference] n_cells=24207 n_genes=556 per-type counts:
cell_types
type1 type2 type3 type4 type5 type6 type7 type8 
 3087  3146  3184  3180  3167  3054  2832  2557 
Warning message:
In check_UMI(nUMI, "Reference", require_2d = T, require_int = require_int,  :
  Reference: some nUMI values are less than min_UMI = 100, and these cells will be removed. Optionally, you may lower the min_UMI parameter.

[load] query (spot): /dcs04/hicks/data/Jan/sim_project/sim_paper/data/figure_2/smaller_sphere/data/packing_pf0p04_log_mu_-2.25_sigma1.0_theta_0.25_jitter0.10_dsf_bsigma03/simulation_spot_z_qc.h5ad 
[query] n_spots=10026 n_genes=556

[RCTD] create.RCTD (doublet_mode=full, max_cores=8)
Begin: process_cell_type_info
process_cell_type_info: number of cells in reference: 22463
process_cell_type_info: number of genes in reference: 556

type1 type2 type3 type4 type5 type6 type7 type8 
 2867  2922  2923  2946  2941  2844  2638  2382 
End: process_cell_type_info
create.RCTD: getting regression differentially expressed genes: 
get_de_genes: type1 found DE genes: 60
get_de_genes: type2 found DE genes: 60
get_de_genes: type3 found DE genes: 60
get_de_genes: type4 found DE genes: 60
get_de_genes: type5 found DE genes: 60
get_de_genes: type6 found DE genes: 59
get_de_genes: type7 found DE genes: 59
get_de_genes: type8 found DE genes: 60
get_de_genes: total DE genes: 478
create.RCTD: getting platform effect normalization differentially expressed genes: 
get_de_genes: type1 found DE genes: 60
get_de_genes: type2 found DE genes: 60
get_de_genes: type3 found DE genes: 60
get_de_genes: type4 found DE genes: 60
get_de_genes: type5 found DE genes: 61
get_de_genes: type6 found DE genes: 60
get_de_genes: type7 found DE genes: 60
get_de_genes: type8 found DE genes: 60
get_de_genes: total DE genes: 480
fitBulk: decomposing bulk
chooseSigma: using initial Q_mat with sigma =  1
starting worker pid=3510741 on localhost:11332 at 13:42:40.206
starting worker pid=3510756 on localhost:11332 at 13:42:40.515
starting worker pid=3510771 on localhost:11332 at 13:42:40.825
starting worker pid=3510786 on localhost:11332 at 13:42:41.140
starting worker pid=3510801 on localhost:11332 at 13:42:41.452
starting worker pid=3510816 on localhost:11332 at 13:42:41.762
starting worker pid=3510831 on localhost:11332 at 13:42:42.078
starting worker pid=3510846 on localhost:11332 at 13:42:42.387
Loading required package: spacexr
loaded spacexr and set parent environment
Loading required package: spacexr
loaded spacexr and set parent environment
Loading required package: spacexr
loaded spacexr and set parent environment
Loading required package: spacexr
loaded spacexr and set parent environment
Loading required package: spacexr
loaded spacexr and set parent environment
Loading required package: spacexr
loaded spacexr and set parent environment
Loading required package: spacexr
loaded spacexr and set parent environment
Loading required package: spacexr
loaded spacexr and set parent environment
Likelihood value: 1012307.07102971
Sigma value:  0.92
starting worker pid=3510906 on localhost:11332 at 13:43:21.507
starting worker pid=3510921 on localhost:11332 at 13:43:21.817
starting worker pid=3510936 on localhost:11332 at 13:43:22.131
starting worker pid=3510951 on localhost:11332 at 13:43:22.443
starting worker pid=3510966 on localhost:11332 at 13:43:22.764
starting worker pid=3510981 on localhost:11332 at 13:43:23.081
starting worker pid=3510999 on localhost:11332 at 13:43:23.387
starting worker pid=3511014 on localhost:11332 at 13:43:23.701
Loading required package: spacexr
loaded spacexr and set parent environment
Loading required package: spacexr
loaded spacexr and set parent environment
Loading required package: spacexr
loaded spacexr and set parent environment
Loading required package: spacexr
loaded spacexr and set parent environment
Loading required package: spacexr
loaded spacexr and set parent environment
Loading required package: spacexr
loaded spacexr and set parent environment
Loading required package: spacexr
loaded spacexr and set parent environment
Loading required package: spacexr
loaded spacexr and set parent environment
Likelihood value: 1010983.38952815
Sigma value:  0.9
starting worker pid=3511094 on localhost:11332 at 13:44:02.418
starting worker pid=3511109 on localhost:11332 at 13:44:02.733
starting worker pid=3511124 on localhost:11332 at 13:44:03.047
starting worker pid=3511139 on localhost:11332 at 13:44:03.359
starting worker pid=3511154 on localhost:11332 at 13:44:03.680
starting worker pid=3511169 on localhost:11332 at 13:44:03.998
starting worker pid=3511184 on localhost:11332 at 13:44:04.309
starting worker pid=3511199 on localhost:11332 at 13:44:04.623
Loading required package: spacexr
loaded spacexr and set parent environment
Loading required package: spacexr
loaded spacexr and set parent environment
Loading required package: spacexr
loaded spacexr and set parent environment
Loading required package: spacexr
loaded spacexr and set parent environment
Loading required package: spacexr
loaded spacexr and set parent environment
Loading required package: spacexr
loaded spacexr and set parent environment
Loading required package: spacexr
loaded spacexr and set parent environment
Loading required package: spacexr
loaded spacexr and set parent environment
Likelihood value: 1010925.39884215
Sigma value:  0.9
starting worker pid=3511260 on localhost:11332 at 13:44:43.054
starting worker pid=3511275 on localhost:11332 at 13:44:43.364
starting worker pid=3511290 on localhost:11332 at 13:44:43.675
starting worker pid=3511305 on localhost:11332 at 13:44:43.989
starting worker pid=3511320 on localhost:11332 at 13:44:44.300
starting worker pid=3511335 on localhost:11332 at 13:44:44.610
starting worker pid=3511350 on localhost:11332 at 13:44:44.924
starting worker pid=3511366 on localhost:11332 at 13:44:45.232
Loading required package: spacexr
loaded spacexr and set parent environment
Loading required package: spacexr
loaded spacexr and set parent environment
Loading required package: spacexr
loaded spacexr and set parent environment
Loading required package: spacexr
loaded spacexr and set parent environment
Loading required package: spacexr
loaded spacexr and set parent environment
Loading required package: spacexr
loaded spacexr and set parent environment
Loading required package: spacexr
loaded spacexr and set parent environment
Loading required package: spacexr
loaded spacexr and set parent environment

[score] 9840 / 10026 spots have an RCTD estimate (rest failed QC/min-UMI inside RCTD)

=== RESULTS ===
spots scored: 9840 / 10026 
overall Pearson r (all spots x all cell types, pooled): 0.6923 
overall RMSE: 0.0882 
mean per-spot Pearson r: 0.6685 
per-cell-type Pearson r:
      cell_type pearson_r       rmse
type1     type1 0.7268626 0.10125769
type2     type2 0.7404774 0.07680254
type3     type3 0.7199950 0.08272450
type4     type4 0.7264654 0.08046323
type5     type5 0.7289660 0.09565213
type6     type6 0.7152457 0.08712056
type7     type7 0.7336035 0.07812175
type8     type8 0.6845975 0.09926974

[done] outputs written to /dcs04/hicks/data/Jan/sim_project/sim_paper/data/figure_3/spatial_deconvolution/RCTD/spot_seed999999 
[done] RCTD (independent-seed reference) -> /dcs04/hicks/data/Jan/sim_project/sim_paper/data/figure_3/spatial_deconvolution/RCTD/spot_seed999999
[load] 9840 spots with an RCTD estimate
[spatial zoom -> rctd_spatial_zoom.png] slice 5, cropped to x/y in [0,1200]x[0,1200]: 144 spots, 8 cell types, 1 pair(s)/row
wrote /dcs04/hicks/data/Jan/sim_project/sim_paper/data/figure_3/spatial_deconvolution/RCTD/spot_seed999999/rctd_spatial_zoom.png
[spatial zoom -> rctd_spatial_zoom_4x4.png] slice 5, cropped to x/y in [0,1200]x[0,1200]: 144 spots, 8 cell types, 2 pair(s)/row
wrote /dcs04/hicks/data/Jan/sim_project/sim_paper/data/figure_3/spatial_deconvolution/RCTD/spot_seed999999/rctd_spatial_zoom_4x4.png
[spatial zoom -> rctd_spatial_zoom_main.png] slice 5, cropped to x/y in [0,1200]x[0,1200]: 144 spots, 2 cell types, 1 pair(s)/row
wrote /dcs04/hicks/data/Jan/sim_project/sim_paper/data/figure_3/spatial_deconvolution/RCTD/spot_seed999999/rctd_spatial_zoom_main.png
[spatial zoom -> rctd_spatial_zoom_4types.png] slice 5, cropped to x/y in [0,1200]x[0,1200]: 144 spots, 4 cell types, 2 pair(s)/row
wrote /dcs04/hicks/data/Jan/sim_project/sim_paper/data/figure_3/spatial_deconvolution/RCTD/spot_seed999999/rctd_spatial_zoom_4types.png
wrote /dcs04/hicks/data/Jan/sim_project/sim_paper/data/figure_3/spatial_deconvolution/RCTD/spot_seed999999/rctd_error_boxplot.png
