[load] 9895 spots, 3 seeds (2025, 101, 202), spot_id sets identical
wrote /dcs04/hicks/data/Jan/sim_project/sim_paper/data/figure_3/spatial_deconvolution/RCTD/strong_mix_seed_avg/estimated_fractions_wide.csv

=== strong_mix 3-REFERENCE AVERAGE RESULTS ===
{
  "spot_h5ad": "/dcs04/hicks/data/Jan/sim_project/sim_paper/data/figure_3/cellbin_batch_sigma_slide/spot/bs0.3/packing_pf0p04_log_mu_-2.25_sigma1.0_theta_0.25_jitter0.10_strongmix_bsigma03_qc.h5ad",
  "n_spots_scored": 9895,
  "n_spots_total": 10029,
  "doublet_mode": "full",
  "n_seeds_averaged": 3,
  "seeds_averaged": [
    "2025",
    "101",
    "202"
  ],
  "overall_pearson_r": 0.8105,
  "overall_rmse": 0.0821,
  "mean_per_spot_pearson_r": 0.7943,
  "mean_per_spot_rmse": 0.0756
}
cell_type  pearson_r     rmse
    type1   0.853592 0.083037
    type2   0.827211 0.070724
    type3   0.853854 0.074954
    type4   0.799589 0.100921
    type5   0.859786 0.076915
    type6   0.818703 0.069361
    type7   0.821681 0.082696
    type8   0.823637 0.093179
wrote /dcs04/hicks/data/Jan/sim_project/sim_paper/data/figure_3/spatial_deconvolution/RCTD/strong_mix_seed_avg/est_vs_true_scatter.png
[load] 9895 spots with an RCTD estimate
[spatial zoom -> rctd_spatial_zoom.png] slice 5, cropped to x/y in [0,1200]x[0,1200]: 144 spots, 8 cell types, 1 pair(s)/row
wrote /dcs04/hicks/data/Jan/sim_project/sim_paper/data/figure_3/spatial_deconvolution/RCTD/strong_mix_seed_avg/rctd_spatial_zoom.png
[spatial zoom -> rctd_spatial_zoom_4x4.png] slice 5, cropped to x/y in [0,1200]x[0,1200]: 144 spots, 8 cell types, 2 pair(s)/row
wrote /dcs04/hicks/data/Jan/sim_project/sim_paper/data/figure_3/spatial_deconvolution/RCTD/strong_mix_seed_avg/rctd_spatial_zoom_4x4.png
[spatial zoom -> rctd_spatial_zoom_main.png] slice 5, cropped to x/y in [0,1200]x[0,1200]: 144 spots, 2 cell types, 1 pair(s)/row
wrote /dcs04/hicks/data/Jan/sim_project/sim_paper/data/figure_3/spatial_deconvolution/RCTD/strong_mix_seed_avg/rctd_spatial_zoom_main.png
[spatial zoom -> rctd_spatial_zoom_4types.png] slice 5, cropped to x/y in [0,1200]x[0,1200]: 144 spots, 4 cell types, 2 pair(s)/row
wrote /dcs04/hicks/data/Jan/sim_project/sim_paper/data/figure_3/spatial_deconvolution/RCTD/strong_mix_seed_avg/rctd_spatial_zoom_4types.png
wrote /dcs04/hicks/data/Jan/sim_project/sim_paper/data/figure_3/spatial_deconvolution/RCTD/strong_mix_seed_avg/rctd_error_boxplot.png
