[load] reference (cell): /dcs04/hicks/data/Jan/sim_project/sim_paper/data/figure_2/smaller_sphere/data/log_mu_-2.5_theta_0.40_jitter0.15_bsigma15_rctdref_seed271828/simulation_cell_z_qc.h5ad 
[reference] n_cells=24207 n_genes=556 per-type counts:
cell_types
type1 type2 type3 type4 type5 type6 type7 type8 
 3024  3056  3066  3202  3288  3069  2796  2706 
Warning message:
In check_UMI(nUMI, "Reference", require_2d = T, require_int = require_int,  :
  Reference: some nUMI values are less than min_UMI = 100, and these cells will be removed. Optionally, you may lower the min_UMI parameter.

[load] query (spot): /dcs04/hicks/data/Jan/sim_project/sim_paper/data/figure_2/smaller_sphere/data/packing_pf0p04_log_mu_-2.0_theta_0.25_jitter0.10_bsigma03/simulation_spot_z_qc.h5ad 
[query] n_spots=10034 n_genes=556

[RCTD] create.RCTD (doublet_mode=full, max_cores=8)
Begin: process_cell_type_info
process_cell_type_info: number of cells in reference: 22290
process_cell_type_info: number of genes in reference: 556

type1 type2 type3 type4 type5 type6 type7 type8 
 2802  2801  2824  2945  3004  2830  2564  2520 
End: process_cell_type_info
create.RCTD: getting regression differentially expressed genes: 
get_de_genes: type1 found DE genes: 60
get_de_genes: type2 found DE genes: 60
get_de_genes: type3 found DE genes: 60
get_de_genes: type4 found DE genes: 59
get_de_genes: type5 found DE genes: 60
get_de_genes: type6 found DE genes: 60
get_de_genes: type7 found DE genes: 59
get_de_genes: type8 found DE genes: 60
get_de_genes: total DE genes: 478
create.RCTD: getting platform effect normalization differentially expressed genes: 
get_de_genes: type1 found DE genes: 60
get_de_genes: type2 found DE genes: 61
get_de_genes: type3 found DE genes: 60
get_de_genes: type4 found DE genes: 60
get_de_genes: type5 found DE genes: 60
get_de_genes: type6 found DE genes: 60
get_de_genes: type7 found DE genes: 60
get_de_genes: type8 found DE genes: 60
get_de_genes: total DE genes: 481
fitBulk: decomposing bulk
chooseSigma: using initial Q_mat with sigma =  1
starting worker pid=2653002 on localhost:11545 at 16:46:39.305
starting worker pid=2653121 on localhost:11545 at 16:46:39.612
starting worker pid=2653139 on localhost:11545 at 16:46:39.790
starting worker pid=2653167 on localhost:11545 at 16:46:39.976
starting worker pid=2653190 on localhost:11545 at 16:46:40.150
starting worker pid=2653207 on localhost:11545 at 16:46:40.323
starting worker pid=2653238 on localhost:11545 at 16:46:40.498
starting worker pid=2653254 on localhost:11545 at 16:46:40.671
Loading required package: spacexr
loaded spacexr and set parent environment
Loading required package: spacexr
loaded spacexr and set parent environment
Loading required package: spacexr
loaded spacexr and set parent environment
Loading required package: spacexr
loaded spacexr and set parent environment
Loading required package: spacexr
loaded spacexr and set parent environment
Loading required package: spacexr
loaded spacexr and set parent environment
Loading required package: spacexr
loaded spacexr and set parent environment
Loading required package: spacexr
loaded spacexr and set parent environment
Likelihood value: 1059917.15445968
Sigma value:  0.92
starting worker pid=2654234 on localhost:11545 at 16:47:01.907
starting worker pid=2654253 on localhost:11545 at 16:47:02.084
starting worker pid=2654276 on localhost:11545 at 16:47:02.290
starting worker pid=2654296 on localhost:11545 at 16:47:02.472
starting worker pid=2654324 on localhost:11545 at 16:47:02.648
starting worker pid=2654348 on localhost:11545 at 16:47:02.823
starting worker pid=2654365 on localhost:11545 at 16:47:03.000
starting worker pid=2654390 on localhost:11545 at 16:47:03.174
Loading required package: spacexr
loaded spacexr and set parent environment
Loading required package: spacexr
loaded spacexr and set parent environment
Loading required package: spacexr
loaded spacexr and set parent environment
Loading required package: spacexr
loaded spacexr and set parent environment
Loading required package: spacexr
loaded spacexr and set parent environment
Loading required package: spacexr
loaded spacexr and set parent environment
Loading required package: spacexr
loaded spacexr and set parent environment
Loading required package: spacexr
loaded spacexr and set parent environment
Likelihood value: 1058680.63855753
Sigma value:  0.92
starting worker pid=2655070 on localhost:11545 at 16:47:24.592
starting worker pid=2655088 on localhost:11545 at 16:47:24.771
starting worker pid=2655106 on localhost:11545 at 16:47:24.950
starting worker pid=2655127 on localhost:11545 at 16:47:25.129
starting worker pid=2655142 on localhost:11545 at 16:47:25.312
starting worker pid=2655163 on localhost:11545 at 16:47:25.489
starting worker pid=2655184 on localhost:11545 at 16:47:25.665
starting worker pid=2655199 on localhost:11545 at 16:47:25.842
Loading required package: spacexr
loaded spacexr and set parent environment
Loading required package: spacexr
loaded spacexr and set parent environment
Loading required package: spacexr
loaded spacexr and set parent environment
Loading required package: spacexr
loaded spacexr and set parent environment
Loading required package: spacexr
loaded spacexr and set parent environment
Loading required package: spacexr
loaded spacexr and set parent environment
Loading required package: spacexr
loaded spacexr and set parent environment
Loading required package: spacexr
loaded spacexr and set parent environment

[score] 9889 / 10034 spots have an RCTD estimate (rest failed QC/min-UMI inside RCTD)

=== RESULTS ===
spots scored: 9889 / 10034 
overall Pearson r (all spots x all cell types, pooled): 0.6806 
overall RMSE: 0.0911 
mean per-spot Pearson r: 0.6515 
per-cell-type Pearson r:
      cell_type pearson_r       rmse
type1     type1 0.7432322 0.08232044
type2     type2 0.7596989 0.07474695
type3     type3 0.7568078 0.14040522
type4     type4 0.7584423 0.07912368
type5     type5 0.7688019 0.08314290
type6     type6 0.7448576 0.07603414
type7     type7 0.7484021 0.07356933
type8     type8 0.7183299 0.09952976

[done] outputs written to /dcs04/hicks/data/Jan/sim_project/sim_paper/data/figure_3/spatial_deconvolution/RCTD/spot_seed271828 
[done] RCTD (independent-seed reference) -> /dcs04/hicks/data/Jan/sim_project/sim_paper/data/figure_3/spatial_deconvolution/RCTD/spot_seed271828
