[load] reference (cell): /dcs04/hicks/data/Jan/sim_project/sim_paper/data/figure_2/smaller_sphere/data/log_mu_-2.5_theta_0.40_jitter0.15_bsigma15_rctdref_seed999999/simulation_cell_z_qc.h5ad 
[reference] n_cells=24207 n_genes=556 per-type counts:
cell_types
type1 type2 type3 type4 type5 type6 type7 type8 
 3087  3146  3184  3180  3167  3054  2832  2557 
Warning message:
In check_UMI(nUMI, "Reference", require_2d = T, require_int = require_int,  :
  Reference: some nUMI values are less than min_UMI = 100, and these cells will be removed. Optionally, you may lower the min_UMI parameter.

[load] query (spot): /dcs04/hicks/data/Jan/sim_project/sim_paper/data/figure_2/smaller_sphere/data/packing_pf0p04_log_mu_-2.25_sigma1.0_theta_0.25_jitter0.10_dsf_bsigma03/simulation_spot_z_qc.h5ad 
[query] n_spots=10026 n_genes=556

[RCTD] create.RCTD (doublet_mode=full, max_cores=8)
Begin: process_cell_type_info
process_cell_type_info: number of cells in reference: 22463
process_cell_type_info: number of genes in reference: 556

type1 type2 type3 type4 type5 type6 type7 type8 
 2867  2922  2923  2946  2941  2844  2638  2382 
End: process_cell_type_info
create.RCTD: getting regression differentially expressed genes: 
get_de_genes: type1 found DE genes: 60
get_de_genes: type2 found DE genes: 60
get_de_genes: type3 found DE genes: 60
get_de_genes: type4 found DE genes: 60
get_de_genes: type5 found DE genes: 60
get_de_genes: type6 found DE genes: 59
get_de_genes: type7 found DE genes: 59
get_de_genes: type8 found DE genes: 60
get_de_genes: total DE genes: 478
create.RCTD: getting platform effect normalization differentially expressed genes: 
get_de_genes: type1 found DE genes: 60
get_de_genes: type2 found DE genes: 60
get_de_genes: type3 found DE genes: 60
get_de_genes: type4 found DE genes: 60
get_de_genes: type5 found DE genes: 61
get_de_genes: type6 found DE genes: 60
get_de_genes: type7 found DE genes: 60
get_de_genes: type8 found DE genes: 60
get_de_genes: total DE genes: 480
fitBulk: decomposing bulk
chooseSigma: using initial Q_mat with sigma =  1
starting worker pid=415105 on localhost:11350 at 11:24:12.717
starting worker pid=415120 on localhost:11350 at 11:24:13.296
starting worker pid=415138 on localhost:11350 at 11:24:13.486
starting worker pid=415161 on localhost:11350 at 11:24:13.677
starting worker pid=415176 on localhost:11350 at 11:24:13.876
starting worker pid=415196 on localhost:11350 at 11:24:14.062
starting worker pid=415217 on localhost:11350 at 11:24:14.262
starting worker pid=415232 on localhost:11350 at 11:24:14.456
Loading required package: spacexr
loaded spacexr and set parent environment
Loading required package: spacexr
loaded spacexr and set parent environment
Loading required package: spacexr
loaded spacexr and set parent environment
Loading required package: spacexr
loaded spacexr and set parent environment
Loading required package: spacexr
loaded spacexr and set parent environment
Loading required package: spacexr
loaded spacexr and set parent environment
Loading required package: spacexr
loaded spacexr and set parent environment
Loading required package: spacexr
loaded spacexr and set parent environment
Likelihood value: 1009871.03126398
Sigma value:  0.92
starting worker pid=415433 on localhost:11350 at 11:24:31.628
starting worker pid=415450 on localhost:11350 at 11:24:31.960
starting worker pid=415470 on localhost:11350 at 11:24:32.156
starting worker pid=415485 on localhost:11350 at 11:24:32.348
starting worker pid=415501 on localhost:11350 at 11:24:32.533
starting worker pid=415521 on localhost:11350 at 11:24:32.717
starting worker pid=415536 on localhost:11350 at 11:24:32.907
starting worker pid=415551 on localhost:11350 at 11:24:33.098
Loading required package: spacexr
loaded spacexr and set parent environment
Loading required package: spacexr
loaded spacexr and set parent environment
Loading required package: spacexr
loaded spacexr and set parent environment
Loading required package: spacexr
loaded spacexr and set parent environment
Loading required package: spacexr
loaded spacexr and set parent environment
Loading required package: spacexr
loaded spacexr and set parent environment
Loading required package: spacexr
loaded spacexr and set parent environment
Loading required package: spacexr
loaded spacexr and set parent environment
Likelihood value: 1008535.55014044
Sigma value:  0.9
starting worker pid=415819 on localhost:11350 at 11:24:49.823
starting worker pid=415835 on localhost:11350 at 11:24:50.003
starting worker pid=415855 on localhost:11350 at 11:24:50.177
starting worker pid=415870 on localhost:11350 at 11:24:50.359
starting worker pid=415885 on localhost:11350 at 11:24:50.544
starting worker pid=415911 on localhost:11350 at 11:24:50.724
starting worker pid=415926 on localhost:11350 at 11:24:50.898
starting worker pid=415946 on localhost:11350 at 11:24:51.077
Loading required package: spacexr
loaded spacexr and set parent environment
Loading required package: spacexr
loaded spacexr and set parent environment
Loading required package: spacexr
loaded spacexr and set parent environment
Loading required package: spacexr
loaded spacexr and set parent environment
Loading required package: spacexr
loaded spacexr and set parent environment
Loading required package: spacexr
loaded spacexr and set parent environment
Loading required package: spacexr
loaded spacexr and set parent environment
Loading required package: spacexr
loaded spacexr and set parent environment
Likelihood value: 1008472.74699659
Sigma value:  0.9
starting worker pid=416162 on localhost:11350 at 11:25:06.957
starting worker pid=416183 on localhost:11350 at 11:25:07.146
starting worker pid=416198 on localhost:11350 at 11:25:07.327
starting worker pid=416213 on localhost:11350 at 11:25:07.522
starting worker pid=416228 on localhost:11350 at 11:25:07.709
starting worker pid=416244 on localhost:11350 at 11:25:07.889
starting worker pid=416411 on localhost:11350 at 11:25:08.065
starting worker pid=416614 on localhost:11350 at 11:25:08.249
Loading required package: spacexr
loaded spacexr and set parent environment
Loading required package: spacexr
loaded spacexr and set parent environment
Loading required package: spacexr
loaded spacexr and set parent environment
Loading required package: spacexr
loaded spacexr and set parent environment
Loading required package: spacexr
loaded spacexr and set parent environment
Loading required package: spacexr
loaded spacexr and set parent environment
Loading required package: spacexr
loaded spacexr and set parent environment
Loading required package: spacexr
loaded spacexr and set parent environment

[score] 9840 / 10026 spots have an RCTD estimate (rest failed QC/min-UMI inside RCTD)

=== RESULTS ===
spots scored: 9840 / 10026 
overall Pearson r (all spots x all cell types, pooled): 0.6923 
overall RMSE: 0.0882 
mean per-spot Pearson r: 0.6685 
per-cell-type Pearson r:
      cell_type pearson_r       rmse
type1     type1 0.7268626 0.10125769
type2     type2 0.7404774 0.07680254
type3     type3 0.7199950 0.08272450
type4     type4 0.7264654 0.08046323
type5     type5 0.7289660 0.09565213
type6     type6 0.7152457 0.08712056
type7     type7 0.7336035 0.07812175
type8     type8 0.6845975 0.09926974

[done] outputs written to /dcs04/hicks/data/Jan/sim_project/sim_paper/data/figure_3/spatial_deconvolution/RCTD/spot_seed999999 
[done] RCTD (independent-seed reference) -> /dcs04/hicks/data/Jan/sim_project/sim_paper/data/figure_3/spatial_deconvolution/RCTD/spot_seed999999
[load] 9840 spots with an RCTD estimate
[spatial zoom -> rctd_spatial_zoom.png] slice 5, cropped to x/y in [0,1200]x[0,1200]: 144 spots, 8 cell types, 1 pair(s)/row
wrote /dcs04/hicks/data/Jan/sim_project/sim_paper/data/figure_3/spatial_deconvolution/RCTD/spot_seed999999/rctd_spatial_zoom.png
[spatial zoom -> rctd_spatial_zoom_4x4.png] slice 5, cropped to x/y in [0,1200]x[0,1200]: 144 spots, 8 cell types, 2 pair(s)/row
wrote /dcs04/hicks/data/Jan/sim_project/sim_paper/data/figure_3/spatial_deconvolution/RCTD/spot_seed999999/rctd_spatial_zoom_4x4.png
[spatial zoom -> rctd_spatial_zoom_main.png] slice 5, cropped to x/y in [0,1200]x[0,1200]: 144 spots, 2 cell types, 1 pair(s)/row
wrote /dcs04/hicks/data/Jan/sim_project/sim_paper/data/figure_3/spatial_deconvolution/RCTD/spot_seed999999/rctd_spatial_zoom_main.png
[spatial zoom -> rctd_spatial_zoom_4types.png] slice 5, cropped to x/y in [0,1200]x[0,1200]: 144 spots, 4 cell types, 2 pair(s)/row
wrote /dcs04/hicks/data/Jan/sim_project/sim_paper/data/figure_3/spatial_deconvolution/RCTD/spot_seed999999/rctd_spatial_zoom_4types.png
wrote /dcs04/hicks/data/Jan/sim_project/sim_paper/data/figure_3/spatial_deconvolution/RCTD/spot_seed999999/rctd_error_boxplot.png
