[load] reference (cell): /dcs04/hicks/data/Jan/sim_project/sim_paper/data/figure_3/cellbin_batch_sigma_slide/cell/bs1.5/log_mu_-2.5_theta_0.40_jitter0.15_strongmix_bsigma15_qc.h5ad 
[reference] n_cells=24207 n_genes=556 per-type counts:
cell_types
type1 type2 type3 type4 type5 type6 type7 type8 
 3516  2655  3362  2534  3559  2503  2540  3538 
Warning message:
In check_UMI(nUMI, "Reference", require_2d = T, require_int = require_int,  :
  Reference: some nUMI values are less than min_UMI = 100, and these cells will be removed. Optionally, you may lower the min_UMI parameter.

[load] query (spot): /dcs04/hicks/data/Jan/sim_project/sim_paper/data/figure_3/cellbin_batch_sigma_slide/spot/bs0.3/packing_pf0p04_log_mu_-2.25_sigma1.0_theta_0.25_jitter0.10_strongmix_bsigma03_qc.h5ad 
[query] n_spots=10029 n_genes=556

[RCTD] create.RCTD (doublet_mode=full, max_cores=8)
Begin: process_cell_type_info
process_cell_type_info: number of cells in reference: 22435
process_cell_type_info: number of genes in reference: 556

type1 type2 type3 type4 type5 type6 type7 type8 
 3278  2454  3132  2362  3313  2285  2365  3246 
End: process_cell_type_info
create.RCTD: getting regression differentially expressed genes: 
get_de_genes: type1 found DE genes: 60
get_de_genes: type2 found DE genes: 60
get_de_genes: type3 found DE genes: 58
get_de_genes: type4 found DE genes: 60
get_de_genes: type5 found DE genes: 60
get_de_genes: type6 found DE genes: 59
get_de_genes: type7 found DE genes: 60
get_de_genes: type8 found DE genes: 59
get_de_genes: total DE genes: 476
create.RCTD: getting platform effect normalization differentially expressed genes: 
get_de_genes: type1 found DE genes: 60
get_de_genes: type2 found DE genes: 60
get_de_genes: type3 found DE genes: 60
get_de_genes: type4 found DE genes: 61
get_de_genes: type5 found DE genes: 60
get_de_genes: type6 found DE genes: 60
get_de_genes: type7 found DE genes: 60
get_de_genes: type8 found DE genes: 60
get_de_genes: total DE genes: 480
fitBulk: decomposing bulk
chooseSigma: using initial Q_mat with sigma =  1
starting worker pid=4178981 on localhost:11903 at 06:00:17.439
starting worker pid=4178996 on localhost:11903 at 06:00:17.620
starting worker pid=4179011 on localhost:11903 at 06:00:17.797
starting worker pid=4179026 on localhost:11903 at 06:00:17.975
starting worker pid=4179041 on localhost:11903 at 06:00:18.162
starting worker pid=4179056 on localhost:11903 at 06:00:18.346
starting worker pid=4179071 on localhost:11903 at 06:00:18.524
starting worker pid=4179086 on localhost:11903 at 06:00:18.712
Loading required package: spacexr
loaded spacexr and set parent environment
Loading required package: spacexr
loaded spacexr and set parent environment
Loading required package: spacexr
loaded spacexr and set parent environment
Loading required package: spacexr
loaded spacexr and set parent environment
Loading required package: spacexr
loaded spacexr and set parent environment
Loading required package: spacexr
loaded spacexr and set parent environment
Loading required package: spacexr
loaded spacexr and set parent environment
Loading required package: spacexr
loaded spacexr and set parent environment
Likelihood value: 978539.186648833
Sigma value:  0.94
starting worker pid=4179121 on localhost:11903 at 06:00:34.864
starting worker pid=4179136 on localhost:11903 at 06:00:35.042
starting worker pid=4179151 on localhost:11903 at 06:00:35.223
starting worker pid=4179166 on localhost:11903 at 06:00:35.400
starting worker pid=4179181 on localhost:11903 at 06:00:35.578
starting worker pid=4179196 on localhost:11903 at 06:00:35.757
starting worker pid=4179211 on localhost:11903 at 06:00:35.937
starting worker pid=4179226 on localhost:11903 at 06:00:36.120
Loading required package: spacexr
loaded spacexr and set parent environment
Loading required package: spacexr
loaded spacexr and set parent environment
Loading required package: spacexr
loaded spacexr and set parent environment
Loading required package: spacexr
loaded spacexr and set parent environment
Loading required package: spacexr
loaded spacexr and set parent environment
Loading required package: spacexr
loaded spacexr and set parent environment
Loading required package: spacexr
loaded spacexr and set parent environment
Loading required package: spacexr
loaded spacexr and set parent environment
Likelihood value: 977692.603285981
Sigma value:  0.92
starting worker pid=4179262 on localhost:11903 at 06:00:51.187
starting worker pid=4179277 on localhost:11903 at 06:00:51.375
starting worker pid=4179292 on localhost:11903 at 06:00:51.561
starting worker pid=4179307 on localhost:11903 at 06:00:51.750
starting worker pid=4179322 on localhost:11903 at 06:00:51.935
starting worker pid=4179337 on localhost:11903 at 06:00:52.116
starting worker pid=4179352 on localhost:11903 at 06:00:52.299
starting worker pid=4179367 on localhost:11903 at 06:00:52.484
Loading required package: spacexr
loaded spacexr and set parent environment
Loading required package: spacexr
loaded spacexr and set parent environment
Loading required package: spacexr
loaded spacexr and set parent environment
Loading required package: spacexr
loaded spacexr and set parent environment
Loading required package: spacexr
loaded spacexr and set parent environment
Loading required package: spacexr
loaded spacexr and set parent environment
Loading required package: spacexr
loaded spacexr and set parent environment
Loading required package: spacexr
loaded spacexr and set parent environment
Likelihood value: 977618.832752804
Sigma value:  0.92
starting worker pid=4179417 on localhost:11903 at 06:01:08.288
starting worker pid=4179432 on localhost:11903 at 06:01:08.450
starting worker pid=4179447 on localhost:11903 at 06:01:08.608
starting worker pid=4179462 on localhost:11903 at 06:01:08.761
starting worker pid=4179477 on localhost:11903 at 06:01:08.916
starting worker pid=4179492 on localhost:11903 at 06:01:09.068
starting worker pid=4179507 on localhost:11903 at 06:01:09.223
starting worker pid=4179522 on localhost:11903 at 06:01:09.367
Loading required package: spacexr
loaded spacexr and set parent environment
Loading required package: spacexr
loaded spacexr and set parent environment
Loading required package: spacexr
loaded spacexr and set parent environment
Loading required package: spacexr
loaded spacexr and set parent environment
Loading required package: spacexr
loaded spacexr and set parent environment
Loading required package: spacexr
loaded spacexr and set parent environment
Loading required package: spacexr
loaded spacexr and set parent environment
Loading required package: spacexr
loaded spacexr and set parent environment

[score] 9895 / 10029 spots have an RCTD estimate (rest failed QC/min-UMI inside RCTD)

=== RESULTS ===
spots scored: 9895 / 10029 
overall Pearson r (all spots x all cell types, pooled): 0.8093 
overall RMSE: 0.0834 
mean per-spot Pearson r: 0.7934 
per-cell-type Pearson r:
      cell_type pearson_r       rmse
type1     type1 0.8464213 0.09342539
type2     type2 0.8197384 0.07183362
type3     type3 0.8429412 0.08674582
type4     type4 0.8049882 0.09202748
type5     type5 0.8534452 0.08044656
type6     type6 0.8120477 0.07121241
type7     type7 0.8158397 0.08325159
type8     type8 0.8224897 0.08499249

[done] outputs written to /dcs04/hicks/data/Jan/sim_project/sim_paper/data/figure_3/spatial_deconvolution/RCTD/strong_mix 
[done] RCTD (strong domain mix, reference seed 2025) -> /dcs04/hicks/data/Jan/sim_project/sim_paper/data/figure_3/spatial_deconvolution/RCTD/strong_mix
[load] 9895 spots with an RCTD estimate
[spatial zoom -> rctd_spatial_zoom.png] slice 5, cropped to x/y in [0,1200]x[0,1200]: 144 spots, 8 cell types, 1 pair(s)/row
wrote /dcs04/hicks/data/Jan/sim_project/sim_paper/data/figure_3/spatial_deconvolution/RCTD/strong_mix/rctd_spatial_zoom.png
[spatial zoom -> rctd_spatial_zoom_4x4.png] slice 5, cropped to x/y in [0,1200]x[0,1200]: 144 spots, 8 cell types, 2 pair(s)/row
wrote /dcs04/hicks/data/Jan/sim_project/sim_paper/data/figure_3/spatial_deconvolution/RCTD/strong_mix/rctd_spatial_zoom_4x4.png
[spatial zoom -> rctd_spatial_zoom_main.png] slice 5, cropped to x/y in [0,1200]x[0,1200]: 144 spots, 2 cell types, 1 pair(s)/row
wrote /dcs04/hicks/data/Jan/sim_project/sim_paper/data/figure_3/spatial_deconvolution/RCTD/strong_mix/rctd_spatial_zoom_main.png
[spatial zoom -> rctd_spatial_zoom_4types.png] slice 5, cropped to x/y in [0,1200]x[0,1200]: 144 spots, 4 cell types, 2 pair(s)/row
wrote /dcs04/hicks/data/Jan/sim_project/sim_paper/data/figure_3/spatial_deconvolution/RCTD/strong_mix/rctd_spatial_zoom_4types.png
wrote /dcs04/hicks/data/Jan/sim_project/sim_paper/data/figure_3/spatial_deconvolution/RCTD/strong_mix/rctd_error_boxplot.png
