[load] reference (cell): /dcs04/hicks/data/Jan/sim_project/sim_paper/data/figure_2/smaller_sphere/data/log_mu_-2.5_theta_0.40_jitter0.15_bsigma15_rctdref_seed314159/simulation_cell_z_qc.h5ad 
[reference] n_cells=24207 n_genes=556 per-type counts:
cell_types
type1 type2 type3 type4 type5 type6 type7 type8 
 3049  3076  3224  3090  3208  3137  2795  2628 
Warning message:
In check_UMI(nUMI, "Reference", require_2d = T, require_int = require_int,  :
  Reference: some nUMI values are less than min_UMI = 100, and these cells will be removed. Optionally, you may lower the min_UMI parameter.

[load] query (spot): /dcs04/hicks/data/Jan/sim_project/sim_paper/data/figure_2/smaller_sphere/data/packing_pf0p04_log_mu_-2.25_sigma1.0_theta_0.25_jitter0.10_dsf_bsigma03/simulation_spot_z_qc.h5ad 
[query] n_spots=10026 n_genes=556

[RCTD] create.RCTD (doublet_mode=full, max_cores=8)
Begin: process_cell_type_info
process_cell_type_info: number of cells in reference: 21602
process_cell_type_info: number of genes in reference: 556

type1 type2 type3 type4 type5 type6 type7 type8 
 2686  2795  2903  2763  2862  2785  2513  2295 
End: process_cell_type_info
create.RCTD: getting regression differentially expressed genes: 
get_de_genes: type1 found DE genes: 60
get_de_genes: type2 found DE genes: 60
get_de_genes: type3 found DE genes: 60
get_de_genes: type4 found DE genes: 60
get_de_genes: type5 found DE genes: 60
get_de_genes: type6 found DE genes: 60
get_de_genes: type7 found DE genes: 60
get_de_genes: type8 found DE genes: 60
get_de_genes: total DE genes: 480
create.RCTD: getting platform effect normalization differentially expressed genes: 
get_de_genes: type1 found DE genes: 60
get_de_genes: type2 found DE genes: 60
get_de_genes: type3 found DE genes: 60
get_de_genes: type4 found DE genes: 61
get_de_genes: type5 found DE genes: 60
get_de_genes: type6 found DE genes: 60
get_de_genes: type7 found DE genes: 60
get_de_genes: type8 found DE genes: 60
get_de_genes: total DE genes: 480
fitBulk: decomposing bulk
chooseSigma: using initial Q_mat with sigma =  1
starting worker pid=2628604 on localhost:11083 at 11:24:14.330
starting worker pid=2628619 on localhost:11083 at 11:24:14.551
starting worker pid=2628634 on localhost:11083 at 11:24:14.771
starting worker pid=2628652 on localhost:11083 at 11:24:14.989
starting worker pid=2628667 on localhost:11083 at 11:24:15.211
starting worker pid=2628682 on localhost:11083 at 11:24:15.433
starting worker pid=2628697 on localhost:11083 at 11:24:15.648
starting worker pid=2628712 on localhost:11083 at 11:24:15.890
Loading required package: spacexr
loaded spacexr and set parent environment
Loading required package: spacexr
loaded spacexr and set parent environment
Loading required package: spacexr
loaded spacexr and set parent environment
Loading required package: spacexr
loaded spacexr and set parent environment
Loading required package: spacexr
loaded spacexr and set parent environment
Loading required package: spacexr
loaded spacexr and set parent environment
Loading required package: spacexr
loaded spacexr and set parent environment
Loading required package: spacexr
loaded spacexr and set parent environment
Likelihood value: 1025137.22232148
Sigma value:  0.92
starting worker pid=2628763 on localhost:11083 at 11:24:43.636
starting worker pid=2628778 on localhost:11083 at 11:24:43.859
starting worker pid=2628793 on localhost:11083 at 11:24:44.085
starting worker pid=2628808 on localhost:11083 at 11:24:44.304
starting worker pid=2628823 on localhost:11083 at 11:24:44.524
starting worker pid=2628838 on localhost:11083 at 11:24:44.747
starting worker pid=2628855 on localhost:11083 at 11:24:44.970
starting worker pid=2628870 on localhost:11083 at 11:24:45.196
Loading required package: spacexr
loaded spacexr and set parent environment
Loading required package: spacexr
loaded spacexr and set parent environment
Loading required package: spacexr
loaded spacexr and set parent environment
Loading required package: spacexr
loaded spacexr and set parent environment
Loading required package: spacexr
loaded spacexr and set parent environment
Loading required package: spacexr
loaded spacexr and set parent environment
Loading required package: spacexr
loaded spacexr and set parent environment
Loading required package: spacexr
loaded spacexr and set parent environment
Likelihood value: 1023665.68206702
Sigma value:  0.9
starting worker pid=2628922 on localhost:11083 at 11:25:12.588
starting worker pid=2628937 on localhost:11083 at 11:25:12.811
starting worker pid=2628952 on localhost:11083 at 11:25:13.032
starting worker pid=2628967 on localhost:11083 at 11:25:13.260
starting worker pid=2628982 on localhost:11083 at 11:25:13.482
starting worker pid=2628997 on localhost:11083 at 11:25:13.704
starting worker pid=2629012 on localhost:11083 at 11:25:13.926
starting worker pid=2629027 on localhost:11083 at 11:25:14.149
Loading required package: spacexr
loaded spacexr and set parent environment
Loading required package: spacexr
loaded spacexr and set parent environment
Loading required package: spacexr
loaded spacexr and set parent environment
Loading required package: spacexr
loaded spacexr and set parent environment
Loading required package: spacexr
loaded spacexr and set parent environment
Loading required package: spacexr
loaded spacexr and set parent environment
Loading required package: spacexr
loaded spacexr and set parent environment
Loading required package: spacexr
loaded spacexr and set parent environment
Likelihood value: 1023571.92119776
Sigma value:  0.9
starting worker pid=2629862 on localhost:11083 at 11:25:41.845
starting worker pid=2629877 on localhost:11083 at 11:25:42.068
starting worker pid=2629892 on localhost:11083 at 11:25:42.291
starting worker pid=2629907 on localhost:11083 at 11:25:42.515
starting worker pid=2629922 on localhost:11083 at 11:25:42.746
starting worker pid=2629937 on localhost:11083 at 11:25:42.967
starting worker pid=2629952 on localhost:11083 at 11:25:43.190
starting worker pid=2629967 on localhost:11083 at 11:25:43.413
Loading required package: spacexr
loaded spacexr and set parent environment
Loading required package: spacexr
loaded spacexr and set parent environment
Loading required package: spacexr
loaded spacexr and set parent environment
Loading required package: spacexr
loaded spacexr and set parent environment
Loading required package: spacexr
loaded spacexr and set parent environment
Loading required package: spacexr
loaded spacexr and set parent environment
Loading required package: spacexr
loaded spacexr and set parent environment
Loading required package: spacexr
loaded spacexr and set parent environment

[score] 9840 / 10026 spots have an RCTD estimate (rest failed QC/min-UMI inside RCTD)

=== RESULTS ===
spots scored: 9840 / 10026 
overall Pearson r (all spots x all cell types, pooled): 0.6421 
overall RMSE: 0.0985 
mean per-spot Pearson r: 0.6114 
per-cell-type Pearson r:
      cell_type pearson_r       rmse
type1     type1 0.7201927 0.15741407
type2     type2 0.7050401 0.10799123
type3     type3 0.7154079 0.08571406
type4     type4 0.7220898 0.08426523
type5     type5 0.7325239 0.08192047
type6     type6 0.7205889 0.08001001
type7     type7 0.7275605 0.08626178
type8     type8 0.7058184 0.07874273

[done] outputs written to /dcs04/hicks/data/Jan/sim_project/sim_paper/data/figure_3/spatial_deconvolution/RCTD/spot_seed314159 
[done] RCTD (independent-seed reference) -> /dcs04/hicks/data/Jan/sim_project/sim_paper/data/figure_3/spatial_deconvolution/RCTD/spot_seed314159
[load] 9840 spots with an RCTD estimate
[spatial zoom -> rctd_spatial_zoom.png] slice 5, cropped to x/y in [0,1200]x[0,1200]: 144 spots, 8 cell types, 1 pair(s)/row
wrote /dcs04/hicks/data/Jan/sim_project/sim_paper/data/figure_3/spatial_deconvolution/RCTD/spot_seed314159/rctd_spatial_zoom.png
[spatial zoom -> rctd_spatial_zoom_4x4.png] slice 5, cropped to x/y in [0,1200]x[0,1200]: 144 spots, 8 cell types, 2 pair(s)/row
wrote /dcs04/hicks/data/Jan/sim_project/sim_paper/data/figure_3/spatial_deconvolution/RCTD/spot_seed314159/rctd_spatial_zoom_4x4.png
[spatial zoom -> rctd_spatial_zoom_main.png] slice 5, cropped to x/y in [0,1200]x[0,1200]: 144 spots, 2 cell types, 1 pair(s)/row
wrote /dcs04/hicks/data/Jan/sim_project/sim_paper/data/figure_3/spatial_deconvolution/RCTD/spot_seed314159/rctd_spatial_zoom_main.png
[spatial zoom -> rctd_spatial_zoom_4types.png] slice 5, cropped to x/y in [0,1200]x[0,1200]: 144 spots, 4 cell types, 2 pair(s)/row
wrote /dcs04/hicks/data/Jan/sim_project/sim_paper/data/figure_3/spatial_deconvolution/RCTD/spot_seed314159/rctd_spatial_zoom_4types.png
wrote /dcs04/hicks/data/Jan/sim_project/sim_paper/data/figure_3/spatial_deconvolution/RCTD/spot_seed314159/rctd_error_boxplot.png
