[load] 9894 spots, 3 seeds (2025, 999999, 314159), spot_id sets identical
wrote /dcs04/hicks/data/Jan/sim_project/sim_paper/data/figure_3/spatial_deconvolution/RCTD/weak_mix_seed_avg/estimated_fractions_wide.csv

=== weak_mix 3-REFERENCE AVERAGE RESULTS ===
{
  "spot_h5ad": "/dcs04/hicks/data/Jan/sim_project/sim_paper/data/figure_2/smaller_sphere/data/packing_pf0p04_log_mu_-2.25_sigma1.0_theta_0.25_jitter0.10_bsigma03/simulation_spot_z_qc.h5ad",
  "n_spots_scored": 9894,
  "n_spots_total": 10028,
  "doublet_mode": "full",
  "n_seeds_averaged": 3,
  "seeds_averaged": [
    "2025",
    "999999",
    "314159"
  ],
  "overall_pearson_r": 0.7299,
  "overall_rmse": 0.0799,
  "mean_per_spot_pearson_r": 0.707,
  "mean_per_spot_rmse": 0.0739
}
cell_type  pearson_r     rmse
    type1   0.750953 0.099931
    type2   0.754294 0.077849
    type3   0.740110 0.079248
    type4   0.760642 0.076957
    type5   0.751124 0.078833
    type6   0.738965 0.076657
    type7   0.735396 0.073976
    type8   0.729664 0.072575
wrote /dcs04/hicks/data/Jan/sim_project/sim_paper/data/figure_3/spatial_deconvolution/RCTD/weak_mix_seed_avg/est_vs_true_scatter.png
[load] 9894 spots with an RCTD estimate
[spatial zoom -> rctd_spatial_zoom.png] slice 5, cropped to x/y in [0,1200]x[0,1200]: 144 spots, 8 cell types, 1 pair(s)/row
wrote /dcs04/hicks/data/Jan/sim_project/sim_paper/data/figure_3/spatial_deconvolution/RCTD/weak_mix_seed_avg/rctd_spatial_zoom.png
[spatial zoom -> rctd_spatial_zoom_4x4.png] slice 5, cropped to x/y in [0,1200]x[0,1200]: 144 spots, 8 cell types, 2 pair(s)/row
wrote /dcs04/hicks/data/Jan/sim_project/sim_paper/data/figure_3/spatial_deconvolution/RCTD/weak_mix_seed_avg/rctd_spatial_zoom_4x4.png
[spatial zoom -> rctd_spatial_zoom_main.png] slice 5, cropped to x/y in [0,1200]x[0,1200]: 144 spots, 2 cell types, 1 pair(s)/row
wrote /dcs04/hicks/data/Jan/sim_project/sim_paper/data/figure_3/spatial_deconvolution/RCTD/weak_mix_seed_avg/rctd_spatial_zoom_main.png
[spatial zoom -> rctd_spatial_zoom_4types.png] slice 5, cropped to x/y in [0,1200]x[0,1200]: 144 spots, 4 cell types, 2 pair(s)/row
wrote /dcs04/hicks/data/Jan/sim_project/sim_paper/data/figure_3/spatial_deconvolution/RCTD/weak_mix_seed_avg/rctd_spatial_zoom_4types.png
wrote /dcs04/hicks/data/Jan/sim_project/sim_paper/data/figure_3/spatial_deconvolution/RCTD/weak_mix_seed_avg/rctd_error_boxplot.png
