[load] reference (cell): /dcs04/hicks/data/Jan/sim_project/sim_paper/data/figure_2/smaller_sphere/data/log_mu_-2.5_theta_0.40_jitter0.15_bsigma15_rctdref_seed314159/simulation_cell_z_qc.h5ad 
[reference] n_cells=24207 n_genes=556 per-type counts:
cell_types
type1 type2 type3 type4 type5 type6 type7 type8 
 3049  3076  3224  3090  3208  3137  2795  2628 
Warning message:
In check_UMI(nUMI, "Reference", require_2d = T, require_int = require_int,  :
  Reference: some nUMI values are less than min_UMI = 100, and these cells will be removed. Optionally, you may lower the min_UMI parameter.

[load] query (spot): /dcs04/hicks/data/Jan/sim_project/sim_paper/data/figure_2/smaller_sphere/data/packing_pf0p04_log_mu_-2.25_sigma1.0_theta_0.25_jitter0.10_bsigma03/simulation_spot_z_qc.h5ad 
[query] n_spots=10028 n_genes=556

[RCTD] create.RCTD (doublet_mode=full, max_cores=8)
Begin: process_cell_type_info
process_cell_type_info: number of cells in reference: 21602
process_cell_type_info: number of genes in reference: 556

type1 type2 type3 type4 type5 type6 type7 type8 
 2686  2795  2903  2763  2862  2785  2513  2295 
End: process_cell_type_info
create.RCTD: getting regression differentially expressed genes: 
get_de_genes: type1 found DE genes: 60
get_de_genes: type2 found DE genes: 60
get_de_genes: type3 found DE genes: 60
get_de_genes: type4 found DE genes: 60
get_de_genes: type5 found DE genes: 60
get_de_genes: type6 found DE genes: 60
get_de_genes: type7 found DE genes: 60
get_de_genes: type8 found DE genes: 60
get_de_genes: total DE genes: 480
create.RCTD: getting platform effect normalization differentially expressed genes: 
get_de_genes: type1 found DE genes: 60
get_de_genes: type2 found DE genes: 60
get_de_genes: type3 found DE genes: 60
get_de_genes: type4 found DE genes: 61
get_de_genes: type5 found DE genes: 60
get_de_genes: type6 found DE genes: 60
get_de_genes: type7 found DE genes: 60
get_de_genes: type8 found DE genes: 60
get_de_genes: total DE genes: 480
fitBulk: decomposing bulk
chooseSigma: using initial Q_mat with sigma =  1
starting worker pid=1258542 on localhost:11996 at 23:01:25.122
starting worker pid=1258557 on localhost:11996 at 23:01:25.350
starting worker pid=1258572 on localhost:11996 at 23:01:25.577
starting worker pid=1258587 on localhost:11996 at 23:01:25.804
starting worker pid=1258602 on localhost:11996 at 23:01:26.029
starting worker pid=1258617 on localhost:11996 at 23:01:26.254
starting worker pid=1258632 on localhost:11996 at 23:01:26.483
starting worker pid=1258647 on localhost:11996 at 23:01:26.732
Loading required package: spacexr
loaded spacexr and set parent environment
Loading required package: spacexr
loaded spacexr and set parent environment
Loading required package: spacexr
loaded spacexr and set parent environment
Loading required package: spacexr
loaded spacexr and set parent environment
Loading required package: spacexr
loaded spacexr and set parent environment
Loading required package: spacexr
loaded spacexr and set parent environment
Loading required package: spacexr
loaded spacexr and set parent environment
Loading required package: spacexr
loaded spacexr and set parent environment
Likelihood value: 985273.445320011
Sigma value:  0.94
starting worker pid=1259229 on localhost:11996 at 23:01:48.055
starting worker pid=1259246 on localhost:11996 at 23:01:48.276
starting worker pid=1259265 on localhost:11996 at 23:01:48.499
starting worker pid=1259282 on localhost:11996 at 23:01:48.720
starting worker pid=1259297 on localhost:11996 at 23:01:48.942
starting worker pid=1259312 on localhost:11996 at 23:01:49.163
starting worker pid=1259346 on localhost:11996 at 23:01:49.405
starting worker pid=1259361 on localhost:11996 at 23:01:49.628
Loading required package: spacexr
loaded spacexr and set parent environment
Loading required package: spacexr
loaded spacexr and set parent environment
Loading required package: spacexr
loaded spacexr and set parent environment
Loading required package: spacexr
loaded spacexr and set parent environment
Loading required package: spacexr
loaded spacexr and set parent environment
Loading required package: spacexr
loaded spacexr and set parent environment
Loading required package: spacexr
loaded spacexr and set parent environment
Loading required package: spacexr
loaded spacexr and set parent environment
Likelihood value: 984360.810941293
Sigma value:  0.92
starting worker pid=1259433 on localhost:11996 at 23:02:10.135
starting worker pid=1259448 on localhost:11996 at 23:02:10.356
starting worker pid=1259463 on localhost:11996 at 23:02:10.580
starting worker pid=1259478 on localhost:11996 at 23:02:10.802
starting worker pid=1259493 on localhost:11996 at 23:02:11.020
starting worker pid=1259508 on localhost:11996 at 23:02:11.240
starting worker pid=1259523 on localhost:11996 at 23:02:11.463
starting worker pid=1259538 on localhost:11996 at 23:02:11.684
Loading required package: spacexr
loaded spacexr and set parent environment
Loading required package: spacexr
loaded spacexr and set parent environment
Loading required package: spacexr
loaded spacexr and set parent environment
Loading required package: spacexr
loaded spacexr and set parent environment
Loading required package: spacexr
loaded spacexr and set parent environment
Loading required package: spacexr
loaded spacexr and set parent environment
Loading required package: spacexr
loaded spacexr and set parent environment
Loading required package: spacexr
loaded spacexr and set parent environment
Likelihood value: 984264.784855524
Sigma value:  0.92
starting worker pid=1259867 on localhost:11996 at 23:02:31.843
starting worker pid=1259883 on localhost:11996 at 23:02:32.060
starting worker pid=1259898 on localhost:11996 at 23:02:32.282
starting worker pid=1259913 on localhost:11996 at 23:02:32.499
starting worker pid=1259929 on localhost:11996 at 23:02:32.720
starting worker pid=1259944 on localhost:11996 at 23:02:32.941
starting worker pid=1259959 on localhost:11996 at 23:02:33.163
starting worker pid=1259974 on localhost:11996 at 23:02:33.383
Loading required package: spacexr
loaded spacexr and set parent environment
Loading required package: spacexr
loaded spacexr and set parent environment
Loading required package: spacexr
loaded spacexr and set parent environment
Loading required package: spacexr
loaded spacexr and set parent environment
Loading required package: spacexr
loaded spacexr and set parent environment
Loading required package: spacexr
loaded spacexr and set parent environment
Loading required package: spacexr
loaded spacexr and set parent environment
Loading required package: spacexr
loaded spacexr and set parent environment

[score] 9894 / 10028 spots have an RCTD estimate (rest failed QC/min-UMI inside RCTD)

=== RESULTS ===
spots scored: 9894 / 10028 
overall Pearson r (all spots x all cell types, pooled): 0.6506 
overall RMSE: 0.0967 
mean per-spot Pearson r: 0.6171 
per-cell-type Pearson r:
      cell_type pearson_r       rmse
type1     type1 0.7365866 0.15512299
type2     type2 0.7102789 0.11042520
type3     type3 0.7317491 0.08206167
type4     type4 0.7481046 0.08201524
type5     type5 0.7432317 0.07914737
type6     type6 0.7314423 0.07782302
type7     type7 0.7209225 0.08506415
type8     type8 0.7209053 0.07465476

[done] outputs written to /dcs04/hicks/data/Jan/sim_project/sim_paper/data/figure_3/spatial_deconvolution/RCTD/weak_mix_seed314159 
[done] RCTD (independent-seed reference) -> /dcs04/hicks/data/Jan/sim_project/sim_paper/data/figure_3/spatial_deconvolution/RCTD/weak_mix_seed314159
[load] 9894 spots with an RCTD estimate
[spatial zoom -> rctd_spatial_zoom.png] slice 5, cropped to x/y in [0,1200]x[0,1200]: 144 spots, 8 cell types, 1 pair(s)/row
wrote /dcs04/hicks/data/Jan/sim_project/sim_paper/data/figure_3/spatial_deconvolution/RCTD/weak_mix_seed314159/rctd_spatial_zoom.png
[spatial zoom -> rctd_spatial_zoom_4x4.png] slice 5, cropped to x/y in [0,1200]x[0,1200]: 144 spots, 8 cell types, 2 pair(s)/row
wrote /dcs04/hicks/data/Jan/sim_project/sim_paper/data/figure_3/spatial_deconvolution/RCTD/weak_mix_seed314159/rctd_spatial_zoom_4x4.png
[spatial zoom -> rctd_spatial_zoom_main.png] slice 5, cropped to x/y in [0,1200]x[0,1200]: 144 spots, 2 cell types, 1 pair(s)/row
wrote /dcs04/hicks/data/Jan/sim_project/sim_paper/data/figure_3/spatial_deconvolution/RCTD/weak_mix_seed314159/rctd_spatial_zoom_main.png
[spatial zoom -> rctd_spatial_zoom_4types.png] slice 5, cropped to x/y in [0,1200]x[0,1200]: 144 spots, 4 cell types, 2 pair(s)/row
wrote /dcs04/hicks/data/Jan/sim_project/sim_paper/data/figure_3/spatial_deconvolution/RCTD/weak_mix_seed314159/rctd_spatial_zoom_4types.png
wrote /dcs04/hicks/data/Jan/sim_project/sim_paper/data/figure_3/spatial_deconvolution/RCTD/weak_mix_seed314159/rctd_error_boxplot.png
