[load] reference (cell): /dcs04/hicks/data/Jan/sim_project/sim_paper/data/figure_3/cellbin_batch_sigma_slide/cell/bs1.5_seed101/log_mu_-2.5_theta_0.40_jitter0.15_strongmix_bsigma15_seed101_qc.h5ad 
[reference] n_cells=24207 n_genes=556 per-type counts:
cell_types
type1 type2 type3 type4 type5 type6 type7 type8 
 3485  2560  3339  2589  3561  2566  2601  3506 
Warning message:
In check_UMI(nUMI, "Reference", require_2d = T, require_int = require_int,  :
  Reference: some nUMI values are less than min_UMI = 100, and these cells will be removed. Optionally, you may lower the min_UMI parameter.

[load] query (spot): /dcs04/hicks/data/Jan/sim_project/sim_paper/data/figure_3/cellbin_batch_sigma_slide/spot/bs0.3/packing_pf0p04_log_mu_-2.25_sigma1.0_theta_0.25_jitter0.10_strongmix_bsigma03_qc.h5ad 
[query] n_spots=10029 n_genes=556

[RCTD] create.RCTD (doublet_mode=full, max_cores=8)
Begin: process_cell_type_info
process_cell_type_info: number of cells in reference: 21824
process_cell_type_info: number of genes in reference: 556

type1 type2 type3 type4 type5 type6 type7 type8 
 3172  2328  2980  2321  3204  2328  2353  3138 
End: process_cell_type_info
create.RCTD: getting regression differentially expressed genes: 
get_de_genes: type1 found DE genes: 60
get_de_genes: type2 found DE genes: 60
get_de_genes: type3 found DE genes: 60
get_de_genes: type4 found DE genes: 59
get_de_genes: type5 found DE genes: 60
get_de_genes: type6 found DE genes: 60
get_de_genes: type7 found DE genes: 60
get_de_genes: type8 found DE genes: 60
get_de_genes: total DE genes: 479
create.RCTD: getting platform effect normalization differentially expressed genes: 
get_de_genes: type1 found DE genes: 60
get_de_genes: type2 found DE genes: 60
get_de_genes: type3 found DE genes: 60
get_de_genes: type4 found DE genes: 60
get_de_genes: type5 found DE genes: 60
get_de_genes: type6 found DE genes: 60
get_de_genes: type7 found DE genes: 60
get_de_genes: type8 found DE genes: 60
get_de_genes: total DE genes: 480
fitBulk: decomposing bulk
chooseSigma: using initial Q_mat with sigma =  1
starting worker pid=1624158 on localhost:11753 at 06:00:17.519
starting worker pid=1624221 on localhost:11753 at 06:00:17.691
starting worker pid=1624288 on localhost:11753 at 06:00:17.872
starting worker pid=1624348 on localhost:11753 at 06:00:18.048
starting worker pid=1624414 on localhost:11753 at 06:00:18.225
starting worker pid=1624491 on localhost:11753 at 06:00:18.405
starting worker pid=1624559 on localhost:11753 at 06:00:18.571
starting worker pid=1624612 on localhost:11753 at 06:00:18.760
Loading required package: spacexr
loaded spacexr and set parent environment
Loading required package: spacexr
loaded spacexr and set parent environment
Loading required package: spacexr
loaded spacexr and set parent environment
Loading required package: spacexr
loaded spacexr and set parent environment
Loading required package: spacexr
loaded spacexr and set parent environment
Loading required package: spacexr
loaded spacexr and set parent environment
Loading required package: spacexr
loaded spacexr and set parent environment
Loading required package: spacexr
loaded spacexr and set parent environment
Likelihood value: 978445.730846942
Sigma value:  0.94
starting worker pid=1631927 on localhost:11753 at 06:00:36.999
starting worker pid=1632163 on localhost:11753 at 06:00:37.188
starting worker pid=1632400 on localhost:11753 at 06:00:37.357
starting worker pid=1632624 on localhost:11753 at 06:00:37.525
starting worker pid=1632716 on localhost:11753 at 06:00:37.695
starting worker pid=1632731 on localhost:11753 at 06:00:37.865
starting worker pid=1632748 on localhost:11753 at 06:00:38.035
starting worker pid=1632763 on localhost:11753 at 06:00:38.206
Loading required package: spacexr
loaded spacexr and set parent environment
Loading required package: spacexr
loaded spacexr and set parent environment
Loading required package: spacexr
loaded spacexr and set parent environment
Loading required package: spacexr
loaded spacexr and set parent environment
Loading required package: spacexr
loaded spacexr and set parent environment
Loading required package: spacexr
loaded spacexr and set parent environment
Loading required package: spacexr
loaded spacexr and set parent environment
Loading required package: spacexr
loaded spacexr and set parent environment
Likelihood value: 977646.26809332
Sigma value:  0.92
starting worker pid=1633795 on localhost:11753 at 06:00:56.103
starting worker pid=1633826 on localhost:11753 at 06:00:56.282
starting worker pid=1633851 on localhost:11753 at 06:00:56.442
starting worker pid=1633880 on localhost:11753 at 06:00:56.615
starting worker pid=1633926 on localhost:11753 at 06:00:56.787
starting worker pid=1633992 on localhost:11753 at 06:00:56.960
starting worker pid=1634060 on localhost:11753 at 06:00:57.138
starting worker pid=1634129 on localhost:11753 at 06:00:57.311
Loading required package: spacexr
loaded spacexr and set parent environment
Loading required package: spacexr
loaded spacexr and set parent environment
Loading required package: spacexr
loaded spacexr and set parent environment
Loading required package: spacexr
loaded spacexr and set parent environment
Loading required package: spacexr
loaded spacexr and set parent environment
Loading required package: spacexr
loaded spacexr and set parent environment
Loading required package: spacexr
loaded spacexr and set parent environment
Loading required package: spacexr
loaded spacexr and set parent environment
Likelihood value: 977588.408578478
Sigma value:  0.92
starting worker pid=1636509 on localhost:11753 at 06:01:14.566
starting worker pid=1636626 on localhost:11753 at 06:01:14.742
starting worker pid=1636648 on localhost:11753 at 06:01:14.911
starting worker pid=1636665 on localhost:11753 at 06:01:15.085
starting worker pid=1636697 on localhost:11753 at 06:01:15.256
starting worker pid=1636735 on localhost:11753 at 06:01:15.428
starting worker pid=1636779 on localhost:11753 at 06:01:15.610
starting worker pid=1636794 on localhost:11753 at 06:01:15.787
Loading required package: spacexr
loaded spacexr and set parent environment
Loading required package: spacexr
loaded spacexr and set parent environment
Loading required package: spacexr
loaded spacexr and set parent environment
Loading required package: spacexr
loaded spacexr and set parent environment
Loading required package: spacexr
loaded spacexr and set parent environment
Loading required package: spacexr
loaded spacexr and set parent environment
Loading required package: spacexr
loaded spacexr and set parent environment
Loading required package: spacexr
loaded spacexr and set parent environment

[score] 9895 / 10029 spots have an RCTD estimate (rest failed QC/min-UMI inside RCTD)

=== RESULTS ===
spots scored: 9895 / 10029 
overall Pearson r (all spots x all cell types, pooled): 0.7632 
overall RMSE: 0.0936 
mean per-spot Pearson r: 0.7401 
per-cell-type Pearson r:
      cell_type pearson_r       rmse
type1     type1 0.8462280 0.08787357
type2     type2 0.8162279 0.08554606
type3     type3 0.8380816 0.09975921
type4     type4 0.7749780 0.12218297
type5     type5 0.8558910 0.07900820
type6     type6 0.8024934 0.08648348
type7     type7 0.8195903 0.07859083
type8     type8 0.8123227 0.10133993

[done] outputs written to /dcs04/hicks/data/Jan/sim_project/sim_paper/data/figure_3/spatial_deconvolution/RCTD/strong_mix_seed101 
[done] RCTD (strong domain mix, reference seed 101) -> /dcs04/hicks/data/Jan/sim_project/sim_paper/data/figure_3/spatial_deconvolution/RCTD/strong_mix_seed101
[load] 9895 spots with an RCTD estimate
[spatial zoom -> rctd_spatial_zoom.png] slice 5, cropped to x/y in [0,1200]x[0,1200]: 144 spots, 8 cell types, 1 pair(s)/row
wrote /dcs04/hicks/data/Jan/sim_project/sim_paper/data/figure_3/spatial_deconvolution/RCTD/strong_mix_seed101/rctd_spatial_zoom.png
[spatial zoom -> rctd_spatial_zoom_4x4.png] slice 5, cropped to x/y in [0,1200]x[0,1200]: 144 spots, 8 cell types, 2 pair(s)/row
wrote /dcs04/hicks/data/Jan/sim_project/sim_paper/data/figure_3/spatial_deconvolution/RCTD/strong_mix_seed101/rctd_spatial_zoom_4x4.png
[spatial zoom -> rctd_spatial_zoom_main.png] slice 5, cropped to x/y in [0,1200]x[0,1200]: 144 spots, 2 cell types, 1 pair(s)/row
wrote /dcs04/hicks/data/Jan/sim_project/sim_paper/data/figure_3/spatial_deconvolution/RCTD/strong_mix_seed101/rctd_spatial_zoom_main.png
[spatial zoom -> rctd_spatial_zoom_4types.png] slice 5, cropped to x/y in [0,1200]x[0,1200]: 144 spots, 4 cell types, 2 pair(s)/row
wrote /dcs04/hicks/data/Jan/sim_project/sim_paper/data/figure_3/spatial_deconvolution/RCTD/strong_mix_seed101/rctd_spatial_zoom_4types.png
wrote /dcs04/hicks/data/Jan/sim_project/sim_paper/data/figure_3/spatial_deconvolution/RCTD/strong_mix_seed101/rctd_error_boxplot.png
