[load] reference (cell): /dcs04/hicks/data/Jan/sim_project/sim_paper/data/figure_2/smaller_sphere/data/log_mu_-2.5_theta_0.40_jitter0.15_bsigma15/simulation_cell_z_qc.h5ad 
[reference] n_cells=24207 n_genes=556 per-type counts:
cell_types
type1 type2 type3 type4 type5 type6 type7 type8 
 3046  3093  3187  3160  3211  3053  2783  2674 
Warning message:
In check_UMI(nUMI, "Reference", require_2d = T, require_int = require_int,  :
  Reference: some nUMI values are less than min_UMI = 100, and these cells will be removed. Optionally, you may lower the min_UMI parameter.

[load] query (spot): /dcs04/hicks/data/Jan/sim_project/sim_paper/data/figure_2/smaller_sphere/data/packing_pf0p04_log_mu_-2.25_sigma1.0_theta_0.25_jitter0.10_bsigma03/simulation_spot_z_qc.h5ad 
[query] n_spots=10028 n_genes=556

[RCTD] create.RCTD (doublet_mode=full, max_cores=8)
Begin: process_cell_type_info
process_cell_type_info: number of cells in reference: 22264
process_cell_type_info: number of genes in reference: 556

type1 type2 type3 type4 type5 type6 type7 type8 
 2792  2889  2947  2883  2934  2788  2590  2441 
End: process_cell_type_info
create.RCTD: getting regression differentially expressed genes: 
get_de_genes: type1 found DE genes: 60
get_de_genes: type2 found DE genes: 60
get_de_genes: type3 found DE genes: 60
get_de_genes: type4 found DE genes: 60
get_de_genes: type5 found DE genes: 59
get_de_genes: type6 found DE genes: 60
get_de_genes: type7 found DE genes: 58
get_de_genes: type8 found DE genes: 59
get_de_genes: total DE genes: 476
create.RCTD: getting platform effect normalization differentially expressed genes: 
get_de_genes: type1 found DE genes: 60
get_de_genes: type2 found DE genes: 60
get_de_genes: type3 found DE genes: 61
get_de_genes: type4 found DE genes: 61
get_de_genes: type5 found DE genes: 59
get_de_genes: type6 found DE genes: 60
get_de_genes: type7 found DE genes: 59
get_de_genes: type8 found DE genes: 61
get_de_genes: total DE genes: 480
fitBulk: decomposing bulk
chooseSigma: using initial Q_mat with sigma =  1
starting worker pid=3327083 on localhost:11737 at 22:58:52.262
starting worker pid=3327098 on localhost:11737 at 22:58:52.539
starting worker pid=3327113 on localhost:11737 at 22:58:52.727
starting worker pid=3327128 on localhost:11737 at 22:58:52.881
starting worker pid=3327143 on localhost:11737 at 22:58:53.029
starting worker pid=3327158 on localhost:11737 at 22:58:53.193
starting worker pid=3327175 on localhost:11737 at 22:58:53.353
starting worker pid=3327190 on localhost:11737 at 22:58:53.499
Loading required package: spacexr
loaded spacexr and set parent environment
Loading required package: spacexr
loaded spacexr and set parent environment
Loading required package: spacexr
loaded spacexr and set parent environment
Loading required package: spacexr
loaded spacexr and set parent environment
Loading required package: spacexr
loaded spacexr and set parent environment
Loading required package: spacexr
loaded spacexr and set parent environment
Loading required package: spacexr
loaded spacexr and set parent environment
Loading required package: spacexr
loaded spacexr and set parent environment
Likelihood value: 994302.269763762
Sigma value:  0.92
starting worker pid=3327232 on localhost:11737 at 22:59:08.704
starting worker pid=3327247 on localhost:11737 at 22:59:08.856
starting worker pid=3327262 on localhost:11737 at 22:59:09.017
starting worker pid=3327277 on localhost:11737 at 22:59:09.177
starting worker pid=3327292 on localhost:11737 at 22:59:09.341
starting worker pid=3327307 on localhost:11737 at 22:59:09.499
starting worker pid=3327322 on localhost:11737 at 22:59:09.648
starting worker pid=3327337 on localhost:11737 at 22:59:09.797
Loading required package: spacexr
loaded spacexr and set parent environment
Loading required package: spacexr
loaded spacexr and set parent environment
Loading required package: spacexr
loaded spacexr and set parent environment
Loading required package: spacexr
loaded spacexr and set parent environment
Loading required package: spacexr
loaded spacexr and set parent environment
Loading required package: spacexr
loaded spacexr and set parent environment
Loading required package: spacexr
loaded spacexr and set parent environment
Loading required package: spacexr
loaded spacexr and set parent environment
Likelihood value: 993229.339936403
Sigma value:  0.92
starting worker pid=3327378 on localhost:11737 at 22:59:24.512
starting worker pid=3327393 on localhost:11737 at 22:59:24.655
starting worker pid=3327408 on localhost:11737 at 22:59:24.797
starting worker pid=3327423 on localhost:11737 at 22:59:24.937
starting worker pid=3327438 on localhost:11737 at 22:59:25.079
starting worker pid=3327453 on localhost:11737 at 22:59:25.570
starting worker pid=3327468 on localhost:11737 at 22:59:25.728
starting worker pid=3327483 on localhost:11737 at 22:59:25.879
Loading required package: spacexr
loaded spacexr and set parent environment
Loading required package: spacexr
loaded spacexr and set parent environment
Loading required package: spacexr
loaded spacexr and set parent environment
Loading required package: spacexr
loaded spacexr and set parent environment
Loading required package: spacexr
loaded spacexr and set parent environment
Loading required package: spacexr
loaded spacexr and set parent environment
Loading required package: spacexr
loaded spacexr and set parent environment
Loading required package: spacexr
loaded spacexr and set parent environment

[score] 9894 / 10028 spots have an RCTD estimate (rest failed QC/min-UMI inside RCTD)

=== RESULTS ===
spots scored: 9894 / 10028 
overall Pearson r (all spots x all cell types, pooled): 0.7143 
overall RMSE: 0.0835 
mean per-spot Pearson r: 0.6902 
per-cell-type Pearson r:
      cell_type pearson_r       rmse
type1     type1 0.7441360 0.08143343
type2     type2 0.7455949 0.07817312
type3     type3 0.7314727 0.08543853
type4     type4 0.7531990 0.08639174
type5     type5 0.7388679 0.08205354
type6     type6 0.7285474 0.07852200
type7     type7 0.7180240 0.08531426
type8     type8 0.7140501 0.09033028

[done] outputs written to /dcs04/hicks/data/Jan/sim_project/sim_paper/data/figure_3/spatial_deconvolution/RCTD/weak_mix 
[load] 9894 spots with an RCTD estimate
[spatial zoom -> rctd_spatial_zoom.png] slice 5, cropped to x/y in [0,1200]x[0,1200]: 144 spots, 8 cell types, 1 pair(s)/row
wrote /dcs04/hicks/data/Jan/sim_project/sim_paper/data/figure_3/spatial_deconvolution/RCTD/weak_mix/rctd_spatial_zoom.png
[spatial zoom -> rctd_spatial_zoom_4x4.png] slice 5, cropped to x/y in [0,1200]x[0,1200]: 144 spots, 8 cell types, 2 pair(s)/row
wrote /dcs04/hicks/data/Jan/sim_project/sim_paper/data/figure_3/spatial_deconvolution/RCTD/weak_mix/rctd_spatial_zoom_4x4.png
[spatial zoom -> rctd_spatial_zoom_main.png] slice 5, cropped to x/y in [0,1200]x[0,1200]: 144 spots, 2 cell types, 1 pair(s)/row
wrote /dcs04/hicks/data/Jan/sim_project/sim_paper/data/figure_3/spatial_deconvolution/RCTD/weak_mix/rctd_spatial_zoom_main.png
[spatial zoom -> rctd_spatial_zoom_4types.png] slice 5, cropped to x/y in [0,1200]x[0,1200]: 144 spots, 4 cell types, 2 pair(s)/row
wrote /dcs04/hicks/data/Jan/sim_project/sim_paper/data/figure_3/spatial_deconvolution/RCTD/weak_mix/rctd_spatial_zoom_4types.png
wrote /dcs04/hicks/data/Jan/sim_project/sim_paper/data/figure_3/spatial_deconvolution/RCTD/weak_mix/rctd_error_boxplot.png
