[load] reference (cell): /dcs04/hicks/data/Jan/sim_project/sim_paper/data/figure_2/smaller_sphere/data/log_mu_-2.5_theta_0.40_jitter0.15_bsigma15/simulation_cell_z_qc.h5ad 
[reference] n_cells=24207 n_genes=556 per-type counts:
cell_types
type1 type2 type3 type4 type5 type6 type7 type8 
 3046  3093  3187  3160  3211  3053  2783  2674 
Warning message:
In check_UMI(nUMI, "Reference", require_2d = T, require_int = require_int,  :
  Reference: some nUMI values are less than min_UMI = 100, and these cells will be removed. Optionally, you may lower the min_UMI parameter.

[load] query (spot): /dcs04/hicks/data/Jan/sim_project/sim_paper/data/figure_2/smaller_sphere/data/packing_pf0p04_log_mu_-2.25_sigma1.0_theta_0.25_jitter0.10_dsf_bsigma03/simulation_spot_z_qc.h5ad 
[query] n_spots=10026 n_genes=556

[RCTD] create.RCTD (doublet_mode=full, max_cores=8)
Begin: process_cell_type_info
process_cell_type_info: number of cells in reference: 22264
process_cell_type_info: number of genes in reference: 556

type1 type2 type3 type4 type5 type6 type7 type8 
 2792  2889  2947  2883  2934  2788  2590  2441 
End: process_cell_type_info
create.RCTD: getting regression differentially expressed genes: 
get_de_genes: type1 found DE genes: 60
get_de_genes: type2 found DE genes: 60
get_de_genes: type3 found DE genes: 60
get_de_genes: type4 found DE genes: 60
get_de_genes: type5 found DE genes: 59
get_de_genes: type6 found DE genes: 60
get_de_genes: type7 found DE genes: 58
get_de_genes: type8 found DE genes: 59
get_de_genes: total DE genes: 476
create.RCTD: getting platform effect normalization differentially expressed genes: 
get_de_genes: type1 found DE genes: 60
get_de_genes: type2 found DE genes: 60
get_de_genes: type3 found DE genes: 61
get_de_genes: type4 found DE genes: 61
get_de_genes: type5 found DE genes: 59
get_de_genes: type6 found DE genes: 60
get_de_genes: type7 found DE genes: 59
get_de_genes: type8 found DE genes: 61
get_de_genes: total DE genes: 480
fitBulk: decomposing bulk
chooseSigma: using initial Q_mat with sigma =  1
starting worker pid=2493733 on localhost:11788 at 13:42:27.438
starting worker pid=2493748 on localhost:11788 at 13:42:27.863
starting worker pid=2493763 on localhost:11788 at 13:42:27.966
starting worker pid=2493778 on localhost:11788 at 13:42:28.069
starting worker pid=2493800 on localhost:11788 at 13:42:28.171
starting worker pid=2493815 on localhost:11788 at 13:42:28.271
starting worker pid=2493830 on localhost:11788 at 13:42:28.371
starting worker pid=2493845 on localhost:11788 at 13:42:28.472
Loading required package: spacexr
loaded spacexr and set parent environment
Loading required package: spacexr
loaded spacexr and set parent environment
Loading required package: spacexr
loaded spacexr and set parent environment
Loading required package: spacexr
loaded spacexr and set parent environment
Loading required package: spacexr
loaded spacexr and set parent environment
Loading required package: spacexr
loaded spacexr and set parent environment
Loading required package: spacexr
loaded spacexr and set parent environment
Loading required package: spacexr
loaded spacexr and set parent environment
Likelihood value: 1000146.60071322
Sigma value:  0.92
starting worker pid=2493883 on localhost:11788 at 13:42:40.006
starting worker pid=2493898 on localhost:11788 at 13:42:40.115
starting worker pid=2493913 on localhost:11788 at 13:42:40.226
starting worker pid=2493928 on localhost:11788 at 13:42:40.333
starting worker pid=2493943 on localhost:11788 at 13:42:40.441
starting worker pid=2493958 on localhost:11788 at 13:42:40.547
starting worker pid=2493973 on localhost:11788 at 13:42:40.653
starting worker pid=2493988 on localhost:11788 at 13:42:40.756
Loading required package: spacexr
loaded spacexr and set parent environment
Loading required package: spacexr
loaded spacexr and set parent environment
Loading required package: spacexr
loaded spacexr and set parent environment
Loading required package: spacexr
loaded spacexr and set parent environment
Loading required package: spacexr
loaded spacexr and set parent environment
Loading required package: spacexr
loaded spacexr and set parent environment
Loading required package: spacexr
loaded spacexr and set parent environment
Loading required package: spacexr
loaded spacexr and set parent environment
Likelihood value: 998943.273121831
Sigma value:  0.9
starting worker pid=2494035 on localhost:11788 at 13:42:52.182
starting worker pid=2494050 on localhost:11788 at 13:42:52.298
starting worker pid=2494065 on localhost:11788 at 13:42:52.403
starting worker pid=2494080 on localhost:11788 at 13:42:52.506
starting worker pid=2494095 on localhost:11788 at 13:42:52.608
starting worker pid=2494110 on localhost:11788 at 13:42:52.713
starting worker pid=2494125 on localhost:11788 at 13:42:52.817
starting worker pid=2494140 on localhost:11788 at 13:42:52.926
Loading required package: spacexr
loaded spacexr and set parent environment
Loading required package: spacexr
loaded spacexr and set parent environment
Loading required package: spacexr
loaded spacexr and set parent environment
Loading required package: spacexr
loaded spacexr and set parent environment
Loading required package: spacexr
loaded spacexr and set parent environment
Loading required package: spacexr
loaded spacexr and set parent environment
Loading required package: spacexr
loaded spacexr and set parent environment
Loading required package: spacexr
loaded spacexr and set parent environment
Likelihood value: 998912.438629302
Sigma value:  0.9
starting worker pid=2494201 on localhost:11788 at 13:43:03.756
starting worker pid=2494220 on localhost:11788 at 13:43:03.861
starting worker pid=2494235 on localhost:11788 at 13:43:03.969
starting worker pid=2494250 on localhost:11788 at 13:43:04.074
starting worker pid=2494265 on localhost:11788 at 13:43:04.178
starting worker pid=2494280 on localhost:11788 at 13:43:04.282
starting worker pid=2494295 on localhost:11788 at 13:43:04.386
starting worker pid=2494310 on localhost:11788 at 13:43:04.490
Loading required package: spacexr
loaded spacexr and set parent environment
Loading required package: spacexr
loaded spacexr and set parent environment
Loading required package: spacexr
loaded spacexr and set parent environment
Loading required package: spacexr
loaded spacexr and set parent environment
Loading required package: spacexr
loaded spacexr and set parent environment
Loading required package: spacexr
loaded spacexr and set parent environment
Loading required package: spacexr
loaded spacexr and set parent environment
Loading required package: spacexr
loaded spacexr and set parent environment

[score] 9840 / 10026 spots have an RCTD estimate (rest failed QC/min-UMI inside RCTD)

=== RESULTS ===
spots scored: 9840 / 10026 
overall Pearson r (all spots x all cell types, pooled): 0.7134 
overall RMSE: 0.0841 
mean per-spot Pearson r: 0.6937 
per-cell-type Pearson r:
      cell_type pearson_r       rmse
type1     type1 0.7304926 0.08442972
type2     type2 0.7431466 0.07929062
type3     type3 0.7170167 0.08682997
type4     type4 0.7261236 0.08895707
type5     type5 0.7370271 0.08335640
type6     type6 0.7177459 0.08032486
type7     type7 0.7309854 0.08498333
type8     type8 0.7139183 0.08431999

[done] outputs written to /dcs04/hicks/data/Jan/sim_project/sim_paper/data/figure_3/spatial_deconvolution/RCTD/spot 
[load] 9840 spots with an RCTD estimate
[spatial zoom -> rctd_spatial_zoom.png] slice 5, cropped to x/y in [0,1200]x[0,1200]: 144 spots, 8 cell types, 1 pair(s)/row
wrote /dcs04/hicks/data/Jan/sim_project/sim_paper/data/figure_3/spatial_deconvolution/RCTD/spot/rctd_spatial_zoom.png
[spatial zoom -> rctd_spatial_zoom_4x4.png] slice 5, cropped to x/y in [0,1200]x[0,1200]: 144 spots, 8 cell types, 2 pair(s)/row
wrote /dcs04/hicks/data/Jan/sim_project/sim_paper/data/figure_3/spatial_deconvolution/RCTD/spot/rctd_spatial_zoom_4x4.png
[spatial zoom -> rctd_spatial_zoom_main.png] slice 5, cropped to x/y in [0,1200]x[0,1200]: 144 spots, 2 cell types, 1 pair(s)/row
wrote /dcs04/hicks/data/Jan/sim_project/sim_paper/data/figure_3/spatial_deconvolution/RCTD/spot/rctd_spatial_zoom_main.png
[spatial zoom -> rctd_spatial_zoom_4types.png] slice 5, cropped to x/y in [0,1200]x[0,1200]: 144 spots, 4 cell types, 2 pair(s)/row
wrote /dcs04/hicks/data/Jan/sim_project/sim_paper/data/figure_3/spatial_deconvolution/RCTD/spot/rctd_spatial_zoom_4types.png
wrote /dcs04/hicks/data/Jan/sim_project/sim_paper/data/figure_3/spatial_deconvolution/RCTD/spot/rctd_error_boxplot.png
