Job started: Fri Aug 14 08:44:45 PM EDT 2026
Host: compute-115.cm.cluster
Python: /dcs04/hicks/data/Jan/sim_project/sim_app/env/sim-app-tutorial/bin/python
Dataset: non_diseased_lung
Command: /dcs04/hicks/data/Jan/sim_project/sim_app/env/sim-app-tutorial/bin/python sim_paper/code/real_data_qc/pca_umap.py --dataset non_diseased_lung 
/dcs04/hicks/data/Jan/sim_project/sim_app/env/sim-app-tutorial/lib/python3.10/site-packages/louvain/__init__.py:54: UserWarning: pkg_resources is deprecated as an API. See https://setuptools.pypa.io/en/latest/pkg_resources.html. The pkg_resources package is slated for removal as early as 2025-11-30. Refrain from using this package or pin to Setuptools<81.
  from pkg_resources import get_distribution, DistributionNotFound
/dcs04/hicks/data/Jan/sim_project/sim_app/env/sim-app-tutorial/lib/python3.10/functools.py:889: UserWarning: zero-centering a sparse array/matrix densifies it.
  return dispatch(args[0].__class__)(*args, **kw)
/dcs04/hicks/data/Jan/sim_project/sim_app/env/sim-app-tutorial/lib/python3.10/site-packages/scanpy/preprocessing/_pca/__init__.py:226: FutureWarning: Argument `use_highly_variable` is deprecated, consider using the mask argument. Use_highly_variable=True can be called through mask_var="highly_variable". Use_highly_variable=False can be called through mask_var=None
  mask_var_param, mask_var = _handle_mask_var(
/dcs04/hicks/data/Jan/sim_project/sim_paper/code/real_data_qc/pca_umap.py:186: FutureWarning: In the future, the default backend for leiden will be igraph instead of leidenalg.

 To achieve the future defaults please pass: flavor="igraph" and n_iterations=2.  directed must also be False to work with igraph's implementation.
  sc.tl.leiden(adata, resolution=args.resolution, key_added="leiden", random_state=args.random_state)
[load] /dcs04/hicks/data/Jan/sim_project/sim_paper/data/real_data_qc/non_diseased_lung/non_diseased_lung_qc.h5ad
[load] AnnData shape: 295883 obs x 392 genes
[qc] Dropped 10525 low_qc obs, 285358 remaining
[pca] Normalizing, scaling, and running PCA with 30 components
[neighbors] n_neighbors=15 on X_pca
[leiden] resolution=0.5 (unsupervised coloring; no ground-truth labels here)
[umap] Computing UMAP
[save] Summary written to /dcs04/hicks/data/Jan/sim_project/sim_paper/data/real_data_qc/non_diseased_lung/non_diseased_lung_pca_umap_summary.json
[save] /dcs04/hicks/data/Jan/sim_project/sim_paper/data/real_data_qc/non_diseased_lung/non_diseased_lung_pca_umap.h5ad
Job finished: Fri Aug 14 09:33:51 PM EDT 2026
