Job started: Sat Aug 15 11:58:49 AM EDT 2026
Host: compute-151.cm.cluster
Python: /dcs04/hicks/data/Jan/sim_project/sim_app/env/sim-app-tutorial/bin/python
Dataset: human_pancreas_visium_hd
Command: /dcs04/hicks/data/Jan/sim_project/sim_app/env/sim-app-tutorial/bin/python sim_paper/code/real_data_qc/pca_umap.py --dataset human_pancreas_visium_hd 
/dcs04/hicks/data/Jan/sim_project/sim_app/env/sim-app-tutorial/lib/python3.10/site-packages/louvain/__init__.py:54: UserWarning: pkg_resources is deprecated as an API. See https://setuptools.pypa.io/en/latest/pkg_resources.html. The pkg_resources package is slated for removal as early as 2025-11-30. Refrain from using this package or pin to Setuptools<81.
  from pkg_resources import get_distribution, DistributionNotFound
[load] /dcs04/hicks/data/Jan/sim_project/sim_paper/data/real_data_qc/human_pancreas_visium_hd/human_pancreas_visium_hd_qc.h5ad
[load] AnnData shape: 1251573 obs x 18085 genes
[qc] Dropped 35344 low_qc obs, 1216229 remaining
[hvg] 18085 genes > 3000; selecting top 2000 highly variable genes
[hvg] Subset to 2000 genes
[pca] Normalizing, scaling, and running PCA with 30 components
/dcs04/hicks/data/Jan/sim_project/sim_app/env/sim-app-tutorial/lib/python3.10/site-packages/legacy_api_wrap/__init__.py:88: UserWarning: Some cells have zero counts
  return fn(*args_all, **kw)
/dcs04/hicks/data/Jan/sim_project/sim_app/env/sim-app-tutorial/lib/python3.10/functools.py:889: UserWarning: zero-centering a sparse array/matrix densifies it.
  return dispatch(args[0].__class__)(*args, **kw)
/dcs04/hicks/data/Jan/sim_project/sim_app/env/sim-app-tutorial/lib/python3.10/site-packages/scanpy/preprocessing/_pca/__init__.py:226: FutureWarning: Argument `use_highly_variable` is deprecated, consider using the mask argument. Use_highly_variable=True can be called through mask_var="highly_variable". Use_highly_variable=False can be called through mask_var=None
  mask_var_param, mask_var = _handle_mask_var(
[neighbors] n_neighbors=15 on X_pca
[leiden] resolution=0.5 (unsupervised coloring; no ground-truth labels here)
[umap] Computing UMAP
/dcs04/hicks/data/Jan/sim_project/sim_paper/code/real_data_qc/pca_umap.py:131: UserWarning: Tight layout not applied. The bottom and top margins cannot be made large enough to accommodate all Axes decorations.
  fig.tight_layout()
/dcs04/hicks/data/Jan/sim_project/sim_paper/code/real_data_qc/pca_umap.py:131: UserWarning: Tight layout not applied. The bottom and top margins cannot be made large enough to accommodate all Axes decorations.
  fig.tight_layout()
[save] Summary written to /dcs04/hicks/data/Jan/sim_project/sim_paper/data/real_data_qc/human_pancreas_visium_hd/human_pancreas_visium_hd_pca_umap_summary.json
[save] /dcs04/hicks/data/Jan/sim_project/sim_paper/data/real_data_qc/human_pancreas_visium_hd/human_pancreas_visium_hd_pca_umap.h5ad
Job finished: Sat Aug 15 01:08:01 PM EDT 2026
