{
  "method": "spider",
  "source": "/dcs04/hicks/data/Jan/sim_project/sim_paper/data/comparison_methods/overview_full_35831924",
  "truth": "contributing-cell fractions, not molecule fractions",
  "reference": "same simulated tissue as query; optimistic pilot",
  "gene_selection": "all native genes; identical ordered reference/query panel",
  "rounding": "nearest integer (numpy.rint) on separate copies; no depth normalization",
  "cell": {
    "source": "/dcs04/hicks/data/Jan/sim_project/sim_paper/data/comparison_methods/overview_full_35831924/spider/cell.h5ad",
    "source_sha256": "9fc6c92752e605e8d798b0ce344c9c397f3c9251a3fd6b6c3425de5c3bc0e217",
    "n_obs": 10000,
    "n_genes": 2000,
    "fractional_nonzero_share": 0.0,
    "rounding_absolute_change": 0.0,
    "total_before_quantiles": [
      26279.0,
      50764.75,
      58184.5,
      66982.0,
      123601.0
    ],
    "total_after_quantiles": [
      26279.0,
      50764.75,
      58184.5,
      66982.0,
      123601.0
    ],
    "detected_genes_quantiles": [
      1099.0,
      1303.0,
      1346.0,
      1387.0,
      1567.0
    ]
  },
  "spot": {
    "source": "/dcs04/hicks/data/Jan/sim_project/sim_paper/data/comparison_methods/overview_full_35831924/spider/spot.h5ad",
    "source_sha256": "567c2f4fb212fafa9160d25e82579356864b5195203cdca957abafbc00e23b37",
    "n_obs": 360,
    "n_genes": 2000,
    "fractional_nonzero_share": 0.0,
    "rounding_absolute_change": 0.0,
    "total_before_quantiles": [
      53455.0,
      295733.0,
      387473.5,
      499813.75,
      1019155.0
    ],
    "total_after_quantiles": [
      53455.0,
      295733.0,
      387473.5,
      499813.75,
      1019155.0
    ],
    "detected_genes_quantiles": [
      1317.0,
      1742.75,
      1782.0,
      1810.0,
      1875.0
    ],
    "excluded_empty_or_zero_expression": 0
  }
}
[load] reference (cell): /dcs04/hicks/data/Jan/sim_project/sim_paper/data/comparison_methods/spatial_deconvolution/pilot_spider_35973289/inputs/cell.h5ad 
[reference] n_cells=10000 n_genes=2000 per-type counts:
cell_types
type1 type2 type3 type4 type5 type6 type7 type8 
 1250  1250  1250  1250  1250  1250  1250  1250 

[load] query (spot): /dcs04/hicks/data/Jan/sim_project/sim_paper/data/comparison_methods/spatial_deconvolution/pilot_spider_35973289/inputs/spot.h5ad 
[query] n_spots=360 n_genes=2000

[RCTD] create.RCTD (doublet_mode=full, max_cores=8)
Begin: process_cell_type_info
process_cell_type_info: number of cells in reference: 10000
process_cell_type_info: number of genes in reference: 2000

type1 type2 type3 type4 type5 type6 type7 type8 
 1250  1250  1250  1250  1250  1250  1250  1250 
End: process_cell_type_info
create.RCTD: getting regression differentially expressed genes: 
get_de_genes: type1 found DE genes: 29
get_de_genes: type2 found DE genes: 24
get_de_genes: type3 found DE genes: 30
get_de_genes: type4 found DE genes: 24
get_de_genes: type5 found DE genes: 26
get_de_genes: type6 found DE genes: 26
get_de_genes: type7 found DE genes: 31
get_de_genes: type8 found DE genes: 16
get_de_genes: total DE genes: 202
create.RCTD: getting platform effect normalization differentially expressed genes: 
get_de_genes: type1 found DE genes: 50
get_de_genes: type2 found DE genes: 47
get_de_genes: type3 found DE genes: 53
get_de_genes: type4 found DE genes: 52
get_de_genes: type5 found DE genes: 53
get_de_genes: type6 found DE genes: 51
get_de_genes: type7 found DE genes: 50
get_de_genes: type8 found DE genes: 34
get_de_genes: total DE genes: 364
fitBulk: decomposing bulk
chooseSigma: using initial Q_mat with sigma =  1
starting worker pid=2275949 on localhost:11500 at 22:24:38.415
starting worker pid=2275964 on localhost:11500 at 22:24:38.943
starting worker pid=2275980 on localhost:11500 at 22:24:39.243
starting worker pid=2275995 on localhost:11500 at 22:24:39.557
starting worker pid=2276010 on localhost:11500 at 22:24:39.852
starting worker pid=2276030 on localhost:11500 at 22:24:40.172
starting worker pid=2276045 on localhost:11500 at 22:24:40.467
starting worker pid=2276060 on localhost:11500 at 22:24:40.765
Loading required package: spacexr
loaded spacexr and set parent environment
Loading required package: spacexr
loaded spacexr and set parent environment
Loading required package: spacexr
loaded spacexr and set parent environment
Loading required package: spacexr
loaded spacexr and set parent environment
Loading required package: spacexr
loaded spacexr and set parent environment
Loading required package: spacexr
loaded spacexr and set parent environment
Loading required package: spacexr
loaded spacexr and set parent environment
Loading required package: spacexr
loaded spacexr and set parent environment
Likelihood value: 418504.622445784
Sigma value:  0.84
starting worker pid=2276176 on localhost:11500 at 22:24:56.007
starting worker pid=2276191 on localhost:11500 at 22:24:56.318
starting worker pid=2276206 on localhost:11500 at 22:24:56.620
starting worker pid=2276226 on localhost:11500 at 22:24:56.942
starting worker pid=2276249 on localhost:11500 at 22:24:57.234
starting worker pid=2276264 on localhost:11500 at 22:24:57.557
starting worker pid=2276292 on localhost:11500 at 22:24:57.851
starting worker pid=2276307 on localhost:11500 at 22:24:58.154
Loading required package: spacexr
loaded spacexr and set parent environment
Loading required package: spacexr
loaded spacexr and set parent environment
Loading required package: spacexr
loaded spacexr and set parent environment
Loading required package: spacexr
loaded spacexr and set parent environment
Loading required package: spacexr
loaded spacexr and set parent environment
Loading required package: spacexr
loaded spacexr and set parent environment
Loading required package: spacexr
loaded spacexr and set parent environment
Loading required package: spacexr
loaded spacexr and set parent environment
Likelihood value: 407439.053018574
Sigma value:  0.69
starting worker pid=2276833 on localhost:11500 at 22:25:12.786
starting worker pid=2276867 on localhost:11500 at 22:25:13.083
starting worker pid=2276933 on localhost:11500 at 22:25:13.384
starting worker pid=2277006 on localhost:11500 at 22:25:13.691
starting worker pid=2277081 on localhost:11500 at 22:25:13.992
starting worker pid=2277161 on localhost:11500 at 22:25:14.298
starting worker pid=2277248 on localhost:11500 at 22:25:14.607
starting worker pid=2277289 on localhost:11500 at 22:25:14.899
Loading required package: spacexr
loaded spacexr and set parent environment
Loading required package: spacexr
loaded spacexr and set parent environment
Loading required package: spacexr
loaded spacexr and set parent environment
Loading required package: spacexr
loaded spacexr and set parent environment
Loading required package: spacexr
loaded spacexr and set parent environment
Loading required package: spacexr
loaded spacexr and set parent environment
Loading required package: spacexr
loaded spacexr and set parent environment
Loading required package: spacexr
loaded spacexr and set parent environment
Likelihood value: 395668.122880362
Sigma value:  0.61
starting worker pid=2277331 on localhost:11500 at 22:25:29.742
starting worker pid=2277346 on localhost:11500 at 22:25:30.036
starting worker pid=2277361 on localhost:11500 at 22:25:30.323
starting worker pid=2277376 on localhost:11500 at 22:25:30.618
starting worker pid=2277391 on localhost:11500 at 22:25:30.905
starting worker pid=2277406 on localhost:11500 at 22:25:31.197
starting worker pid=2277421 on localhost:11500 at 22:25:31.498
starting worker pid=2277436 on localhost:11500 at 22:25:31.799
Loading required package: spacexr
loaded spacexr and set parent environment
Loading required package: spacexr
loaded spacexr and set parent environment
Loading required package: spacexr
loaded spacexr and set parent environment
Loading required package: spacexr
loaded spacexr and set parent environment
Loading required package: spacexr
loaded spacexr and set parent environment
Loading required package: spacexr
loaded spacexr and set parent environment
Loading required package: spacexr
loaded spacexr and set parent environment
Loading required package: spacexr
loaded spacexr and set parent environment
Likelihood value: 388803.214138246
Sigma value:  0.53
starting worker pid=2277478 on localhost:11500 at 22:25:46.247
starting worker pid=2277493 on localhost:11500 at 22:25:46.534
starting worker pid=2277508 on localhost:11500 at 22:25:46.835
starting worker pid=2277526 on localhost:11500 at 22:25:47.136
starting worker pid=2277541 on localhost:11500 at 22:25:47.430
starting worker pid=2277556 on localhost:11500 at 22:25:47.738
starting worker pid=2277571 on localhost:11500 at 22:25:48.049
starting worker pid=2277586 on localhost:11500 at 22:25:48.349
Loading required package: spacexr
loaded spacexr and set parent environment
Loading required package: spacexr
loaded spacexr and set parent environment
Loading required package: spacexr
loaded spacexr and set parent environment
Loading required package: spacexr
loaded spacexr and set parent environment
Loading required package: spacexr
loaded spacexr and set parent environment
Loading required package: spacexr
loaded spacexr and set parent environment
Loading required package: spacexr
loaded spacexr and set parent environment
Loading required package: spacexr
loaded spacexr and set parent environment
Likelihood value: 381588.68057107
Sigma value:  0.45
starting worker pid=2277629 on localhost:11500 at 22:26:02.776
starting worker pid=2277644 on localhost:11500 at 22:26:03.077
starting worker pid=2277659 on localhost:11500 at 22:26:03.377
starting worker pid=2277674 on localhost:11500 at 22:26:03.678
starting worker pid=2277689 on localhost:11500 at 22:26:03.978
starting worker pid=2277705 on localhost:11500 at 22:26:04.289
starting worker pid=2277721 on localhost:11500 at 22:26:04.598
starting worker pid=2277736 on localhost:11500 at 22:26:04.898
Loading required package: spacexr
loaded spacexr and set parent environment
Loading required package: spacexr
loaded spacexr and set parent environment
Loading required package: spacexr
loaded spacexr and set parent environment
Loading required package: spacexr
loaded spacexr and set parent environment
Loading required package: spacexr
loaded spacexr and set parent environment
Loading required package: spacexr
loaded spacexr and set parent environment
Loading required package: spacexr
loaded spacexr and set parent environment
Loading required package: spacexr
loaded spacexr and set parent environment
Likelihood value: 374233.99933606
Sigma value:  0.37
starting worker pid=2277778 on localhost:11500 at 22:26:19.383
starting worker pid=2277793 on localhost:11500 at 22:26:19.671
starting worker pid=2277808 on localhost:11500 at 22:26:19.956
starting worker pid=2277823 on localhost:11500 at 22:26:20.252
starting worker pid=2277839 on localhost:11500 at 22:26:20.558
starting worker pid=2277854 on localhost:11500 at 22:26:20.857
starting worker pid=2277869 on localhost:11500 at 22:26:21.155
starting worker pid=2277886 on localhost:11500 at 22:26:21.449
Loading required package: spacexr
loaded spacexr and set parent environment
Loading required package: spacexr
loaded spacexr and set parent environment
Loading required package: spacexr
loaded spacexr and set parent environment
Loading required package: spacexr
loaded spacexr and set parent environment
Loading required package: spacexr
loaded spacexr and set parent environment
Loading required package: spacexr
loaded spacexr and set parent environment
Loading required package: spacexr
loaded spacexr and set parent environment
Loading required package: spacexr
loaded spacexr and set parent environment
Likelihood value: 367347.681821071
Sigma value:  0.29
starting worker pid=2277924 on localhost:11500 at 22:26:36.025
starting worker pid=2277939 on localhost:11500 at 22:26:36.330
starting worker pid=2277954 on localhost:11500 at 22:26:36.646
starting worker pid=2277969 on localhost:11500 at 22:26:36.940
starting worker pid=2277985 on localhost:11500 at 22:26:37.230
starting worker pid=2278000 on localhost:11500 at 22:26:37.546
starting worker pid=2278016 on localhost:11500 at 22:26:37.848
starting worker pid=2278031 on localhost:11500 at 22:26:38.151
Loading required package: spacexr
loaded spacexr and set parent environment
Loading required package: spacexr
loaded spacexr and set parent environment
Loading required package: spacexr
loaded spacexr and set parent environment
Loading required package: spacexr
loaded spacexr and set parent environment
Loading required package: spacexr
loaded spacexr and set parent environment
Loading required package: spacexr
loaded spacexr and set parent environment
Loading required package: spacexr
loaded spacexr and set parent environment
Loading required package: spacexr
loaded spacexr and set parent environment
Likelihood value: 362740.688750959
Sigma value:  0.25
starting worker pid=2278074 on localhost:11500 at 22:26:52.707
starting worker pid=2278089 on localhost:11500 at 22:26:53.023
starting worker pid=2278104 on localhost:11500 at 22:26:53.322
starting worker pid=2278119 on localhost:11500 at 22:26:53.632
starting worker pid=2278134 on localhost:11500 at 22:26:53.938
starting worker pid=2278150 on localhost:11500 at 22:26:54.238
starting worker pid=2278166 on localhost:11500 at 22:26:54.547
starting worker pid=2278181 on localhost:11500 at 22:26:54.842
Loading required package: spacexr
loaded spacexr and set parent environment
Loading required package: spacexr
loaded spacexr and set parent environment
Loading required package: spacexr
loaded spacexr and set parent environment
Loading required package: spacexr
loaded spacexr and set parent environment
Loading required package: spacexr
loaded spacexr and set parent environment
Loading required package: spacexr
loaded spacexr and set parent environment
Loading required package: spacexr
loaded spacexr and set parent environment
Loading required package: spacexr
loaded spacexr and set parent environment

[score] 360 / 360 spots have an RCTD estimate (rest failed QC/min-UMI inside RCTD)

=== RESULTS ===
spots scored: 360 / 360 
overall Pearson r (all spots x all cell types, pooled): 0.9234 
overall RMSE: 0.0811 
mean per-spot Pearson r: 0.9017 
per-cell-type Pearson r:
      cell_type pearson_r       rmse
type1     type1 0.9769792 0.05618645
type2     type2 0.9795550 0.06802252
type3     type3 0.9771454 0.05113381
type4     type4 0.9802023 0.04287211
type5     type5 0.9829596 0.04164038
type6     type6 0.9762951 0.06521349
type7     type7 0.9794590 0.05918341
type8     type8 0.7896812 0.17569356

[done] outputs written to /dcs04/hicks/data/Jan/sim_project/sim_paper/data/comparison_methods/spatial_deconvolution/pilot_spider_35973289/results 
Completed spider: /dcs04/hicks/data/Jan/sim_project/sim_paper/data/comparison_methods/spatial_deconvolution/pilot_spider_35973289
