[load] our_method: /dcs04/hicks/data/Jan/sim_project/sim_paper/data/comparison_methods/figure_5A_600k/albis/cell.h5ad
[load] our_method shape before slice restriction: 600000 x 556
[load] our_method restricted to slice_id=8: 45276 x 556
[qc] our_method: dropped 0/45276 off-tissue/empty rows
[load] splatter_spider: /dcs04/hicks/data/Jan/sim_project/sim_paper/data/comparison_methods/figure_5A_600k/spider/cell.h5ad
[load] splatter_spider shape before slice restriction: 600000 x 2000
[load] splatter_spider restricted to slice_id=8: 59991 x 2000
[qc] splatter_spider: dropped 0/59991 off-tissue/empty rows
[load] splatter_sccube: /dcs04/hicks/data/Jan/sim_project/sim_paper/data/comparison_methods/figure_5A_600k/sccube/cell.h5ad
[load] splatter_sccube shape before slice restriction: 600000 x 2000
[load] splatter_sccube restricted to slice_id=8: 59991 x 2000
[qc] splatter_sccube: dropped 0/59991 off-tissue/empty rows
[hvg-match] our_method: already at/below target (556 <= 556), unchanged
[hvg-match] splatter_spider: 2000 -> 556 genes (target 556)
[hvg-match] splatter_sccube: 2000 -> 556 genes (target 556)
[load] our_method: /dcs04/hicks/data/Jan/sim_project/sim_paper/data/comparison_methods/figure_5A_600k/albis/bin.h5ad
[load] our_method shape before slice restriction: 1656490 x 556
[load] our_method restricted to slice_id=8: 165649 x 556
[qc] our_method: dropped 135225/165649 off-tissue/empty rows
[load] splatter_spider: /dcs04/hicks/data/Jan/sim_project/sim_paper/data/comparison_methods/figure_5A_600k/spider/bin.h5ad
[load] splatter_spider shape before slice restriction: 660490 x 2000
[load] splatter_spider restricted to slice_id=8: 66049 x 2000
[qc] splatter_spider: dropped 26828/66049 off-tissue/empty rows
[hvg-match] our_method: already at/below target (556 <= 556), unchanged
[hvg-match] splatter_spider: 2000 -> 556 genes (target 556)
/dcs04/hicks/data/Jan/sim_project/comparison_methods/env/analysis/lib/python3.11/site-packages/legacy_api_wrap/__init__.py:88: UserWarning: Some cells have zero counts
  return fn(*args_all, **kw)
[load] our_method: /dcs04/hicks/data/Jan/sim_project/sim_paper/data/comparison_methods/figure_5A_600k/albis/spot.h5ad
[load] our_method shape before slice restriction: 43560 x 556
[load] our_method restricted to slice_id=8: 4356 x 556
[qc] our_method: dropped 3530/4356 off-tissue/empty rows
[load] splatter_spider: /dcs04/hicks/data/Jan/sim_project/sim_paper/data/comparison_methods/figure_5A_600k/spider/spot.h5ad
[load] splatter_spider shape before slice restriction: 16810 x 2000
[load] splatter_spider restricted to slice_id=8: 1681 x 2000
[qc] splatter_spider: dropped 1/1681 off-tissue/empty rows
[hvg-match] our_method: already at/below target (556 <= 556), unchanged
[hvg-match] splatter_spider: 2000 -> 556 genes (target 556)
/dcs04/hicks/data/Jan/sim_project/comparison_methods/env/analysis/lib/python3.11/site-packages/legacy_api_wrap/__init__.py:88: UserWarning: Some cells have zero counts
  return fn(*args_all, **kw)
Finished slice 8
