[load] our_method: /dcs04/hicks/data/Jan/sim_project/sim_paper/data/figure_2/smaller_sphere/data/log_mu_-2.5_theta_0.40_jitter0.15_bsigma15/simulation_cell_z_qc.h5ad
[load] our_method shape before slice restriction: 24207 x 556
[load] our_method restricted to slice_id=9: 624 x 556
[qc] our_method: dropped 0/624 off-tissue/empty rows
[load] splatter_spider: /dcs04/hicks/data/Jan/sim_project/sim_paper/data/comparison_methods/figure_5A_600k/spider/cell.h5ad
[load] splatter_spider shape before slice restriction: 600000 x 2000
[load] splatter_spider restricted to slice_id=9: 59833 x 2000
[qc] splatter_spider: dropped 0/59833 off-tissue/empty rows
[load] splatter_sccube: /dcs04/hicks/data/Jan/sim_project/sim_paper/data/comparison_methods/figure_5A_600k/sccube/cell.h5ad
[load] splatter_sccube shape before slice restriction: 600000 x 2000
[load] splatter_sccube restricted to slice_id=9: 59833 x 2000
[qc] splatter_sccube: dropped 0/59833 off-tissue/empty rows
[hvg-match] our_method: already at/below target (556 <= 556), unchanged
[hvg-match] splatter_spider: 2000 -> 556 genes (target 556)
[hvg-match] splatter_sccube: 2000 -> 556 genes (target 556)
[load] our_method: /dcs04/hicks/data/Jan/sim_project/sim_paper/data/figure_2/smaller_sphere/data/packing_pf0p04_bin16um_log_mu_-2.5_jitter0.6_bsigma07/simulation_bin_z_qc.h5ad
[load] our_method shape before slice restriction: 365995 x 556
[load] our_method restricted to slice_id=9: 14539 x 556
[qc] our_method: dropped 0/14539 off-tissue/empty rows
[load] splatter_spider: /dcs04/hicks/data/Jan/sim_project/sim_paper/data/comparison_methods/figure_5A_600k/spider/bin.h5ad
[load] splatter_spider shape before slice restriction: 660490 x 2000
[load] splatter_spider restricted to slice_id=9: 66049 x 2000
[qc] splatter_spider: dropped 26727/66049 off-tissue/empty rows
[hvg-match] our_method: already at/below target (556 <= 556), unchanged
[hvg-match] splatter_spider: 2000 -> 556 genes (target 556)
[load] our_method: /dcs04/hicks/data/Jan/sim_project/sim_paper/data/figure_2/smaller_sphere/data/packing_pf0p04_log_mu_-2.25_sigma1.0_theta_0.25_jitter0.10_bsigma03/simulation_spot_z_qc.h5ad
[load] our_method shape before slice restriction: 10028 x 556
[load] our_method restricted to slice_id=9: 456 x 556
[qc] our_method: dropped 0/456 off-tissue/empty rows
[load] splatter_spider: /dcs04/hicks/data/Jan/sim_project/sim_paper/data/comparison_methods/figure_5A_600k/spider/spot.h5ad
[load] splatter_spider shape before slice restriction: 16810 x 2000
[load] splatter_spider restricted to slice_id=9: 1681 x 2000
[qc] splatter_spider: dropped 0/1681 off-tissue/empty rows
[hvg-match] our_method: already at/below target (556 <= 556), unchanged
[hvg-match] splatter_spider: 2000 -> 556 genes (target 556)
Finished slice 9
