[load] our_method: /dcs04/hicks/data/Jan/sim_project/sim_paper/data/comparison_methods/figure_5A_600k/albis/cell.h5ad
[load] our_method shape before slice restriction: 600000 x 556
[load] our_method restricted to slice_id=4: 88901 x 556
[qc] our_method: dropped 0/88901 off-tissue/empty rows
[load] splatter_spider: /dcs04/hicks/data/Jan/sim_project/sim_paper/data/comparison_methods/figure_5A_600k/spider/cell.h5ad
[load] splatter_spider shape before slice restriction: 600000 x 2000
[load] splatter_spider restricted to slice_id=4: 59699 x 2000
[qc] splatter_spider: dropped 0/59699 off-tissue/empty rows
[load] splatter_sccube: /dcs04/hicks/data/Jan/sim_project/sim_paper/data/comparison_methods/figure_5A_600k/sccube/cell.h5ad
[load] splatter_sccube shape before slice restriction: 600000 x 2000
[load] splatter_sccube restricted to slice_id=4: 59699 x 2000
[qc] splatter_sccube: dropped 0/59699 off-tissue/empty rows
[load] our_method: /dcs04/hicks/data/Jan/sim_project/sim_paper/data/comparison_methods/figure_5A_600k/albis/bin.h5ad
[load] our_method shape before slice restriction: 1656490 x 556
[load] our_method restricted to slice_id=4: 165649 x 556
[qc] our_method: dropped 114485/165649 off-tissue/empty rows
/dcs04/hicks/data/Jan/sim_project/comparison_methods/env/analysis/lib/python3.11/site-packages/legacy_api_wrap/__init__.py:88: UserWarning: Some cells have zero counts
  return fn(*args_all, **kw)
[load] splatter_spider: /dcs04/hicks/data/Jan/sim_project/sim_paper/data/comparison_methods/figure_5A_600k/spider/bin.h5ad
[load] splatter_spider shape before slice restriction: 660490 x 2000
[load] splatter_spider restricted to slice_id=4: 66049 x 2000
[qc] splatter_spider: dropped 26740/66049 off-tissue/empty rows
[load] our_method: /dcs04/hicks/data/Jan/sim_project/sim_paper/data/comparison_methods/figure_5A_600k/albis/spot.h5ad
[load] our_method shape before slice restriction: 43560 x 556
[load] our_method restricted to slice_id=4: 4356 x 556
[qc] our_method: dropped 3007/4356 off-tissue/empty rows
[load] splatter_spider: /dcs04/hicks/data/Jan/sim_project/sim_paper/data/comparison_methods/figure_5A_600k/spider/spot.h5ad
[load] splatter_spider shape before slice restriction: 16810 x 2000
[load] splatter_spider restricted to slice_id=4: 1681 x 2000
[qc] splatter_spider: dropped 0/1681 off-tissue/empty rows
Saved /dcs04/hicks/data/Jan/sim_project/sim_paper/data/comparison_methods/figure_5B/cell/distribution_comparison/log_normalized_expression_compare.png
Saved /dcs04/hicks/data/Jan/sim_project/sim_paper/data/comparison_methods/figure_5B/cell/distribution_comparison_qc_hvg/log_normalized_expression_compare.png
Saved /dcs04/hicks/data/Jan/sim_project/sim_paper/data/comparison_methods/figure_5B/bin/distribution_comparison/log_normalized_expression_compare.png
Saved /dcs04/hicks/data/Jan/sim_project/sim_paper/data/comparison_methods/figure_5B/bin/distribution_comparison_qc_hvg/log_normalized_expression_compare.png
Saved /dcs04/hicks/data/Jan/sim_project/sim_paper/data/comparison_methods/figure_5B/spot/distribution_comparison/log_normalized_expression_compare.png
Saved /dcs04/hicks/data/Jan/sim_project/sim_paper/data/comparison_methods/figure_5B/spot/distribution_comparison_qc_hvg/log_normalized_expression_compare.png
