{
  "method": "sccube",
  "source": "/dcs04/hicks/data/Jan/sim_project/sim_paper/data/comparison_methods/overview_full_35831924",
  "truth": "contributing-cell fractions, not molecule fractions",
  "reference": "same simulated tissue as query; optimistic pilot",
  "gene_selection": "uniform random native-gene subset; identical reference/query panel",
  "rounding": "nearest integer (numpy.rint) on separate copies; no depth normalization",
  "gene_seed": 20260926,
  "selected_genes": [
    "Gene1003",
    "Gene1007",
    "Gene101",
    "Gene1010",
    "Gene1012",
    "Gene1013",
    "Gene1017",
    "Gene1018",
    "Gene102",
    "Gene1021",
    "Gene103",
    "Gene1031",
    "Gene1033",
    "Gene1035",
    "Gene1037",
    "Gene1040",
    "Gene1046",
    "Gene1052",
    "Gene1055",
    "Gene1059",
    "Gene1062",
    "Gene1073",
    "Gene1078",
    "Gene108",
    "Gene1080",
    "Gene1085",
    "Gene1089",
    "Gene109",
    "Gene1096",
    "Gene1098",
    "Gene11",
    "Gene1107",
    "Gene1110",
    "Gene1112",
    "Gene1113",
    "Gene1115",
    "Gene1116",
    "Gene1119",
    "Gene1123",
    "Gene1124",
    "Gene1129",
    "Gene1130",
    "Gene1135",
    "Gene1139",
    "Gene1145",
    "Gene115",
    "Gene1152",
    "Gene1153",
    "Gene1156",
    "Gene1158",
    "Gene1165",
    "Gene1167",
    "Gene117",
    "Gene1171",
    "Gene1175",
    "Gene118",
    "Gene1183",
    "Gene1186",
    "Gene1188",
    "Gene1191",
    "Gene1192",
    "Gene1195",
    "Gene1197",
    "Gene1198",
    "Gene12",
    "Gene120",
    "Gene1210",
    "Gene1213",
    "Gene1216",
    "Gene1223",
    "Gene1227",
    "Gene123",
    "Gene1231",
    "Gene1235",
    "Gene1236",
    "Gene1238",
    "Gene1245",
    "Gene1246",
    "Gene1247",
    "Gene1250",
    "Gene1252",
    "Gene1259",
    "Gene1261",
    "Gene1263",
    "Gene1264",
    "Gene1265",
    "Gene1267",
    "Gene1270",
    "Gene1271",
    "Gene1273",
    "Gene1274",
    "Gene1278",
    "Gene1280",
    "Gene1288",
    "Gene1290",
    "Gene1293",
    "Gene1295",
    "Gene1304",
    "Gene1309",
    "Gene131",
    "Gene1311",
    "Gene1313",
    "Gene1316",
    "Gene1329",
    "Gene133",
    "Gene1337",
    "Gene134",
    "Gene1340",
    "Gene1341",
    "Gene1342",
    "Gene1347",
    "Gene1348",
    "Gene1357",
    "Gene1360",
    "Gene1361",
    "Gene1363",
    "Gene1369",
    "Gene1372",
    "Gene138",
    "Gene1384",
    "Gene1385",
    "Gene1388",
    "Gene139",
    "Gene1393",
    "Gene1403",
    "Gene1404",
    "Gene1406",
    "Gene1409",
    "Gene1420",
    "Gene1425",
    "Gene1428",
    "Gene1430",
    "Gene1433",
    "Gene144",
    "Gene1440",
    "Gene1442",
    "Gene1446",
    "Gene1455",
    "Gene1458",
    "Gene1460",
    "Gene1461",
    "Gene1467",
    "Gene1475",
    "Gene1480",
    "Gene1481",
    "Gene1483",
    "Gene1484",
    "Gene1485",
    "Gene1488",
    "Gene1489",
    "Gene1493",
    "Gene1494",
    "Gene1495",
    "Gene1497",
    "Gene1501",
    "Gene1502",
    "Gene1503",
    "Gene1511",
    "Gene1519",
    "Gene1520",
    "Gene1523",
    "Gene1525",
    "Gene1526",
    "Gene1529",
    "Gene153",
    "Gene1533",
    "Gene1535",
    "Gene154",
    "Gene1540",
    "Gene1542",
    "Gene1548",
    "Gene155",
    "Gene1551",
    "Gene1553",
    "Gene1555",
    "Gene1559",
    "Gene1560",
    "Gene157",
    "Gene158",
    "Gene1585",
    "Gene1587",
    "Gene1589",
    "Gene159",
    "Gene1590",
    "Gene1594",
    "Gene16",
    "Gene160",
    "Gene1603",
    "Gene1612",
    "Gene1613",
    "Gene1616",
    "Gene1618",
    "Gene162",
    "Gene1621",
    "Gene1629",
    "Gene1634",
    "Gene1636",
    "Gene1638",
    "Gene1641",
    "Gene1643",
    "Gene1647",
    "Gene165",
    "Gene1652",
    "Gene1654",
    "Gene1655",
    "Gene1656",
    "Gene1657",
    "Gene1664",
    "Gene1669",
    "Gene1670",
    "Gene1671",
    "Gene1673",
    "Gene1683",
    "Gene1684",
    "Gene1687",
    "Gene1689",
    "Gene1690",
    "Gene1693",
    "Gene1696",
    "Gene1697",
    "Gene1698",
    "Gene1700",
    "Gene1704",
    "Gene1705",
    "Gene1709",
    "Gene1719",
    "Gene1722",
    "Gene1723",
    "Gene1725",
    "Gene1726",
    "Gene1729",
    "Gene173",
    "Gene1732",
    "Gene1737",
    "Gene1738",
    "Gene1739",
    "Gene1745",
    "Gene1747",
    "Gene1750",
    "Gene1753",
    "Gene1754",
    "Gene1757",
    "Gene1758",
    "Gene1762",
    "Gene1765",
    "Gene177",
    "Gene1771",
    "Gene1773",
    "Gene1777",
    "Gene178",
    "Gene1783",
    "Gene1785",
    "Gene1790",
    "Gene1791",
    "Gene1792",
    "Gene1795",
    "Gene1799",
    "Gene1803",
    "Gene1804",
    "Gene1807",
    "Gene1809",
    "Gene1811",
    "Gene1823",
    "Gene1824",
    "Gene1830",
    "Gene1831",
    "Gene1836",
    "Gene1842",
    "Gene1844",
    "Gene1849",
    "Gene1852",
    "Gene1853",
    "Gene1856",
    "Gene1865",
    "Gene1869",
    "Gene1871",
    "Gene1877",
    "Gene1879",
    "Gene188",
    "Gene1880",
    "Gene1885",
    "Gene1889",
    "Gene189",
    "Gene1895",
    "Gene1899",
    "Gene19",
    "Gene1902",
    "Gene1904",
    "Gene1906",
    "Gene1912",
    "Gene1914",
    "Gene1916",
    "Gene1918",
    "Gene1921",
    "Gene1933",
    "Gene1934",
    "Gene1938",
    "Gene1943",
    "Gene1947",
    "Gene1948",
    "Gene1949",
    "Gene195",
    "Gene1950",
    "Gene1954",
    "Gene1964",
    "Gene1965",
    "Gene1969",
    "Gene1970",
    "Gene1971",
    "Gene1975",
    "Gene1978",
    "Gene198",
    "Gene1988",
    "Gene1990",
    "Gene1991",
    "Gene1992",
    "Gene2",
    "Gene200",
    "Gene202",
    "Gene205",
    "Gene206",
    "Gene214",
    "Gene215",
    "Gene216",
    "Gene222",
    "Gene223",
    "Gene229",
    "Gene233",
    "Gene235",
    "Gene236",
    "Gene239",
    "Gene244",
    "Gene246",
    "Gene251",
    "Gene253",
    "Gene256",
    "Gene258",
    "Gene259",
    "Gene260",
    "Gene264",
    "Gene268",
    "Gene270",
    "Gene274",
    "Gene277",
    "Gene280",
    "Gene281",
    "Gene285",
    "Gene286",
    "Gene287",
    "Gene289",
    "Gene29",
    "Gene290",
    "Gene291",
    "Gene296",
    "Gene30",
    "Gene306",
    "Gene311",
    "Gene317",
    "Gene322",
    "Gene323",
    "Gene328",
    "Gene329",
    "Gene331",
    "Gene332",
    "Gene333",
    "Gene335",
    "Gene336",
    "Gene345",
    "Gene348",
    "Gene356",
    "Gene360",
    "Gene362",
    "Gene364",
    "Gene366",
    "Gene370",
    "Gene371",
    "Gene375",
    "Gene377",
    "Gene382",
    "Gene392",
    "Gene399",
    "Gene400",
    "Gene403",
    "Gene405",
    "Gene406",
    "Gene410",
    "Gene411",
    "Gene416",
    "Gene418",
    "Gene419",
    "Gene420",
    "Gene421",
    "Gene426",
    "Gene432",
    "Gene433",
    "Gene434",
    "Gene439",
    "Gene44",
    "Gene448",
    "Gene45",
    "Gene450",
    "Gene451",
    "Gene452",
    "Gene455",
    "Gene456",
    "Gene46",
    "Gene465",
    "Gene469",
    "Gene47",
    "Gene475",
    "Gene477",
    "Gene481",
    "Gene488",
    "Gene494",
    "Gene499",
    "Gene5",
    "Gene50",
    "Gene502",
    "Gene512",
    "Gene524",
    "Gene525",
    "Gene529",
    "Gene530",
    "Gene531",
    "Gene535",
    "Gene545",
    "Gene55",
    "Gene550",
    "Gene553",
    "Gene560",
    "Gene563",
    "Gene567",
    "Gene57",
    "Gene583",
    "Gene598",
    "Gene599",
    "Gene6",
    "Gene60",
    "Gene605",
    "Gene608",
    "Gene609",
    "Gene613",
    "Gene616",
    "Gene618",
    "Gene619",
    "Gene62",
    "Gene620",
    "Gene621",
    "Gene627",
    "Gene632",
    "Gene639",
    "Gene641",
    "Gene650",
    "Gene654",
    "Gene655",
    "Gene658",
    "Gene659",
    "Gene660",
    "Gene662",
    "Gene665",
    "Gene669",
    "Gene671",
    "Gene672",
    "Gene676",
    "Gene688",
    "Gene69",
    "Gene691",
    "Gene698",
    "Gene699",
    "Gene7",
    "Gene70",
    "Gene706",
    "Gene714",
    "Gene716",
    "Gene718",
    "Gene72",
    "Gene735",
    "Gene739",
    "Gene741",
    "Gene744",
    "Gene745",
    "Gene747",
    "Gene75",
    "Gene752",
    "Gene755",
    "Gene759",
    "Gene763",
    "Gene770",
    "Gene772",
    "Gene773",
    "Gene784",
    "Gene785",
    "Gene788",
    "Gene789",
    "Gene793",
    "Gene8",
    "Gene800",
    "Gene801",
    "Gene804",
    "Gene806",
    "Gene816",
    "Gene818",
    "Gene82",
    "Gene820",
    "Gene828",
    "Gene835",
    "Gene837",
    "Gene839",
    "Gene84",
    "Gene841",
    "Gene850",
    "Gene851",
    "Gene86",
    "Gene871",
    "Gene877",
    "Gene878",
    "Gene880",
    "Gene886",
    "Gene888",
    "Gene890",
    "Gene892",
    "Gene904",
    "Gene906",
    "Gene907",
    "Gene909",
    "Gene913",
    "Gene916",
    "Gene92",
    "Gene925",
    "Gene928",
    "Gene931",
    "Gene933",
    "Gene936",
    "Gene937",
    "Gene943",
    "Gene945",
    "Gene948",
    "Gene951",
    "Gene953",
    "Gene954",
    "Gene959",
    "Gene96",
    "Gene960",
    "Gene968",
    "Gene972",
    "Gene973",
    "Gene974",
    "Gene98",
    "Gene984",
    "Gene985",
    "Gene986",
    "Gene989",
    "Gene99",
    "Gene991",
    "Gene995",
    "Gene999"
  ],
  "cell": {
    "source": "/dcs04/hicks/data/Jan/sim_project/sim_paper/data/comparison_methods/overview_full_35831924/sccube/cell.h5ad",
    "source_sha256": "5dc6e5a5eccaac81b149dd0a89493ef64200be1b777ffc380afa29d64a8c9772",
    "n_obs": 10000,
    "n_genes": 556,
    "fractional_nonzero_share": 0.9999997731770524,
    "rounding_absolute_change": 1194530.4058211653,
    "total_before_quantiles": [
      462.0461990311742,
      481.83024767879397,
      492.11350545380265,
      497.14871421502903,
      513.2311966940761
    ],
    "total_after_quantiles": [
      438.0,
      465.0,
      476.0,
      483.0,
      507.0
    ],
    "detected_genes_quantiles": [
      294.0,
      312.0,
      318.0,
      322.0,
      332.0
    ]
  },
  "spot": {
    "source": "/dcs04/hicks/data/Jan/sim_project/sim_paper/data/comparison_methods/overview_full_35831924/sccube/spot.h5ad",
    "source_sha256": "3e2b98a49a0a25feb924749bf8c5149a6891669ad57ea8b5d91205822e1519fa",
    "n_obs": 905,
    "n_genes": 556,
    "fractional_nonzero_share": 1.0,
    "rounding_absolute_change": 99452.84534157813,
    "total_before_quantiles": [
      974.9218841567636,
      4346.213037908077,
      5355.831937253475,
      5823.075899660587,
      7012.038599312305
    ],
    "total_after_quantiles": [
      974.0,
      4350.0,
      5353.0,
      5822.0,
      7001.0
    ],
    "detected_genes_quantiles": [
      396.0,
      439.0,
      440.0,
      441.0,
      441.0
    ],
    "excluded_empty_or_zero_expression": 0
  }
}
[load] reference (cell): /dcs04/hicks/data/Jan/sim_project/sim_paper/data/comparison_methods/spatial_deconvolution/genes556_sccube_35973564/inputs/cell.h5ad 
[reference] n_cells=10000 n_genes=556 per-type counts:
cell_types
type1 type2 type3 type4 type5 type6 type7 type8 
 1246  1223  1222  1257  1217  1286  1223  1326 

[load] query (spot): /dcs04/hicks/data/Jan/sim_project/sim_paper/data/comparison_methods/spatial_deconvolution/genes556_sccube_35973564/inputs/spot.h5ad 
[query] n_spots=905 n_genes=556

[RCTD] create.RCTD (doublet_mode=full, max_cores=8)
Begin: process_cell_type_info
process_cell_type_info: number of cells in reference: 10000
process_cell_type_info: number of genes in reference: 556

type1 type2 type3 type4 type5 type6 type7 type8 
 1246  1223  1222  1257  1217  1286  1223  1326 
End: process_cell_type_info
create.RCTD: getting regression differentially expressed genes: 
get_de_genes: type1 found DE genes: 4
get_de_genes: type2 found DE genes: 11
get_de_genes: type3 found DE genes: 6
get_de_genes: type4 found DE genes: 7
get_de_genes: type5 found DE genes: 8
get_de_genes: type6 found DE genes: 9
get_de_genes: type7 found DE genes: 11
get_de_genes: type8 found DE genes: 2
get_de_genes: total DE genes: 44
create.RCTD: getting platform effect normalization differentially expressed genes: 
get_de_genes: type1 found DE genes: 12
get_de_genes: type2 found DE genes: 20
get_de_genes: type3 found DE genes: 16
get_de_genes: type4 found DE genes: 14
get_de_genes: type5 found DE genes: 18
get_de_genes: type6 found DE genes: 12
get_de_genes: type7 found DE genes: 17
get_de_genes: type8 found DE genes: 4
get_de_genes: total DE genes: 88
fitBulk: decomposing bulk
chooseSigma: using initial Q_mat with sigma =  1
starting worker pid=2860465 on localhost:11157 at 22:47:43.002
starting worker pid=2860496 on localhost:11157 at 22:47:43.386
starting worker pid=2860508 on localhost:11157 at 22:47:43.482
starting worker pid=2860524 on localhost:11157 at 22:47:43.632
starting worker pid=2860542 on localhost:11157 at 22:47:43.701
starting worker pid=2860569 on localhost:11157 at 22:47:43.856
starting worker pid=2860584 on localhost:11157 at 22:47:43.924
starting worker pid=2860608 on localhost:11157 at 22:47:44.100
Error in serialize(data, node$con) : ignoring SIGPIPE signal
Calls: source ... postNode -> sendData -> sendData.SOCKnode -> serialize
Execution halted
Loading required package: spacexr
loaded spacexr and set parent environment
Error in unserialize(node$con) : error reading from connection
Calls: <Anonymous> ... doTryCatch -> recvData -> recvData.SOCKnode -> unserialize
Execution halted
