[task 2] MOD=bin batch=prebatch lambda=0.5 k_geom=200
           input=sim_paper/data/figure_4/spatial_clustering/sim_data/packing_pf0p04_bin16um_log_mu_-2.5_bsigma07_strongmix/simulation_bin_z_qc.h5ad  --use-pre-batch
[1/3 banksy] building matrix (lambda=0.5, k_geom=200, stagger=5, skip-umap, batch=prebatch)
[load] sim_paper/data/figure_4/spatial_clustering/sim_data/packing_pf0p04_bin16um_log_mu_-2.5_bsigma07_strongmix/simulation_bin_z_qc.h5ad
[load] AnnData shape: 365721 x 556
[oracle] X <- counts_pre_batch (no per-slice batch effect)
[stagger] offsetting each slice's x coordinate so slices don't overlap
  slice 0: offset x by 0.0
  slice 1: offset x by 20400.0
  slice 2: offset x by 40800.0
  slice 3: offset x by 61200.0
  slice 4: offset x by 81600.0
  slice 5: offset x by 102000.0
  slice 6: offset x by 122400.0
  slice 7: offset x by 142800.0
  slice 8: offset x by 163200.0
  slice 9: offset x by 183600.0

[normalize] normalize_total (no log1p -- BANKSY expects normalized, non-log counts here)
[hvg] skipped -- using all 556 genes (matches pca_harmony.py's convention)

[banksy] k_geom=200 max_m=1 lambda=0.5 decay=scaled_gaussian

Median distance to closest cell = 16.0

---- Ran median_dist_to_nearest_neighbour in 1.55 s ----

---- Ran generate_spatial_distance_graph in 23.58 s ----

---- Ran row_normalize in 1.06 s ----

---- Ran generate_spatial_weights_fixed_nbrs in 30.73 s ----

---- Ran generate_spatial_distance_graph in 46.09 s ----

---- Ran theta_from_spatial_graph in 7.19 s ----

---- Ran row_normalize in 1.28 s ----

---- Ran generate_spatial_weights_fixed_nbrs in 65.78 s ----

Runtime Sep-11-2026-08-59

556 genes to be analysed:
Gene List:
Index(['G1', 'G2', 'G3', 'G4', 'G5', 'G6', 'G7', 'G8', 'G9', 'G10',
       ...
       'G547', 'G548', 'G549', 'G550', 'G551', 'G552', 'G553', 'G554', 'G555',
       'G556'],
      dtype='object', length=556)

Check if X contains only finite (non-NAN) values
Decay Type: scaled_gaussian
Weights Object: {'weights': {0: <365721x365721 sparse matrix of type '<class 'numpy.float64'>'
	with 73144200 stored elements in Compressed Sparse Row format>, 1: <365721x365721 sparse matrix of type '<class 'numpy.complex128'>'
	with 146288400 stored elements in Compressed Sparse Row format>}}

Nbr matrix | Mean: 17.99 | Std: 17.0
Size of Nbr | Shape: (365721, 556)
Top 3 entries of Nbr Mat:

[[11.27251019 41.90545849  2.69506664]
 [21.12137546 39.94789996  3.02923272]
 [28.92089617 33.52210591  3.18686622]]

AGF matrix | Mean: 2.63 | Std: 2.98
Size of AGF mat (m = 1) | Shape: (365721, 556)
Top entries of AGF:
[[6.28117606 2.86100719 0.27384325]
 [9.24622806 2.92927794 0.1675816 ]
 [8.6123052  3.7641929  0.12779134]]
Ran 'Create BANKSY Matrix' in 4.66 mins

Cell by gene matrix has shape (365721, 556)

Scale factors squared: [0.5        0.33333333 0.16666667]
Scale factors: [0.70710678 0.57735027 0.40824829]
/dcs04/hicks/data/Jan/sim_project/sim_paper/env/sim-app-banksy/lib/python3.10/site-packages/banksy/main.py:368: FutureWarning: X.dtype being converted to np.float32 from float64. In the next version of anndata (0.9) conversion will not be automatic. Pass dtype explicitly to avoid this warning. Pass `AnnData(X, dtype=X.dtype, ...)` to get the future behavour.
  return anndata.AnnData(concatenated_matrix, obs=adata.obs, var=var_combined)
Shape of BANKSY matrix: (365721, 1668)
Type of banksy_matrix: <class 'anndata._core.anndata.AnnData'>

[banksy] BANKSY matrix shape: 365721 x 1668

[pca] pre-Harmony PCA
Current decay types: ['scaled_gaussian']

Reducing dims of dataset in (Index = scaled_gaussian, lambda = 0.5)
==================================================

Setting the total number of PC = 30
Original shape of matrix: (365721, 1668)
Reduced shape of matrix: (365721, 30)
------------------------------------------------------------
min_value = -10.120681762695312, mean = 1.982096264896427e-08, max = 14.094642639160156

  [plot] saved pca_preharmony_by_slice_id.png
  [plot] saved pca_preharmony_by_domain_true.png
  [plot] saved pca_preharmony_by_cell_type_true.png

[harmony] batch_key=slice_id
2026-09-11 09:05:12,936 - harmonypy - INFO - Running Harmony
2026-09-11 09:05:12,936 - harmonypy - INFO -   Parameters:
2026-09-11 09:05:12,936 - harmonypy - INFO -     max_iter_harmony: 10
2026-09-11 09:05:12,936 - harmonypy - INFO -     max_iter_kmeans: 4
2026-09-11 09:05:12,936 - harmonypy - INFO -     epsilon_cluster: 0.001
2026-09-11 09:05:12,936 - harmonypy - INFO -     epsilon_harmony: 0.01
2026-09-11 09:05:12,936 - harmonypy - INFO -     nclust: 100
2026-09-11 09:05:12,936 - harmonypy - INFO -     block_size: 0.05
2026-09-11 09:05:12,936 - harmonypy - INFO -     lamb: dynamic (alpha=0.2)
2026-09-11 09:05:12,936 - harmonypy - INFO -     theta: [2. 2. 2. 2. 2. 2. 2. 2. 2. 2.]
2026-09-11 09:05:12,936 - harmonypy - INFO -     sigma: [0.1 0.1 0.1 0.1 0.1]...
2026-09-11 09:05:12,936 - harmonypy - INFO -     verbose: True
2026-09-11 09:05:12,936 - harmonypy - INFO -     random_state: 0
2026-09-11 09:05:12,936 - harmonypy - INFO -   Data: 30 PCs × 365721 cells
2026-09-11 09:05:12,936 - harmonypy - INFO -   Batch variables: ['slice_id']
2026-09-11 09:05:13,400 - harmonypy - INFO - Computing initial centroids...
2026-09-11 09:05:20,953 - harmonypy - INFO - Initialization complete.
2026-09-11 09:05:20,953 - harmonypy - INFO - Iteration 1 of 10
2026-09-11 09:05:28,897 - harmonypy - INFO - Iteration 2 of 10
2026-09-11 09:05:37,705 - harmonypy - INFO - Iteration 3 of 10
2026-09-11 09:05:46,462 - harmonypy - INFO - Iteration 4 of 10
2026-09-11 09:05:54,880 - harmonypy - INFO - Iteration 5 of 10
2026-09-11 09:06:03,206 - harmonypy - INFO - Converged after 5 iterations
  [plot] saved pca_postharmony_by_slice_id.png
  [plot] saved pca_postharmony_by_domain_true.png
  [plot] saved pca_postharmony_by_cell_type_true.png

[save] sim_paper/data/figure_3/banksy_batch_compare/bin/prebatch/banksy_matrix/simulation_bin_z_banksy_pca_harmony_qc.h5ad
[save] done
[2/3 ari] resolution-matched Leiden ARI vs domain_true / cell_type_true
/dcs04/hicks/data/Jan/sim_project/sim_paper/env/albis-tutorial/lib/python3.10/site-packages/louvain/__init__.py:54: UserWarning: pkg_resources is deprecated as an API. See https://setuptools.pypa.io/en/latest/pkg_resources.html. The pkg_resources package is slated for removal as early as 2025-11-30. Refrain from using this package or pin to Setuptools<81.
  from pkg_resources import get_distribution, DistributionNotFound
[load] sim_paper/data/figure_3/banksy_batch_compare/bin/prebatch/banksy_matrix/simulation_bin_z_banksy_pca_harmony_qc.h5ad
[load] AnnData shape: 365721 x 1668
[neighbors] n_pcs=30 n_neighbors=15
[ari] domain_true: target_k=6
[ari] domain_true: resolution=0.1034 achieved_k=6 (target 6)  ARI=0.7837
[ari] cell_type_true: target_k=8
[ari] cell_type_true: resolution=0.2261 achieved_k=8 (target 8)  ARI=0.1005
[save] sim_paper/data/figure_3/banksy_batch_compare/bin/prebatch/ari/ari_summary_bin.json
[save] sim_paper/data/figure_3/banksy_batch_compare/bin/prebatch/ari/simulation_bin_z_ari_recovery.h5ad
[3/3 composition] scoring (+ slice_id leakage ARI)
[score] bin_prebatch  <-  sim_paper/data/figure_3/banksy_batch_compare/bin/prebatch/ari/simulation_bin_z_ari_recovery.h5ad
  [bin_prebatch/cell_type] ARI=0.101 V=0.131 | JSD=0.397 meanR=0.375 R2=0.143 (oracle 0.742) | kNN=0.518 (chance 0.129) | eff#cats=2.26  (leak 0.02)
  [bin_prebatch/domain] ARI=0.784 V=0.767 | JSD=0.110 meanR=0.911 R2=0.832 (oracle 0.957) | kNN=0.891 (chance 0.167) | eff#cats=1.00  (leak 0.02)
    modality  n_obs     level      ari  v_measure  comp_mean_pearson  comp_mean_jsd  comp_r2  comp_r2_oracle  comp_r2_frac_of_oracle  ari_oracle  ari_frac_of_oracle  knn_concordance  knn_chance  eff_cats_per_obs_median  frac_obs_ge80pct  slice_id_leakage_ari
bin_prebatch 365721 cell_type 0.100519   0.130864           0.375111       0.396856 0.143223        0.741889                0.193052    0.964096            0.104263         0.517756    0.129361                 2.259298          0.263294              0.018683
bin_prebatch 365721    domain 0.783727   0.766829           0.911302       0.110064 0.831788        0.957057                0.869110    0.998511            0.784896         0.890669    0.167352                 1.000000          0.869893              0.015862
[done] task 2  ->  sim_paper/data/figure_3/banksy_batch_compare/bin/prebatch
