[task 0] MOD=cell lambda=0.2 k_geom=15  tag=log_mu_-2.3_theta_0.40_jitter0.15_bsigma15_strongmix
           input=sim_paper/data/figure_4/spatial_clustering/sim_data/log_mu_-2.3_theta_0.40_jitter0.15_bsigma15_strongmix/simulation_cell_z_qc.h5ad
[1/3 banksy] building matrix (lambda=0.2, k_geom=15, stagger=5, skip-umap)
[load] sim_paper/data/figure_4/spatial_clustering/sim_data/log_mu_-2.3_theta_0.40_jitter0.15_bsigma15_strongmix/simulation_cell_z_qc.h5ad
[load] AnnData shape: 600000 x 556
[stagger] offsetting each slice's x coordinate so slices don't overlap
  slice 0: offset x by 0.0
  slice 1: offset x by 59865.4
  slice 2: offset x by 119730.8
  slice 3: offset x by 179596.1
  slice 4: offset x by 239461.5
  slice 5: offset x by 299326.9
  slice 6: offset x by 359192.3
  slice 7: offset x by 419057.7
  slice 8: offset x by 478923.1
  slice 9: offset x by 538788.4

[normalize] normalize_total (no log1p -- BANKSY expects normalized, non-log counts here)
[hvg] skipped -- using all 556 genes (matches pca_harmony.py's convention)

[banksy] k_geom=15 max_m=1 lambda=0.2 decay=scaled_gaussian

Median distance to closest cell = 17.21802416282401

---- Ran median_dist_to_nearest_neighbour in 3.38 s ----

---- Ran generate_spatial_distance_graph in 7.04 s ----

---- Ran row_normalize in 1.54 s ----

---- Ran generate_spatial_weights_fixed_nbrs in 17.06 s ----

---- Ran generate_spatial_distance_graph in 10.20 s ----

---- Ran theta_from_spatial_graph in 3.65 s ----

---- Ran row_normalize in 1.60 s ----

---- Ran generate_spatial_weights_fixed_nbrs in 24.80 s ----

Runtime Sep-09-2026-12-42

556 genes to be analysed:
Gene List:
Index(['G1', 'G2', 'G3', 'G4', 'G5', 'G6', 'G7', 'G8', 'G9', 'G10',
       ...
       'G547', 'G548', 'G549', 'G550', 'G551', 'G552', 'G553', 'G554', 'G555',
       'G556'],
      dtype='object', length=556)

Check if X contains only finite (non-NAN) values
Decay Type: scaled_gaussian
Weights Object: {'weights': {0: <600000x600000 sparse matrix of type '<class 'numpy.float64'>'
	with 9000000 stored elements in Compressed Sparse Row format>, 1: <600000x600000 sparse matrix of type '<class 'numpy.complex128'>'
	with 18000000 stored elements in Compressed Sparse Row format>}}

Nbr matrix | Mean: 17.99 | Std: 72.7
Size of Nbr | Shape: (600000, 556)
Top 3 entries of Nbr Mat:

[[ 3.28640036 25.07001402  0.        ]
 [ 1.26863613  4.41454295  0.        ]
 [ 3.19738071  3.3294158   0.        ]]

AGF matrix | Mean: 9.1 | Std: 26.68
Size of AGF mat (m = 1) | Shape: (600000, 556)
Top entries of AGF:
[[1.01385624 6.46213382 0.        ]
 [0.6505326  6.00216857 0.        ]
 [2.68734296 2.12131423 0.39040402]]
Ran 'Create BANKSY Matrix' in 0.82 mins

Cell by gene matrix has shape (600000, 556)

Scale factors squared: [0.8        0.13333333 0.06666667]
Scale factors: [0.89442719 0.36514837 0.25819889]
/dcs04/hicks/data/Jan/sim_project/sim_paper/env/sim-app-banksy/lib/python3.10/site-packages/banksy/main.py:368: FutureWarning: X.dtype being converted to np.float32 from float64. In the next version of anndata (0.9) conversion will not be automatic. Pass dtype explicitly to avoid this warning. Pass `AnnData(X, dtype=X.dtype, ...)` to get the future behavour.
  return anndata.AnnData(concatenated_matrix, obs=adata.obs, var=var_combined)
Shape of BANKSY matrix: (600000, 1668)
Type of banksy_matrix: <class 'anndata._core.anndata.AnnData'>

[banksy] BANKSY matrix shape: 600000 x 1668

[pca] pre-Harmony PCA
Current decay types: ['scaled_gaussian']

Reducing dims of dataset in (Index = scaled_gaussian, lambda = 0.2)
==================================================

Setting the total number of PC = 30
Original shape of matrix: (600000, 1668)
Reduced shape of matrix: (600000, 30)
------------------------------------------------------------
min_value = -13.19764232635498, mean = -1.273848226901464e-07, max = 17.88155174255371

  [plot] saved pca_preharmony_by_slice_id.png
  [plot] saved pca_preharmony_by_domain_true.png
  [plot] saved pca_preharmony_by_cell_type_true.png

[harmony] batch_key=slice_id
2026-09-09 12:44:56,898 - harmonypy - INFO - Running Harmony
2026-09-09 12:44:56,898 - harmonypy - INFO -   Parameters:
2026-09-09 12:44:56,898 - harmonypy - INFO -     max_iter_harmony: 10
2026-09-09 12:44:56,898 - harmonypy - INFO -     max_iter_kmeans: 4
2026-09-09 12:44:56,898 - harmonypy - INFO -     epsilon_cluster: 0.001
2026-09-09 12:44:56,898 - harmonypy - INFO -     epsilon_harmony: 0.01
2026-09-09 12:44:56,898 - harmonypy - INFO -     nclust: 100
2026-09-09 12:44:56,898 - harmonypy - INFO -     block_size: 0.05
2026-09-09 12:44:56,898 - harmonypy - INFO -     lamb: dynamic (alpha=0.2)
2026-09-09 12:44:56,898 - harmonypy - INFO -     theta: [2. 2. 2. 2. 2. 2. 2. 2. 2. 2.]
2026-09-09 12:44:56,898 - harmonypy - INFO -     sigma: [0.1 0.1 0.1 0.1 0.1]...
2026-09-09 12:44:56,898 - harmonypy - INFO -     verbose: True
2026-09-09 12:44:56,899 - harmonypy - INFO -     random_state: 0
2026-09-09 12:44:56,899 - harmonypy - INFO -   Data: 30 PCs × 600000 cells
2026-09-09 12:44:56,899 - harmonypy - INFO -   Batch variables: ['slice_id']
2026-09-09 12:44:57,377 - harmonypy - INFO - Computing initial centroids...
2026-09-09 12:45:09,795 - harmonypy - INFO - Initialization complete.
2026-09-09 12:45:09,795 - harmonypy - INFO - Iteration 1 of 10
2026-09-09 12:45:19,166 - harmonypy - INFO - Converged after 1 iteration
  [plot] saved pca_postharmony_by_slice_id.png
  [plot] saved pca_postharmony_by_domain_true.png
  [plot] saved pca_postharmony_by_cell_type_true.png

[save] sim_paper/data/figure_3/banksy_lambda_kgeom_sweep_16um/cell/lam0.2_kg15/banksy_matrix/simulation_cell_z_banksy_pca_harmony_qc.h5ad
[save] done
[2/3 ari] resolution-matched Leiden ARI vs domain_true / cell_type_true
/dcs04/hicks/data/Jan/sim_project/sim_paper/env/albis-tutorial/lib/python3.10/site-packages/louvain/__init__.py:54: UserWarning: pkg_resources is deprecated as an API. See https://setuptools.pypa.io/en/latest/pkg_resources.html. The pkg_resources package is slated for removal as early as 2025-11-30. Refrain from using this package or pin to Setuptools<81.
  from pkg_resources import get_distribution, DistributionNotFound
[load] sim_paper/data/figure_3/banksy_lambda_kgeom_sweep_16um/cell/lam0.2_kg15/banksy_matrix/simulation_cell_z_banksy_pca_harmony_qc.h5ad
[load] AnnData shape: 600000 x 1668
[neighbors] n_pcs=30 n_neighbors=15
[ari] domain_true: target_k=6
[ari] domain_true: resolution=0.1034 achieved_k=10 (target 6)  ARI=0.0157
[ari] cell_type_true: target_k=8
[ari] cell_type_true: resolution=0.1034 achieved_k=10 (target 8)  ARI=0.0018
[save] sim_paper/data/figure_3/banksy_lambda_kgeom_sweep_16um/cell/lam0.2_kg15/ari/ari_summary_cell.json
[save] sim_paper/data/figure_3/banksy_lambda_kgeom_sweep_16um/cell/lam0.2_kg15/ari/simulation_cell_z_ari_recovery.h5ad
[3/3 composition] scoring (+ slice_id leakage ARI)
[score] cell_lam0.2_kg15  <-  sim_paper/data/figure_3/banksy_lambda_kgeom_sweep_16um/cell/lam0.2_kg15/ari/simulation_cell_z_ari_recovery.h5ad
  [cell_lam0.2_kg15/cell_type] ARI=0.002 V=0.002 | JSD=0.711 meanR=0.033 R2=0.001 (oracle 1.000) | kNN=0.564 (chance 0.128) | eff#cats=1.00  (leak 1.00)
  [cell_lam0.2_kg15/domain] ARI=0.016 V=0.035 | JSD=0.633 meanR=0.109 R2=0.021 (oracle 1.000) | kNN=0.243 (chance 0.167) | eff#cats=1.00  (leak 1.00)
        modality  n_obs     level      ari  v_measure  comp_mean_pearson  comp_mean_jsd  comp_r2  comp_r2_oracle  comp_r2_frac_of_oracle  ari_oracle  ari_frac_of_oracle  knn_concordance  knn_chance  eff_cats_per_obs_median  frac_obs_ge80pct  slice_id_leakage_ari
cell_lam0.2_kg15 600000 cell_type 0.001815   0.002251           0.032801       0.711101 0.001500             1.0                0.001500         1.0            0.001815         0.564097    0.128435                      1.0               1.0              0.999909
cell_lam0.2_kg15 600000    domain 0.015730   0.034601           0.109486       0.633445 0.021361             1.0                0.021361         1.0            0.015730         0.243448    0.167361                      1.0               1.0              0.999909
[done] task 0  ->  sim_paper/data/figure_3/banksy_lambda_kgeom_sweep_16um/cell/lam0.2_kg15
