[task 0] MOD=cell lambda=0.2 k_geom=15  tag=log_mu_-2.5_theta_0.25_strongdomainmix
[1/3 banksy] building matrix (lambda=0.2, k_geom=15, stagger=5, skip-umap)
[load] sim_paper/data/noisy/log_mu_-2.5_theta_0.25_strongdomainmix/simulation_cell_z_qc.h5ad
[load] AnnData shape: 599999 x 556
[stagger] offsetting each slice's x coordinate so slices don't overlap
  slice 0: offset x by 0.0
  slice 1: offset x by 59865.4
  slice 2: offset x by 119730.8
  slice 3: offset x by 179596.1
  slice 4: offset x by 239461.5
  slice 5: offset x by 299326.9
  slice 6: offset x by 359192.3
  slice 7: offset x by 419057.7
  slice 8: offset x by 478923.1
  slice 9: offset x by 538788.4

[normalize] normalize_total (no log1p -- BANKSY expects normalized, non-log counts here)
[hvg] skipped -- using all 556 genes (matches pca_harmony.py's convention)

[banksy] k_geom=15 max_m=1 lambda=0.2 decay=scaled_gaussian

Median distance to closest cell = 17.21802416282401

---- Ran median_dist_to_nearest_neighbour in 3.70 s ----

---- Ran generate_spatial_distance_graph in 7.39 s ----

---- Ran row_normalize in 1.64 s ----

---- Ran generate_spatial_weights_fixed_nbrs in 17.86 s ----

---- Ran generate_spatial_distance_graph in 11.00 s ----

---- Ran theta_from_spatial_graph in 3.92 s ----

---- Ran row_normalize in 1.59 s ----

---- Ran generate_spatial_weights_fixed_nbrs in 26.05 s ----

Runtime Sep-08-2026-08-45

556 genes to be analysed:
Gene List:
Index(['G1', 'G2', 'G3', 'G4', 'G5', 'G6', 'G7', 'G8', 'G9', 'G10',
       ...
       'G547', 'G548', 'G549', 'G550', 'G551', 'G552', 'G553', 'G554', 'G555',
       'G556'],
      dtype='object', length=556)

Check if X contains only finite (non-NAN) values
Decay Type: scaled_gaussian
Weights Object: {'weights': {0: <599999x599999 sparse matrix of type '<class 'numpy.float64'>'
	with 8999985 stored elements in Compressed Sparse Row format>, 1: <599999x599999 sparse matrix of type '<class 'numpy.complex128'>'
	with 17999970 stored elements in Compressed Sparse Row format>}}

Nbr matrix | Mean: 17.99 | Std: 50.04
Size of Nbr | Shape: (599999, 556)
Top 3 entries of Nbr Mat:

[[ 0.         26.19111124  0.        ]
 [ 0.         17.94497375  0.        ]
 [ 0.          8.45274264  0.        ]]

AGF matrix | Mean: 12.0 | Std: 29.43
Size of AGF mat (m = 1) | Shape: (599999, 556)
Top entries of AGF:
[[ 0.         11.70100957  0.        ]
 [ 0.          6.44611593  0.        ]
 [ 0.         34.86561943  0.        ]]
Ran 'Create BANKSY Matrix' in 0.98 mins

Cell by gene matrix has shape (599999, 556)

Scale factors squared: [0.8        0.13333333 0.06666667]
Scale factors: [0.89442719 0.36514837 0.25819889]
/dcs04/hicks/data/Jan/sim_project/sim_paper/env/sim-app-banksy/lib/python3.10/site-packages/banksy/main.py:368: FutureWarning: X.dtype being converted to np.float32 from float64. In the next version of anndata (0.9) conversion will not be automatic. Pass dtype explicitly to avoid this warning. Pass `AnnData(X, dtype=X.dtype, ...)` to get the future behavour.
  return anndata.AnnData(concatenated_matrix, obs=adata.obs, var=var_combined)
Shape of BANKSY matrix: (599999, 1668)
Type of banksy_matrix: <class 'anndata._core.anndata.AnnData'>

[banksy] BANKSY matrix shape: 599999 x 1668

[pca] pre-Harmony PCA
Current decay types: ['scaled_gaussian']

Reducing dims of dataset in (Index = scaled_gaussian, lambda = 0.2)
==================================================

Setting the total number of PC = 30
Original shape of matrix: (599999, 1668)
Reduced shape of matrix: (599999, 30)
------------------------------------------------------------
min_value = -8.633502960205078, mean = 9.916883527694154e-07, max = 12.027914047241211

  [plot] saved pca_preharmony_by_slice_id.png
  [plot] saved pca_preharmony_by_domain_true.png
  [plot] saved pca_preharmony_by_cell_type_true.png

[harmony] batch_key=slice_id
2026-09-08 08:47:59,264 - harmonypy - INFO - Running Harmony
2026-09-08 08:47:59,264 - harmonypy - INFO -   Parameters:
2026-09-08 08:47:59,264 - harmonypy - INFO -     max_iter_harmony: 10
2026-09-08 08:47:59,264 - harmonypy - INFO -     max_iter_kmeans: 4
2026-09-08 08:47:59,264 - harmonypy - INFO -     epsilon_cluster: 0.001
2026-09-08 08:47:59,264 - harmonypy - INFO -     epsilon_harmony: 0.01
2026-09-08 08:47:59,264 - harmonypy - INFO -     nclust: 100
2026-09-08 08:47:59,264 - harmonypy - INFO -     block_size: 0.05
2026-09-08 08:47:59,264 - harmonypy - INFO -     lamb: dynamic (alpha=0.2)
2026-09-08 08:47:59,264 - harmonypy - INFO -     theta: [2. 2. 2. 2. 2. 2. 2. 2. 2. 2.]
2026-09-08 08:47:59,264 - harmonypy - INFO -     sigma: [0.1 0.1 0.1 0.1 0.1]...
2026-09-08 08:47:59,264 - harmonypy - INFO -     verbose: True
2026-09-08 08:47:59,264 - harmonypy - INFO -     random_state: 0
2026-09-08 08:47:59,264 - harmonypy - INFO -   Data: 30 PCs × 599999 cells
2026-09-08 08:47:59,264 - harmonypy - INFO -   Batch variables: ['slice_id']
2026-09-08 08:48:00,045 - harmonypy - INFO - Computing initial centroids...
2026-09-08 08:48:13,439 - harmonypy - INFO - Initialization complete.
2026-09-08 08:48:13,439 - harmonypy - INFO - Iteration 1 of 10
2026-09-08 08:48:30,801 - harmonypy - INFO - Converged after 1 iteration
  [plot] saved pca_postharmony_by_slice_id.png
  [plot] saved pca_postharmony_by_domain_true.png
  [plot] saved pca_postharmony_by_cell_type_true.png

[save] sim_paper/data/figure_3/banksy_lambda_kgeom_sweep/cell/lam0.2_kg15/banksy_matrix/simulation_cell_z_banksy_pca_harmony_qc.h5ad
[save] done
[2/3 ari] resolution-matched Leiden ARI vs domain_true / cell_type_true
/dcs04/hicks/data/Jan/sim_project/sim_paper/env/albis-tutorial/lib/python3.10/site-packages/louvain/__init__.py:54: UserWarning: pkg_resources is deprecated as an API. See https://setuptools.pypa.io/en/latest/pkg_resources.html. The pkg_resources package is slated for removal as early as 2025-11-30. Refrain from using this package or pin to Setuptools<81.
  from pkg_resources import get_distribution, DistributionNotFound
[load] sim_paper/data/figure_3/banksy_lambda_kgeom_sweep/cell/lam0.2_kg15/banksy_matrix/simulation_cell_z_banksy_pca_harmony_qc.h5ad
[load] AnnData shape: 599999 x 1668
[neighbors] n_pcs=30 n_neighbors=15
[ari] domain_true: target_k=6
[ari] domain_true: resolution=0.0421 achieved_k=6 (target 6)  ARI=-0.0000
[ari] cell_type_true: target_k=8
[ari] cell_type_true: resolution=0.0436 achieved_k=8 (target 8)  ARI=-0.0000
[save] sim_paper/data/figure_3/banksy_lambda_kgeom_sweep/cell/lam0.2_kg15/ari/ari_summary_cell.json
[save] sim_paper/data/figure_3/banksy_lambda_kgeom_sweep/cell/lam0.2_kg15/ari/simulation_cell_z_ari_recovery.h5ad
[3/3 composition] scoring (+ slice_id leakage ARI)
[score] cell_lam0.2_kg15  <-  sim_paper/data/figure_3/banksy_lambda_kgeom_sweep/cell/lam0.2_kg15/ari/simulation_cell_z_ari_recovery.h5ad
  [cell_lam0.2_kg15/cell_type] ARI=-0.000 V=0.000 | JSD=0.713 meanR=0.010 R2=0.000 (oracle 1.000) | kNN=0.544 (chance 0.128) | eff#cats=1.00  (leak 0.00)
  [cell_lam0.2_kg15/domain] ARI=-0.000 V=0.000 | JSD=0.654 meanR=0.004 R2=0.000 (oracle 1.000) | kNN=0.223 (chance 0.167) | eff#cats=1.00  (leak 0.00)
        modality  n_obs     level       ari  v_measure  comp_mean_pearson  comp_mean_jsd  comp_r2  comp_r2_oracle  comp_r2_frac_of_oracle  ari_oracle  ari_frac_of_oracle  knn_concordance  knn_chance  eff_cats_per_obs_median  frac_obs_ge80pct  slice_id_leakage_ari
cell_lam0.2_kg15 599999 cell_type -0.000043   0.000341           0.010314       0.712554 0.000141             1.0                0.000141         1.0           -0.000043         0.543933    0.128326                      1.0               1.0          1.045256e-07
cell_lam0.2_kg15 599999    domain -0.000008   0.000054           0.004320       0.654192 0.000020             1.0                0.000020         1.0           -0.000008         0.223355    0.167275                      1.0               1.0          1.145790e-05
[done] task 0  ->  sim_paper/data/figure_3/banksy_lambda_kgeom_sweep/cell/lam0.2_kg15
