[task 5] MOD=cell lambda=0.5 k_geom=200  tag=log_mu_-2.3_theta_0.40_jitter0.15_bsigma15_strongmix
           input=sim_paper/data/figure_4/spatial_clustering/sim_data/log_mu_-2.3_theta_0.40_jitter0.15_bsigma15_strongmix/simulation_cell_z_qc.h5ad
[1/3 banksy] building matrix (lambda=0.5, k_geom=200, stagger=5, skip-umap)
[load] sim_paper/data/figure_4/spatial_clustering/sim_data/log_mu_-2.3_theta_0.40_jitter0.15_bsigma15_strongmix/simulation_cell_z_qc.h5ad
[load] AnnData shape: 600000 x 556
[stagger] offsetting each slice's x coordinate so slices don't overlap
  slice 0: offset x by 0.0
  slice 1: offset x by 59865.4
  slice 2: offset x by 119730.8
  slice 3: offset x by 179596.1
  slice 4: offset x by 239461.5
  slice 5: offset x by 299326.9
  slice 6: offset x by 359192.3
  slice 7: offset x by 419057.7
  slice 8: offset x by 478923.1
  slice 9: offset x by 538788.4

[normalize] normalize_total (no log1p -- BANKSY expects normalized, non-log counts here)
[hvg] skipped -- using all 556 genes (matches pca_harmony.py's convention)

[banksy] k_geom=200 max_m=1 lambda=0.5 decay=scaled_gaussian

Median distance to closest cell = 17.21802416282401

---- Ran median_dist_to_nearest_neighbour in 4.18 s ----

---- Ran generate_spatial_distance_graph in 65.60 s ----

---- Ran row_normalize in 1.94 s ----

---- Ran generate_spatial_weights_fixed_nbrs in 78.78 s ----

---- Ran generate_spatial_distance_graph in 128.18 s ----

---- Ran theta_from_spatial_graph in 16.03 s ----

---- Ran row_normalize in 2.29 s ----

---- Ran generate_spatial_weights_fixed_nbrs in 167.35 s ----

Runtime Sep-10-2026-09-34

556 genes to be analysed:
Gene List:
Index(['G1', 'G2', 'G3', 'G4', 'G5', 'G6', 'G7', 'G8', 'G9', 'G10',
       ...
       'G547', 'G548', 'G549', 'G550', 'G551', 'G552', 'G553', 'G554', 'G555',
       'G556'],
      dtype='object', length=556)

Check if X contains only finite (non-NAN) values
Decay Type: scaled_gaussian
Weights Object: {'weights': {0: <600000x600000 sparse matrix of type '<class 'numpy.float64'>'
	with 120000000 stored elements in Compressed Sparse Row format>, 1: <600000x600000 sparse matrix of type '<class 'numpy.complex128'>'
	with 240000000 stored elements in Compressed Sparse Row format>}}

Nbr matrix | Mean: 17.99 | Std: 61.0
Size of Nbr | Shape: (600000, 556)
Top 3 entries of Nbr Mat:

[[ 2.27161944 19.96990011  0.49094087]
 [ 0.19631449 18.94766321  0.67022468]
 [ 4.31386979  4.27391213  0.64348367]]

AGF matrix | Mean: 3.02 | Std: 7.37
Size of AGF mat (m = 1) | Shape: (600000, 556)
Top entries of AGF:
[[0.11475469 2.68360735 0.20798539]
 [0.15191214 2.42437438 0.31330321]
 [1.29546377 0.78403779 0.07670296]]
Ran 'Create BANKSY Matrix' in 15.44 mins

Cell by gene matrix has shape (600000, 556)

Scale factors squared: [0.5        0.33333333 0.16666667]
Scale factors: [0.70710678 0.57735027 0.40824829]
/dcs04/hicks/data/Jan/sim_project/sim_paper/env/sim-app-banksy/lib/python3.10/site-packages/banksy/main.py:368: FutureWarning: X.dtype being converted to np.float32 from float64. In the next version of anndata (0.9) conversion will not be automatic. Pass dtype explicitly to avoid this warning. Pass `AnnData(X, dtype=X.dtype, ...)` to get the future behavour.
  return anndata.AnnData(concatenated_matrix, obs=adata.obs, var=var_combined)
Shape of BANKSY matrix: (600000, 1668)
Type of banksy_matrix: <class 'anndata._core.anndata.AnnData'>

[banksy] BANKSY matrix shape: 600000 x 1668

[pca] pre-Harmony PCA
Current decay types: ['scaled_gaussian']

Reducing dims of dataset in (Index = scaled_gaussian, lambda = 0.5)
==================================================

Setting the total number of PC = 30
Original shape of matrix: (600000, 1668)
Reduced shape of matrix: (600000, 30)
------------------------------------------------------------
min_value = -12.268041610717773, mean = -1.6518995948899828e-07, max = 23.542028427124023

  [plot] saved pca_preharmony_by_slice_id.png
  [plot] saved pca_preharmony_by_domain_true.png
  [plot] saved pca_preharmony_by_cell_type_true.png

[harmony] batch_key=slice_id
2026-09-10 09:52:41,983 - harmonypy - INFO - Running Harmony
2026-09-10 09:52:41,983 - harmonypy - INFO -   Parameters:
2026-09-10 09:52:41,983 - harmonypy - INFO -     max_iter_harmony: 10
2026-09-10 09:52:41,983 - harmonypy - INFO -     max_iter_kmeans: 4
2026-09-10 09:52:41,983 - harmonypy - INFO -     epsilon_cluster: 0.001
2026-09-10 09:52:41,983 - harmonypy - INFO -     epsilon_harmony: 0.01
2026-09-10 09:52:41,983 - harmonypy - INFO -     nclust: 100
2026-09-10 09:52:41,983 - harmonypy - INFO -     block_size: 0.05
2026-09-10 09:52:41,983 - harmonypy - INFO -     lamb: dynamic (alpha=0.2)
2026-09-10 09:52:41,984 - harmonypy - INFO -     theta: [2. 2. 2. 2. 2. 2. 2. 2. 2. 2.]
2026-09-10 09:52:41,984 - harmonypy - INFO -     sigma: [0.1 0.1 0.1 0.1 0.1]...
2026-09-10 09:52:41,984 - harmonypy - INFO -     verbose: True
2026-09-10 09:52:41,984 - harmonypy - INFO -     random_state: 0
2026-09-10 09:52:41,984 - harmonypy - INFO -   Data: 30 PCs × 600000 cells
2026-09-10 09:52:41,984 - harmonypy - INFO -   Batch variables: ['slice_id']
2026-09-10 09:52:42,759 - harmonypy - INFO - Computing initial centroids...
2026-09-10 09:53:00,377 - harmonypy - INFO - Initialization complete.
2026-09-10 09:53:00,378 - harmonypy - INFO - Iteration 1 of 10
2026-09-10 09:53:10,323 - harmonypy - INFO - Converged after 1 iteration
  [plot] saved pca_postharmony_by_slice_id.png
  [plot] saved pca_postharmony_by_domain_true.png
  [plot] saved pca_postharmony_by_cell_type_true.png

[save] sim_paper/data/figure_3/banksy_lambda_kgeom_sweep_16um/cell/lam0.5_kg200/banksy_matrix/simulation_cell_z_banksy_pca_harmony_qc.h5ad
[save] done
[2/3 ari] resolution-matched Leiden ARI vs domain_true / cell_type_true
/dcs04/hicks/data/Jan/sim_project/sim_paper/env/albis-tutorial/lib/python3.10/site-packages/louvain/__init__.py:54: UserWarning: pkg_resources is deprecated as an API. See https://setuptools.pypa.io/en/latest/pkg_resources.html. The pkg_resources package is slated for removal as early as 2025-11-30. Refrain from using this package or pin to Setuptools<81.
  from pkg_resources import get_distribution, DistributionNotFound
[load] sim_paper/data/figure_3/banksy_lambda_kgeom_sweep_16um/cell/lam0.5_kg200/banksy_matrix/simulation_cell_z_banksy_pca_harmony_qc.h5ad
[load] AnnData shape: 600000 x 1668
[neighbors] n_pcs=30 n_neighbors=15
[ari] domain_true: target_k=6
[ari] domain_true: resolution=0.1969 achieved_k=10 (target 6)  ARI=0.0157
[ari] cell_type_true: target_k=8
[ari] cell_type_true: resolution=0.1969 achieved_k=10 (target 8)  ARI=0.0018
[save] sim_paper/data/figure_3/banksy_lambda_kgeom_sweep_16um/cell/lam0.5_kg200/ari/ari_summary_cell.json
[save] sim_paper/data/figure_3/banksy_lambda_kgeom_sweep_16um/cell/lam0.5_kg200/ari/simulation_cell_z_ari_recovery.h5ad
[3/3 composition] scoring (+ slice_id leakage ARI)
[score] cell_lam0.5_kg200  <-  sim_paper/data/figure_3/banksy_lambda_kgeom_sweep_16um/cell/lam0.5_kg200/ari/simulation_cell_z_ari_recovery.h5ad
  [cell_lam0.5_kg200/cell_type] ARI=0.002 V=0.002 | JSD=0.711 meanR=0.033 R2=0.001 (oracle 1.000) | kNN=0.557 (chance 0.128) | eff#cats=1.00  (leak 1.00)
  [cell_lam0.5_kg200/domain] ARI=0.016 V=0.035 | JSD=0.633 meanR=0.109 R2=0.021 (oracle 1.000) | kNN=0.686 (chance 0.167) | eff#cats=1.00  (leak 1.00)
         modality  n_obs     level      ari  v_measure  comp_mean_pearson  comp_mean_jsd  comp_r2  comp_r2_oracle  comp_r2_frac_of_oracle  ari_oracle  ari_frac_of_oracle  knn_concordance  knn_chance  eff_cats_per_obs_median  frac_obs_ge80pct  slice_id_leakage_ari
cell_lam0.5_kg200 600000 cell_type 0.001815   0.002251           0.032802       0.711101 0.001500             1.0                0.001500         1.0            0.001815         0.557421    0.128435                      1.0               1.0                   1.0
cell_lam0.5_kg200 600000    domain 0.015733   0.034614           0.109498       0.633440 0.021365             1.0                0.021365         1.0            0.015733         0.686333    0.167361                      1.0               1.0                   1.0
[done] task 5  ->  sim_paper/data/figure_3/banksy_lambda_kgeom_sweep_16um/cell/lam0.5_kg200
