[task 10] MOD=bin lambda=0.2 k_geom=60  tag=packing_pf0p04_bin16um_log_mu_-2.5_bsigma07_strongmix
           input=sim_paper/data/figure_4/spatial_clustering/sim_data/packing_pf0p04_bin16um_log_mu_-2.5_bsigma07_strongmix/simulation_bin_z_qc.h5ad
[1/3 banksy] building matrix (lambda=0.2, k_geom=60, stagger=5, skip-umap)
[load] sim_paper/data/figure_4/spatial_clustering/sim_data/packing_pf0p04_bin16um_log_mu_-2.5_bsigma07_strongmix/simulation_bin_z_qc.h5ad
[load] AnnData shape: 365721 x 556
[stagger] offsetting each slice's x coordinate so slices don't overlap
  slice 0: offset x by 0.0
  slice 1: offset x by 20400.0
  slice 2: offset x by 40800.0
  slice 3: offset x by 61200.0
  slice 4: offset x by 81600.0
  slice 5: offset x by 102000.0
  slice 6: offset x by 122400.0
  slice 7: offset x by 142800.0
  slice 8: offset x by 163200.0
  slice 9: offset x by 183600.0

[normalize] normalize_total (no log1p -- BANKSY expects normalized, non-log counts here)
[hvg] skipped -- using all 556 genes (matches pca_harmony.py's convention)

[banksy] k_geom=60 max_m=1 lambda=0.2 decay=scaled_gaussian

Median distance to closest cell = 16.0

---- Ran median_dist_to_nearest_neighbour in 1.61 s ----

---- Ran generate_spatial_distance_graph in 9.02 s ----

---- Ran row_normalize in 1.03 s ----

---- Ran generate_spatial_weights_fixed_nbrs in 15.84 s ----

---- Ran generate_spatial_distance_graph in 16.03 s ----

---- Ran theta_from_spatial_graph in 3.50 s ----

---- Ran row_normalize in 1.04 s ----

---- Ran generate_spatial_weights_fixed_nbrs in 28.00 s ----

Runtime Sep-10-2026-11-13

556 genes to be analysed:
Gene List:
Index(['G1', 'G2', 'G3', 'G4', 'G5', 'G6', 'G7', 'G8', 'G9', 'G10',
       ...
       'G547', 'G548', 'G549', 'G550', 'G551', 'G552', 'G553', 'G554', 'G555',
       'G556'],
      dtype='object', length=556)

Check if X contains only finite (non-NAN) values
Decay Type: scaled_gaussian
Weights Object: {'weights': {0: <365721x365721 sparse matrix of type '<class 'numpy.float64'>'
	with 21943260 stored elements in Compressed Sparse Row format>, 1: <365721x365721 sparse matrix of type '<class 'numpy.complex128'>'
	with 43886520 stored elements in Compressed Sparse Row format>}}

Nbr matrix | Mean: 17.99 | Std: 26.49
Size of Nbr | Shape: (365721, 556)
Top 3 entries of Nbr Mat:

[[  0.           2.30200808   0.        ]
 [ 60.98963144   1.08093474   1.34805346]
 [138.88560622   0.           2.52097389]]

AGF matrix | Mean: 5.37 | Std: 7.78
Size of AGF mat (m = 1) | Shape: (365721, 556)
Top entries of AGF:
[[20.05619212  1.92057877  0.47369549]
 [50.66755672  0.64732648  1.06027788]
 [55.37480219  6.19389914  1.23927979]]
Ran 'Create BANKSY Matrix' in 1.64 mins

Cell by gene matrix has shape (365721, 556)

Scale factors squared: [0.8        0.13333333 0.06666667]
Scale factors: [0.89442719 0.36514837 0.25819889]
/dcs04/hicks/data/Jan/sim_project/sim_paper/env/sim-app-banksy/lib/python3.10/site-packages/banksy/main.py:368: FutureWarning: X.dtype being converted to np.float32 from float64. In the next version of anndata (0.9) conversion will not be automatic. Pass dtype explicitly to avoid this warning. Pass `AnnData(X, dtype=X.dtype, ...)` to get the future behavour.
  return anndata.AnnData(concatenated_matrix, obs=adata.obs, var=var_combined)
Shape of BANKSY matrix: (365721, 1668)
Type of banksy_matrix: <class 'anndata._core.anndata.AnnData'>

[banksy] BANKSY matrix shape: 365721 x 1668

[pca] pre-Harmony PCA
Current decay types: ['scaled_gaussian']

Reducing dims of dataset in (Index = scaled_gaussian, lambda = 0.2)
==================================================

Setting the total number of PC = 30
Original shape of matrix: (365721, 1668)
Reduced shape of matrix: (365721, 30)
------------------------------------------------------------
min_value = -20.876556396484375, mean = -8.209961379179731e-06, max = 33.05751037597656

  [plot] saved pca_preharmony_by_slice_id.png
  [plot] saved pca_preharmony_by_domain_true.png
  [plot] saved pca_preharmony_by_cell_type_true.png

[harmony] batch_key=slice_id
2026-09-10 11:16:13,949 - harmonypy - INFO - Running Harmony
2026-09-10 11:16:13,949 - harmonypy - INFO -   Parameters:
2026-09-10 11:16:13,949 - harmonypy - INFO -     max_iter_harmony: 10
2026-09-10 11:16:13,949 - harmonypy - INFO -     max_iter_kmeans: 4
2026-09-10 11:16:13,949 - harmonypy - INFO -     epsilon_cluster: 0.001
2026-09-10 11:16:13,949 - harmonypy - INFO -     epsilon_harmony: 0.01
2026-09-10 11:16:13,949 - harmonypy - INFO -     nclust: 100
2026-09-10 11:16:13,949 - harmonypy - INFO -     block_size: 0.05
2026-09-10 11:16:13,949 - harmonypy - INFO -     lamb: dynamic (alpha=0.2)
2026-09-10 11:16:13,950 - harmonypy - INFO -     theta: [2. 2. 2. 2. 2. 2. 2. 2. 2. 2.]
2026-09-10 11:16:13,950 - harmonypy - INFO -     sigma: [0.1 0.1 0.1 0.1 0.1]...
2026-09-10 11:16:13,950 - harmonypy - INFO -     verbose: True
2026-09-10 11:16:13,950 - harmonypy - INFO -     random_state: 0
2026-09-10 11:16:13,950 - harmonypy - INFO -   Data: 30 PCs × 365721 cells
2026-09-10 11:16:13,950 - harmonypy - INFO -   Batch variables: ['slice_id']
2026-09-10 11:16:14,478 - harmonypy - INFO - Computing initial centroids...
2026-09-10 11:16:23,212 - harmonypy - INFO - Initialization complete.
2026-09-10 11:16:23,213 - harmonypy - INFO - Iteration 1 of 10
2026-09-10 11:16:32,633 - harmonypy - INFO - Converged after 1 iteration
  [plot] saved pca_postharmony_by_slice_id.png
  [plot] saved pca_postharmony_by_domain_true.png
  [plot] saved pca_postharmony_by_cell_type_true.png

[save] sim_paper/data/figure_3/banksy_lambda_kgeom_sweep_16um/bin/lam0.2_kg60/banksy_matrix/simulation_bin_z_banksy_pca_harmony_qc.h5ad
[save] done
[2/3 ari] resolution-matched Leiden ARI vs domain_true / cell_type_true
/dcs04/hicks/data/Jan/sim_project/sim_paper/env/albis-tutorial/lib/python3.10/site-packages/louvain/__init__.py:54: UserWarning: pkg_resources is deprecated as an API. See https://setuptools.pypa.io/en/latest/pkg_resources.html. The pkg_resources package is slated for removal as early as 2025-11-30. Refrain from using this package or pin to Setuptools<81.
  from pkg_resources import get_distribution, DistributionNotFound
[load] sim_paper/data/figure_3/banksy_lambda_kgeom_sweep_16um/bin/lam0.2_kg60/banksy_matrix/simulation_bin_z_banksy_pca_harmony_qc.h5ad
[load] AnnData shape: 365721 x 1668
[neighbors] n_pcs=30 n_neighbors=15
[ari] domain_true: target_k=6
[ari] domain_true: resolution=0.0107 achieved_k=6 (target 6)  ARI=0.0282
[ari] cell_type_true: target_k=8
[ari] cell_type_true: resolution=0.0334 achieved_k=8 (target 8)  ARI=0.0020
[save] sim_paper/data/figure_3/banksy_lambda_kgeom_sweep_16um/bin/lam0.2_kg60/ari/ari_summary_bin.json
[save] sim_paper/data/figure_3/banksy_lambda_kgeom_sweep_16um/bin/lam0.2_kg60/ari/simulation_bin_z_ari_recovery.h5ad
[3/3 composition] scoring (+ slice_id leakage ARI)
[score] bin_lam0.2_kg60  <-  sim_paper/data/figure_3/banksy_lambda_kgeom_sweep_16um/bin/lam0.2_kg60/ari/simulation_bin_z_ari_recovery.h5ad
  [bin_lam0.2_kg60/cell_type] ARI=0.002 V=0.003 | JSD=0.477 meanR=0.048 R2=0.003 (oracle 0.742) | kNN=0.487 (chance 0.129) | eff#cats=2.26  (leak 0.92)
  [bin_lam0.2_kg60/domain] ARI=0.028 V=0.038 | JSD=0.598 meanR=0.115 R2=0.023 (oracle 0.957) | kNN=0.429 (chance 0.167) | eff#cats=1.00  (leak 0.65)
       modality  n_obs     level      ari  v_measure  comp_mean_pearson  comp_mean_jsd  comp_r2  comp_r2_oracle  comp_r2_frac_of_oracle  ari_oracle  ari_frac_of_oracle  knn_concordance  knn_chance  eff_cats_per_obs_median  frac_obs_ge80pct  slice_id_leakage_ari
bin_lam0.2_kg60 365721 cell_type 0.002031   0.003048           0.047502       0.477484 0.003152        0.741889                0.004248    0.964096            0.002107         0.487464    0.129361                 2.259298          0.263294              0.917078
bin_lam0.2_kg60 365721    domain 0.028249   0.037874           0.114681       0.598129 0.022772        0.957057                0.023794    0.998511            0.028291         0.428821    0.167352                 1.000000          0.869893              0.647402
[done] task 10  ->  sim_paper/data/figure_3/banksy_lambda_kgeom_sweep_16um/bin/lam0.2_kg60
