[task 15] MOD=bin lambda=0.8 k_geom=15  tag=packing_pf0p04_bsigma05_strongdomainmix
[1/3 banksy] building matrix (lambda=0.8, k_geom=15, stagger=5, skip-umap)
[load] sim_paper/data/noisy/packing_pf0p04_bsigma05_strongdomainmix/simulation_bin_z_qc.h5ad
[load] AnnData shape: 716022 x 556
[stagger] offsetting each slice's x coordinate so slices don't overlap
  slice 0: offset x by 0.0
  slice 1: offset x by 11080.0
  slice 2: offset x by 22160.0
  slice 3: offset x by 33240.0
  slice 4: offset x by 44320.0
  slice 5: offset x by 55400.0
  slice 6: offset x by 66480.0
  slice 7: offset x by 77560.0
  slice 8: offset x by 88640.0
  slice 9: offset x by 99720.0

[normalize] normalize_total (no log1p -- BANKSY expects normalized, non-log counts here)
[hvg] skipped -- using all 556 genes (matches pca_harmony.py's convention)
/dcs04/hicks/data/Jan/sim_project/sim_paper/env/sim-app-banksy/lib/python3.10/site-packages/scanpy/preprocessing/_normalization.py:197: UserWarning: Some cells have zero counts
  warn(UserWarning('Some cells have zero counts'))

[banksy] k_geom=15 max_m=1 lambda=0.8 decay=scaled_gaussian

Median distance to closest cell = 8.0

---- Ran median_dist_to_nearest_neighbour in 1.91 s ----

---- Ran generate_spatial_distance_graph in 3.85 s ----

---- Ran row_normalize in 2.00 s ----

---- Ran generate_spatial_weights_fixed_nbrs in 16.90 s ----

---- Ran generate_spatial_distance_graph in 5.84 s ----

---- Ran theta_from_spatial_graph in 4.09 s ----

---- Ran row_normalize in 1.99 s ----

---- Ran generate_spatial_weights_fixed_nbrs in 23.60 s ----

Runtime Sep-09-2026-02-55

556 genes to be analysed:
Gene List:
Index(['G1', 'G2', 'G3', 'G4', 'G5', 'G6', 'G7', 'G8', 'G9', 'G10',
       ...
       'G547', 'G548', 'G549', 'G550', 'G551', 'G552', 'G553', 'G554', 'G555',
       'G556'],
      dtype='object', length=556)

Check if X contains only finite (non-NAN) values
Decay Type: scaled_gaussian
Weights Object: {'weights': {0: <716022x716022 sparse matrix of type '<class 'numpy.float64'>'
	with 10740330 stored elements in Compressed Sparse Row format>, 1: <716022x716022 sparse matrix of type '<class 'numpy.complex128'>'
	with 21480660 stored elements in Compressed Sparse Row format>}}

Nbr matrix | Mean: 17.98 | Std: 34.62
Size of Nbr | Shape: (716022, 556)
Top 3 entries of Nbr Mat:

[[ 4.59765904 16.97271759  0.        ]
 [ 6.60380236 12.84748898  0.        ]
 [ 1.7292708   3.46637185  0.        ]]

AGF matrix | Mean: 7.25 | Std: 17.1
Size of AGF mat (m = 1) | Shape: (716022, 556)
Top entries of AGF:
[[8.52376028 0.84679916 0.        ]
 [1.98091986 1.74098962 0.        ]
 [5.57122826 0.75445553 0.        ]]
Ran 'Create BANKSY Matrix' in 0.82 mins

Cell by gene matrix has shape (716022, 556)

Scale factors squared: [0.2        0.53333333 0.26666667]
Scale factors: [0.4472136  0.73029674 0.51639778]
/dcs04/hicks/data/Jan/sim_project/sim_paper/env/sim-app-banksy/lib/python3.10/site-packages/banksy/main.py:368: FutureWarning: X.dtype being converted to np.float32 from float64. In the next version of anndata (0.9) conversion will not be automatic. Pass dtype explicitly to avoid this warning. Pass `AnnData(X, dtype=X.dtype, ...)` to get the future behavour.
  return anndata.AnnData(concatenated_matrix, obs=adata.obs, var=var_combined)
Shape of BANKSY matrix: (716022, 1668)
Type of banksy_matrix: <class 'anndata._core.anndata.AnnData'>

[banksy] BANKSY matrix shape: 716022 x 1668

[pca] pre-Harmony PCA
Current decay types: ['scaled_gaussian']

Reducing dims of dataset in (Index = scaled_gaussian, lambda = 0.8)
==================================================

Setting the total number of PC = 30
Original shape of matrix: (716022, 1668)
Reduced shape of matrix: (716022, 30)
------------------------------------------------------------
min_value = -19.574487686157227, mean = 6.263201157707954e-07, max = 28.48312759399414

  [plot] saved pca_preharmony_by_slice_id.png
  [plot] saved pca_preharmony_by_domain_true.png
  [plot] saved pca_preharmony_by_cell_type_true.png

[harmony] batch_key=slice_id
2026-09-09 02:58:39,675 - harmonypy - INFO - Running Harmony
2026-09-09 02:58:39,676 - harmonypy - INFO -   Parameters:
2026-09-09 02:58:39,676 - harmonypy - INFO -     max_iter_harmony: 10
2026-09-09 02:58:39,676 - harmonypy - INFO -     max_iter_kmeans: 4
2026-09-09 02:58:39,676 - harmonypy - INFO -     epsilon_cluster: 0.001
2026-09-09 02:58:39,676 - harmonypy - INFO -     epsilon_harmony: 0.01
2026-09-09 02:58:39,676 - harmonypy - INFO -     nclust: 100
2026-09-09 02:58:39,676 - harmonypy - INFO -     block_size: 0.05
2026-09-09 02:58:39,676 - harmonypy - INFO -     lamb: dynamic (alpha=0.2)
2026-09-09 02:58:39,676 - harmonypy - INFO -     theta: [2. 2. 2. 2. 2. 2. 2. 2. 2. 2.]
2026-09-09 02:58:39,676 - harmonypy - INFO -     sigma: [0.1 0.1 0.1 0.1 0.1]...
2026-09-09 02:58:39,676 - harmonypy - INFO -     verbose: True
2026-09-09 02:58:39,676 - harmonypy - INFO -     random_state: 0
2026-09-09 02:58:39,676 - harmonypy - INFO -   Data: 30 PCs × 716022 cells
2026-09-09 02:58:39,676 - harmonypy - INFO -   Batch variables: ['slice_id']
2026-09-09 02:58:40,434 - harmonypy - INFO - Computing initial centroids...
2026-09-09 02:58:55,634 - harmonypy - INFO - Initialization complete.
2026-09-09 02:58:55,634 - harmonypy - INFO - Iteration 1 of 10
2026-09-09 02:59:10,746 - harmonypy - INFO - Iteration 2 of 10
2026-09-09 02:59:26,683 - harmonypy - INFO - Converged after 2 iterations
  [plot] saved pca_postharmony_by_slice_id.png
  [plot] saved pca_postharmony_by_domain_true.png
  [plot] saved pca_postharmony_by_cell_type_true.png

[save] sim_paper/data/figure_3/banksy_lambda_kgeom_sweep/bin/lam0.8_kg15/banksy_matrix/simulation_bin_z_banksy_pca_harmony_qc.h5ad
[save] done
[2/3 ari] resolution-matched Leiden ARI vs domain_true / cell_type_true
/dcs04/hicks/data/Jan/sim_project/sim_paper/env/albis-tutorial/lib/python3.10/site-packages/louvain/__init__.py:54: UserWarning: pkg_resources is deprecated as an API. See https://setuptools.pypa.io/en/latest/pkg_resources.html. The pkg_resources package is slated for removal as early as 2025-11-30. Refrain from using this package or pin to Setuptools<81.
  from pkg_resources import get_distribution, DistributionNotFound
[load] sim_paper/data/figure_3/banksy_lambda_kgeom_sweep/bin/lam0.8_kg15/banksy_matrix/simulation_bin_z_banksy_pca_harmony_qc.h5ad
[load] AnnData shape: 716022 x 1668
[neighbors] n_pcs=30 n_neighbors=15
[ari] domain_true: target_k=6
[ari] domain_true: resolution=0.0626 achieved_k=6 (target 6)  ARI=0.0063
[ari] cell_type_true: target_k=8
[ari] cell_type_true: resolution=0.1034 achieved_k=8 (target 8)  ARI=0.0034
[save] sim_paper/data/figure_3/banksy_lambda_kgeom_sweep/bin/lam0.8_kg15/ari/ari_summary_bin.json
[save] sim_paper/data/figure_3/banksy_lambda_kgeom_sweep/bin/lam0.8_kg15/ari/simulation_bin_z_ari_recovery.h5ad
[3/3 composition] scoring (+ slice_id leakage ARI)
[score] bin_lam0.8_kg15  <-  sim_paper/data/figure_3/banksy_lambda_kgeom_sweep/bin/lam0.8_kg15/ari/simulation_bin_z_ari_recovery.h5ad
  [bin_lam0.8_kg15/cell_type] ARI=0.003 V=0.014 | JSD=0.546 meanR=0.097 R2=0.014 (oracle 0.852) | kNN=0.386 (chance 0.133) | eff#cats=1.70  (leak 0.56)
  [bin_lam0.8_kg15/domain] ARI=0.006 V=0.098 | JSD=0.544 meanR=0.218 R2=0.095 (oracle 0.969) | kNN=0.544 (chance 0.189) | eff#cats=1.00  (leak 0.28)
       modality  n_obs     level      ari  v_measure  comp_mean_pearson  comp_mean_jsd  comp_r2  comp_r2_oracle  comp_r2_frac_of_oracle  ari_oracle  ari_frac_of_oracle  knn_concordance  knn_chance  eff_cats_per_obs_median  frac_obs_ge80pct  slice_id_leakage_ari
bin_lam0.8_kg15 716022 cell_type 0.003398   0.014312           0.096925       0.545656 0.013642        0.852306                0.016005    0.986534            0.003445         0.385584    0.132655                 1.700132          0.521772              0.560588
bin_lam0.8_kg15 716022    domain 0.006282   0.098150           0.217813       0.543800 0.095240        0.969011                0.098286    0.998578            0.006291         0.544457    0.189006                 1.000000          0.908446              0.284059
[done] task 15  ->  sim_paper/data/figure_3/banksy_lambda_kgeom_sweep/bin/lam0.8_kg15
