[task 16] MOD=bin lambda=0.8 k_geom=60  tag=packing_pf0p04_bsigma05_strongdomainmix
[1/3 banksy] building matrix (lambda=0.8, k_geom=60, stagger=5, skip-umap)
[load] sim_paper/data/noisy/packing_pf0p04_bsigma05_strongdomainmix/simulation_bin_z_qc.h5ad
[load] AnnData shape: 716022 x 556
[stagger] offsetting each slice's x coordinate so slices don't overlap
  slice 0: offset x by 0.0
  slice 1: offset x by 11080.0
  slice 2: offset x by 22160.0
  slice 3: offset x by 33240.0
  slice 4: offset x by 44320.0
  slice 5: offset x by 55400.0
  slice 6: offset x by 66480.0
  slice 7: offset x by 77560.0
  slice 8: offset x by 88640.0
  slice 9: offset x by 99720.0

[normalize] normalize_total (no log1p -- BANKSY expects normalized, non-log counts here)
[hvg] skipped -- using all 556 genes (matches pca_harmony.py's convention)
/dcs04/hicks/data/Jan/sim_project/sim_paper/env/sim-app-banksy/lib/python3.10/site-packages/scanpy/preprocessing/_normalization.py:197: UserWarning: Some cells have zero counts
  warn(UserWarning('Some cells have zero counts'))

[banksy] k_geom=60 max_m=1 lambda=0.8 decay=scaled_gaussian

Median distance to closest cell = 8.0

---- Ran median_dist_to_nearest_neighbour in 1.79 s ----

---- Ran generate_spatial_distance_graph in 9.80 s ----

---- Ran row_normalize in 1.90 s ----

---- Ran generate_spatial_weights_fixed_nbrs in 22.74 s ----

---- Ran generate_spatial_distance_graph in 17.48 s ----

---- Ran theta_from_spatial_graph in 6.39 s ----

---- Ran row_normalize in 1.92 s ----

---- Ran generate_spatial_weights_fixed_nbrs in 39.29 s ----

Runtime Sep-09-2026-03-10

556 genes to be analysed:
Gene List:
Index(['G1', 'G2', 'G3', 'G4', 'G5', 'G6', 'G7', 'G8', 'G9', 'G10',
       ...
       'G547', 'G548', 'G549', 'G550', 'G551', 'G552', 'G553', 'G554', 'G555',
       'G556'],
      dtype='object', length=556)

Check if X contains only finite (non-NAN) values
Decay Type: scaled_gaussian
Weights Object: {'weights': {0: <716022x716022 sparse matrix of type '<class 'numpy.float64'>'
	with 42961320 stored elements in Compressed Sparse Row format>, 1: <716022x716022 sparse matrix of type '<class 'numpy.complex128'>'
	with 85922640 stored elements in Compressed Sparse Row format>}}

Nbr matrix | Mean: 17.98 | Std: 26.09
Size of Nbr | Shape: (716022, 556)
Top 3 entries of Nbr Mat:

[[120.55992962  16.19470801   0.15250905]
 [ 60.7522497   13.64396801   0.44822619]
 [ 71.14904751   9.7179082    0.46668037]]

AGF matrix | Mean: 4.6 | Std: 9.28
Size of AGF mat (m = 1) | Shape: (716022, 556)
Top entries of AGF:
[[4.71722911e+01 1.72157257e+00 4.25256205e-02]
 [2.17926207e+01 1.24656127e+00 1.26119809e-01]
 [3.10662386e+01 1.07070242e+00 1.44539767e-01]]
Ran 'Create BANKSY Matrix' in 2.41 mins

Cell by gene matrix has shape (716022, 556)

Scale factors squared: [0.2        0.53333333 0.26666667]
Scale factors: [0.4472136  0.73029674 0.51639778]
/dcs04/hicks/data/Jan/sim_project/sim_paper/env/sim-app-banksy/lib/python3.10/site-packages/banksy/main.py:368: FutureWarning: X.dtype being converted to np.float32 from float64. In the next version of anndata (0.9) conversion will not be automatic. Pass dtype explicitly to avoid this warning. Pass `AnnData(X, dtype=X.dtype, ...)` to get the future behavour.
  return anndata.AnnData(concatenated_matrix, obs=adata.obs, var=var_combined)
Shape of BANKSY matrix: (716022, 1668)
Type of banksy_matrix: <class 'anndata._core.anndata.AnnData'>

[banksy] BANKSY matrix shape: 716022 x 1668

[pca] pre-Harmony PCA
Current decay types: ['scaled_gaussian']

Reducing dims of dataset in (Index = scaled_gaussian, lambda = 0.8)
==================================================

Setting the total number of PC = 30
Original shape of matrix: (716022, 1668)
Reduced shape of matrix: (716022, 30)
------------------------------------------------------------
min_value = -15.435733795166016, mean = -2.6257808372065483e-07, max = 28.221651077270508

  [plot] saved pca_preharmony_by_slice_id.png
  [plot] saved pca_preharmony_by_domain_true.png
  [plot] saved pca_preharmony_by_cell_type_true.png

[harmony] batch_key=slice_id
2026-09-09 03:15:05,554 - harmonypy - INFO - Running Harmony
2026-09-09 03:15:05,554 - harmonypy - INFO -   Parameters:
2026-09-09 03:15:05,554 - harmonypy - INFO -     max_iter_harmony: 10
2026-09-09 03:15:05,554 - harmonypy - INFO -     max_iter_kmeans: 4
2026-09-09 03:15:05,554 - harmonypy - INFO -     epsilon_cluster: 0.001
2026-09-09 03:15:05,554 - harmonypy - INFO -     epsilon_harmony: 0.01
2026-09-09 03:15:05,554 - harmonypy - INFO -     nclust: 100
2026-09-09 03:15:05,554 - harmonypy - INFO -     block_size: 0.05
2026-09-09 03:15:05,554 - harmonypy - INFO -     lamb: dynamic (alpha=0.2)
2026-09-09 03:15:05,554 - harmonypy - INFO -     theta: [2. 2. 2. 2. 2. 2. 2. 2. 2. 2.]
2026-09-09 03:15:05,554 - harmonypy - INFO -     sigma: [0.1 0.1 0.1 0.1 0.1]...
2026-09-09 03:15:05,554 - harmonypy - INFO -     verbose: True
2026-09-09 03:15:05,554 - harmonypy - INFO -     random_state: 0
2026-09-09 03:15:05,554 - harmonypy - INFO -   Data: 30 PCs × 716022 cells
2026-09-09 03:15:05,554 - harmonypy - INFO -   Batch variables: ['slice_id']
2026-09-09 03:15:06,363 - harmonypy - INFO - Computing initial centroids...
2026-09-09 03:15:21,319 - harmonypy - INFO - Initialization complete.
2026-09-09 03:15:21,320 - harmonypy - INFO - Iteration 1 of 10
2026-09-09 03:15:31,602 - harmonypy - INFO - Converged after 1 iteration
  [plot] saved pca_postharmony_by_slice_id.png
  [plot] saved pca_postharmony_by_domain_true.png
  [plot] saved pca_postharmony_by_cell_type_true.png

[save] sim_paper/data/figure_3/banksy_lambda_kgeom_sweep/bin/lam0.8_kg60/banksy_matrix/simulation_bin_z_banksy_pca_harmony_qc.h5ad
[save] done
[2/3 ari] resolution-matched Leiden ARI vs domain_true / cell_type_true
/dcs04/hicks/data/Jan/sim_project/sim_paper/env/albis-tutorial/lib/python3.10/site-packages/louvain/__init__.py:54: UserWarning: pkg_resources is deprecated as an API. See https://setuptools.pypa.io/en/latest/pkg_resources.html. The pkg_resources package is slated for removal as early as 2025-11-30. Refrain from using this package or pin to Setuptools<81.
  from pkg_resources import get_distribution, DistributionNotFound
[load] sim_paper/data/figure_3/banksy_lambda_kgeom_sweep/bin/lam0.8_kg60/banksy_matrix/simulation_bin_z_banksy_pca_harmony_qc.h5ad
[load] AnnData shape: 716022 x 1668
[neighbors] n_pcs=30 n_neighbors=15
[ari] domain_true: target_k=6
[ari] domain_true: resolution=0.0334 achieved_k=10 (target 6)  ARI=0.0937
[ari] cell_type_true: target_k=8
[ari] cell_type_true: resolution=0.0334 achieved_k=10 (target 8)  ARI=0.0094
[save] sim_paper/data/figure_3/banksy_lambda_kgeom_sweep/bin/lam0.8_kg60/ari/ari_summary_bin.json
[save] sim_paper/data/figure_3/banksy_lambda_kgeom_sweep/bin/lam0.8_kg60/ari/simulation_bin_z_ari_recovery.h5ad
[3/3 composition] scoring (+ slice_id leakage ARI)
[score] bin_lam0.8_kg60  <-  sim_paper/data/figure_3/banksy_lambda_kgeom_sweep/bin/lam0.8_kg60/ari/simulation_bin_z_ari_recovery.h5ad
  [bin_lam0.8_kg60/cell_type] ARI=0.009 V=0.014 | JSD=0.545 meanR=0.101 R2=0.015 (oracle 0.852) | kNN=0.258 (chance 0.133) | eff#cats=1.70  (leak 1.00)
  [bin_lam0.8_kg60/domain] ARI=0.094 V=0.137 | JSD=0.503 meanR=0.272 R2=0.148 (oracle 0.969) | kNN=0.735 (chance 0.189) | eff#cats=1.00  (leak 1.00)
       modality  n_obs     level      ari  v_measure  comp_mean_pearson  comp_mean_jsd  comp_r2  comp_r2_oracle  comp_r2_frac_of_oracle  ari_oracle  ari_frac_of_oracle  knn_concordance  knn_chance  eff_cats_per_obs_median  frac_obs_ge80pct  slice_id_leakage_ari
bin_lam0.8_kg60 716022 cell_type 0.009409   0.013768           0.100978       0.544763 0.014794        0.852306                0.017357    0.986534            0.009538         0.258093    0.132655                 1.700132          0.521772                   1.0
bin_lam0.8_kg60 716022    domain 0.093699   0.136694           0.271685       0.502517 0.148335        0.969011                0.153079    0.998578            0.093833         0.734673    0.189006                 1.000000          0.908446                   1.0
[done] task 16  ->  sim_paper/data/figure_3/banksy_lambda_kgeom_sweep/bin/lam0.8_kg60
