Job started: Thu Aug 27 09:56:07 AM EDT 2026   host=compute-157.cm.cluster   idx=0
point: spot_bs0.30   modality=spot   batch_sigma=0.30
gen: --sphere-r-um 2050 --base-gene-lognormal -2.5 0.7 --batch-sigma 0.30 --out-tag batch_opt2_spot_bs0.30
[generate] batch_opt2_spot_bs0.30
Python: /dcs04/hicks/data/Jan/sim_project/sim_app/env/sim-app-tutorial/bin/python
sim_app module: /dcs04/hicks/data/Jan/sim_project/sim_app/sim_app/__init__.py
sim_app version: 0.1.0

Generating spot data for slice axis Z with theta=2.0, theta_jitter=1.0, noise_scale=1.3, batch_sigma=0.3, base_gene_lognormal=(-2.5, 0.7), n_cells=600000, cell_r_mean=7.5, allow_cell_overlap=False, sphere_r_um=2050.0, capture_window_um=2220.833333333333, core_fuzz_width_um=102.5, max_shift=1025.0, bin_size_um=8.0

Generated AnnData:
AnnData object with n_obs × n_vars = 5290 × 556
    obs: 'slice_axis', 'slice_id', 'spot_spacing_um', 'spot_radius_um', 'window_center0', 'window_center1', 'window_size0', 'window_size1', 'plane_dim0', 'plane_dim1', 'cell_type_true', 'domain_true'
    var: 'gene_class', 'is_noise', 'is_shared_marker'
    uns: 'batch_effect_factors', 'rigid_perturb_inplane', 'output', 'sim_params'
    obsm: 'spatial', 'cell_type_frac_true', 'domain_frac_true', 'spatial_3d', 'spatial_unaligned', 'spatial_3d_unaligned'
    layers: 'counts_pre_batch'

[nb] empirical theta_hat = 4.10 (real data fits ~0.15-0.16 via count_distribution.py --compare-input; lower --theta further if this is still much higher)

Summary:
{
  "n_obs": 5290,
  "n_vars": 556,
  "total_counts": 6727770,
  "nonzero_counts": 1685587,
  "platform": "spot",
  "slice_axis": "Z",
  "n_slices": 10,
  "slice_ids": [
    0,
    1,
    2,
    3,
    4,
    5,
    6,
    7,
    8,
    9
  ],
  "obs_columns": [
    "slice_axis",
    "slice_id",
    "spot_spacing_um",
    "spot_radius_um",
    "window_center0",
    "window_center1",
    "window_size0",
    "window_size1",
    "plane_dim0",
    "plane_dim1",
    "cell_type_true",
    "domain_true"
  ],
  "var_columns": [
    "gene_class",
    "is_noise",
    "is_shared_marker"
  ],
  "layers": [
    "counts_pre_batch"
  ],
  "obsm_keys": [
    "spatial",
    "cell_type_frac_true",
    "domain_frac_true",
    "spatial_3d",
    "spatial_unaligned",
    "spatial_3d_unaligned"
  ],
  "uns_keys": [
    "batch_effect_factors",
    "rigid_perturb_inplane",
    "output",
    "sim_params"
  ],
  "truth_annotations": [
    "layers['counts_pre_batch']",
    "obs['cell_type_true']",
    "obs['domain_true']",
    "obsm['cell_type_frac_true']",
    "obsm['domain_frac_true']"
  ]
}

Saved summary -> /dcs04/hicks/data/Jan/sim_project/sim_paper/data/noisy/batch_opt2_spot_bs0.30/simulation_spot_z_summary.json

Generating diagnostic plots...
  saved /dcs04/hicks/data/Jan/sim_project/sim_paper/data/noisy/batch_opt2_spot_bs0.30/plots/simulation_spot_z/01_aligned_domain_true.png
  saved /dcs04/hicks/data/Jan/sim_project/sim_paper/data/noisy/batch_opt2_spot_bs0.30/plots/simulation_spot_z/02_aligned_cell_type_true.png
  saved /dcs04/hicks/data/Jan/sim_project/sim_paper/data/noisy/batch_opt2_spot_bs0.30/plots/simulation_spot_z/03_unaligned_slice_id.png
  saved /dcs04/hicks/data/Jan/sim_project/sim_paper/data/noisy/batch_opt2_spot_bs0.30/plots/simulation_spot_z/04_qc_count_distributions.png
  saved /dcs04/hicks/data/Jan/sim_project/sim_paper/data/noisy/batch_opt2_spot_bs0.30/plots/simulation_spot_z/05_spots_per_slice.png
  saved /dcs04/hicks/data/Jan/sim_project/sim_paper/data/noisy/batch_opt2_spot_bs0.30/plots/simulation_spot_z/06_domain_composition_per_slice.png

All diagnostic plots saved under /dcs04/hicks/data/Jan/sim_project/sim_paper/data/noisy/batch_opt2_spot_bs0.30/plots/simulation_spot_z

Saved dataset -> /dcs04/hicks/data/Jan/sim_project/sim_paper/data/noisy/batch_opt2_spot_bs0.30/simulation_spot_z.h5ad
[qc] batch_opt2_spot_bs0.30
/dcs04/hicks/data/Jan/sim_project/sim_app/env/sim-app-tutorial/lib/python3.10/site-packages/louvain/__init__.py:54: UserWarning: pkg_resources is deprecated as an API. See https://setuptools.pypa.io/en/latest/pkg_resources.html. The pkg_resources package is slated for removal as early as 2025-11-30. Refrain from using this package or pin to Setuptools<81.
  from pkg_resources import get_distribution, DistributionNotFound
[load] /dcs04/hicks/data/Jan/sim_project/sim_paper/data/noisy/batch_opt2_spot_bs0.30/simulation_spot_z.h5ad
[load] AnnData shape: 5290 x 556
[qc] fully-empty (total_counts == 0): 164 (3.10%)
[qc] near-empty (0 < total_counts, n_genes < 3): 7 (0.13%)
[qc] dropped 171 observations (3.23%); 5119 remain
[save] /dcs04/hicks/data/Jan/sim_project/sim_paper/data/noisy/batch_opt2_spot_bs0.30/simulation_spot_z_qc_summary.json
[save] /dcs04/hicks/data/Jan/sim_project/sim_paper/data/noisy/batch_opt2_spot_bs0.30/simulation_spot_z_qc.h5ad
[pca_harmony] -> sim_paper/data/figure_3/batch_sigma_sweep/batch_opt2_spot_bs0.30/pca_harmony_qc/simulation_spot_z_pca_harmony_qc.h5ad
/dcs04/hicks/data/Jan/sim_project/sim_app/env/sim-app-tutorial/lib/python3.10/site-packages/louvain/__init__.py:54: UserWarning: pkg_resources is deprecated as an API. See https://setuptools.pypa.io/en/latest/pkg_resources.html. The pkg_resources package is slated for removal as early as 2025-11-30. Refrain from using this package or pin to Setuptools<81.
  from pkg_resources import get_distribution, DistributionNotFound
[load] sim_paper/data/noisy/batch_opt2_spot_bs0.30/simulation_spot_z_qc.h5ad
[load] AnnData shape: 5119 observations x 556 genes
[pca] Running PCA with 30 components over all genes
/dcs04/hicks/data/Jan/sim_project/sim_app/env/sim-app-tutorial/lib/python3.10/functools.py:889: UserWarning: zero-centering a sparse array/matrix densifies it.
  return dispatch(args[0].__class__)(*args, **kw)
/dcs04/hicks/data/Jan/sim_project/sim_app/env/sim-app-tutorial/lib/python3.10/site-packages/scanpy/preprocessing/_pca/__init__.py:226: FutureWarning: Argument `use_highly_variable` is deprecated, consider using the mask argument. Use_highly_variable=True can be called through mask_var="highly_variable". Use_highly_variable=False can be called through mask_var=None
  mask_var_param, mask_var = _handle_mask_var(
[harmony] Correcting X_pca_pre_harmony by obs['slice_id']
2026-08-27 09:59:05,500 - harmonypy - INFO - Running Harmony
2026-08-27 09:59:05,500 - harmonypy - INFO -   Parameters:
2026-08-27 09:59:05,500 - harmonypy - INFO -     max_iter_harmony: 10
2026-08-27 09:59:05,500 - harmonypy - INFO -     max_iter_kmeans: 4
2026-08-27 09:59:05,500 - harmonypy - INFO -     epsilon_cluster: 0.001
2026-08-27 09:59:05,500 - harmonypy - INFO -     epsilon_harmony: 0.01
2026-08-27 09:59:05,500 - harmonypy - INFO -     nclust: 100
2026-08-27 09:59:05,500 - harmonypy - INFO -     block_size: 0.05
2026-08-27 09:59:05,500 - harmonypy - INFO -     lamb: dynamic (alpha=0.2)
2026-08-27 09:59:05,500 - harmonypy - INFO -     theta: [2. 2. 2. 2. 2. 2. 2. 2. 2. 2.]
2026-08-27 09:59:05,500 - harmonypy - INFO -     sigma: [0.1 0.1 0.1 0.1 0.1]...
2026-08-27 09:59:05,501 - harmonypy - INFO -     verbose: True
2026-08-27 09:59:05,501 - harmonypy - INFO -     random_state: 0
2026-08-27 09:59:05,501 - harmonypy - INFO -   Data: 30 PCs × 5119 cells
2026-08-27 09:59:05,501 - harmonypy - INFO -   Batch variables: ['slice_id']
2026-08-27 09:59:05,505 - harmonypy - INFO - Computing initial centroids...
2026-08-27 09:59:05,608 - harmonypy - INFO - Initialization complete.
2026-08-27 09:59:05,608 - harmonypy - INFO - Iteration 1 of 10
2026-08-27 09:59:05,671 - harmonypy - INFO - Iteration 2 of 10
2026-08-27 09:59:05,737 - harmonypy - INFO - Iteration 3 of 10
2026-08-27 09:59:05,803 - harmonypy - INFO - Iteration 4 of 10
2026-08-27 09:59:05,873 - harmonypy - INFO - Iteration 5 of 10
2026-08-27 09:59:05,939 - harmonypy - INFO - Iteration 6 of 10
2026-08-27 09:59:06,003 - harmonypy - INFO - Converged after 6 iterations
[plot] Saving PCA before/after plots under sim_paper/data/figure_3/batch_sigma_sweep/batch_opt2_spot_bs0.30/pca_harmony_qc/plots
[umap] Computing UMAP before Harmony from PCA
[umap] Computing UMAP after Harmony from PCA
[plot] Saving before/after UMAP plots under sim_paper/data/figure_3/batch_sigma_sweep/batch_opt2_spot_bs0.30/pca_harmony_qc/plots
[pc_pairs] Plotting PC pairs by slice_id under sim_paper/data/figure_3/batch_sigma_sweep/batch_opt2_spot_bs0.30/pca_harmony_qc/plots/pc_pairs
[pc_pairs] Plotting 30 PCs (15 adjacent pairs) using all observations
[pc_pairs] Saved -> sim_paper/data/figure_3/batch_sigma_sweep/batch_opt2_spot_bs0.30/pca_harmony_qc/plots/pc_pairs/by_slice_id/pc_pairs_pre_harmony_by_slice_id.png
[pc_pairs] Saved -> sim_paper/data/figure_3/batch_sigma_sweep/batch_opt2_spot_bs0.30/pca_harmony_qc/plots/pc_pairs/by_slice_id/pc_pairs_post_harmony_by_slice_id.png
[save] sim_paper/data/figure_3/batch_sigma_sweep/batch_opt2_spot_bs0.30/pca_harmony_qc/simulation_spot_z_pca_harmony_qc.h5ad
[count_distribution] vs breast_cancer_visium (full_panel, slice 5, --use-batch-effect)
/dcs04/hicks/data/Jan/sim_project/sim_app/env/sim-app-tutorial/lib/python3.10/site-packages/louvain/__init__.py:54: UserWarning: pkg_resources is deprecated as an API. See https://setuptools.pypa.io/en/latest/pkg_resources.html. The pkg_resources package is slated for removal as early as 2025-11-30. Refrain from using this package or pin to Setuptools<81.
  from pkg_resources import get_distribution, DistributionNotFound
[load] primary: sim_paper/data/noisy/batch_opt2_spot_bs0.30/simulation_spot_z.h5ad
[load] primary shape: 5290 observations x 556 genes
[slice] restricting to slice_id=5: 5290 -> 529 observations
[load] compare: sim_paper/data/real_data_qc/breast_cancer_visium/breast_cancer_visium_qc.h5ad
[load] compare shape: 4745 observations x 36601 genes
[nb] spot: theta_hat = 1.47, X used for mean-variance/total-counts
[sparsity] spot: 36.98% zero entries, 0.00% fully-empty cells
[nb] breast_cancer_visium: theta_hat = 1.39, X used for mean-variance/total-counts
[sparsity] breast_cancer_visium: 90.34% zero entries, 0.00% fully-empty cells
[save] Comparison plots written to sim_paper/data/figure_3/batch_sigma_sweep/batch_opt2_spot_bs0.30/countdist_breast_cancer_visium
[save] Numeric summary written to sim_paper/data/figure_3/batch_sigma_sweep/batch_opt2_spot_bs0.30/countdist_breast_cancer_visium/comparison_summary.json
[done] UMAP: sim_paper/data/figure_3/batch_sigma_sweep/batch_opt2_spot_bs0.30/pca_harmony_qc/plots/umap_pca_harmony_before_after_by_slice_id.png
Job finished: Thu Aug 27 09:59:43 AM EDT 2026
