[task 69] modality=cell batch_sigma=0.05 seed=202 lambda=0.5 k_geom=60 -> sim_paper/data/figure_3/cellbin_batch_sigma_slide/cell/bs0.05_seed202
[generate] cell_batch_slide_bs0.05_seed202
Python: /dcs04/hicks/data/Jan/sim_project/sim_paper/env/sim-app-banksy/bin/python
albis module: /dcs04/hicks/data/Jan/sim_project/albis/albis/__init__.py
albis version: 0.1.0

Generating cell data for slice axis Z with theta=0.4, theta_jitter=0.15, noise_scale=1.3, batch_sigma=0.05, base_gene_lognormal=(-2.5, 0.7), n_cells=24207, cell_r_mean=7.5, allow_cell_overlap=False, sphere_r_um=2050.0, capture_window_um=(12000.0, 24000.0), core_fuzz_width_um=102.5, max_shift=1025.0, bin_size_um=8.0, sync_unaligned_seed=False, seed=202
/dcs04/hicks/data/Jan/sim_project/albis/albis/simulation_sphere.py:1513: FutureWarning: X.dtype being converted to np.float32 from int32. In the next version of anndata (0.9) conversion will not be automatic. Pass dtype explicitly to avoid this warning. Pass `AnnData(X, dtype=X.dtype, ...)` to get the future behavour.
  adata_cell_true = ad.AnnData(X=X_cell_true, obs=cell_obs, var=var)
/dcs04/hicks/data/Jan/sim_project/albis/albis/simulation_sphere.py:1517: FutureWarning: X.dtype being converted to np.float32 from int32. In the next version of anndata (0.9) conversion will not be automatic. Pass dtype explicitly to avoid this warning. Pass `AnnData(X, dtype=X.dtype, ...)` to get the future behavour.
  adata_cell_obs = ad.AnnData(X=X_cell_obs, obs=cell_obs, var=var)

Generated AnnData:
AnnData object with n_obs × n_vars = 24207 × 556
    obs: 'domain_true', 'cell_type_true', 'cell_radius', 'cell_sigma_for_95pct', 'slice_id_X', 'slice_id_Y', 'slice_id_Z', 'slice_axis', 'slice_id'
    var: 'gene_class', 'is_noise', 'is_shared_marker'
    uns: 'sim_params', 'batch_effect_factors', 'rigid_perturb_inplane', 'output'
    obsm: 'spatial', 'spatial_3d', 'spatial_unaligned', 'spatial_3d_unaligned'
    layers: 'counts_pre_batch'

[nb] empirical theta_hat = 0.24 (real data fits ~0.15-0.16 via count_distribution.py --compare-input; lower --theta further if this is still much higher)

Summary:
{
  "n_obs": 24207,
  "n_vars": 556,
  "total_counts": 2027543,
  "nonzero_counts": 962380,
  "platform": "cell",
  "slice_axis": "Z",
  "n_slices": 10,
  "slice_ids": [
    0,
    1,
    2,
    3,
    4,
    5,
    6,
    7,
    8,
    9
  ],
  "obs_columns": [
    "domain_true",
    "cell_type_true",
    "cell_radius",
    "cell_sigma_for_95pct",
    "slice_id_X",
    "slice_id_Y",
    "slice_id_Z",
    "slice_axis",
    "slice_id"
  ],
  "var_columns": [
    "gene_class",
    "is_noise",
    "is_shared_marker"
  ],
  "layers": [
    "counts_pre_batch"
  ],
  "obsm_keys": [
    "spatial",
    "spatial_3d",
    "spatial_unaligned",
    "spatial_3d_unaligned"
  ],
  "uns_keys": [
    "sim_params",
    "batch_effect_factors",
    "rigid_perturb_inplane",
    "output"
  ],
  "truth_annotations": [
    "layers['counts_pre_batch']",
    "obs['cell_type_true']",
    "obs['domain_true']",
    "obs['cell_radius']",
    "obs['cell_sigma_for_95pct']"
  ]
}

Saved summary -> /dcs04/hicks/data/Jan/sim_project/sim_paper/data/noisy/cell_batch_slide_bs0.05_seed202/simulation_cell_z_summary.json

Generating diagnostic plots...
  saved /dcs04/hicks/data/Jan/sim_project/sim_paper/data/noisy/cell_batch_slide_bs0.05_seed202/plots/simulation_cell_z/01_aligned_domain_true.png
  saved /dcs04/hicks/data/Jan/sim_project/sim_paper/data/noisy/cell_batch_slide_bs0.05_seed202/plots/simulation_cell_z/02_aligned_cell_type_true.png
  saved /dcs04/hicks/data/Jan/sim_project/sim_paper/data/noisy/cell_batch_slide_bs0.05_seed202/plots/simulation_cell_z/03_unaligned_slice_id.png
  saved /dcs04/hicks/data/Jan/sim_project/sim_paper/data/noisy/cell_batch_slide_bs0.05_seed202/plots/simulation_cell_z/04_qc_count_distributions.png
  saved /dcs04/hicks/data/Jan/sim_project/sim_paper/data/noisy/cell_batch_slide_bs0.05_seed202/plots/simulation_cell_z/05_cells_per_slice.png
  saved /dcs04/hicks/data/Jan/sim_project/sim_paper/data/noisy/cell_batch_slide_bs0.05_seed202/plots/simulation_cell_z/06_domain_composition_per_slice.png

All diagnostic plots saved under /dcs04/hicks/data/Jan/sim_project/sim_paper/data/noisy/cell_batch_slide_bs0.05_seed202/plots/simulation_cell_z

Saved dataset -> /dcs04/hicks/data/Jan/sim_project/sim_paper/data/noisy/cell_batch_slide_bs0.05_seed202/simulation_cell_z.h5ad
[qc] cell_batch_slide_bs0.05_seed202
/dcs04/hicks/data/Jan/sim_project/sim_paper/env/albis-tutorial/lib/python3.10/site-packages/louvain/__init__.py:54: UserWarning: pkg_resources is deprecated as an API. See https://setuptools.pypa.io/en/latest/pkg_resources.html. The pkg_resources package is slated for removal as early as 2025-11-30. Refrain from using this package or pin to Setuptools<81.
  from pkg_resources import get_distribution, DistributionNotFound
[load] sim_paper/data/noisy/cell_batch_slide_bs0.05_seed202/simulation_cell_z.h5ad
[load] AnnData shape: 24207 x 556
[qc] fully-empty (total_counts == 0): 0 (0.00%)
[qc] near-empty (0 < total_counts, n_genes < 3): 0 (0.00%)
[qc] dropped 0 observations (0.00%); 24207 remain
[save] sim_paper/data/noisy/cell_batch_slide_bs0.05_seed202/simulation_cell_z_qc_summary.json
[save] sim_paper/data/noisy/cell_batch_slide_bs0.05_seed202/simulation_cell_z_qc.h5ad
[load] sim_paper/data/noisy/cell_batch_slide_bs0.05_seed202/simulation_cell_z_qc.h5ad
[load] AnnData shape: 24207 x 556
[stagger] offsetting each slice's x coordinate so slices don't overlap
  slice 0: offset x by 0.0
  slice 1: offset x by 20276.8
  slice 2: offset x by 40553.6
  slice 3: offset x by 60830.4
  slice 4: offset x by 81107.1
  slice 5: offset x by 101383.9
  slice 6: offset x by 121660.7
  slice 7: offset x by 141937.5
  slice 8: offset x by 162214.3
  slice 9: offset x by 182491.1

[normalize] normalize_total (no log1p -- BANKSY expects normalized, non-log counts here)
[hvg] skipped -- using all 556 genes (matches 01.2_pca_harmony.py's convention)

[banksy] k_geom=60 max_m=1 lambda=0.5 decay=scaled_gaussian

Median distance to closest cell = 29.1719978868959

---- Ran median_dist_to_nearest_neighbour in 0.06 s ----

---- Ran generate_spatial_distance_graph in 0.33 s ----

---- Ran row_normalize in 0.06 s ----

---- Ran generate_spatial_weights_fixed_nbrs in 0.69 s ----

---- Ran generate_spatial_distance_graph in 0.56 s ----

---- Ran theta_from_spatial_graph in 0.20 s ----

---- Ran row_normalize in 0.06 s ----

---- Ran generate_spatial_weights_fixed_nbrs in 1.19 s ----

Runtime Sep-19-2026-05-35

556 genes to be analysed:
Gene List:
Index(['G1', 'G2', 'G3', 'G4', 'G5', 'G6', 'G7', 'G8', 'G9', 'G10',
       ...
       'G547', 'G548', 'G549', 'G550', 'G551', 'G552', 'G553', 'G554', 'G555',
       'G556'],
      dtype='object', length=556)

Check if X contains only finite (non-NAN) values
Decay Type: scaled_gaussian
Weights Object: {'weights': {0: <24207x24207 sparse matrix of type '<class 'numpy.float64'>'
	with 1452420 stored elements in Compressed Sparse Row format>, 1: <24207x24207 sparse matrix of type '<class 'numpy.complex128'>'
	with 2904840 stored elements in Compressed Sparse Row format>}}

Nbr matrix | Mean: 17.99 | Std: 19.99
Size of Nbr | Shape: (24207, 556)
Top 3 entries of Nbr Mat:

[[14.4835165  18.24870348 35.21831684]
 [35.95483525  3.24791195 47.24539046]
 [24.99041911 19.14926757 82.33176695]]

AGF matrix | Mean: 6.38 | Std: 5.92
Size of AGF mat (m = 1) | Shape: (24207, 556)
Top entries of AGF:
[[ 4.6121149   6.26173098 27.77637396]
 [17.51660977  3.58745966 14.83638165]
 [ 5.23074369  4.36697992 15.37340738]]
Ran 'Create BANKSY Matrix' in 0.11 mins

Cell by gene matrix has shape (24207, 556)

Scale factors squared: [0.5        0.33333333 0.16666667]
Scale factors: [0.70710678 0.57735027 0.40824829]
/dcs04/hicks/data/Jan/sim_project/sim_paper/env/sim-app-banksy/lib/python3.10/site-packages/banksy/main.py:368: FutureWarning: X.dtype being converted to np.float32 from float64. In the next version of anndata (0.9) conversion will not be automatic. Pass dtype explicitly to avoid this warning. Pass `AnnData(X, dtype=X.dtype, ...)` to get the future behavour.
  return anndata.AnnData(concatenated_matrix, obs=adata.obs, var=var_combined)
Shape of BANKSY matrix: (24207, 1668)
Type of banksy_matrix: <class 'anndata._core.anndata.AnnData'>

[banksy] BANKSY matrix shape: 24207 x 1668

[pca] pre-Harmony PCA
Current decay types: ['scaled_gaussian']

Reducing dims of dataset in (Index = scaled_gaussian, lambda = 0.5)
==================================================

Setting the total number of PC = 30
Original shape of matrix: (24207, 1668)
Reduced shape of matrix: (24207, 30)
------------------------------------------------------------
min_value = -6.001432418823242, mean = -2.9836384474180022e-09, max = 6.267642498016357

  [plot] saved pca_preharmony_by_slice_id.png
  [plot] saved pca_preharmony_by_domain_true.png
  [plot] saved pca_preharmony_by_cell_type_true.png

[harmony] batch_key=slice_id
2026-09-19 05:35:27,527 - harmonypy - INFO - Running Harmony
2026-09-19 05:35:27,527 - harmonypy - INFO -   Parameters:
2026-09-19 05:35:27,527 - harmonypy - INFO -     max_iter_harmony: 10
2026-09-19 05:35:27,527 - harmonypy - INFO -     max_iter_kmeans: 4
2026-09-19 05:35:27,527 - harmonypy - INFO -     epsilon_cluster: 0.001
2026-09-19 05:35:27,527 - harmonypy - INFO -     epsilon_harmony: 0.01
2026-09-19 05:35:27,527 - harmonypy - INFO -     nclust: 100
2026-09-19 05:35:27,527 - harmonypy - INFO -     block_size: 0.05
2026-09-19 05:35:27,527 - harmonypy - INFO -     lamb: dynamic (alpha=0.2)
2026-09-19 05:35:27,528 - harmonypy - INFO -     theta: [2. 2. 2. 2. 2. 2. 2. 2. 2. 2.]
2026-09-19 05:35:27,528 - harmonypy - INFO -     sigma: [0.1 0.1 0.1 0.1 0.1]...
2026-09-19 05:35:27,528 - harmonypy - INFO -     verbose: True
2026-09-19 05:35:27,528 - harmonypy - INFO -     random_state: 0
2026-09-19 05:35:27,528 - harmonypy - INFO -   Data: 30 PCs × 24207 cells
2026-09-19 05:35:27,528 - harmonypy - INFO -   Batch variables: ['slice_id']
2026-09-19 05:35:27,553 - harmonypy - INFO - Computing initial centroids...
2026-09-19 05:35:27,961 - harmonypy - INFO - Initialization complete.
2026-09-19 05:35:27,962 - harmonypy - INFO - Iteration 1 of 10
2026-09-19 05:35:28,304 - harmonypy - INFO - Iteration 2 of 10
2026-09-19 05:35:28,672 - harmonypy - INFO - Iteration 3 of 10
2026-09-19 05:35:29,039 - harmonypy - INFO - Iteration 4 of 10
2026-09-19 05:35:29,408 - harmonypy - INFO - Iteration 5 of 10
2026-09-19 05:35:29,764 - harmonypy - INFO - Iteration 6 of 10
2026-09-19 05:35:30,120 - harmonypy - INFO - Iteration 7 of 10
2026-09-19 05:35:30,475 - harmonypy - INFO - Iteration 8 of 10
2026-09-19 05:35:30,832 - harmonypy - INFO - Iteration 9 of 10
2026-09-19 05:35:31,188 - harmonypy - INFO - Iteration 10 of 10
2026-09-19 05:35:31,543 - harmonypy - INFO - Stopped before convergence
  [plot] saved pca_postharmony_by_slice_id.png
  [plot] saved pca_postharmony_by_domain_true.png
  [plot] saved pca_postharmony_by_cell_type_true.png

[save] sim_paper/data/figure_3/cellbin_batch_sigma_slide/cell/bs0.05_seed202/banksy_matrix/simulation_cell_z_banksy_pca_harmony_qc.h5ad
[save] done
/dcs04/hicks/data/Jan/sim_project/sim_paper/env/albis-tutorial/lib/python3.10/site-packages/louvain/__init__.py:54: UserWarning: pkg_resources is deprecated as an API. See https://setuptools.pypa.io/en/latest/pkg_resources.html. The pkg_resources package is slated for removal as early as 2025-11-30. Refrain from using this package or pin to Setuptools<81.
  from pkg_resources import get_distribution, DistributionNotFound
[load] sim_paper/data/figure_3/cellbin_batch_sigma_slide/cell/bs0.05_seed202/banksy_matrix/simulation_cell_z_banksy_pca_harmony_qc.h5ad
[load] AnnData shape: 24207 x 1668
[neighbors] n_pcs=30 n_neighbors=15
[ari] domain_true: target_k=6
[ari] domain_true: resolution=0.0918 achieved_k=6 (target 6)  ARI=0.5544
[ari] cell_type_true: target_k=8
[ari] cell_type_true: resolution=0.1034 achieved_k=8 (target 8)  ARI=0.0641
[save] sim_paper/data/figure_3/cellbin_batch_sigma_slide/cell/bs0.05_seed202/ari/ari_summary_cell.json
[save] sim_paper/data/figure_3/cellbin_batch_sigma_slide/cell/bs0.05_seed202/ari/simulation_cell_z_ari_recovery.h5ad
[score] cell_bs0.05_seed202  <-  sim_paper/data/figure_3/cellbin_batch_sigma_slide/cell/bs0.05_seed202/ari/simulation_cell_z_ari_recovery.h5ad
  [cell_bs0.05_seed202/cell_type] ARI=0.064 V=0.086  (leak 0.02)
  [cell_bs0.05_seed202/domain] ARI=0.554 V=0.560  (leak 0.01)
           modality  n_obs     level      ari  v_measure  slice_id_leakage_ari
cell_bs0.05_seed202  24207 cell_type 0.064112   0.086460              0.022315
cell_bs0.05_seed202  24207    domain 0.554432   0.559883              0.011937
[done] task 69  ->  sim_paper/data/figure_3/cellbin_batch_sigma_slide/cell/bs0.05_seed202
