[task 4] modality=bin batch_sigma=0.30 lambda=0.5 k_geom=100
Python: /dcs04/hicks/data/Jan/sim_project/sim_paper/env/sim-app-banksy/bin/python
albis module: /dcs04/hicks/data/Jan/sim_project/albis/albis/__init__.py
albis version: 0.1.0

Generating bin data for slice axis Z with theta=2.0, theta_jitter=1.0, noise_scale=1.3, batch_sigma=0.3, base_gene_lognormal=(-2.5, 0.7), n_cells=600000, cell_r_mean=7.5, allow_cell_overlap=False, sphere_r_um=2050.0, capture_window_um=(6500.0, 6500.0), core_fuzz_width_um=102.5, max_shift=1025.0, bin_size_um=16.0
/dcs04/hicks/data/Jan/sim_project/albis/albis/simulation_sphere.py:1511: FutureWarning: X.dtype being converted to np.float32 from int32. In the next version of anndata (0.9) conversion will not be automatic. Pass dtype explicitly to avoid this warning. Pass `AnnData(X, dtype=X.dtype, ...)` to get the future behavour.
  adata_cell_true = ad.AnnData(X=X_cell_true, obs=cell_obs, var=var)
/dcs04/hicks/data/Jan/sim_project/albis/albis/simulation_sphere.py:1515: FutureWarning: X.dtype being converted to np.float32 from int32. In the next version of anndata (0.9) conversion will not be automatic. Pass dtype explicitly to avoid this warning. Pass `AnnData(X, dtype=X.dtype, ...)` to get the future behavour.
  adata_cell_obs = ad.AnnData(X=X_cell_obs, obs=cell_obs, var=var)
/dcs04/hicks/data/Jan/sim_project/albis/albis/simulation_sphere.py:1925: FutureWarning: X.dtype being converted to np.float32 from int32. In the next version of anndata (0.9) conversion will not be automatic. Pass dtype explicitly to avoid this warning. Pass `AnnData(X, dtype=X.dtype, ...)` to get the future behavour.
  adb = ad.AnnData(X=Xb, obs=obs_b, var=var)

Generated AnnData:
AnnData object with n_obs × n_vars = 1656490 × 556
    obs: 'slice_axis', 'slice_id', 'bin_size_um', 'window_center0', 'window_center1', 'window_size0', 'window_size1', 'plane_dim0', 'plane_dim1', 'cell_type_true', 'domain_true', 'is_empty'
    var: 'gene_class', 'is_noise', 'is_shared_marker'
    uns: 'batch_effect_factors', 'rigid_perturb_inplane', 'output', 'sim_params'
    obsm: 'spatial', 'cell_type_frac_true', 'domain_frac_true', 'spatial_3d', 'spatial_unaligned', 'spatial_3d_unaligned'
    layers: 'counts_pre_batch'

[nb] empirical theta_hat = 0.13 (real data fits ~0.15-0.16 via count_distribution.py --compare-input; lower --theta further if this is still much higher)

Summary:
{
  "n_obs": 1656490,
  "n_vars": 556,
  "total_counts": 55252456,
  "nonzero_counts": 26059499,
  "platform": "bin",
  "slice_axis": "Z",
  "n_slices": 10,
  "slice_ids": [
    0,
    1,
    2,
    3,
    4,
    5,
    6,
    7,
    8,
    9
  ],
  "obs_columns": [
    "slice_axis",
    "slice_id",
    "bin_size_um",
    "window_center0",
    "window_center1",
    "window_size0",
    "window_size1",
    "plane_dim0",
    "plane_dim1",
    "cell_type_true",
    "domain_true",
    "is_empty"
  ],
  "var_columns": [
    "gene_class",
    "is_noise",
    "is_shared_marker"
  ],
  "layers": [
    "counts_pre_batch"
  ],
  "obsm_keys": [
    "spatial",
    "cell_type_frac_true",
    "domain_frac_true",
    "spatial_3d",
    "spatial_unaligned",
    "spatial_3d_unaligned"
  ],
  "uns_keys": [
    "batch_effect_factors",
    "rigid_perturb_inplane",
    "output",
    "sim_params"
  ],
  "truth_annotations": [
    "layers['counts_pre_batch']",
    "obs['cell_type_true']",
    "obs['domain_true']",
    "obsm['cell_type_frac_true']",
    "obsm['domain_frac_true']"
  ]
}

Saved summary -> /dcs04/hicks/data/Jan/sim_project/sim_paper/data/noisy/bin_batch_slide_bs0.30/simulation_bin_z_summary.json

Generating diagnostic plots...
Plotting a deterministic subset of 100,000 / 1,656,490 observations.
  saved /dcs04/hicks/data/Jan/sim_project/sim_paper/data/noisy/bin_batch_slide_bs0.30/plots/simulation_bin_z/01_aligned_domain_true.png
  saved /dcs04/hicks/data/Jan/sim_project/sim_paper/data/noisy/bin_batch_slide_bs0.30/plots/simulation_bin_z/02_aligned_cell_type_true.png
  saved /dcs04/hicks/data/Jan/sim_project/sim_paper/data/noisy/bin_batch_slide_bs0.30/plots/simulation_bin_z/03_unaligned_slice_id.png
  saved /dcs04/hicks/data/Jan/sim_project/sim_paper/data/noisy/bin_batch_slide_bs0.30/plots/simulation_bin_z/04_qc_count_distributions.png
  saved /dcs04/hicks/data/Jan/sim_project/sim_paper/data/noisy/bin_batch_slide_bs0.30/plots/simulation_bin_z/05_bins_per_slice.png
  saved /dcs04/hicks/data/Jan/sim_project/sim_paper/data/noisy/bin_batch_slide_bs0.30/plots/simulation_bin_z/06_domain_composition_per_slice.png

All diagnostic plots saved under /dcs04/hicks/data/Jan/sim_project/sim_paper/data/noisy/bin_batch_slide_bs0.30/plots/simulation_bin_z

Saved dataset -> /dcs04/hicks/data/Jan/sim_project/sim_paper/data/noisy/bin_batch_slide_bs0.30/simulation_bin_z.h5ad
/dcs04/hicks/data/Jan/sim_project/sim_paper/env/albis-tutorial/lib/python3.10/site-packages/louvain/__init__.py:54: UserWarning: pkg_resources is deprecated as an API. See https://setuptools.pypa.io/en/latest/pkg_resources.html. The pkg_resources package is slated for removal as early as 2025-11-30. Refrain from using this package or pin to Setuptools<81.
  from pkg_resources import get_distribution, DistributionNotFound
[load] sim_paper/data/noisy/bin_batch_slide_bs0.30/simulation_bin_z.h5ad
[load] AnnData shape: 1656490 x 556
[qc] fully-empty (total_counts == 0): 1283798 (77.50%)
[qc] near-empty (0 < total_counts, n_genes < 3): 6904 (0.42%)
[qc] dropped 1290702 observations (77.92%); 365788 remain
[save] sim_paper/data/noisy/bin_batch_slide_bs0.30/simulation_bin_z_qc_summary.json
[save] sim_paper/data/noisy/bin_batch_slide_bs0.30/simulation_bin_z_qc.h5ad
[load] sim_paper/data/noisy/bin_batch_slide_bs0.30/simulation_bin_z_qc.h5ad
[load] AnnData shape: 365788 x 556
[stagger] offsetting each slice's x coordinate so slices don't overlap
  slice 0: offset x by 0.0
  slice 1: offset x by 20400.0
  slice 2: offset x by 40800.0
  slice 3: offset x by 61200.0
  slice 4: offset x by 81600.0
  slice 5: offset x by 102000.0
  slice 6: offset x by 122400.0
  slice 7: offset x by 142800.0
  slice 8: offset x by 163200.0
  slice 9: offset x by 183600.0

[normalize] normalize_total (no log1p -- BANKSY expects normalized, non-log counts here)
[hvg] skipped -- using all 556 genes (matches pca_harmony.py's convention)

[banksy] k_geom=100 max_m=1 lambda=0.5 decay=scaled_gaussian

Median distance to closest cell = 16.0

---- Ran median_dist_to_nearest_neighbour in 1.17 s ----

---- Ran generate_spatial_distance_graph in 10.12 s ----

---- Ran row_normalize in 1.07 s ----

---- Ran generate_spatial_weights_fixed_nbrs in 17.34 s ----

---- Ran generate_spatial_distance_graph in 19.66 s ----

---- Ran theta_from_spatial_graph in 4.78 s ----

---- Ran row_normalize in 1.13 s ----

---- Ran generate_spatial_weights_fixed_nbrs in 34.38 s ----

Runtime Sep-13-2026-21-30

556 genes to be analysed:
Gene List:
Index(['G1', 'G2', 'G3', 'G4', 'G5', 'G6', 'G7', 'G8', 'G9', 'G10',
       ...
       'G547', 'G548', 'G549', 'G550', 'G551', 'G552', 'G553', 'G554', 'G555',
       'G556'],
      dtype='object', length=556)

Check if X contains only finite (non-NAN) values
Decay Type: scaled_gaussian
Weights Object: {'weights': {0: <365788x365788 sparse matrix of type '<class 'numpy.float64'>'
	with 36578800 stored elements in Compressed Sparse Row format>, 1: <365788x365788 sparse matrix of type '<class 'numpy.complex128'>'
	with 73157600 stored elements in Compressed Sparse Row format>}}

Nbr matrix | Mean: 17.99 | Std: 20.37
Size of Nbr | Shape: (365788, 556)
Top 3 entries of Nbr Mat:

[[19.88014245 23.23522366  1.1408882 ]
 [54.82236993 21.76435898  0.54662053]
 [99.23474605 18.04658467  0.        ]]

AGF matrix | Mean: 4.48 | Std: 5.3
Size of AGF mat (m = 1) | Shape: (365788, 556)
Top entries of AGF:
[[17.05677243  0.90827591  0.51370687]
 [38.37082356  5.77253947  0.29190956]
 [34.0205593   4.50397432  0.25233622]]
Ran 'Create BANKSY Matrix' in 2.48 mins

Cell by gene matrix has shape (365788, 556)

Scale factors squared: [0.5        0.33333333 0.16666667]
Scale factors: [0.70710678 0.57735027 0.40824829]
/dcs04/hicks/data/Jan/sim_project/sim_paper/env/sim-app-banksy/lib/python3.10/site-packages/banksy/main.py:368: FutureWarning: X.dtype being converted to np.float32 from float64. In the next version of anndata (0.9) conversion will not be automatic. Pass dtype explicitly to avoid this warning. Pass `AnnData(X, dtype=X.dtype, ...)` to get the future behavour.
  return anndata.AnnData(concatenated_matrix, obs=adata.obs, var=var_combined)
Shape of BANKSY matrix: (365788, 1668)
Type of banksy_matrix: <class 'anndata._core.anndata.AnnData'>

[banksy] BANKSY matrix shape: 365788 x 1668

[pca] pre-Harmony PCA
Current decay types: ['scaled_gaussian']

Reducing dims of dataset in (Index = scaled_gaussian, lambda = 0.5)
==================================================

Setting the total number of PC = 30
Original shape of matrix: (365788, 1668)
Reduced shape of matrix: (365788, 30)
------------------------------------------------------------
min_value = -10.153002738952637, mean = 1.5759088682898437e-06, max = 14.231950759887695

  [plot] saved pca_preharmony_by_slice_id.png
  [plot] saved pca_preharmony_by_domain_true.png
  [plot] saved pca_preharmony_by_cell_type_true.png

[harmony] batch_key=slice_id
2026-09-13 21:34:16,003 - harmonypy - INFO - Running Harmony
2026-09-13 21:34:16,003 - harmonypy - INFO -   Parameters:
2026-09-13 21:34:16,003 - harmonypy - INFO -     max_iter_harmony: 10
2026-09-13 21:34:16,003 - harmonypy - INFO -     max_iter_kmeans: 4
2026-09-13 21:34:16,003 - harmonypy - INFO -     epsilon_cluster: 0.001
2026-09-13 21:34:16,003 - harmonypy - INFO -     epsilon_harmony: 0.01
2026-09-13 21:34:16,003 - harmonypy - INFO -     nclust: 100
2026-09-13 21:34:16,003 - harmonypy - INFO -     block_size: 0.05
2026-09-13 21:34:16,003 - harmonypy - INFO -     lamb: dynamic (alpha=0.2)
2026-09-13 21:34:16,003 - harmonypy - INFO -     theta: [2. 2. 2. 2. 2. 2. 2. 2. 2. 2.]
2026-09-13 21:34:16,003 - harmonypy - INFO -     sigma: [0.1 0.1 0.1 0.1 0.1]...
2026-09-13 21:34:16,003 - harmonypy - INFO -     verbose: True
2026-09-13 21:34:16,003 - harmonypy - INFO -     random_state: 0
2026-09-13 21:34:16,003 - harmonypy - INFO -   Data: 30 PCs × 365788 cells
2026-09-13 21:34:16,003 - harmonypy - INFO -   Batch variables: ['slice_id']
2026-09-13 21:34:16,480 - harmonypy - INFO - Computing initial centroids...
2026-09-13 21:34:25,360 - harmonypy - INFO - Initialization complete.
2026-09-13 21:34:25,360 - harmonypy - INFO - Iteration 1 of 10
2026-09-13 21:34:32,303 - harmonypy - INFO - Converged after 1 iteration
  [plot] saved pca_postharmony_by_slice_id.png
  [plot] saved pca_postharmony_by_domain_true.png
  [plot] saved pca_postharmony_by_cell_type_true.png

[save] sim_paper/data/figure_3/cellbin_batch_sigma_slide/bin/bs0.30/banksy_matrix/simulation_bin_z_banksy_pca_harmony_qc.h5ad
[save] done
/dcs04/hicks/data/Jan/sim_project/sim_paper/env/albis-tutorial/lib/python3.10/site-packages/louvain/__init__.py:54: UserWarning: pkg_resources is deprecated as an API. See https://setuptools.pypa.io/en/latest/pkg_resources.html. The pkg_resources package is slated for removal as early as 2025-11-30. Refrain from using this package or pin to Setuptools<81.
  from pkg_resources import get_distribution, DistributionNotFound
[load] sim_paper/data/figure_3/cellbin_batch_sigma_slide/bin/bs0.30/banksy_matrix/simulation_bin_z_banksy_pca_harmony_qc.h5ad
[load] AnnData shape: 365788 x 1668
[neighbors] n_pcs=30 n_neighbors=15
[ari] domain_true: target_k=6
[ari] domain_true: resolution=0.1034 achieved_k=9 (target 6)  ARI=0.0159
[ari] cell_type_true: target_k=8
[ari] cell_type_true: resolution=0.1034 achieved_k=9 (target 8)  ARI=0.0022
[save] sim_paper/data/figure_3/cellbin_batch_sigma_slide/bin/bs0.30/ari/ari_summary_bin.json
[save] sim_paper/data/figure_3/cellbin_batch_sigma_slide/bin/bs0.30/ari/simulation_bin_z_ari_recovery.h5ad
[score] bin_bs0.30  <-  sim_paper/data/figure_3/cellbin_batch_sigma_slide/bin/bs0.30/ari/simulation_bin_z_ari_recovery.h5ad
  [bin_bs0.30/cell_type] ARI=0.002 V=0.003 | JSD=0.477 meanR=0.048 R2=0.003 (oracle 0.742) | kNN=0.370 (chance 0.129) | eff#cats=2.26  (leak 0.98)
  [bin_bs0.30/domain] ARI=0.016 V=0.037 | JSD=0.597 meanR=0.116 R2=0.023 (oracle 0.957) | kNN=0.873 (chance 0.167) | eff#cats=1.00  (leak 0.98)
  modality  n_obs     level      ari  v_measure  comp_mean_pearson  comp_mean_jsd  comp_r2  comp_r2_oracle  comp_r2_frac_of_oracle  ari_oracle  ari_frac_of_oracle  knn_concordance  knn_chance  eff_cats_per_obs_median  frac_obs_ge80pct  slice_id_leakage_ari
bin_bs0.30 365788 cell_type 0.002181   0.003019           0.047979       0.477494 0.003204        0.741918                0.004318    0.964056            0.002263         0.370165    0.129043                 2.259135          0.263355              0.984543
bin_bs0.30 365788    domain 0.015949   0.037330           0.116390       0.596877 0.023420        0.957058                0.024471    0.998498            0.015973         0.872764    0.167383                 1.000000          0.869886              0.984543
[done] task 4  ->  sim_paper/data/figure_3/cellbin_batch_sigma_slide/bin/bs0.30
