Job started: Thu Aug 27 09:22:13 AM EDT 2026
Host: compute-149.cm.cluster   idx=2
sweep point: label=spot modality=spot batch_sigma=0.60
tag: batch_sweep_spot_bsigma0p60
gen args: --sphere-r-um 2050 --base-gene-lognormal -2.5 0.7 --batch-sigma 0.60 --out-tag batch_sweep_spot_bsigma0p60
[generate] batch_sweep_spot_bsigma0p60
Python: /dcs04/hicks/data/Jan/sim_project/sim_app/env/sim-app-tutorial/bin/python
sim_app module: /dcs04/hicks/data/Jan/sim_project/sim_app/sim_app/__init__.py
sim_app version: 0.1.0

Generating spot data for slice axis Z with theta=2.0, theta_jitter=1.0, noise_scale=1.3, batch_sigma=0.6, base_gene_lognormal=(-2.5, 0.7), n_cells=600000, cell_r_mean=7.5, allow_cell_overlap=False, sphere_r_um=2050.0, capture_window_um=2220.833333333333, core_fuzz_width_um=102.5, max_shift=1025.0, bin_size_um=8.0

Generated AnnData:
AnnData object with n_obs × n_vars = 5290 × 556
    obs: 'slice_axis', 'slice_id', 'spot_spacing_um', 'spot_radius_um', 'window_center0', 'window_center1', 'window_size0', 'window_size1', 'plane_dim0', 'plane_dim1', 'cell_type_true', 'domain_true'
    var: 'gene_class', 'is_noise', 'is_shared_marker'
    uns: 'batch_effect_factors', 'rigid_perturb_inplane', 'output', 'sim_params'
    obsm: 'spatial', 'cell_type_frac_true', 'domain_frac_true', 'spatial_3d', 'spatial_unaligned', 'spatial_3d_unaligned'
    layers: 'counts_pre_batch'

[nb] empirical theta_hat = 4.10 (real data fits ~0.15-0.16 via count_distribution.py --compare-input; lower --theta further if this is still much higher)

Summary:
{
  "n_obs": 5290,
  "n_vars": 556,
  "total_counts": 7781687,
  "nonzero_counts": 1650153,
  "platform": "spot",
  "slice_axis": "Z",
  "n_slices": 10,
  "slice_ids": [
    0,
    1,
    2,
    3,
    4,
    5,
    6,
    7,
    8,
    9
  ],
  "obs_columns": [
    "slice_axis",
    "slice_id",
    "spot_spacing_um",
    "spot_radius_um",
    "window_center0",
    "window_center1",
    "window_size0",
    "window_size1",
    "plane_dim0",
    "plane_dim1",
    "cell_type_true",
    "domain_true"
  ],
  "var_columns": [
    "gene_class",
    "is_noise",
    "is_shared_marker"
  ],
  "layers": [
    "counts_pre_batch"
  ],
  "obsm_keys": [
    "spatial",
    "cell_type_frac_true",
    "domain_frac_true",
    "spatial_3d",
    "spatial_unaligned",
    "spatial_3d_unaligned"
  ],
  "uns_keys": [
    "batch_effect_factors",
    "rigid_perturb_inplane",
    "output",
    "sim_params"
  ],
  "truth_annotations": [
    "layers['counts_pre_batch']",
    "obs['cell_type_true']",
    "obs['domain_true']",
    "obsm['cell_type_frac_true']",
    "obsm['domain_frac_true']"
  ]
}

Saved summary -> /dcs04/hicks/data/Jan/sim_project/sim_paper/data/noisy/batch_sweep_spot_bsigma0p60/simulation_spot_z_summary.json

Generating diagnostic plots...
  saved /dcs04/hicks/data/Jan/sim_project/sim_paper/data/noisy/batch_sweep_spot_bsigma0p60/plots/simulation_spot_z/01_aligned_domain_true.png
  saved /dcs04/hicks/data/Jan/sim_project/sim_paper/data/noisy/batch_sweep_spot_bsigma0p60/plots/simulation_spot_z/02_aligned_cell_type_true.png
  saved /dcs04/hicks/data/Jan/sim_project/sim_paper/data/noisy/batch_sweep_spot_bsigma0p60/plots/simulation_spot_z/03_unaligned_slice_id.png
  saved /dcs04/hicks/data/Jan/sim_project/sim_paper/data/noisy/batch_sweep_spot_bsigma0p60/plots/simulation_spot_z/04_qc_count_distributions.png
  saved /dcs04/hicks/data/Jan/sim_project/sim_paper/data/noisy/batch_sweep_spot_bsigma0p60/plots/simulation_spot_z/05_spots_per_slice.png
  saved /dcs04/hicks/data/Jan/sim_project/sim_paper/data/noisy/batch_sweep_spot_bsigma0p60/plots/simulation_spot_z/06_domain_composition_per_slice.png

All diagnostic plots saved under /dcs04/hicks/data/Jan/sim_project/sim_paper/data/noisy/batch_sweep_spot_bsigma0p60/plots/simulation_spot_z

Saved dataset -> /dcs04/hicks/data/Jan/sim_project/sim_paper/data/noisy/batch_sweep_spot_bsigma0p60/simulation_spot_z.h5ad
[qc] batch_sweep_spot_bsigma0p60
/dcs04/hicks/data/Jan/sim_project/sim_app/env/sim-app-tutorial/lib/python3.10/site-packages/louvain/__init__.py:54: UserWarning: pkg_resources is deprecated as an API. See https://setuptools.pypa.io/en/latest/pkg_resources.html. The pkg_resources package is slated for removal as early as 2025-11-30. Refrain from using this package or pin to Setuptools<81.
  from pkg_resources import get_distribution, DistributionNotFound
[load] /dcs04/hicks/data/Jan/sim_project/sim_paper/data/noisy/batch_sweep_spot_bsigma0p60/simulation_spot_z.h5ad
[load] AnnData shape: 5290 x 556
[qc] fully-empty (total_counts == 0): 164 (3.10%)
[qc] near-empty (0 < total_counts, n_genes < 3): 7 (0.13%)
[qc] dropped 171 observations (3.23%); 5119 remain
[save] /dcs04/hicks/data/Jan/sim_project/sim_paper/data/noisy/batch_sweep_spot_bsigma0p60/simulation_spot_z_qc_summary.json
[save] /dcs04/hicks/data/Jan/sim_project/sim_paper/data/noisy/batch_sweep_spot_bsigma0p60/simulation_spot_z_qc.h5ad
[pca_harmony] -> sim_paper/data/figure_3/batch_sigma_sweep/batch_sweep_spot_bsigma0p60/pca_harmony_qc/simulation_spot_z_pca_harmony_qc.h5ad
/dcs04/hicks/data/Jan/sim_project/sim_app/env/sim-app-tutorial/lib/python3.10/site-packages/louvain/__init__.py:54: UserWarning: pkg_resources is deprecated as an API. See https://setuptools.pypa.io/en/latest/pkg_resources.html. The pkg_resources package is slated for removal as early as 2025-11-30. Refrain from using this package or pin to Setuptools<81.
  from pkg_resources import get_distribution, DistributionNotFound
[load] sim_paper/data/noisy/batch_sweep_spot_bsigma0p60/simulation_spot_z_qc.h5ad
[load] AnnData shape: 5119 observations x 556 genes
[pca] Running PCA with 30 components over all genes
/dcs04/hicks/data/Jan/sim_project/sim_app/env/sim-app-tutorial/lib/python3.10/functools.py:889: UserWarning: zero-centering a sparse array/matrix densifies it.
  return dispatch(args[0].__class__)(*args, **kw)
/dcs04/hicks/data/Jan/sim_project/sim_app/env/sim-app-tutorial/lib/python3.10/site-packages/scanpy/preprocessing/_pca/__init__.py:226: FutureWarning: Argument `use_highly_variable` is deprecated, consider using the mask argument. Use_highly_variable=True can be called through mask_var="highly_variable". Use_highly_variable=False can be called through mask_var=None
  mask_var_param, mask_var = _handle_mask_var(
[harmony] Correcting X_pca_pre_harmony by obs['slice_id']
2026-08-27 09:26:28,663 - harmonypy - INFO - Running Harmony
2026-08-27 09:26:28,663 - harmonypy - INFO -   Parameters:
2026-08-27 09:26:28,663 - harmonypy - INFO -     max_iter_harmony: 10
2026-08-27 09:26:28,663 - harmonypy - INFO -     max_iter_kmeans: 4
2026-08-27 09:26:28,663 - harmonypy - INFO -     epsilon_cluster: 0.001
2026-08-27 09:26:28,663 - harmonypy - INFO -     epsilon_harmony: 0.01
2026-08-27 09:26:28,663 - harmonypy - INFO -     nclust: 100
2026-08-27 09:26:28,663 - harmonypy - INFO -     block_size: 0.05
2026-08-27 09:26:28,663 - harmonypy - INFO -     lamb: dynamic (alpha=0.2)
2026-08-27 09:26:28,663 - harmonypy - INFO -     theta: [2. 2. 2. 2. 2. 2. 2. 2. 2. 2.]
2026-08-27 09:26:28,663 - harmonypy - INFO -     sigma: [0.1 0.1 0.1 0.1 0.1]...
2026-08-27 09:26:28,663 - harmonypy - INFO -     verbose: True
2026-08-27 09:26:28,663 - harmonypy - INFO -     random_state: 0
2026-08-27 09:26:28,663 - harmonypy - INFO -   Data: 30 PCs × 5119 cells
2026-08-27 09:26:28,663 - harmonypy - INFO -   Batch variables: ['slice_id']
2026-08-27 09:26:28,668 - harmonypy - INFO - Computing initial centroids...
2026-08-27 09:26:28,811 - harmonypy - INFO - Initialization complete.
2026-08-27 09:26:28,811 - harmonypy - INFO - Iteration 1 of 10
2026-08-27 09:26:28,895 - harmonypy - INFO - Iteration 2 of 10
2026-08-27 09:26:28,983 - harmonypy - INFO - Iteration 3 of 10
2026-08-27 09:26:29,077 - harmonypy - INFO - Converged after 3 iterations
[plot] Saving PCA before/after plots under sim_paper/data/figure_3/batch_sigma_sweep/batch_sweep_spot_bsigma0p60/pca_harmony_qc/plots
[umap] Computing UMAP before Harmony from PCA
[umap] Computing UMAP after Harmony from PCA
[plot] Saving before/after UMAP plots under sim_paper/data/figure_3/batch_sigma_sweep/batch_sweep_spot_bsigma0p60/pca_harmony_qc/plots
[pc_pairs] Plotting PC pairs by slice_id under sim_paper/data/figure_3/batch_sigma_sweep/batch_sweep_spot_bsigma0p60/pca_harmony_qc/plots/pc_pairs
[pc_pairs] Plotting 30 PCs (15 adjacent pairs) using all observations
[pc_pairs] Saved -> sim_paper/data/figure_3/batch_sigma_sweep/batch_sweep_spot_bsigma0p60/pca_harmony_qc/plots/pc_pairs/by_slice_id/pc_pairs_pre_harmony_by_slice_id.png
[pc_pairs] Saved -> sim_paper/data/figure_3/batch_sigma_sweep/batch_sweep_spot_bsigma0p60/pca_harmony_qc/plots/pc_pairs/by_slice_id/pc_pairs_post_harmony_by_slice_id.png
[save] sim_paper/data/figure_3/batch_sigma_sweep/batch_sweep_spot_bsigma0p60/pca_harmony_qc/simulation_spot_z_pca_harmony_qc.h5ad
[done] before/after UMAP: sim_paper/data/figure_3/batch_sigma_sweep/batch_sweep_spot_bsigma0p60/pca_harmony_qc/plots/umap_pca_harmony_before_after_by_slice_id.png
Job finished: Thu Aug 27 09:27:06 AM EDT 2026
