[task 1] modality=cell batch_sigma=0.2 lambda=0.5 k_geom=200
Python: /dcs04/hicks/data/Jan/sim_project/sim_paper/env/sim-app-banksy/bin/python
albis module: /dcs04/hicks/data/Jan/sim_project/albis/albis/__init__.py
albis version: 0.1.0

Generating cell data for slice axis Z with theta=0.4, theta_jitter=0.15, noise_scale=1.3, batch_sigma=0.2, base_gene_lognormal=(-2.3, 0.7), n_cells=600000, cell_r_mean=7.5, allow_cell_overlap=False, sphere_r_um=6000.0, capture_window_um=(12000.0, 24000.0), core_fuzz_width_um=300.0, max_shift=3000.0, bin_size_um=8.0
/dcs04/hicks/data/Jan/sim_project/albis/albis/simulation_sphere.py:1511: FutureWarning: X.dtype being converted to np.float32 from int32. In the next version of anndata (0.9) conversion will not be automatic. Pass dtype explicitly to avoid this warning. Pass `AnnData(X, dtype=X.dtype, ...)` to get the future behavour.
  adata_cell_true = ad.AnnData(X=X_cell_true, obs=cell_obs, var=var)
/dcs04/hicks/data/Jan/sim_project/albis/albis/simulation_sphere.py:1515: FutureWarning: X.dtype being converted to np.float32 from int32. In the next version of anndata (0.9) conversion will not be automatic. Pass dtype explicitly to avoid this warning. Pass `AnnData(X, dtype=X.dtype, ...)` to get the future behavour.
  adata_cell_obs = ad.AnnData(X=X_cell_obs, obs=cell_obs, var=var)

Generated AnnData:
AnnData object with n_obs × n_vars = 600000 × 556
    obs: 'domain_true', 'cell_type_true', 'cell_radius', 'cell_sigma_for_95pct', 'slice_id_X', 'slice_id_Y', 'slice_id_Z', 'slice_axis', 'slice_id'
    var: 'gene_class', 'is_noise', 'is_shared_marker'
    uns: 'sim_params', 'batch_effect_factors', 'rigid_perturb_inplane', 'output'
    obsm: 'spatial', 'spatial_3d', 'spatial_unaligned', 'spatial_3d_unaligned'
    layers: 'counts_pre_batch'

[nb] empirical theta_hat = 0.23 (real data fits ~0.15-0.16 via count_distribution.py --compare-input; lower --theta further if this is still much higher)

Summary:
{
  "n_obs": 600000,
  "n_vars": 556,
  "total_counts": 61960200,
  "nonzero_counts": 27420769,
  "platform": "cell",
  "slice_axis": "Z",
  "n_slices": 10,
  "slice_ids": [
    0,
    1,
    2,
    3,
    4,
    5,
    6,
    7,
    8,
    9
  ],
  "obs_columns": [
    "domain_true",
    "cell_type_true",
    "cell_radius",
    "cell_sigma_for_95pct",
    "slice_id_X",
    "slice_id_Y",
    "slice_id_Z",
    "slice_axis",
    "slice_id"
  ],
  "var_columns": [
    "gene_class",
    "is_noise",
    "is_shared_marker"
  ],
  "layers": [
    "counts_pre_batch"
  ],
  "obsm_keys": [
    "spatial",
    "spatial_3d",
    "spatial_unaligned",
    "spatial_3d_unaligned"
  ],
  "uns_keys": [
    "sim_params",
    "batch_effect_factors",
    "rigid_perturb_inplane",
    "output"
  ],
  "truth_annotations": [
    "layers['counts_pre_batch']",
    "obs['cell_type_true']",
    "obs['domain_true']",
    "obs['cell_radius']",
    "obs['cell_sigma_for_95pct']"
  ]
}

Saved summary -> /dcs04/hicks/data/Jan/sim_project/sim_paper/data/noisy/cell_batch_slide_bs0.2/simulation_cell_z_summary.json

Generating diagnostic plots...
Plotting a deterministic subset of 100,000 / 600,000 observations.
  saved /dcs04/hicks/data/Jan/sim_project/sim_paper/data/noisy/cell_batch_slide_bs0.2/plots/simulation_cell_z/01_aligned_domain_true.png
  saved /dcs04/hicks/data/Jan/sim_project/sim_paper/data/noisy/cell_batch_slide_bs0.2/plots/simulation_cell_z/02_aligned_cell_type_true.png
  saved /dcs04/hicks/data/Jan/sim_project/sim_paper/data/noisy/cell_batch_slide_bs0.2/plots/simulation_cell_z/03_unaligned_slice_id.png
  saved /dcs04/hicks/data/Jan/sim_project/sim_paper/data/noisy/cell_batch_slide_bs0.2/plots/simulation_cell_z/04_qc_count_distributions.png
  saved /dcs04/hicks/data/Jan/sim_project/sim_paper/data/noisy/cell_batch_slide_bs0.2/plots/simulation_cell_z/05_cells_per_slice.png
  saved /dcs04/hicks/data/Jan/sim_project/sim_paper/data/noisy/cell_batch_slide_bs0.2/plots/simulation_cell_z/06_domain_composition_per_slice.png

All diagnostic plots saved under /dcs04/hicks/data/Jan/sim_project/sim_paper/data/noisy/cell_batch_slide_bs0.2/plots/simulation_cell_z

Saved dataset -> /dcs04/hicks/data/Jan/sim_project/sim_paper/data/noisy/cell_batch_slide_bs0.2/simulation_cell_z.h5ad
/dcs04/hicks/data/Jan/sim_project/sim_paper/env/albis-tutorial/lib/python3.10/site-packages/louvain/__init__.py:54: UserWarning: pkg_resources is deprecated as an API. See https://setuptools.pypa.io/en/latest/pkg_resources.html. The pkg_resources package is slated for removal as early as 2025-11-30. Refrain from using this package or pin to Setuptools<81.
  from pkg_resources import get_distribution, DistributionNotFound
[load] sim_paper/data/noisy/cell_batch_slide_bs0.2/simulation_cell_z.h5ad
[load] AnnData shape: 600000 x 556
[qc] fully-empty (total_counts == 0): 0 (0.00%)
[qc] near-empty (0 < total_counts, n_genes < 3): 0 (0.00%)
[qc] dropped 0 observations (0.00%); 600000 remain
[save] sim_paper/data/noisy/cell_batch_slide_bs0.2/simulation_cell_z_qc_summary.json
[save] sim_paper/data/noisy/cell_batch_slide_bs0.2/simulation_cell_z_qc.h5ad
[load] sim_paper/data/noisy/cell_batch_slide_bs0.2/simulation_cell_z_qc.h5ad
[load] AnnData shape: 600000 x 556
[stagger] offsetting each slice's x coordinate so slices don't overlap
  slice 0: offset x by 0.0
  slice 1: offset x by 59865.4
  slice 2: offset x by 119730.8
  slice 3: offset x by 179596.1
  slice 4: offset x by 239461.5
  slice 5: offset x by 299326.9
  slice 6: offset x by 359192.3
  slice 7: offset x by 419057.7
  slice 8: offset x by 478923.1
  slice 9: offset x by 538788.4

[normalize] normalize_total (no log1p -- BANKSY expects normalized, non-log counts here)
[hvg] skipped -- using all 556 genes (matches pca_harmony.py's convention)

[banksy] k_geom=200 max_m=1 lambda=0.5 decay=scaled_gaussian

Median distance to closest cell = 17.21802416282401

---- Ran median_dist_to_nearest_neighbour in 3.54 s ----

---- Ran generate_spatial_distance_graph in 49.64 s ----

---- Ran row_normalize in 1.69 s ----

---- Ran generate_spatial_weights_fixed_nbrs in 61.34 s ----

---- Ran generate_spatial_distance_graph in 91.42 s ----

---- Ran theta_from_spatial_graph in 13.00 s ----

---- Ran row_normalize in 1.86 s ----

---- Ran generate_spatial_weights_fixed_nbrs in 123.74 s ----

Runtime Sep-13-2026-17-03

556 genes to be analysed:
Gene List:
Index(['G1', 'G2', 'G3', 'G4', 'G5', 'G6', 'G7', 'G8', 'G9', 'G10',
       ...
       'G547', 'G548', 'G549', 'G550', 'G551', 'G552', 'G553', 'G554', 'G555',
       'G556'],
      dtype='object', length=556)

Check if X contains only finite (non-NAN) values
Decay Type: scaled_gaussian
Weights Object: {'weights': {0: <600000x600000 sparse matrix of type '<class 'numpy.float64'>'
	with 120000000 stored elements in Compressed Sparse Row format>, 1: <600000x600000 sparse matrix of type '<class 'numpy.complex128'>'
	with 240000000 stored elements in Compressed Sparse Row format>}}

Nbr matrix | Mean: 17.99 | Std: 17.49
Size of Nbr | Shape: (600000, 556)
Top 3 entries of Nbr Mat:

[[37.10155569 33.39380554  7.60112382]
 [20.63242556 23.46299565  6.57095516]
 [13.24936646 14.38321846  4.45295806]]

AGF matrix | Mean: 3.5 | Std: 3.07
Size of AGF mat (m = 1) | Shape: (600000, 556)
Top entries of AGF:
[[10.33835315  2.84586842  2.59127779]
 [ 3.62853357  5.096651    0.33151812]
 [ 4.48031803  1.36967991  2.00258158]]
Ran 'Create BANKSY Matrix' in 11.13 mins

Cell by gene matrix has shape (600000, 556)

Scale factors squared: [0.5        0.33333333 0.16666667]
Scale factors: [0.70710678 0.57735027 0.40824829]
/dcs04/hicks/data/Jan/sim_project/sim_paper/env/sim-app-banksy/lib/python3.10/site-packages/banksy/main.py:368: FutureWarning: X.dtype being converted to np.float32 from float64. In the next version of anndata (0.9) conversion will not be automatic. Pass dtype explicitly to avoid this warning. Pass `AnnData(X, dtype=X.dtype, ...)` to get the future behavour.
  return anndata.AnnData(concatenated_matrix, obs=adata.obs, var=var_combined)
Shape of BANKSY matrix: (600000, 1668)
Type of banksy_matrix: <class 'anndata._core.anndata.AnnData'>

[banksy] BANKSY matrix shape: 600000 x 1668

[pca] pre-Harmony PCA
Current decay types: ['scaled_gaussian']

Reducing dims of dataset in (Index = scaled_gaussian, lambda = 0.5)
==================================================

Setting the total number of PC = 30
Original shape of matrix: (600000, 1668)
Reduced shape of matrix: (600000, 30)
------------------------------------------------------------
min_value = -8.26172924041748, mean = 1.4924589208931138e-07, max = 8.693659782409668

  [plot] saved pca_preharmony_by_slice_id.png
  [plot] saved pca_preharmony_by_domain_true.png
  [plot] saved pca_preharmony_by_cell_type_true.png

[harmony] batch_key=slice_id
2026-09-13 17:16:21,881 - harmonypy - INFO - Running Harmony
2026-09-13 17:16:21,882 - harmonypy - INFO -   Parameters:
2026-09-13 17:16:21,882 - harmonypy - INFO -     max_iter_harmony: 10
2026-09-13 17:16:21,882 - harmonypy - INFO -     max_iter_kmeans: 4
2026-09-13 17:16:21,882 - harmonypy - INFO -     epsilon_cluster: 0.001
2026-09-13 17:16:21,882 - harmonypy - INFO -     epsilon_harmony: 0.01
2026-09-13 17:16:21,882 - harmonypy - INFO -     nclust: 100
2026-09-13 17:16:21,882 - harmonypy - INFO -     block_size: 0.05
2026-09-13 17:16:21,882 - harmonypy - INFO -     lamb: dynamic (alpha=0.2)
2026-09-13 17:16:21,882 - harmonypy - INFO -     theta: [2. 2. 2. 2. 2. 2. 2. 2. 2. 2.]
2026-09-13 17:16:21,882 - harmonypy - INFO -     sigma: [0.1 0.1 0.1 0.1 0.1]...
2026-09-13 17:16:21,882 - harmonypy - INFO -     verbose: True
2026-09-13 17:16:21,882 - harmonypy - INFO -     random_state: 0
2026-09-13 17:16:21,882 - harmonypy - INFO -   Data: 30 PCs × 600000 cells
2026-09-13 17:16:21,882 - harmonypy - INFO -   Batch variables: ['slice_id']
2026-09-13 17:16:22,399 - harmonypy - INFO - Computing initial centroids...
2026-09-13 17:16:35,097 - harmonypy - INFO - Initialization complete.
2026-09-13 17:16:35,097 - harmonypy - INFO - Iteration 1 of 10
2026-09-13 17:16:49,999 - harmonypy - INFO - Iteration 2 of 10
2026-09-13 17:17:06,400 - harmonypy - INFO - Iteration 3 of 10
2026-09-13 17:17:23,116 - harmonypy - INFO - Iteration 4 of 10
2026-09-13 17:17:40,336 - harmonypy - INFO - Iteration 5 of 10
2026-09-13 17:17:59,448 - harmonypy - INFO - Iteration 6 of 10
2026-09-13 17:18:18,535 - harmonypy - INFO - Iteration 7 of 10
2026-09-13 17:18:37,476 - harmonypy - INFO - Iteration 8 of 10
2026-09-13 17:18:56,115 - harmonypy - INFO - Converged after 8 iterations
  [plot] saved pca_postharmony_by_slice_id.png
  [plot] saved pca_postharmony_by_domain_true.png
  [plot] saved pca_postharmony_by_cell_type_true.png

[save] sim_paper/data/figure_3/cellbin_batch_sigma_slide/cell/bs0.2/banksy_matrix/simulation_cell_z_banksy_pca_harmony_qc.h5ad
[save] done
/dcs04/hicks/data/Jan/sim_project/sim_paper/env/albis-tutorial/lib/python3.10/site-packages/louvain/__init__.py:54: UserWarning: pkg_resources is deprecated as an API. See https://setuptools.pypa.io/en/latest/pkg_resources.html. The pkg_resources package is slated for removal as early as 2025-11-30. Refrain from using this package or pin to Setuptools<81.
  from pkg_resources import get_distribution, DistributionNotFound
[load] sim_paper/data/figure_3/cellbin_batch_sigma_slide/cell/bs0.2/banksy_matrix/simulation_cell_z_banksy_pca_harmony_qc.h5ad
[load] AnnData shape: 600000 x 1668
[neighbors] n_pcs=30 n_neighbors=15
[ari] domain_true: target_k=6
[ari] domain_true: resolution=0.1969 achieved_k=6 (target 6)  ARI=0.7693
[ari] cell_type_true: target_k=8
[ari] cell_type_true: resolution=0.6641 achieved_k=8 (target 8)  ARI=0.0826
[save] sim_paper/data/figure_3/cellbin_batch_sigma_slide/cell/bs0.2/ari/ari_summary_cell.json
[save] sim_paper/data/figure_3/cellbin_batch_sigma_slide/cell/bs0.2/ari/simulation_cell_z_ari_recovery.h5ad
[score] cell_bs0.2  <-  sim_paper/data/figure_3/cellbin_batch_sigma_slide/cell/bs0.2/ari/simulation_cell_z_ari_recovery.h5ad
  [cell_bs0.2/cell_type] ARI=0.083 V=0.108 | JSD=0.641 meanR=0.265 R2=0.072 (oracle 1.000) | kNN=0.758 (chance 0.128) | eff#cats=1.00  (leak 0.02)
  [cell_bs0.2/domain] ARI=0.769 V=0.749 | JSD=0.140 meanR=0.876 R2=0.769 (oracle 1.000) | kNN=0.864 (chance 0.167) | eff#cats=1.00  (leak 0.02)
  modality  n_obs     level      ari  v_measure  comp_mean_pearson  comp_mean_jsd  comp_r2  comp_r2_oracle  comp_r2_frac_of_oracle  ari_oracle  ari_frac_of_oracle  knn_concordance  knn_chance  eff_cats_per_obs_median  frac_obs_ge80pct  slice_id_leakage_ari
cell_bs0.2 600000 cell_type 0.082559   0.108193           0.265430       0.641337 0.071802             1.0                0.071802         1.0            0.082559         0.758021    0.128435                      1.0               1.0              0.017828
cell_bs0.2 600000    domain 0.769335   0.749144           0.876393       0.140157 0.768911             1.0                0.768911         1.0            0.769335         0.863859    0.167361                      1.0               1.0              0.017523
[done] task 1  ->  sim_paper/data/figure_3/cellbin_batch_sigma_slide/cell/bs0.2
