[pca_harmony] running
/dcs04/hicks/data/Jan/sim_project/sim_paper/env/albis-tutorial/lib/python3.10/site-packages/louvain/__init__.py:54: UserWarning: pkg_resources is deprecated as an API. See https://setuptools.pypa.io/en/latest/pkg_resources.html. The pkg_resources package is slated for removal as early as 2025-11-30. Refrain from using this package or pin to Setuptools<81.
  from pkg_resources import get_distribution, DistributionNotFound
[load] sim_paper/data/figure_2/packing_pf0p04_log_mu_0.0_bsigma08/simulation_bin_z_qc.h5ad
[load] AnnData shape: 1422050 observations x 556 genes
[pca] Running PCA with 30 components over all genes
/dcs04/hicks/data/Jan/sim_project/sim_paper/env/albis-tutorial/lib/python3.10/site-packages/legacy_api_wrap/__init__.py:88: UserWarning: Some cells have zero counts
  return fn(*args_all, **kw)
/dcs04/hicks/data/Jan/sim_project/sim_paper/env/albis-tutorial/lib/python3.10/functools.py:889: UserWarning: zero-centering a sparse array/matrix densifies it.
  return dispatch(args[0].__class__)(*args, **kw)
/dcs04/hicks/data/Jan/sim_project/sim_paper/env/albis-tutorial/lib/python3.10/site-packages/scanpy/preprocessing/_pca/__init__.py:226: FutureWarning: Argument `use_highly_variable` is deprecated, consider using the mask argument. Use_highly_variable=True can be called through mask_var="highly_variable". Use_highly_variable=False can be called through mask_var=None
  mask_var_param, mask_var = _handle_mask_var(
[harmony] Correcting X_pca_pre_harmony by obs['slice_id']
2026-09-01 04:35:57,250 - harmonypy - INFO - Running Harmony
2026-09-01 04:35:57,250 - harmonypy - INFO -   Parameters:
2026-09-01 04:35:57,250 - harmonypy - INFO -     max_iter_harmony: 10
2026-09-01 04:35:57,250 - harmonypy - INFO -     max_iter_kmeans: 4
2026-09-01 04:35:57,250 - harmonypy - INFO -     epsilon_cluster: 0.001
2026-09-01 04:35:57,250 - harmonypy - INFO -     epsilon_harmony: 0.01
2026-09-01 04:35:57,250 - harmonypy - INFO -     nclust: 100
2026-09-01 04:35:57,250 - harmonypy - INFO -     block_size: 0.05
2026-09-01 04:35:57,250 - harmonypy - INFO -     lamb: dynamic (alpha=0.2)
2026-09-01 04:35:57,251 - harmonypy - INFO -     theta: [2. 2. 2. 2. 2. 2. 2. 2. 2. 2.]
2026-09-01 04:35:57,251 - harmonypy - INFO -     sigma: [0.1 0.1 0.1 0.1 0.1]...
2026-09-01 04:35:57,251 - harmonypy - INFO -     verbose: True
2026-09-01 04:35:57,251 - harmonypy - INFO -     random_state: 0
2026-09-01 04:35:57,251 - harmonypy - INFO -   Data: 30 PCs × 1422050 cells
2026-09-01 04:35:57,251 - harmonypy - INFO -   Batch variables: ['slice_id']
2026-09-01 04:35:59,354 - harmonypy - INFO - Computing initial centroids...
2026-09-01 04:37:03,736 - harmonypy - INFO - Initialization complete.
2026-09-01 04:37:03,737 - harmonypy - INFO - Iteration 1 of 10
2026-09-01 04:38:15,838 - harmonypy - INFO - Iteration 2 of 10
2026-09-01 04:39:32,524 - harmonypy - INFO - Iteration 3 of 10
2026-09-01 04:40:49,139 - harmonypy - INFO - Iteration 4 of 10
2026-09-01 04:42:05,667 - harmonypy - INFO - Iteration 5 of 10
2026-09-01 04:43:22,346 - harmonypy - INFO - Iteration 6 of 10
2026-09-01 04:44:39,199 - harmonypy - INFO - Iteration 7 of 10
2026-09-01 04:45:55,914 - harmonypy - INFO - Iteration 8 of 10
2026-09-01 04:47:13,016 - harmonypy - INFO - Converged after 8 iterations
[plot] Saving PCA before/after plots under sim_paper/data/figure_3/pca_harmony_single_cell/bin/pca_harmony_qc/plots
[umap] Computing UMAP before Harmony from PCA
[umap] Computing UMAP after Harmony from PCA
[plot] Saving before/after UMAP plots under sim_paper/data/figure_3/pca_harmony_single_cell/bin/pca_harmony_qc/plots
[pc_pairs] Plotting PC pairs by slice_id under sim_paper/data/figure_3/pca_harmony_single_cell/bin/pca_harmony_qc/plots/pc_pairs
[pc_pairs] Plotting 30 PCs (15 adjacent pairs) using 20000 sampled observations
[pc_pairs] Saved -> sim_paper/data/figure_3/pca_harmony_single_cell/bin/pca_harmony_qc/plots/pc_pairs/by_slice_id/pc_pairs_pre_harmony_by_slice_id.png
[pc_pairs] Saved -> sim_paper/data/figure_3/pca_harmony_single_cell/bin/pca_harmony_qc/plots/pc_pairs/by_slice_id/pc_pairs_post_harmony_by_slice_id.png
[save] sim_paper/data/figure_3/pca_harmony_single_cell/bin/pca_harmony_qc/simulation_bin_z_pca_harmony_qc.h5ad
[ari] resolution-matched ARI recovery
/dcs04/hicks/data/Jan/sim_project/sim_paper/env/albis-tutorial/lib/python3.10/site-packages/louvain/__init__.py:54: UserWarning: pkg_resources is deprecated as an API. See https://setuptools.pypa.io/en/latest/pkg_resources.html. The pkg_resources package is slated for removal as early as 2025-11-30. Refrain from using this package or pin to Setuptools<81.
  from pkg_resources import get_distribution, DistributionNotFound
[load] sim_paper/data/figure_3/pca_harmony_single_cell/bin/pca_harmony_qc/simulation_bin_z_pca_harmony_qc.h5ad
[load] AnnData shape: 1422050 x 556
[neighbors] n_pcs=30 n_neighbors=15
slurmstepd: error: *** JOB 35453839 ON compute-058 CANCELLED AT 2026-09-01T09:17:54 ***
