[pca_harmony] running
/dcs04/hicks/data/Jan/sim_project/sim_paper/env/albis-tutorial/lib/python3.10/site-packages/louvain/__init__.py:54: UserWarning: pkg_resources is deprecated as an API. See https://setuptools.pypa.io/en/latest/pkg_resources.html. The pkg_resources package is slated for removal as early as 2025-11-30. Refrain from using this package or pin to Setuptools<81.
  from pkg_resources import get_distribution, DistributionNotFound
[load] sim_paper/data/figure_2/smaller_sphere/data/packing_pf0p04_log_mu_0.0_jitter0.6_bsigma08/simulation_bin_z_qc.h5ad
[load] AnnData shape: 1403950 observations x 556 genes
[pca] Running PCA with 30 components over all genes
/dcs04/hicks/data/Jan/sim_project/sim_paper/env/albis-tutorial/lib/python3.10/functools.py:889: UserWarning: zero-centering a sparse array/matrix densifies it.
  return dispatch(args[0].__class__)(*args, **kw)
/dcs04/hicks/data/Jan/sim_project/sim_paper/env/albis-tutorial/lib/python3.10/site-packages/scanpy/preprocessing/_pca/__init__.py:226: FutureWarning: Argument `use_highly_variable` is deprecated, consider using the mask argument. Use_highly_variable=True can be called through mask_var="highly_variable". Use_highly_variable=False can be called through mask_var=None
  mask_var_param, mask_var = _handle_mask_var(
[harmony] Correcting X_pca_pre_harmony by obs['slice_id']
2026-09-23 13:43:45,659 - harmonypy - INFO - Running Harmony
2026-09-23 13:43:45,660 - harmonypy - INFO -   Parameters:
2026-09-23 13:43:45,660 - harmonypy - INFO -     max_iter_harmony: 10
2026-09-23 13:43:45,660 - harmonypy - INFO -     max_iter_kmeans: 4
2026-09-23 13:43:45,660 - harmonypy - INFO -     epsilon_cluster: 0.001
2026-09-23 13:43:45,660 - harmonypy - INFO -     epsilon_harmony: 0.01
2026-09-23 13:43:45,660 - harmonypy - INFO -     nclust: 100
2026-09-23 13:43:45,660 - harmonypy - INFO -     block_size: 0.05
2026-09-23 13:43:45,660 - harmonypy - INFO -     lamb: dynamic (alpha=0.2)
2026-09-23 13:43:45,660 - harmonypy - INFO -     theta: [2. 2. 2. 2. 2. 2. 2. 2. 2. 2.]
2026-09-23 13:43:45,660 - harmonypy - INFO -     sigma: [0.1 0.1 0.1 0.1 0.1]...
2026-09-23 13:43:45,660 - harmonypy - INFO -     verbose: True
2026-09-23 13:43:45,660 - harmonypy - INFO -     random_state: 0
2026-09-23 13:43:45,660 - harmonypy - INFO -   Data: 30 PCs × 1403950 cells
2026-09-23 13:43:45,660 - harmonypy - INFO -   Batch variables: ['slice_id']
2026-09-23 13:43:46,286 - harmonypy - INFO - Computing initial centroids...
2026-09-23 13:44:07,826 - harmonypy - INFO - Initialization complete.
2026-09-23 13:44:07,826 - harmonypy - INFO - Iteration 1 of 10
2026-09-23 13:44:28,929 - harmonypy - INFO - Iteration 2 of 10
2026-09-23 13:44:54,139 - harmonypy - INFO - Iteration 3 of 10
2026-09-23 13:45:19,280 - harmonypy - INFO - Iteration 4 of 10
2026-09-23 13:45:41,742 - harmonypy - INFO - Iteration 5 of 10
2026-09-23 13:46:03,503 - harmonypy - INFO - Iteration 6 of 10
2026-09-23 13:46:25,170 - harmonypy - INFO - Iteration 7 of 10
2026-09-23 13:46:46,934 - harmonypy - INFO - Iteration 8 of 10
2026-09-23 13:47:08,959 - harmonypy - INFO - Converged after 8 iterations
[plot] Saving PCA before/after plots under sim_paper/data/figure_3/pca_harmony_single_cell/bin/pca_harmony_qc/plots
[umap] Computing UMAP before Harmony from PCA
slurmstepd: error: *** JOB 35884606 ON compute-174 CANCELLED AT 2026-09-23T14:12:54 ***
