[pca_harmony] running
/dcs04/hicks/data/Jan/sim_project/sim_app/env/sim-app-tutorial/lib/python3.10/site-packages/louvain/__init__.py:54: UserWarning: pkg_resources is deprecated as an API. See https://setuptools.pypa.io/en/latest/pkg_resources.html. The pkg_resources package is slated for removal as early as 2025-11-30. Refrain from using this package or pin to Setuptools<81.
  from pkg_resources import get_distribution, DistributionNotFound
[load] sim_paper/data/figure_2/packing_pf0p04_log_mu_0.0_bsigma05/simulation_bin_z_qc.h5ad
[load] AnnData shape: 706630 observations x 556 genes
[pca] Running PCA with 30 components over all genes
/dcs04/hicks/data/Jan/sim_project/sim_app/env/sim-app-tutorial/lib/python3.10/site-packages/legacy_api_wrap/__init__.py:88: UserWarning: Some cells have zero counts
  return fn(*args_all, **kw)
/dcs04/hicks/data/Jan/sim_project/sim_app/env/sim-app-tutorial/lib/python3.10/functools.py:889: UserWarning: zero-centering a sparse array/matrix densifies it.
  return dispatch(args[0].__class__)(*args, **kw)
/dcs04/hicks/data/Jan/sim_project/sim_app/env/sim-app-tutorial/lib/python3.10/site-packages/scanpy/preprocessing/_pca/__init__.py:226: FutureWarning: Argument `use_highly_variable` is deprecated, consider using the mask argument. Use_highly_variable=True can be called through mask_var="highly_variable". Use_highly_variable=False can be called through mask_var=None
  mask_var_param, mask_var = _handle_mask_var(
[harmony] Correcting X_pca_pre_harmony by obs['slice_id']
2026-08-26 22:48:38,634 - harmonypy - INFO - Running Harmony
2026-08-26 22:48:38,635 - harmonypy - INFO -   Parameters:
2026-08-26 22:48:38,635 - harmonypy - INFO -     max_iter_harmony: 10
2026-08-26 22:48:38,635 - harmonypy - INFO -     max_iter_kmeans: 4
2026-08-26 22:48:38,635 - harmonypy - INFO -     epsilon_cluster: 0.001
2026-08-26 22:48:38,635 - harmonypy - INFO -     epsilon_harmony: 0.01
2026-08-26 22:48:38,635 - harmonypy - INFO -     nclust: 100
2026-08-26 22:48:38,635 - harmonypy - INFO -     block_size: 0.05
2026-08-26 22:48:38,635 - harmonypy - INFO -     lamb: dynamic (alpha=0.2)
2026-08-26 22:48:38,635 - harmonypy - INFO -     theta: [2. 2. 2. 2. 2. 2. 2. 2. 2. 2.]
2026-08-26 22:48:38,635 - harmonypy - INFO -     sigma: [0.1 0.1 0.1 0.1 0.1]...
2026-08-26 22:48:38,635 - harmonypy - INFO -     verbose: True
2026-08-26 22:48:38,635 - harmonypy - INFO -     random_state: 0
2026-08-26 22:48:38,635 - harmonypy - INFO -   Data: 30 PCs × 706630 cells
2026-08-26 22:48:38,635 - harmonypy - INFO -   Batch variables: ['slice_id']
2026-08-26 22:48:39,307 - harmonypy - INFO - Computing initial centroids...
2026-08-26 22:48:57,927 - harmonypy - INFO - Initialization complete.
2026-08-26 22:48:57,927 - harmonypy - INFO - Iteration 1 of 10
2026-08-26 22:49:16,801 - harmonypy - INFO - Iteration 2 of 10
2026-08-26 22:49:36,858 - harmonypy - INFO - Iteration 3 of 10
2026-08-26 22:49:56,461 - harmonypy - INFO - Iteration 4 of 10
2026-08-26 22:50:16,040 - harmonypy - INFO - Iteration 5 of 10
2026-08-26 22:50:35,564 - harmonypy - INFO - Iteration 6 of 10
2026-08-26 22:50:54,945 - harmonypy - INFO - Iteration 7 of 10
2026-08-26 22:51:14,194 - harmonypy - INFO - Converged after 7 iterations
[plot] Saving PCA before/after plots under sim_paper/data/figure_3/pca_harmony_single_cell/bin/pca_harmony_qc/plots
[umap] Subsampling 50,000 / 706,630 observations for the before/after-Harmony UMAP diagnostic plots (full neighbors+UMAP twice is the slow step; not used downstream)
[umap] Computing UMAP before Harmony from PCA
[umap] Computing UMAP after Harmony from PCA
[plot] Saving before/after UMAP plots under sim_paper/data/figure_3/pca_harmony_single_cell/bin/pca_harmony_qc/plots
[pc_pairs] Plotting PC pairs by slice_id under sim_paper/data/figure_3/pca_harmony_single_cell/bin/pca_harmony_qc/plots/pc_pairs
[pc_pairs] Plotting 30 PCs (15 adjacent pairs) using 20000 sampled observations
[pc_pairs] Saved -> sim_paper/data/figure_3/pca_harmony_single_cell/bin/pca_harmony_qc/plots/pc_pairs/by_slice_id/pc_pairs_pre_harmony_by_slice_id.png
[pc_pairs] Saved -> sim_paper/data/figure_3/pca_harmony_single_cell/bin/pca_harmony_qc/plots/pc_pairs/by_slice_id/pc_pairs_post_harmony_by_slice_id.png
[save] sim_paper/data/figure_3/pca_harmony_single_cell/bin/pca_harmony_qc/simulation_bin_z_pca_harmony_qc.h5ad
[ari] resolution-matched ARI recovery
/dcs04/hicks/data/Jan/sim_project/sim_app/env/sim-app-tutorial/lib/python3.10/site-packages/louvain/__init__.py:54: UserWarning: pkg_resources is deprecated as an API. See https://setuptools.pypa.io/en/latest/pkg_resources.html. The pkg_resources package is slated for removal as early as 2025-11-30. Refrain from using this package or pin to Setuptools<81.
  from pkg_resources import get_distribution, DistributionNotFound
[load] sim_paper/data/figure_3/pca_harmony_single_cell/bin/pca_harmony_qc/simulation_bin_z_pca_harmony_qc.h5ad
[load] AnnData shape: 706630 x 556
[neighbors] n_pcs=30 n_neighbors=15
[ari] domain_true: target_k=6
[ari] domain_true: resolution=0.1852 achieved_k=6 (target 6)  ARI=0.0016
[ari] cell_type_true: target_k=8
[ari] cell_type_true: resolution=0.2202 achieved_k=8 (target 8)  ARI=0.0244
[save] sim_paper/data/figure_3/pca_harmony_single_cell/bin/ari_recovery_qc/ari_summary_bin.json
[save] sim_paper/data/figure_3/pca_harmony_single_cell/bin/ari_recovery_qc/simulation_bin_z_ari_recovery.h5ad
[leiden] cell_type_true-matched-resolution qualitative plots (resolution=0.22023437499999998, UMAP true-vs-predicted, contingency heatmap)
/dcs04/hicks/data/Jan/sim_project/sim_app/env/sim-app-tutorial/lib/python3.10/site-packages/louvain/__init__.py:54: UserWarning: pkg_resources is deprecated as an API. See https://setuptools.pypa.io/en/latest/pkg_resources.html. The pkg_resources package is slated for removal as early as 2025-11-30. Refrain from using this package or pin to Setuptools<81.
  from pkg_resources import get_distribution, DistributionNotFound
[load] sim_paper/data/figure_3/pca_harmony_single_cell/bin/pca_harmony_qc/simulation_bin_z_pca_harmony_qc.h5ad
[neighbors] Using first 30 dimensions of X_pca_harmony with n_neighbors=15
[leiden] resolution=0.22023437499999998, key=cluster_label
[umap] Computing UMAP from the pca_harmony neighbor graph
[save] sim_paper/data/figure_3/pca_harmony_single_cell/bin/leiden_pca_qc_celltype_matched/simulation_bin_z_leiden_pca_res0p22023437499999998.h5ad
[done] cell_type_true ARI -> sim_paper/data/figure_3/pca_harmony_single_cell/bin/ari_recovery_qc/ari_summary_bin.json
