[task 21] modality=bin lambda=0.7 k_geom=200 (PREBATCH, no Harmony scoring)
[load] sim_paper/data/figure_4/spatial_clustering/sim_data/packing_pf0p04_bin16um_log_mu_-2.5_bsigma07_strongmix/simulation_bin_z_qc.h5ad
[load] AnnData shape: 365721 x 556
[oracle] X <- counts_pre_batch (no per-slice batch effect)
[stagger] offsetting each slice's x coordinate so slices don't overlap
  slice 0: offset x by 0.0
  slice 1: offset x by 20400.0
  slice 2: offset x by 40800.0
  slice 3: offset x by 61200.0
  slice 4: offset x by 81600.0
  slice 5: offset x by 102000.0
  slice 6: offset x by 122400.0
  slice 7: offset x by 142800.0
  slice 8: offset x by 163200.0
  slice 9: offset x by 183600.0

[normalize] normalize_total (no log1p -- BANKSY expects normalized, non-log counts here)
[hvg] skipped -- using all 556 genes (matches pca_harmony.py's convention)

[banksy] k_geom=200 max_m=1 lambda=0.7 decay=scaled_gaussian

Median distance to closest cell = 16.0

---- Ran median_dist_to_nearest_neighbour in 1.63 s ----

---- Ran generate_spatial_distance_graph in 24.61 s ----

---- Ran row_normalize in 1.09 s ----

---- Ran generate_spatial_weights_fixed_nbrs in 32.12 s ----

---- Ran generate_spatial_distance_graph in 45.74 s ----

---- Ran theta_from_spatial_graph in 7.35 s ----

---- Ran row_normalize in 1.18 s ----

---- Ran generate_spatial_weights_fixed_nbrs in 64.96 s ----

Runtime Sep-12-2026-17-05

556 genes to be analysed:
Gene List:
Index(['G1', 'G2', 'G3', 'G4', 'G5', 'G6', 'G7', 'G8', 'G9', 'G10',
       ...
       'G547', 'G548', 'G549', 'G550', 'G551', 'G552', 'G553', 'G554', 'G555',
       'G556'],
      dtype='object', length=556)

Check if X contains only finite (non-NAN) values
Decay Type: scaled_gaussian
Weights Object: {'weights': {0: <365721x365721 sparse matrix of type '<class 'numpy.float64'>'
	with 73144200 stored elements in Compressed Sparse Row format>, 1: <365721x365721 sparse matrix of type '<class 'numpy.complex128'>'
	with 146288400 stored elements in Compressed Sparse Row format>}}

Nbr matrix | Mean: 17.99 | Std: 17.0
Size of Nbr | Shape: (365721, 556)
Top 3 entries of Nbr Mat:

[[11.27251019 41.90545849  2.69506664]
 [21.12137546 39.94789996  3.02923272]
 [28.92089617 33.52210591  3.18686622]]

AGF matrix | Mean: 2.63 | Std: 2.98
Size of AGF mat (m = 1) | Shape: (365721, 556)
Top entries of AGF:
[[6.28117606 2.86100719 0.27384325]
 [9.24622806 2.92927794 0.1675816 ]
 [8.6123052  3.7641929  0.12779134]]
Ran 'Create BANKSY Matrix' in 4.54 mins

Cell by gene matrix has shape (365721, 556)

Scale factors squared: [0.3        0.46666667 0.23333333]
Scale factors: [0.54772256 0.68313005 0.48304589]
/dcs04/hicks/data/Jan/sim_project/sim_paper/env/sim-app-banksy/lib/python3.10/site-packages/banksy/main.py:368: FutureWarning: X.dtype being converted to np.float32 from float64. In the next version of anndata (0.9) conversion will not be automatic. Pass dtype explicitly to avoid this warning. Pass `AnnData(X, dtype=X.dtype, ...)` to get the future behavour.
  return anndata.AnnData(concatenated_matrix, obs=adata.obs, var=var_combined)
Shape of BANKSY matrix: (365721, 1668)
Type of banksy_matrix: <class 'anndata._core.anndata.AnnData'>

[banksy] BANKSY matrix shape: 365721 x 1668

[pca] pre-Harmony PCA
Current decay types: ['scaled_gaussian']

Reducing dims of dataset in (Index = scaled_gaussian, lambda = 0.7)
==================================================

Setting the total number of PC = 30
Original shape of matrix: (365721, 1668)
Reduced shape of matrix: (365721, 30)
------------------------------------------------------------
min_value = -9.68392562866211, mean = -9.924388422177799e-09, max = 14.157200813293457

  [plot] saved pca_preharmony_by_slice_id.png
  [plot] saved pca_preharmony_by_domain_true.png
  [plot] saved pca_preharmony_by_cell_type_true.png

[harmony] batch_key=slice_id
2026-09-12 17:11:17,902 - harmonypy - INFO - Running Harmony
2026-09-12 17:11:17,902 - harmonypy - INFO -   Parameters:
2026-09-12 17:11:17,902 - harmonypy - INFO -     max_iter_harmony: 10
2026-09-12 17:11:17,902 - harmonypy - INFO -     max_iter_kmeans: 4
2026-09-12 17:11:17,902 - harmonypy - INFO -     epsilon_cluster: 0.001
2026-09-12 17:11:17,902 - harmonypy - INFO -     epsilon_harmony: 0.01
2026-09-12 17:11:17,902 - harmonypy - INFO -     nclust: 100
2026-09-12 17:11:17,902 - harmonypy - INFO -     block_size: 0.05
2026-09-12 17:11:17,902 - harmonypy - INFO -     lamb: dynamic (alpha=0.2)
2026-09-12 17:11:17,903 - harmonypy - INFO -     theta: [2. 2. 2. 2. 2. 2. 2. 2. 2. 2.]
2026-09-12 17:11:17,903 - harmonypy - INFO -     sigma: [0.1 0.1 0.1 0.1 0.1]...
2026-09-12 17:11:17,903 - harmonypy - INFO -     verbose: True
2026-09-12 17:11:17,903 - harmonypy - INFO -     random_state: 0
2026-09-12 17:11:17,903 - harmonypy - INFO -   Data: 30 PCs × 365721 cells
2026-09-12 17:11:17,903 - harmonypy - INFO -   Batch variables: ['slice_id']
2026-09-12 17:11:18,319 - harmonypy - INFO - Computing initial centroids...
2026-09-12 17:11:25,495 - harmonypy - INFO - Initialization complete.
2026-09-12 17:11:25,495 - harmonypy - INFO - Iteration 1 of 10
2026-09-12 17:11:33,238 - harmonypy - INFO - Iteration 2 of 10
2026-09-12 17:11:41,515 - harmonypy - INFO - Iteration 3 of 10
2026-09-12 17:11:49,770 - harmonypy - INFO - Iteration 4 of 10
2026-09-12 17:11:58,071 - harmonypy - INFO - Iteration 5 of 10
2026-09-12 17:12:06,373 - harmonypy - INFO - Iteration 6 of 10
2026-09-12 17:12:14,788 - harmonypy - INFO - Converged after 6 iterations
  [plot] saved pca_postharmony_by_slice_id.png
  [plot] saved pca_postharmony_by_domain_true.png
  [plot] saved pca_postharmony_by_cell_type_true.png

[save] sim_paper/data/figure_3/cellbin_kgeom_sweep_prebatch/bin/lambda0.7_kgeom200/banksy_matrix/simulation_bin_z_banksy_pca_harmony_qc.h5ad
[save] done
/dcs04/hicks/data/Jan/sim_project/sim_paper/env/albis-tutorial/lib/python3.10/site-packages/louvain/__init__.py:54: UserWarning: pkg_resources is deprecated as an API. See https://setuptools.pypa.io/en/latest/pkg_resources.html. The pkg_resources package is slated for removal as early as 2025-11-30. Refrain from using this package or pin to Setuptools<81.
  from pkg_resources import get_distribution, DistributionNotFound
[load] sim_paper/data/figure_3/cellbin_kgeom_sweep_prebatch/bin/lambda0.7_kgeom200/banksy_matrix/simulation_bin_z_banksy_pca_harmony_qc.h5ad
[load] 365,721 x 1,668
[neighbors] BANKSY, NO Harmony, prebatch. n_pcs=30 n_neighbors=15
[RESULT] bin / domain_true (BANKSY, NO Harmony, prebatch): resolution=0.0567 achieved_k=10 (target 6)  ARI=0.0153  slice_leak_ARI=1.0000
[RESULT] bin / cell_type_true (BANKSY, NO Harmony, prebatch): resolution=0.0567 achieved_k=10 (target 8)  ARI=0.0022  slice_leak_ARI=1.0000
[done] task 21  ->  sim_paper/data/figure_3/cellbin_kgeom_sweep_prebatch/bin/lambda0.7_kgeom200
