[task 13] modality=bin lambda=0.5 k_geom=6 (tuned/real batch)
[load] sim_paper/data/figure_4/spatial_clustering/sim_data/packing_pf0p04_bin16um_log_mu_-2.5_bsigma07_strongmix/simulation_bin_z_qc.h5ad
[load] AnnData shape: 365721 x 556
[stagger] offsetting each slice's x coordinate so slices don't overlap
  slice 0: offset x by 0.0
  slice 1: offset x by 20400.0
  slice 2: offset x by 40800.0
  slice 3: offset x by 61200.0
  slice 4: offset x by 81600.0
  slice 5: offset x by 102000.0
  slice 6: offset x by 122400.0
  slice 7: offset x by 142800.0
  slice 8: offset x by 163200.0
  slice 9: offset x by 183600.0

[normalize] normalize_total (no log1p -- BANKSY expects normalized, non-log counts here)
[hvg] skipped -- using all 556 genes (matches pca_harmony.py's convention)

[banksy] k_geom=6 max_m=1 lambda=0.5 decay=scaled_gaussian

Median distance to closest cell = 16.0

---- Ran median_dist_to_nearest_neighbour in 2.64 s ----

---- Ran generate_spatial_distance_graph in 3.61 s ----

---- Ran row_normalize in 3.36 s ----

---- Ran generate_spatial_weights_fixed_nbrs in 24.39 s ----

---- Ran generate_spatial_distance_graph in 5.49 s ----

---- Ran theta_from_spatial_graph in 5.41 s ----

---- Ran row_normalize in 3.56 s ----

---- Ran generate_spatial_weights_fixed_nbrs in 32.90 s ----

Runtime Sep-11-2026-17-40

556 genes to be analysed:
Gene List:
Index(['G1', 'G2', 'G3', 'G4', 'G5', 'G6', 'G7', 'G8', 'G9', 'G10',
       ...
       'G547', 'G548', 'G549', 'G550', 'G551', 'G552', 'G553', 'G554', 'G555',
       'G556'],
      dtype='object', length=556)

Check if X contains only finite (non-NAN) values
Decay Type: scaled_gaussian
Weights Object: {'weights': {0: <365721x365721 sparse matrix of type '<class 'numpy.float64'>'
	with 2194326 stored elements in Compressed Sparse Row format>, 1: <365721x365721 sparse matrix of type '<class 'numpy.complex128'>'
	with 4388652 stored elements in Compressed Sparse Row format>}}

Nbr matrix | Mean: 17.99 | Std: 44.33
Size of Nbr | Shape: (365721, 556)
Top 3 entries of Nbr Mat:

[[ 0.          0.          0.        ]
 [ 0.          0.          0.        ]
 [ 0.          0.         14.72623247]]

AGF matrix | Mean: 11.87 | Std: 25.72
Size of AGF mat (m = 1) | Shape: (365721, 556)
Top entries of AGF:
[[0.         0.         0.        ]
 [0.         0.         0.        ]
 [0.         0.         4.72413181]]
Ran 'Create BANKSY Matrix' in 0.98 mins

Cell by gene matrix has shape (365721, 556)

Scale factors squared: [0.5        0.33333333 0.16666667]
Scale factors: [0.70710678 0.57735027 0.40824829]
/dcs04/hicks/data/Jan/sim_project/sim_paper/env/sim-app-banksy/lib/python3.10/site-packages/banksy/main.py:368: FutureWarning: X.dtype being converted to np.float32 from float64. In the next version of anndata (0.9) conversion will not be automatic. Pass dtype explicitly to avoid this warning. Pass `AnnData(X, dtype=X.dtype, ...)` to get the future behavour.
  return anndata.AnnData(concatenated_matrix, obs=adata.obs, var=var_combined)
Shape of BANKSY matrix: (365721, 1668)
Type of banksy_matrix: <class 'anndata._core.anndata.AnnData'>

[banksy] BANKSY matrix shape: 365721 x 1668

[pca] pre-Harmony PCA
Current decay types: ['scaled_gaussian']

Reducing dims of dataset in (Index = scaled_gaussian, lambda = 0.5)
==================================================

Setting the total number of PC = 30
Original shape of matrix: (365721, 1668)
Reduced shape of matrix: (365721, 30)
------------------------------------------------------------
min_value = -19.451698303222656, mean = -1.595946196175646e-05, max = 30.63346290588379

  [plot] saved pca_preharmony_by_slice_id.png
  [plot] saved pca_preharmony_by_domain_true.png
  [plot] saved pca_preharmony_by_cell_type_true.png

[harmony] batch_key=slice_id
2026-09-11 17:48:13,816 - harmonypy - INFO - Running Harmony
2026-09-11 17:48:13,816 - harmonypy - INFO -   Parameters:
2026-09-11 17:48:13,816 - harmonypy - INFO -     max_iter_harmony: 10
2026-09-11 17:48:13,816 - harmonypy - INFO -     max_iter_kmeans: 4
2026-09-11 17:48:13,816 - harmonypy - INFO -     epsilon_cluster: 0.001
2026-09-11 17:48:13,817 - harmonypy - INFO -     epsilon_harmony: 0.01
2026-09-11 17:48:13,817 - harmonypy - INFO -     nclust: 100
2026-09-11 17:48:13,817 - harmonypy - INFO -     block_size: 0.05
2026-09-11 17:48:13,817 - harmonypy - INFO -     lamb: dynamic (alpha=0.2)
2026-09-11 17:48:13,817 - harmonypy - INFO -     theta: [2. 2. 2. 2. 2. 2. 2. 2. 2. 2.]
2026-09-11 17:48:13,817 - harmonypy - INFO -     sigma: [0.1 0.1 0.1 0.1 0.1]...
2026-09-11 17:48:13,817 - harmonypy - INFO -     verbose: True
2026-09-11 17:48:13,817 - harmonypy - INFO -     random_state: 0
2026-09-11 17:48:13,817 - harmonypy - INFO -   Data: 30 PCs × 365721 cells
2026-09-11 17:48:13,817 - harmonypy - INFO -   Batch variables: ['slice_id']
2026-09-11 17:48:14,570 - harmonypy - INFO - Computing initial centroids...
2026-09-11 17:48:28,920 - harmonypy - INFO - Initialization complete.
2026-09-11 17:48:28,920 - harmonypy - INFO - Iteration 1 of 10
2026-09-11 17:48:43,288 - harmonypy - INFO - Iteration 2 of 10
2026-09-11 17:48:58,584 - harmonypy - INFO - Converged after 2 iterations
  [plot] saved pca_postharmony_by_slice_id.png
  [plot] saved pca_postharmony_by_domain_true.png
  [plot] saved pca_postharmony_by_cell_type_true.png

[save] sim_paper/data/figure_3/cellbin_kgeom_sweep_tuned/bin/lambda0.5_kgeom6/banksy_matrix/simulation_bin_z_banksy_pca_harmony_qc.h5ad
[save] done
/dcs04/hicks/data/Jan/sim_project/sim_paper/env/albis-tutorial/lib/python3.10/site-packages/louvain/__init__.py:54: UserWarning: pkg_resources is deprecated as an API. See https://setuptools.pypa.io/en/latest/pkg_resources.html. The pkg_resources package is slated for removal as early as 2025-11-30. Refrain from using this package or pin to Setuptools<81.
  from pkg_resources import get_distribution, DistributionNotFound
[load] sim_paper/data/figure_3/cellbin_kgeom_sweep_tuned/bin/lambda0.5_kgeom6/banksy_matrix/simulation_bin_z_banksy_pca_harmony_qc.h5ad
[load] AnnData shape: 365721 x 1668
[neighbors] n_pcs=30 n_neighbors=15
[ari] domain_true: target_k=6
[ari] domain_true: resolution=0.0567 achieved_k=6 (target 6)  ARI=0.0278
[ari] cell_type_true: target_k=8
[ari] cell_type_true: resolution=0.0801 achieved_k=8 (target 8)  ARI=0.0013
[save] sim_paper/data/figure_3/cellbin_kgeom_sweep_tuned/bin/lambda0.5_kgeom6/ari/ari_summary_bin.json
[save] sim_paper/data/figure_3/cellbin_kgeom_sweep_tuned/bin/lambda0.5_kgeom6/ari/simulation_bin_z_ari_recovery.h5ad
[score] bin_lambda0.5_kgeom6  <-  sim_paper/data/figure_3/cellbin_kgeom_sweep_tuned/bin/lambda0.5_kgeom6/ari/simulation_bin_z_ari_recovery.h5ad
  [bin_lambda0.5_kgeom6/cell_type] ARI=0.001 V=0.003 | JSD=0.478 meanR=0.045 R2=0.003 (oracle 0.742) | kNN=0.394 (chance 0.129) | eff#cats=2.26  (leak 0.60)
  [bin_lambda0.5_kgeom6/domain] ARI=0.028 V=0.033 | JSD=0.601 meanR=0.107 R2=0.020 (oracle 0.957) | kNN=0.472 (chance 0.167) | eff#cats=1.00  (leak 0.42)
            modality  n_obs     level      ari  v_measure  comp_mean_pearson  comp_mean_jsd  comp_r2  comp_r2_oracle  comp_r2_frac_of_oracle  ari_oracle  ari_frac_of_oracle  knn_concordance  knn_chance  eff_cats_per_obs_median  frac_obs_ge80pct  slice_id_leakage_ari
bin_lambda0.5_kgeom6 365721 cell_type 0.001272   0.002902           0.045004       0.477720 0.002783        0.741889                0.003751    0.964096            0.001320         0.394395    0.129361                 2.259298          0.263294              0.601332
bin_lambda0.5_kgeom6 365721    domain 0.027799   0.032897           0.106514       0.601406 0.019566        0.957057                0.020444    0.998511            0.027841         0.472455    0.167352                 1.000000          0.869893              0.424730
[done] task 13  ->  sim_paper/data/figure_3/cellbin_kgeom_sweep_tuned/bin/lambda0.5_kgeom6
