[task 5] modality=cell lambda=0.5 k_geom=6 (tuned/real batch)
[load] sim_paper/data/figure_4/spatial_clustering/sim_data/log_mu_-2.3_theta_0.40_jitter0.15_bsigma15_strongmix/simulation_cell_z_qc.h5ad
[load] AnnData shape: 600000 x 556
[stagger] offsetting each slice's x coordinate so slices don't overlap
  slice 0: offset x by 0.0
  slice 1: offset x by 59865.4
  slice 2: offset x by 119730.8
  slice 3: offset x by 179596.1
  slice 4: offset x by 239461.5
  slice 5: offset x by 299326.9
  slice 6: offset x by 359192.3
  slice 7: offset x by 419057.7
  slice 8: offset x by 478923.1
  slice 9: offset x by 538788.4

[normalize] normalize_total (no log1p -- BANKSY expects normalized, non-log counts here)
[hvg] skipped -- using all 556 genes (matches pca_harmony.py's convention)

[banksy] k_geom=6 max_m=1 lambda=0.5 decay=scaled_gaussian

Median distance to closest cell = 17.21802416282401

---- Ran median_dist_to_nearest_neighbour in 2.91 s ----

---- Ran generate_spatial_distance_graph in 4.03 s ----

---- Ran row_normalize in 1.32 s ----

---- Ran generate_spatial_weights_fixed_nbrs in 13.00 s ----

---- Ran generate_spatial_distance_graph in 5.39 s ----

---- Ran theta_from_spatial_graph in 2.61 s ----

---- Ran row_normalize in 1.31 s ----

---- Ran generate_spatial_weights_fixed_nbrs in 17.13 s ----

Runtime Sep-11-2026-16-55

556 genes to be analysed:
Gene List:
Index(['G1', 'G2', 'G3', 'G4', 'G5', 'G6', 'G7', 'G8', 'G9', 'G10',
       ...
       'G547', 'G548', 'G549', 'G550', 'G551', 'G552', 'G553', 'G554', 'G555',
       'G556'],
      dtype='object', length=556)

Check if X contains only finite (non-NAN) values
Decay Type: scaled_gaussian
Weights Object: {'weights': {0: <600000x600000 sparse matrix of type '<class 'numpy.float64'>'
	with 3600000 stored elements in Compressed Sparse Row format>, 1: <600000x600000 sparse matrix of type '<class 'numpy.complex128'>'
	with 7200000 stored elements in Compressed Sparse Row format>}}

Nbr matrix | Mean: 17.99 | Std: 88.0
Size of Nbr | Shape: (600000, 556)
Top 3 entries of Nbr Mat:

[[ 2.82306467 41.30850131  0.        ]
 [ 1.85875362  0.          0.        ]
 [ 0.          0.          0.        ]]

AGF matrix | Mean: 11.47 | Std: 40.78
Size of AGF mat (m = 1) | Shape: (600000, 556)
Top entries of AGF:
[[1.89395799 5.7423793  0.        ]
 [1.01235435 3.60832316 0.        ]
 [3.94398318 1.45152776 0.        ]]
Ran 'Create BANKSY Matrix' in 0.41 mins

Cell by gene matrix has shape (600000, 556)

Scale factors squared: [0.5        0.33333333 0.16666667]
Scale factors: [0.70710678 0.57735027 0.40824829]
/dcs04/hicks/data/Jan/sim_project/sim_paper/env/sim-app-banksy/lib/python3.10/site-packages/banksy/main.py:368: FutureWarning: X.dtype being converted to np.float32 from float64. In the next version of anndata (0.9) conversion will not be automatic. Pass dtype explicitly to avoid this warning. Pass `AnnData(X, dtype=X.dtype, ...)` to get the future behavour.
  return anndata.AnnData(concatenated_matrix, obs=adata.obs, var=var_combined)
Shape of BANKSY matrix: (600000, 1668)
Type of banksy_matrix: <class 'anndata._core.anndata.AnnData'>

[banksy] BANKSY matrix shape: 600000 x 1668

[pca] pre-Harmony PCA
Current decay types: ['scaled_gaussian']

Reducing dims of dataset in (Index = scaled_gaussian, lambda = 0.5)
==================================================

Setting the total number of PC = 30
Original shape of matrix: (600000, 1668)
Reduced shape of matrix: (600000, 30)
------------------------------------------------------------
min_value = -8.227927207946777, mean = 2.5576358098078344e-07, max = 17.979522705078125

  [plot] saved pca_preharmony_by_slice_id.png
  [plot] saved pca_preharmony_by_domain_true.png
  [plot] saved pca_preharmony_by_cell_type_true.png

[harmony] batch_key=slice_id
2026-09-11 16:57:21,372 - harmonypy - INFO - Running Harmony
2026-09-11 16:57:21,372 - harmonypy - INFO -   Parameters:
2026-09-11 16:57:21,372 - harmonypy - INFO -     max_iter_harmony: 10
2026-09-11 16:57:21,372 - harmonypy - INFO -     max_iter_kmeans: 4
2026-09-11 16:57:21,372 - harmonypy - INFO -     epsilon_cluster: 0.001
2026-09-11 16:57:21,372 - harmonypy - INFO -     epsilon_harmony: 0.01
2026-09-11 16:57:21,372 - harmonypy - INFO -     nclust: 100
2026-09-11 16:57:21,372 - harmonypy - INFO -     block_size: 0.05
2026-09-11 16:57:21,372 - harmonypy - INFO -     lamb: dynamic (alpha=0.2)
2026-09-11 16:57:21,372 - harmonypy - INFO -     theta: [2. 2. 2. 2. 2. 2. 2. 2. 2. 2.]
2026-09-11 16:57:21,372 - harmonypy - INFO -     sigma: [0.1 0.1 0.1 0.1 0.1]...
2026-09-11 16:57:21,372 - harmonypy - INFO -     verbose: True
2026-09-11 16:57:21,372 - harmonypy - INFO -     random_state: 0
2026-09-11 16:57:21,372 - harmonypy - INFO -   Data: 30 PCs × 600000 cells
2026-09-11 16:57:21,372 - harmonypy - INFO -   Batch variables: ['slice_id']
2026-09-11 16:57:22,021 - harmonypy - INFO - Computing initial centroids...
2026-09-11 16:57:32,618 - harmonypy - INFO - Initialization complete.
2026-09-11 16:57:32,618 - harmonypy - INFO - Iteration 1 of 10
2026-09-11 16:57:39,403 - harmonypy - INFO - Converged after 1 iteration
  [plot] saved pca_postharmony_by_slice_id.png
  [plot] saved pca_postharmony_by_domain_true.png
  [plot] saved pca_postharmony_by_cell_type_true.png

[save] sim_paper/data/figure_3/cellbin_kgeom_sweep_tuned/cell/lambda0.5_kgeom6/banksy_matrix/simulation_cell_z_banksy_pca_harmony_qc.h5ad
[save] done
/dcs04/hicks/data/Jan/sim_project/sim_paper/env/albis-tutorial/lib/python3.10/site-packages/louvain/__init__.py:54: UserWarning: pkg_resources is deprecated as an API. See https://setuptools.pypa.io/en/latest/pkg_resources.html. The pkg_resources package is slated for removal as early as 2025-11-30. Refrain from using this package or pin to Setuptools<81.
  from pkg_resources import get_distribution, DistributionNotFound
[load] sim_paper/data/figure_3/cellbin_kgeom_sweep_tuned/cell/lambda0.5_kgeom6/banksy_matrix/simulation_cell_z_banksy_pca_harmony_qc.h5ad
[load] AnnData shape: 600000 x 1668
[neighbors] n_pcs=30 n_neighbors=15
[ari] domain_true: target_k=6
[ari] domain_true: resolution=0.1969 achieved_k=10 (target 6)  ARI=0.0157
[ari] cell_type_true: target_k=8
[ari] cell_type_true: resolution=0.1969 achieved_k=10 (target 8)  ARI=0.0018
[save] sim_paper/data/figure_3/cellbin_kgeom_sweep_tuned/cell/lambda0.5_kgeom6/ari/ari_summary_cell.json
[save] sim_paper/data/figure_3/cellbin_kgeom_sweep_tuned/cell/lambda0.5_kgeom6/ari/simulation_cell_z_ari_recovery.h5ad
[score] cell_lambda0.5_kgeom6  <-  sim_paper/data/figure_3/cellbin_kgeom_sweep_tuned/cell/lambda0.5_kgeom6/ari/simulation_cell_z_ari_recovery.h5ad
  [cell_lambda0.5_kgeom6/cell_type] ARI=0.002 V=0.002 | JSD=0.711 meanR=0.033 R2=0.001 (oracle 1.000) | kNN=0.506 (chance 0.128) | eff#cats=1.00  (leak 1.00)
  [cell_lambda0.5_kgeom6/domain] ARI=0.016 V=0.035 | JSD=0.633 meanR=0.109 R2=0.021 (oracle 1.000) | kNN=0.326 (chance 0.167) | eff#cats=1.00  (leak 1.00)
             modality  n_obs     level      ari  v_measure  comp_mean_pearson  comp_mean_jsd  comp_r2  comp_r2_oracle  comp_r2_frac_of_oracle  ari_oracle  ari_frac_of_oracle  knn_concordance  knn_chance  eff_cats_per_obs_median  frac_obs_ge80pct  slice_id_leakage_ari
cell_lambda0.5_kgeom6 600000 cell_type 0.001815   0.002251           0.032802       0.711101 0.001500             1.0                0.001500         1.0            0.001815         0.506297    0.128435                      1.0               1.0                   1.0
cell_lambda0.5_kgeom6 600000    domain 0.015733   0.034614           0.109498       0.633440 0.021365             1.0                0.021365         1.0            0.015733         0.326499    0.167361                      1.0               1.0                   1.0
[done] task 5  ->  sim_paper/data/figure_3/cellbin_kgeom_sweep_tuned/cell/lambda0.5_kgeom6
