[task 8] modality=cell lambda=0.7 k_geom=100 (PREBATCH, no Harmony scoring)
[load] sim_paper/data/figure_4/spatial_clustering/sim_data/log_mu_-2.3_theta_0.40_jitter0.15_bsigma15_strongmix/simulation_cell_z_qc.h5ad
[load] AnnData shape: 600000 x 556
[oracle] X <- counts_pre_batch (no per-slice batch effect)
[stagger] offsetting each slice's x coordinate so slices don't overlap
  slice 0: offset x by 0.0
  slice 1: offset x by 59865.4
  slice 2: offset x by 119730.8
  slice 3: offset x by 179596.1
  slice 4: offset x by 239461.5
  slice 5: offset x by 299326.9
  slice 6: offset x by 359192.3
  slice 7: offset x by 419057.7
  slice 8: offset x by 478923.1
  slice 9: offset x by 538788.4

[normalize] normalize_total (no log1p -- BANKSY expects normalized, non-log counts here)
[hvg] skipped -- using all 556 genes (matches pca_harmony.py's convention)

[banksy] k_geom=100 max_m=1 lambda=0.7 decay=scaled_gaussian

Median distance to closest cell = 17.21802416282401

---- Ran median_dist_to_nearest_neighbour in 3.55 s ----

---- Ran generate_spatial_distance_graph in 26.80 s ----

---- Ran row_normalize in 1.66 s ----

---- Ran generate_spatial_weights_fixed_nbrs in 38.33 s ----

---- Ran generate_spatial_distance_graph in 48.60 s ----

---- Ran theta_from_spatial_graph in 8.60 s ----

---- Ran row_normalize in 1.74 s ----

---- Ran generate_spatial_weights_fixed_nbrs in 72.78 s ----

Runtime Sep-11-2026-21-27

556 genes to be analysed:
Gene List:
Index(['G1', 'G2', 'G3', 'G4', 'G5', 'G6', 'G7', 'G8', 'G9', 'G10',
       ...
       'G547', 'G548', 'G549', 'G550', 'G551', 'G552', 'G553', 'G554', 'G555',
       'G556'],
      dtype='object', length=556)

Check if X contains only finite (non-NAN) values
Decay Type: scaled_gaussian
Weights Object: {'weights': {0: <600000x600000 sparse matrix of type '<class 'numpy.float64'>'
	with 60000000 stored elements in Compressed Sparse Row format>, 1: <600000x600000 sparse matrix of type '<class 'numpy.complex128'>'
	with 120000000 stored elements in Compressed Sparse Row format>}}

Nbr matrix | Mean: 17.99 | Std: 17.48
Size of Nbr | Shape: (600000, 556)
Top 3 entries of Nbr Mat:

[[24.46691855 36.6145586   9.61997641]
 [14.16348659 28.01851391  6.65751301]
 [11.63626771 26.85758963  4.34836874]]

AGF matrix | Mean: 3.92 | Std: 3.72
Size of AGF mat (m = 1) | Shape: (600000, 556)
Top entries of AGF:
[[5.52075023 3.96726732 4.15616208]
 [3.86232418 1.56960239 1.25143383]
 [1.72226416 3.15539871 1.05769993]]
Ran 'Create BANKSY Matrix' in 5.46 mins

Cell by gene matrix has shape (600000, 556)

Scale factors squared: [0.3        0.46666667 0.23333333]
Scale factors: [0.54772256 0.68313005 0.48304589]
/dcs04/hicks/data/Jan/sim_project/sim_paper/env/sim-app-banksy/lib/python3.10/site-packages/banksy/main.py:368: FutureWarning: X.dtype being converted to np.float32 from float64. In the next version of anndata (0.9) conversion will not be automatic. Pass dtype explicitly to avoid this warning. Pass `AnnData(X, dtype=X.dtype, ...)` to get the future behavour.
  return anndata.AnnData(concatenated_matrix, obs=adata.obs, var=var_combined)
Shape of BANKSY matrix: (600000, 1668)
Type of banksy_matrix: <class 'anndata._core.anndata.AnnData'>

[banksy] BANKSY matrix shape: 600000 x 1668

[pca] pre-Harmony PCA
Current decay types: ['scaled_gaussian']

Reducing dims of dataset in (Index = scaled_gaussian, lambda = 0.7)
==================================================

Setting the total number of PC = 30
Original shape of matrix: (600000, 1668)
Reduced shape of matrix: (600000, 30)
------------------------------------------------------------
min_value = -8.750934600830078, mean = 5.324469753986705e-08, max = 9.551315307617188

  [plot] saved pca_preharmony_by_slice_id.png
  [plot] saved pca_preharmony_by_domain_true.png
  [plot] saved pca_preharmony_by_cell_type_true.png

[harmony] batch_key=slice_id
2026-09-11 21:34:57,591 - harmonypy - INFO - Running Harmony
2026-09-11 21:34:57,592 - harmonypy - INFO -   Parameters:
2026-09-11 21:34:57,592 - harmonypy - INFO -     max_iter_harmony: 10
2026-09-11 21:34:57,592 - harmonypy - INFO -     max_iter_kmeans: 4
2026-09-11 21:34:57,592 - harmonypy - INFO -     epsilon_cluster: 0.001
2026-09-11 21:34:57,592 - harmonypy - INFO -     epsilon_harmony: 0.01
2026-09-11 21:34:57,592 - harmonypy - INFO -     nclust: 100
2026-09-11 21:34:57,592 - harmonypy - INFO -     block_size: 0.05
2026-09-11 21:34:57,592 - harmonypy - INFO -     lamb: dynamic (alpha=0.2)
2026-09-11 21:34:57,592 - harmonypy - INFO -     theta: [2. 2. 2. 2. 2. 2. 2. 2. 2. 2.]
2026-09-11 21:34:57,592 - harmonypy - INFO -     sigma: [0.1 0.1 0.1 0.1 0.1]...
2026-09-11 21:34:57,592 - harmonypy - INFO -     verbose: True
2026-09-11 21:34:57,592 - harmonypy - INFO -     random_state: 0
2026-09-11 21:34:57,592 - harmonypy - INFO -   Data: 30 PCs × 600000 cells
2026-09-11 21:34:57,592 - harmonypy - INFO -   Batch variables: ['slice_id']
2026-09-11 21:34:58,315 - harmonypy - INFO - Computing initial centroids...
2026-09-11 21:35:11,954 - harmonypy - INFO - Initialization complete.
2026-09-11 21:35:11,954 - harmonypy - INFO - Iteration 1 of 10
2026-09-11 21:35:28,848 - harmonypy - INFO - Converged after 1 iteration
  [plot] saved pca_postharmony_by_slice_id.png
  [plot] saved pca_postharmony_by_domain_true.png
  [plot] saved pca_postharmony_by_cell_type_true.png

[save] sim_paper/data/figure_3/cellbin_kgeom_sweep_prebatch/cell/lambda0.7_kgeom100/banksy_matrix/simulation_cell_z_banksy_pca_harmony_qc.h5ad
[save] done
/dcs04/hicks/data/Jan/sim_project/sim_paper/env/albis-tutorial/lib/python3.10/site-packages/louvain/__init__.py:54: UserWarning: pkg_resources is deprecated as an API. See https://setuptools.pypa.io/en/latest/pkg_resources.html. The pkg_resources package is slated for removal as early as 2025-11-30. Refrain from using this package or pin to Setuptools<81.
  from pkg_resources import get_distribution, DistributionNotFound
[load] sim_paper/data/figure_3/cellbin_kgeom_sweep_prebatch/cell/lambda0.7_kgeom100/banksy_matrix/simulation_cell_z_banksy_pca_harmony_qc.h5ad
[load] 600,000 x 1,668
[neighbors] BANKSY, NO Harmony, prebatch. n_pcs=30 n_neighbors=15
[RESULT] cell / domain_true (BANKSY, NO Harmony, prebatch): resolution=0.1969 achieved_k=6 (target 6)  ARI=0.7748  slice_leak_ARI=0.0169
[RESULT] cell / cell_type_true (BANKSY, NO Harmony, prebatch): resolution=0.2670 achieved_k=8 (target 8)  ARI=0.0821  slice_leak_ARI=0.0170
[done] task 8  ->  sim_paper/data/figure_3/cellbin_kgeom_sweep_prebatch/cell/lambda0.7_kgeom100
