[task 0] modality=cell batch_sigma=0.5 lambda=0.5 k_geom=200
[generate] cell_batch_slide_bs0.5
Python: /dcs04/hicks/data/Jan/sim_project/sim_paper/env/sim-app-banksy/bin/python
albis module: /dcs04/hicks/data/Jan/sim_project/albis/albis/__init__.py
albis version: 0.1.0

Generating cell data for slice axis Z with theta=0.4, theta_jitter=0.15, noise_scale=1.3, batch_sigma=0.5, base_gene_lognormal=(-2.3, 0.7), n_cells=600000, cell_r_mean=7.5, allow_cell_overlap=False, sphere_r_um=6000.0, capture_window_um=(12000.0, 24000.0), core_fuzz_width_um=300.0, max_shift=3000.0, bin_size_um=8.0
/dcs04/hicks/data/Jan/sim_project/albis/albis/simulation_sphere.py:1511: FutureWarning: X.dtype being converted to np.float32 from int32. In the next version of anndata (0.9) conversion will not be automatic. Pass dtype explicitly to avoid this warning. Pass `AnnData(X, dtype=X.dtype, ...)` to get the future behavour.
  adata_cell_true = ad.AnnData(X=X_cell_true, obs=cell_obs, var=var)
/dcs04/hicks/data/Jan/sim_project/albis/albis/simulation_sphere.py:1515: FutureWarning: X.dtype being converted to np.float32 from int32. In the next version of anndata (0.9) conversion will not be automatic. Pass dtype explicitly to avoid this warning. Pass `AnnData(X, dtype=X.dtype, ...)` to get the future behavour.
  adata_cell_obs = ad.AnnData(X=X_cell_obs, obs=cell_obs, var=var)

Generated AnnData:
AnnData object with n_obs × n_vars = 600000 × 556
    obs: 'domain_true', 'cell_type_true', 'cell_radius', 'cell_sigma_for_95pct', 'slice_id_X', 'slice_id_Y', 'slice_id_Z', 'slice_axis', 'slice_id'
    var: 'gene_class', 'is_noise', 'is_shared_marker'
    uns: 'sim_params', 'batch_effect_factors', 'rigid_perturb_inplane', 'output'
    obsm: 'spatial', 'spatial_3d', 'spatial_unaligned', 'spatial_3d_unaligned'
    layers: 'counts_pre_batch'

[nb] empirical theta_hat = 0.23 (real data fits ~0.15-0.16 via count_distribution.py --compare-input; lower --theta further if this is still much higher)

Summary:
{
  "n_obs": 600000,
  "n_vars": 556,
  "total_counts": 69811048,
  "nonzero_counts": 27205770,
  "platform": "cell",
  "slice_axis": "Z",
  "n_slices": 10,
  "slice_ids": [
    0,
    1,
    2,
    3,
    4,
    5,
    6,
    7,
    8,
    9
  ],
  "obs_columns": [
    "domain_true",
    "cell_type_true",
    "cell_radius",
    "cell_sigma_for_95pct",
    "slice_id_X",
    "slice_id_Y",
    "slice_id_Z",
    "slice_axis",
    "slice_id"
  ],
  "var_columns": [
    "gene_class",
    "is_noise",
    "is_shared_marker"
  ],
  "layers": [
    "counts_pre_batch"
  ],
  "obsm_keys": [
    "spatial",
    "spatial_3d",
    "spatial_unaligned",
    "spatial_3d_unaligned"
  ],
  "uns_keys": [
    "sim_params",
    "batch_effect_factors",
    "rigid_perturb_inplane",
    "output"
  ],
  "truth_annotations": [
    "layers['counts_pre_batch']",
    "obs['cell_type_true']",
    "obs['domain_true']",
    "obs['cell_radius']",
    "obs['cell_sigma_for_95pct']"
  ]
}

Saved summary -> /dcs04/hicks/data/Jan/sim_project/sim_paper/data/noisy/cell_batch_slide_bs0.5/simulation_cell_z_summary.json

Generating diagnostic plots...
Plotting a deterministic subset of 100,000 / 600,000 observations.
  saved /dcs04/hicks/data/Jan/sim_project/sim_paper/data/noisy/cell_batch_slide_bs0.5/plots/simulation_cell_z/01_aligned_domain_true.png
  saved /dcs04/hicks/data/Jan/sim_project/sim_paper/data/noisy/cell_batch_slide_bs0.5/plots/simulation_cell_z/02_aligned_cell_type_true.png
  saved /dcs04/hicks/data/Jan/sim_project/sim_paper/data/noisy/cell_batch_slide_bs0.5/plots/simulation_cell_z/03_unaligned_slice_id.png
  saved /dcs04/hicks/data/Jan/sim_project/sim_paper/data/noisy/cell_batch_slide_bs0.5/plots/simulation_cell_z/04_qc_count_distributions.png
  saved /dcs04/hicks/data/Jan/sim_project/sim_paper/data/noisy/cell_batch_slide_bs0.5/plots/simulation_cell_z/05_cells_per_slice.png
  saved /dcs04/hicks/data/Jan/sim_project/sim_paper/data/noisy/cell_batch_slide_bs0.5/plots/simulation_cell_z/06_domain_composition_per_slice.png

All diagnostic plots saved under /dcs04/hicks/data/Jan/sim_project/sim_paper/data/noisy/cell_batch_slide_bs0.5/plots/simulation_cell_z

Saved dataset -> /dcs04/hicks/data/Jan/sim_project/sim_paper/data/noisy/cell_batch_slide_bs0.5/simulation_cell_z.h5ad
[qc] cell_batch_slide_bs0.5
/dcs04/hicks/data/Jan/sim_project/sim_paper/env/albis-tutorial/lib/python3.10/site-packages/louvain/__init__.py:54: UserWarning: pkg_resources is deprecated as an API. See https://setuptools.pypa.io/en/latest/pkg_resources.html. The pkg_resources package is slated for removal as early as 2025-11-30. Refrain from using this package or pin to Setuptools<81.
  from pkg_resources import get_distribution, DistributionNotFound
[load] sim_paper/data/noisy/cell_batch_slide_bs0.5/simulation_cell_z.h5ad
[load] AnnData shape: 600000 x 556
[qc] fully-empty (total_counts == 0): 0 (0.00%)
[qc] near-empty (0 < total_counts, n_genes < 3): 0 (0.00%)
[qc] dropped 0 observations (0.00%); 600000 remain
[save] sim_paper/data/noisy/cell_batch_slide_bs0.5/simulation_cell_z_qc_summary.json
[save] sim_paper/data/noisy/cell_batch_slide_bs0.5/simulation_cell_z_qc.h5ad
[load] sim_paper/data/noisy/cell_batch_slide_bs0.5/simulation_cell_z_qc.h5ad
[load] AnnData shape: 600000 x 556
[stagger] offsetting each slice's x coordinate so slices don't overlap
  slice 0: offset x by 0.0
  slice 1: offset x by 59865.4
  slice 2: offset x by 119730.8
  slice 3: offset x by 179596.1
  slice 4: offset x by 239461.5
  slice 5: offset x by 299326.9
  slice 6: offset x by 359192.3
  slice 7: offset x by 419057.7
  slice 8: offset x by 478923.1
  slice 9: offset x by 538788.4

[normalize] normalize_total (no log1p -- BANKSY expects normalized, non-log counts here)
[hvg] skipped -- using all 556 genes (matches pca_harmony.py's convention)

[banksy] k_geom=200 max_m=1 lambda=0.5 decay=scaled_gaussian

Median distance to closest cell = 17.21802416282401

---- Ran median_dist_to_nearest_neighbour in 3.55 s ----

---- Ran generate_spatial_distance_graph in 50.02 s ----

---- Ran row_normalize in 1.84 s ----

---- Ran generate_spatial_weights_fixed_nbrs in 62.59 s ----

---- Ran generate_spatial_distance_graph in 93.66 s ----

---- Ran theta_from_spatial_graph in 13.57 s ----

---- Ran row_normalize in 1.93 s ----

---- Ran generate_spatial_weights_fixed_nbrs in 127.12 s ----

Runtime Sep-13-2026-10-29

556 genes to be analysed:
Gene List:
Index(['G1', 'G2', 'G3', 'G4', 'G5', 'G6', 'G7', 'G8', 'G9', 'G10',
       ...
       'G547', 'G548', 'G549', 'G550', 'G551', 'G552', 'G553', 'G554', 'G555',
       'G556'],
      dtype='object', length=556)

Check if X contains only finite (non-NAN) values
Decay Type: scaled_gaussian
Weights Object: {'weights': {0: <600000x600000 sparse matrix of type '<class 'numpy.float64'>'
	with 120000000 stored elements in Compressed Sparse Row format>, 1: <600000x600000 sparse matrix of type '<class 'numpy.complex128'>'
	with 240000000 stored elements in Compressed Sparse Row format>}}

Nbr matrix | Mean: 17.99 | Std: 21.35
Size of Nbr | Shape: (600000, 556)
Top 3 entries of Nbr Mat:

[[11.11601458 94.25379021  3.94511849]
 [ 5.72399582 67.59106882  7.85439771]
 [ 5.70009077 26.32995398  3.17922726]]

AGF matrix | Mean: 3.41 | Std: 3.52
Size of AGF mat (m = 1) | Shape: (600000, 556)
Top entries of AGF:
[[1.67726657 9.38677419 2.54150665]
 [2.13653631 5.72437736 0.68429585]
 [1.16340169 3.18922776 0.40726812]]
Ran 'Create BANKSY Matrix' in 10.36 mins

Cell by gene matrix has shape (600000, 556)

Scale factors squared: [0.5        0.33333333 0.16666667]
Scale factors: [0.70710678 0.57735027 0.40824829]
/dcs04/hicks/data/Jan/sim_project/sim_paper/env/sim-app-banksy/lib/python3.10/site-packages/banksy/main.py:368: FutureWarning: X.dtype being converted to np.float32 from float64. In the next version of anndata (0.9) conversion will not be automatic. Pass dtype explicitly to avoid this warning. Pass `AnnData(X, dtype=X.dtype, ...)` to get the future behavour.
  return anndata.AnnData(concatenated_matrix, obs=adata.obs, var=var_combined)
Shape of BANKSY matrix: (600000, 1668)
Type of banksy_matrix: <class 'anndata._core.anndata.AnnData'>

[banksy] BANKSY matrix shape: 600000 x 1668

[pca] pre-Harmony PCA
Current decay types: ['scaled_gaussian']

Reducing dims of dataset in (Index = scaled_gaussian, lambda = 0.5)
==================================================

Setting the total number of PC = 30
Original shape of matrix: (600000, 1668)
Reduced shape of matrix: (600000, 30)
------------------------------------------------------------
min_value = -9.47343635559082, mean = -8.50944729791081e-07, max = 13.359368324279785

  [plot] saved pca_preharmony_by_slice_id.png
  [plot] saved pca_preharmony_by_domain_true.png
  [plot] saved pca_preharmony_by_cell_type_true.png

[harmony] batch_key=slice_id
2026-09-13 10:41:22,087 - harmonypy - INFO - Running Harmony
2026-09-13 10:41:22,087 - harmonypy - INFO -   Parameters:
2026-09-13 10:41:22,087 - harmonypy - INFO -     max_iter_harmony: 10
2026-09-13 10:41:22,087 - harmonypy - INFO -     max_iter_kmeans: 4
2026-09-13 10:41:22,087 - harmonypy - INFO -     epsilon_cluster: 0.001
2026-09-13 10:41:22,087 - harmonypy - INFO -     epsilon_harmony: 0.01
2026-09-13 10:41:22,087 - harmonypy - INFO -     nclust: 100
2026-09-13 10:41:22,087 - harmonypy - INFO -     block_size: 0.05
2026-09-13 10:41:22,087 - harmonypy - INFO -     lamb: dynamic (alpha=0.2)
2026-09-13 10:41:22,087 - harmonypy - INFO -     theta: [2. 2. 2. 2. 2. 2. 2. 2. 2. 2.]
2026-09-13 10:41:22,088 - harmonypy - INFO -     sigma: [0.1 0.1 0.1 0.1 0.1]...
2026-09-13 10:41:22,088 - harmonypy - INFO -     verbose: True
2026-09-13 10:41:22,088 - harmonypy - INFO -     random_state: 0
2026-09-13 10:41:22,088 - harmonypy - INFO -   Data: 30 PCs × 600000 cells
2026-09-13 10:41:22,088 - harmonypy - INFO -   Batch variables: ['slice_id']
2026-09-13 10:41:22,527 - harmonypy - INFO - Computing initial centroids...
2026-09-13 10:41:35,341 - harmonypy - INFO - Initialization complete.
2026-09-13 10:41:35,341 - harmonypy - INFO - Iteration 1 of 10
2026-09-13 10:41:43,314 - harmonypy - INFO - Converged after 1 iteration
  [plot] saved pca_postharmony_by_slice_id.png
  [plot] saved pca_postharmony_by_domain_true.png
  [plot] saved pca_postharmony_by_cell_type_true.png

[save] sim_paper/data/figure_3/cellbin_batch_sigma_slide/cell/bs0.5/banksy_matrix/simulation_cell_z_banksy_pca_harmony_qc.h5ad
[save] done
/dcs04/hicks/data/Jan/sim_project/sim_paper/env/albis-tutorial/lib/python3.10/site-packages/louvain/__init__.py:54: UserWarning: pkg_resources is deprecated as an API. See https://setuptools.pypa.io/en/latest/pkg_resources.html. The pkg_resources package is slated for removal as early as 2025-11-30. Refrain from using this package or pin to Setuptools<81.
  from pkg_resources import get_distribution, DistributionNotFound
[load] sim_paper/data/figure_3/cellbin_batch_sigma_slide/cell/bs0.5/banksy_matrix/simulation_cell_z_banksy_pca_harmony_qc.h5ad
[load] AnnData shape: 600000 x 1668
[neighbors] n_pcs=30 n_neighbors=15
[ari] domain_true: target_k=6
[ari] domain_true: resolution=0.1034 achieved_k=10 (target 6)  ARI=0.0157
[ari] cell_type_true: target_k=8
[ari] cell_type_true: resolution=0.1034 achieved_k=10 (target 8)  ARI=0.0018
[save] sim_paper/data/figure_3/cellbin_batch_sigma_slide/cell/bs0.5/ari/ari_summary_cell.json
[save] sim_paper/data/figure_3/cellbin_batch_sigma_slide/cell/bs0.5/ari/simulation_cell_z_ari_recovery.h5ad
[score] cell_bs0.5  <-  sim_paper/data/figure_3/cellbin_batch_sigma_slide/cell/bs0.5/ari/simulation_cell_z_ari_recovery.h5ad
  [cell_bs0.5/cell_type] ARI=0.002 V=0.002 | JSD=0.711 meanR=0.033 R2=0.001 (oracle 1.000) | kNN=0.709 (chance 0.128) | eff#cats=1.00  (leak 1.00)
  [cell_bs0.5/domain] ARI=0.016 V=0.035 | JSD=0.633 meanR=0.109 R2=0.021 (oracle 1.000) | kNN=0.854 (chance 0.167) | eff#cats=1.00  (leak 1.00)
  modality  n_obs     level      ari  v_measure  comp_mean_pearson  comp_mean_jsd  comp_r2  comp_r2_oracle  comp_r2_frac_of_oracle  ari_oracle  ari_frac_of_oracle  knn_concordance  knn_chance  eff_cats_per_obs_median  frac_obs_ge80pct  slice_id_leakage_ari
cell_bs0.5 600000 cell_type 0.001815   0.002251           0.032802       0.711101 0.001500             1.0                0.001500         1.0            0.001815         0.709079    0.128435                      1.0               1.0                   1.0
cell_bs0.5 600000    domain 0.015733   0.034614           0.109498       0.633440 0.021365             1.0                0.021365         1.0            0.015733         0.854452    0.167361                      1.0               1.0                   1.0
[done] task 0  ->  sim_paper/data/figure_3/cellbin_batch_sigma_slide/cell/bs0.5
