[task 22] modality=bin lambda=0.7 k_geom=300 (PREBATCH, no Harmony scoring)
[load] sim_paper/data/figure_4/spatial_clustering/sim_data/packing_pf0p04_bin16um_log_mu_-2.5_bsigma07_strongmix/simulation_bin_z_qc.h5ad
[load] AnnData shape: 365721 x 556
[oracle] X <- counts_pre_batch (no per-slice batch effect)
[stagger] offsetting each slice's x coordinate so slices don't overlap
  slice 0: offset x by 0.0
  slice 1: offset x by 20400.0
  slice 2: offset x by 40800.0
  slice 3: offset x by 61200.0
  slice 4: offset x by 81600.0
  slice 5: offset x by 102000.0
  slice 6: offset x by 122400.0
  slice 7: offset x by 142800.0
  slice 8: offset x by 163200.0
  slice 9: offset x by 183600.0

[normalize] normalize_total (no log1p -- BANKSY expects normalized, non-log counts here)
[hvg] skipped -- using all 556 genes (matches pca_harmony.py's convention)

[banksy] k_geom=300 max_m=1 lambda=0.7 decay=scaled_gaussian

Median distance to closest cell = 16.0

---- Ran median_dist_to_nearest_neighbour in 1.73 s ----

---- Ran generate_spatial_distance_graph in 38.64 s ----

---- Ran row_normalize in 1.23 s ----

---- Ran generate_spatial_weights_fixed_nbrs in 46.93 s ----

---- Ran generate_spatial_distance_graph in 74.34 s ----

---- Ran theta_from_spatial_graph in 11.44 s ----

---- Ran row_normalize in 1.50 s ----

---- Ran generate_spatial_weights_fixed_nbrs in 102.48 s ----

Runtime Sep-12-2026-18-02

556 genes to be analysed:
Gene List:
Index(['G1', 'G2', 'G3', 'G4', 'G5', 'G6', 'G7', 'G8', 'G9', 'G10',
       ...
       'G547', 'G548', 'G549', 'G550', 'G551', 'G552', 'G553', 'G554', 'G555',
       'G556'],
      dtype='object', length=556)

Check if X contains only finite (non-NAN) values
Decay Type: scaled_gaussian
Weights Object: {'weights': {0: <365721x365721 sparse matrix of type '<class 'numpy.float64'>'
	with 109716300 stored elements in Compressed Sparse Row format>, 1: <365721x365721 sparse matrix of type '<class 'numpy.complex128'>'
	with 219432600 stored elements in Compressed Sparse Row format>}}

Nbr matrix | Mean: 17.99 | Std: 16.69
Size of Nbr | Shape: (365721, 556)
Top 3 entries of Nbr Mat:

[[15.6235526  40.53323637  4.08045134]
 [20.9969865  37.64834507  3.95381298]
 [24.42746778 37.83265996  2.80720293]]

AGF matrix | Mean: 2.2 | Std: 2.41
Size of AGF mat (m = 1) | Shape: (365721, 556)
Top entries of AGF:
[[5.82283194 1.81840313 0.33779539]
 [7.34032499 3.05070971 0.22324855]
 [5.8102881  4.02469448 0.35533987]]
Ran 'Create BANKSY Matrix' in 8.0 mins

Cell by gene matrix has shape (365721, 556)

Scale factors squared: [0.3        0.46666667 0.23333333]
Scale factors: [0.54772256 0.68313005 0.48304589]
/dcs04/hicks/data/Jan/sim_project/sim_paper/env/sim-app-banksy/lib/python3.10/site-packages/banksy/main.py:368: FutureWarning: X.dtype being converted to np.float32 from float64. In the next version of anndata (0.9) conversion will not be automatic. Pass dtype explicitly to avoid this warning. Pass `AnnData(X, dtype=X.dtype, ...)` to get the future behavour.
  return anndata.AnnData(concatenated_matrix, obs=adata.obs, var=var_combined)
Shape of BANKSY matrix: (365721, 1668)
Type of banksy_matrix: <class 'anndata._core.anndata.AnnData'>

[banksy] BANKSY matrix shape: 365721 x 1668

[pca] pre-Harmony PCA
Current decay types: ['scaled_gaussian']

Reducing dims of dataset in (Index = scaled_gaussian, lambda = 0.7)
==================================================

Setting the total number of PC = 30
Original shape of matrix: (365721, 1668)
Reduced shape of matrix: (365721, 30)
------------------------------------------------------------
min_value = -9.849449157714844, mean = 1.1448650028000884e-08, max = 13.875880241394043

  [plot] saved pca_preharmony_by_slice_id.png
  [plot] saved pca_preharmony_by_domain_true.png
  [plot] saved pca_preharmony_by_cell_type_true.png

[harmony] batch_key=slice_id
2026-09-12 18:11:59,263 - harmonypy - INFO - Running Harmony
2026-09-12 18:11:59,263 - harmonypy - INFO -   Parameters:
2026-09-12 18:11:59,263 - harmonypy - INFO -     max_iter_harmony: 10
2026-09-12 18:11:59,264 - harmonypy - INFO -     max_iter_kmeans: 4
2026-09-12 18:11:59,264 - harmonypy - INFO -     epsilon_cluster: 0.001
2026-09-12 18:11:59,264 - harmonypy - INFO -     epsilon_harmony: 0.01
2026-09-12 18:11:59,264 - harmonypy - INFO -     nclust: 100
2026-09-12 18:11:59,264 - harmonypy - INFO -     block_size: 0.05
2026-09-12 18:11:59,264 - harmonypy - INFO -     lamb: dynamic (alpha=0.2)
2026-09-12 18:11:59,264 - harmonypy - INFO -     theta: [2. 2. 2. 2. 2. 2. 2. 2. 2. 2.]
2026-09-12 18:11:59,264 - harmonypy - INFO -     sigma: [0.1 0.1 0.1 0.1 0.1]...
2026-09-12 18:11:59,264 - harmonypy - INFO -     verbose: True
2026-09-12 18:11:59,264 - harmonypy - INFO -     random_state: 0
2026-09-12 18:11:59,264 - harmonypy - INFO -   Data: 30 PCs × 365721 cells
2026-09-12 18:11:59,264 - harmonypy - INFO -   Batch variables: ['slice_id']
2026-09-12 18:11:59,718 - harmonypy - INFO - Computing initial centroids...
2026-09-12 18:12:08,108 - harmonypy - INFO - Initialization complete.
2026-09-12 18:12:08,108 - harmonypy - INFO - Iteration 1 of 10
2026-09-12 18:12:16,271 - harmonypy - INFO - Iteration 2 of 10
2026-09-12 18:12:25,000 - harmonypy - INFO - Iteration 3 of 10
2026-09-12 18:12:33,769 - harmonypy - INFO - Iteration 4 of 10
2026-09-12 18:12:42,542 - harmonypy - INFO - Iteration 5 of 10
2026-09-12 18:12:51,329 - harmonypy - INFO - Iteration 6 of 10
2026-09-12 18:13:00,190 - harmonypy - INFO - Iteration 7 of 10
2026-09-12 18:13:09,025 - harmonypy - INFO - Converged after 7 iterations
  [plot] saved pca_postharmony_by_slice_id.png
  [plot] saved pca_postharmony_by_domain_true.png
  [plot] saved pca_postharmony_by_cell_type_true.png

[save] sim_paper/data/figure_3/cellbin_kgeom_sweep_prebatch/bin/lambda0.7_kgeom300/banksy_matrix/simulation_bin_z_banksy_pca_harmony_qc.h5ad
[save] done
/dcs04/hicks/data/Jan/sim_project/sim_paper/env/albis-tutorial/lib/python3.10/site-packages/louvain/__init__.py:54: UserWarning: pkg_resources is deprecated as an API. See https://setuptools.pypa.io/en/latest/pkg_resources.html. The pkg_resources package is slated for removal as early as 2025-11-30. Refrain from using this package or pin to Setuptools<81.
  from pkg_resources import get_distribution, DistributionNotFound
[load] sim_paper/data/figure_3/cellbin_kgeom_sweep_prebatch/bin/lambda0.7_kgeom300/banksy_matrix/simulation_bin_z_banksy_pca_harmony_qc.h5ad
[load] 365,721 x 1,668
[neighbors] BANKSY, NO Harmony, prebatch. n_pcs=30 n_neighbors=15
[RESULT] bin / domain_true (BANKSY, NO Harmony, prebatch): resolution=0.0567 achieved_k=10 (target 6)  ARI=0.0153  slice_leak_ARI=1.0000
[RESULT] bin / cell_type_true (BANKSY, NO Harmony, prebatch): resolution=0.0567 achieved_k=10 (target 8)  ARI=0.0022  slice_leak_ARI=1.0000
[done] task 22  ->  sim_paper/data/figure_3/cellbin_kgeom_sweep_prebatch/bin/lambda0.7_kgeom300
