
105 match Figure 2 + strong mix, 0 mismatch, 0 not written yet
[load] data/figure_3/pca_harmony_single_cell/cell/ari_recovery_qc/ari_summary_cell.json: cell / cell_type_true = 0.5245
[load] data/figure_3/pca_harmony_single_cell/bin/ari_recovery_qc/ari_summary_bin.json: bin / cell_type_true = 0.0762
[load] data/figure_3/pca_harmony_single_cell/bin16um/ari_recovery_qc/ari_summary_bin.json: bin16um / cell_type_true = 0.0182
[load] data/figure_3/pca_harmony_single_cell/spot/ari_recovery_qc/ari_summary_spot.json: spot / cell_type_true = 0.0165
[save] /dcs04/hicks/data/Jan/sim_project/sim_paper/data/figure_3/ari_recovery_summary/ari_recovery_cell_type_true.png
[save] /dcs04/hicks/data/Jan/sim_project/sim_paper/data/figure_3/ari_recovery_summary/domain_vs_celltype_recovery.png

Domain recovery (BANKSY+Harmony, batch_sigma=0):
  Cell         ari=0.4819
  Bin (16 µm)  ari=0.7946
  Spot         ari=0.4716

Cell-type recovery (plain PCA+Harmony->Leiden, canonical/tuned batch):
  Cell         ari=0.5245  (batch_sigma=1.5)
  Bin (16 µm)  ari=0.0182  (batch_sigma=0.7)
  Spot         ari=0.0165  (batch_sigma=0.3)
[save] /dcs04/hicks/data/Jan/sim_project/sim_paper/data/figure_3/cellbin_batch_sigma_slide/batch_sigma_slide_domain_ari_final.png
cell: batch_sigma=0 mean=0.5372 sd=0.07193680027285639 n=3 missing=none
cell: batch_sigma=0.05 mean=0.4615 sd=0.0612666991140629 n=3 missing=none
cell: batch_sigma=0.1 mean=0.4006 sd=0.026835363760150957 n=3 missing=none
cell: batch_sigma=0.2 mean=0.1067 sd=0.149599295002284 n=3 missing=none
cell: batch_sigma=0.3 mean=0.0138 sd=0.0024262600694340618 n=3 missing=none
cell: batch_sigma=0.4 mean=0.0137 sd=0.002315845205251319 n=3 missing=none
cell: batch_sigma=0.5 mean=0.0137 sd=0.002315845205251319 n=3 missing=none
cell: batch_sigma=1 mean=0.0137 sd=0.002315845205251319 n=3 missing=none
cell: batch_sigma=1.5 mean=0.0137 sd=0.002315845205251319 n=3 missing=none
bin16um: batch_sigma=0 mean=0.7973 sd=0.0024715032096593735 n=3 missing=none
bin16um: batch_sigma=0.05 mean=0.7953 sd=0.0025446100738886973 n=3 missing=none
bin16um: batch_sigma=0.25 mean=0.3912 sd=0.016643358082668227 n=3 missing=none
bin16um: batch_sigma=0.3 mean=0.0172 sd=0.0023318726707924112 n=3 missing=none
bin16um: batch_sigma=0.35 mean=0.0144 sd=0.002401048007663937 n=3 missing=none
bin16um: batch_sigma=0.4 mean=0.0137 sd=0.00242115854901295 n=3 missing=none
bin16um: batch_sigma=0.45 mean=0.0137 sd=0.002415738391204919 n=3 missing=none
bin16um: batch_sigma=0.7 mean=0.0137 sd=0.002417937754342061 n=3 missing=none
spot: batch_sigma=0 mean=0.4491 sd=0.031902335913882286 n=3 missing=none
spot: batch_sigma=0.05 mean=0.4438 sd=0.02313635654933511 n=3 missing=none
spot: batch_sigma=0.1 mean=0.4543 sd=0.011618066117422792 n=3 missing=none
spot: batch_sigma=0.12 mean=0.4481 sd=0.03335765538212118 n=3 missing=none
spot: batch_sigma=0.13 mean=0.1463 sd=0.253670236648903 n=3 missing=none
spot: batch_sigma=0.14 mean=0.0000 sd=0.00031521937529788434 n=3 missing=none
spot: batch_sigma=0.15 mean=0.0007 sd=0.00042778420979784496 n=3 missing=none
spot: batch_sigma=0.18 mean=0.0008 sd=0.0003440780783856898 n=3 missing=none
spot: batch_sigma=0.2 mean=0.0004 sd=0.0006714741481170578 n=3 missing=none
spot: batch_sigma=0.22 mean=0.0005 sd=0.0012221009925251745 n=3 missing=none
spot: batch_sigma=0.25 mean=0.0004 sd=0.0004039891681948192 n=3 missing=none
spot: batch_sigma=0.26 mean=0.0008 sd=0.00029288075437395786 n=3 missing=none
spot: batch_sigma=0.27 mean=0.0002 sd=0.0004784954009779062 n=3 missing=none
spot: batch_sigma=0.28 mean=0.0002 sd=0.0004728643140875188 n=3 missing=none
spot: batch_sigma=0.29 mean=0.2456 sd=0.21167161248443353 n=3 missing=none
spot: batch_sigma=0.3 mean=0.3016 sd=0.07885671083526684 n=3 missing=none
spot: batch_sigma=0.4 mean=0.0261 sd=0.004934580135687227 n=3 missing=none
spot: batch_sigma=0.6 mean=0.0235 sd=0.005091193157749733 n=3 missing=none
[save] /dcs04/hicks/data/Jan/sim_project/sim_paper/data/figure_3/cellbin_batch_sigma_slide/batch_sigma_slide_domain_ari_final.csv
