[task 0] modality=cell batch=prebatch lambda=0.5 k_geom=200 input=sim_paper/data/figure_2/log_mu_-2.3_theta_0.40_jitter0.15_bsigma15/simulation_cell_z_qc.h5ad
[load] sim_paper/data/figure_2/log_mu_-2.3_theta_0.40_jitter0.15_bsigma15/simulation_cell_z_qc.h5ad
[load] AnnData shape: 600000 x 556
[oracle] X <- counts_pre_batch (no per-slice batch effect)
[stagger] offsetting each slice's x coordinate so slices don't overlap
  slice 0: offset x by 0.0
  slice 1: offset x by 59865.4
  slice 2: offset x by 119730.8
  slice 3: offset x by 179596.1
  slice 4: offset x by 239461.5
  slice 5: offset x by 299326.9
  slice 6: offset x by 359192.3
  slice 7: offset x by 419057.7
  slice 8: offset x by 478923.1
  slice 9: offset x by 538788.4

[normalize] normalize_total (no log1p -- BANKSY expects normalized, non-log counts here)
[hvg] skipped -- using all 556 genes (matches pca_harmony.py's convention)

[banksy] k_geom=200 max_m=1 lambda=0.5 decay=scaled_gaussian

Median distance to closest cell = 17.21802416282401

---- Ran median_dist_to_nearest_neighbour in 3.38 s ----

---- Ran generate_spatial_distance_graph in 47.20 s ----

---- Ran row_normalize in 1.66 s ----

---- Ran generate_spatial_weights_fixed_nbrs in 58.58 s ----

---- Ran generate_spatial_distance_graph in 88.80 s ----

---- Ran theta_from_spatial_graph in 13.18 s ----

---- Ran row_normalize in 1.88 s ----

---- Ran generate_spatial_weights_fixed_nbrs in 120.98 s ----

Runtime Sep-14-2026-10-04

556 genes to be analysed:
Gene List:
Index(['G1', 'G2', 'G3', 'G4', 'G5', 'G6', 'G7', 'G8', 'G9', 'G10',
       ...
       'G547', 'G548', 'G549', 'G550', 'G551', 'G552', 'G553', 'G554', 'G555',
       'G556'],
      dtype='object', length=556)

Check if X contains only finite (non-NAN) values
Decay Type: scaled_gaussian
Weights Object: {'weights': {0: <600000x600000 sparse matrix of type '<class 'numpy.float64'>'
	with 120000000 stored elements in Compressed Sparse Row format>, 1: <600000x600000 sparse matrix of type '<class 'numpy.complex128'>'
	with 240000000 stored elements in Compressed Sparse Row format>}}

Nbr matrix | Mean: 17.99 | Std: 16.19
Size of Nbr | Shape: (600000, 556)
Top 3 entries of Nbr Mat:

[[11.40404712 26.26003788  5.89094157]
 [13.23461717 34.31089713  5.22702717]
 [16.23619084 25.66643307  5.47700718]]

AGF matrix | Mean: 2.83 | Std: 2.56
Size of AGF mat (m = 1) | Shape: (600000, 556)
Top entries of AGF:
[[ 1.97312171  1.12125385  1.20197993]
 [ 3.43412019 10.0415698   0.78898483]
 [ 2.54018911  2.69809113  0.46290479]]
Ran 'Create BANKSY Matrix' in 10.55 mins

Cell by gene matrix has shape (600000, 556)

Scale factors squared: [0.5        0.33333333 0.16666667]
Scale factors: [0.70710678 0.57735027 0.40824829]
/dcs04/hicks/data/Jan/sim_project/sim_paper/env/sim-app-banksy/lib/python3.10/site-packages/banksy/main.py:368: FutureWarning: X.dtype being converted to np.float32 from float64. In the next version of anndata (0.9) conversion will not be automatic. Pass dtype explicitly to avoid this warning. Pass `AnnData(X, dtype=X.dtype, ...)` to get the future behavour.
  return anndata.AnnData(concatenated_matrix, obs=adata.obs, var=var_combined)
Shape of BANKSY matrix: (600000, 1668)
Type of banksy_matrix: <class 'anndata._core.anndata.AnnData'>

[banksy] BANKSY matrix shape: 600000 x 1668

[pca] pre-Harmony PCA
Current decay types: ['scaled_gaussian']

Reducing dims of dataset in (Index = scaled_gaussian, lambda = 0.5)
==================================================

Setting the total number of PC = 30
Original shape of matrix: (600000, 1668)
Reduced shape of matrix: (600000, 30)
------------------------------------------------------------
min_value = -6.580407619476318, mean = 2.6233544758724747e-07, max = 8.780030250549316

  [plot] saved pca_preharmony_by_slice_id.png
  [plot] saved pca_preharmony_by_domain_true.png
  [plot] saved pca_preharmony_by_cell_type_true.png

[harmony] batch_key=slice_id
2026-09-14 10:16:25,367 - harmonypy - INFO - Running Harmony
2026-09-14 10:16:25,367 - harmonypy - INFO -   Parameters:
2026-09-14 10:16:25,367 - harmonypy - INFO -     max_iter_harmony: 10
2026-09-14 10:16:25,367 - harmonypy - INFO -     max_iter_kmeans: 4
2026-09-14 10:16:25,367 - harmonypy - INFO -     epsilon_cluster: 0.001
2026-09-14 10:16:25,367 - harmonypy - INFO -     epsilon_harmony: 0.01
2026-09-14 10:16:25,367 - harmonypy - INFO -     nclust: 100
2026-09-14 10:16:25,367 - harmonypy - INFO -     block_size: 0.05
2026-09-14 10:16:25,367 - harmonypy - INFO -     lamb: dynamic (alpha=0.2)
2026-09-14 10:16:25,367 - harmonypy - INFO -     theta: [2. 2. 2. 2. 2. 2. 2. 2. 2. 2.]
2026-09-14 10:16:25,367 - harmonypy - INFO -     sigma: [0.1 0.1 0.1 0.1 0.1]...
2026-09-14 10:16:25,367 - harmonypy - INFO -     verbose: True
2026-09-14 10:16:25,367 - harmonypy - INFO -     random_state: 0
2026-09-14 10:16:25,367 - harmonypy - INFO -   Data: 30 PCs × 600000 cells
2026-09-14 10:16:25,367 - harmonypy - INFO -   Batch variables: ['slice_id']
2026-09-14 10:16:25,813 - harmonypy - INFO - Computing initial centroids...
2026-09-14 10:16:38,561 - harmonypy - INFO - Initialization complete.
2026-09-14 10:16:38,562 - harmonypy - INFO - Iteration 1 of 10
2026-09-14 10:16:54,676 - harmonypy - INFO - Converged after 1 iteration
  [plot] saved pca_postharmony_by_slice_id.png
  [plot] saved pca_postharmony_by_domain_true.png
  [plot] saved pca_postharmony_by_cell_type_true.png

[save] sim_paper/data/figure_3/pca_harmony_domain_check/cell/prebatch/banksy_matrix/simulation_cell_z_banksy_pca_harmony_qc.h5ad
[save] done
/dcs04/hicks/data/Jan/sim_project/sim_paper/env/albis-tutorial/lib/python3.10/site-packages/louvain/__init__.py:54: UserWarning: pkg_resources is deprecated as an API. See https://setuptools.pypa.io/en/latest/pkg_resources.html. The pkg_resources package is slated for removal as early as 2025-11-30. Refrain from using this package or pin to Setuptools<81.
  from pkg_resources import get_distribution, DistributionNotFound
[load] sim_paper/data/figure_3/pca_harmony_domain_check/cell/prebatch/banksy_matrix/simulation_cell_z_banksy_pca_harmony_qc.h5ad
[load] AnnData shape: 600000 x 1668
[neighbors] n_pcs=30 n_neighbors=15
[ari] domain_true: target_k=6
[ari] domain_true: resolution=0.1385 achieved_k=6 (target 6)  ARI=0.0042
[ari] cell_type_true: target_k=8
[ari] cell_type_true: resolution=0.1852 achieved_k=8 (target 8)  ARI=0.7517
[save] sim_paper/data/figure_3/pca_harmony_domain_check/cell/prebatch/ari/ari_summary_cell.json
[save] sim_paper/data/figure_3/pca_harmony_domain_check/cell/prebatch/ari/simulation_cell_z_ari_recovery.h5ad
[score] cell_prebatch  <-  sim_paper/data/figure_3/pca_harmony_domain_check/cell/prebatch/ari/simulation_cell_z_ari_recovery.h5ad
  [cell_prebatch/cell_type] ARI=0.752 V=0.800 | JSD=0.155 meanR=0.854 R2=0.745 (oracle 1.000) | kNN=0.876 (chance 0.125) | eff#cats=1.00  (leak -0.00)
  [cell_prebatch/domain] ARI=0.004 V=0.008 | JSD=0.649 meanR=0.066 R2=0.006 (oracle 1.000) | kNN=0.456 (chance 0.167) | eff#cats=1.00  (leak -0.00)
     modality  n_obs     level      ari  v_measure  comp_mean_pearson  comp_mean_jsd  comp_r2  comp_r2_oracle  comp_r2_frac_of_oracle  ari_oracle  ari_frac_of_oracle  knn_concordance  knn_chance  eff_cats_per_obs_median  frac_obs_ge80pct  slice_id_leakage_ari
cell_prebatch 600000 cell_type 0.751662   0.800348           0.854339       0.154648 0.744873             1.0                0.744873         1.0            0.751662         0.876129    0.125407                      1.0               1.0              -0.00024
cell_prebatch 600000    domain 0.004235   0.008477           0.066382       0.649243 0.005571             1.0                0.005571         1.0            0.004235         0.455976    0.167361                      1.0               1.0              -0.00010
[done] cell/prebatch  ->  sim_paper/data/figure_3/pca_harmony_domain_check/cell/prebatch
