[task 3] modality=bin16um batch=tuned lambda=0.5 k_geom=100 input=sim_paper/data/figure_2/packing_pf0p04_bin16um_log_mu_-2.5_bsigma07/simulation_bin_z_qc.h5ad
[load] sim_paper/data/figure_2/packing_pf0p04_bin16um_log_mu_-2.5_bsigma07/simulation_bin_z_qc.h5ad
[load] AnnData shape: 365785 x 556
[stagger] offsetting each slice's x coordinate so slices don't overlap
  slice 0: offset x by 0.0
  slice 1: offset x by 20480.0
  slice 2: offset x by 40960.0
  slice 3: offset x by 61440.0
  slice 4: offset x by 81920.0
  slice 5: offset x by 102400.0
  slice 6: offset x by 122880.0
  slice 7: offset x by 143360.0
  slice 8: offset x by 163840.0
  slice 9: offset x by 184320.0

[normalize] normalize_total (no log1p -- BANKSY expects normalized, non-log counts here)
[hvg] skipped -- using all 556 genes (matches pca_harmony.py's convention)

[banksy] k_geom=100 max_m=1 lambda=0.5 decay=scaled_gaussian

Median distance to closest cell = 16.0

---- Ran median_dist_to_nearest_neighbour in 1.29 s ----

---- Ran generate_spatial_distance_graph in 11.21 s ----

---- Ran row_normalize in 1.28 s ----

---- Ran generate_spatial_weights_fixed_nbrs in 19.67 s ----

---- Ran generate_spatial_distance_graph in 21.61 s ----

---- Ran theta_from_spatial_graph in 5.50 s ----

---- Ran row_normalize in 1.32 s ----

---- Ran generate_spatial_weights_fixed_nbrs in 38.32 s ----

Runtime Sep-14-2026-17-32

556 genes to be analysed:
Gene List:
Index(['G1', 'G2', 'G3', 'G4', 'G5', 'G6', 'G7', 'G8', 'G9', 'G10',
       ...
       'G547', 'G548', 'G549', 'G550', 'G551', 'G552', 'G553', 'G554', 'G555',
       'G556'],
      dtype='object', length=556)

Check if X contains only finite (non-NAN) values
Decay Type: scaled_gaussian
Weights Object: {'weights': {0: <365785x365785 sparse matrix of type '<class 'numpy.float64'>'
	with 36578500 stored elements in Compressed Sparse Row format>, 1: <365785x365785 sparse matrix of type '<class 'numpy.complex128'>'
	with 73157000 stored elements in Compressed Sparse Row format>}}

Nbr matrix | Mean: 17.99 | Std: 28.0
Size of Nbr | Shape: (365785, 556)
Top 3 entries of Nbr Mat:

[[72.01666794 14.18768135  0.72691661]
 [94.99070224 21.42590654  2.16053711]
 [93.72175046 23.27714496  2.95864096]]

AGF matrix | Mean: 4.3 | Std: 6.12
Size of AGF mat (m = 1) | Shape: (365785, 556)
Top entries of AGF:
[[14.52849912  6.52124435  0.98400601]
 [17.47483555  7.78320874  1.29413765]
 [13.4779984   5.86636149  1.46500601]]
Ran 'Create BANKSY Matrix' in 2.65 mins

Cell by gene matrix has shape (365785, 556)

Scale factors squared: [0.5        0.33333333 0.16666667]
Scale factors: [0.70710678 0.57735027 0.40824829]
/dcs04/hicks/data/Jan/sim_project/sim_paper/env/sim-app-banksy/lib/python3.10/site-packages/banksy/main.py:368: FutureWarning: X.dtype being converted to np.float32 from float64. In the next version of anndata (0.9) conversion will not be automatic. Pass dtype explicitly to avoid this warning. Pass `AnnData(X, dtype=X.dtype, ...)` to get the future behavour.
  return anndata.AnnData(concatenated_matrix, obs=adata.obs, var=var_combined)
Shape of BANKSY matrix: (365785, 1668)
Type of banksy_matrix: <class 'anndata._core.anndata.AnnData'>

[banksy] BANKSY matrix shape: 365785 x 1668

[pca] pre-Harmony PCA
Current decay types: ['scaled_gaussian']

Reducing dims of dataset in (Index = scaled_gaussian, lambda = 0.5)
==================================================

Setting the total number of PC = 30
Original shape of matrix: (365785, 1668)
Reduced shape of matrix: (365785, 30)
------------------------------------------------------------
min_value = -14.03110122680664, mean = 2.1648068013746524e-06, max = 17.912294387817383

  [plot] saved pca_preharmony_by_slice_id.png
  [plot] saved pca_preharmony_by_domain_true.png
  [plot] saved pca_preharmony_by_cell_type_true.png

[harmony] batch_key=slice_id
2026-09-14 17:36:12,845 - harmonypy - INFO - Running Harmony
2026-09-14 17:36:12,846 - harmonypy - INFO -   Parameters:
2026-09-14 17:36:12,846 - harmonypy - INFO -     max_iter_harmony: 10
2026-09-14 17:36:12,846 - harmonypy - INFO -     max_iter_kmeans: 4
2026-09-14 17:36:12,846 - harmonypy - INFO -     epsilon_cluster: 0.001
2026-09-14 17:36:12,846 - harmonypy - INFO -     epsilon_harmony: 0.01
2026-09-14 17:36:12,846 - harmonypy - INFO -     nclust: 100
2026-09-14 17:36:12,846 - harmonypy - INFO -     block_size: 0.05
2026-09-14 17:36:12,846 - harmonypy - INFO -     lamb: dynamic (alpha=0.2)
2026-09-14 17:36:12,846 - harmonypy - INFO -     theta: [2. 2. 2. 2. 2. 2. 2. 2. 2. 2.]
2026-09-14 17:36:12,846 - harmonypy - INFO -     sigma: [0.1 0.1 0.1 0.1 0.1]...
2026-09-14 17:36:12,846 - harmonypy - INFO -     verbose: True
2026-09-14 17:36:12,846 - harmonypy - INFO -     random_state: 0
2026-09-14 17:36:12,846 - harmonypy - INFO -   Data: 30 PCs × 365785 cells
2026-09-14 17:36:12,846 - harmonypy - INFO -   Batch variables: ['slice_id']
2026-09-14 17:36:13,367 - harmonypy - INFO - Computing initial centroids...
2026-09-14 17:36:22,740 - harmonypy - INFO - Initialization complete.
2026-09-14 17:36:22,741 - harmonypy - INFO - Iteration 1 of 10
2026-09-14 17:36:29,110 - harmonypy - INFO - Converged after 1 iteration
  [plot] saved pca_postharmony_by_slice_id.png
  [plot] saved pca_postharmony_by_domain_true.png
  [plot] saved pca_postharmony_by_cell_type_true.png

[save] sim_paper/data/figure_3/pca_harmony_domain_check/bin16um/tuned/banksy_matrix/simulation_bin_z_banksy_pca_harmony_qc.h5ad
[save] done
/dcs04/hicks/data/Jan/sim_project/sim_paper/env/albis-tutorial/lib/python3.10/site-packages/louvain/__init__.py:54: UserWarning: pkg_resources is deprecated as an API. See https://setuptools.pypa.io/en/latest/pkg_resources.html. The pkg_resources package is slated for removal as early as 2025-11-30. Refrain from using this package or pin to Setuptools<81.
  from pkg_resources import get_distribution, DistributionNotFound
[load] sim_paper/data/figure_3/pca_harmony_domain_check/bin16um/tuned/banksy_matrix/simulation_bin_z_banksy_pca_harmony_qc.h5ad
[load] AnnData shape: 365785 x 1668
[neighbors] n_pcs=30 n_neighbors=15
[ari] domain_true: target_k=6
[ari] domain_true: resolution=0.1969 achieved_k=10 (target 6)  ARI=0.0153
[ari] cell_type_true: target_k=8
[ari] cell_type_true: resolution=0.1969 achieved_k=10 (target 8)  ARI=-0.0000
[save] sim_paper/data/figure_3/pca_harmony_domain_check/bin16um/tuned/ari/ari_summary_bin.json
[save] sim_paper/data/figure_3/pca_harmony_domain_check/bin16um/tuned/ari/simulation_bin_z_ari_recovery.h5ad
[score] bin16um_tuned  <-  sim_paper/data/figure_3/pca_harmony_domain_check/bin16um/tuned/ari/simulation_bin_z_ari_recovery.h5ad
  [bin16um_tuned/cell_type] ARI=-0.000 V=0.000 | JSD=0.455 meanR=0.009 R2=0.000 (oracle 0.715) | kNN=0.360 (chance 0.126) | eff#cats=2.51  (leak 1.00)
  [bin16um_tuned/domain] ARI=0.015 V=0.037 | JSD=0.597 meanR=0.116 R2=0.023 (oracle 0.957) | kNN=0.292 (chance 0.167) | eff#cats=1.00  (leak 1.00)
     modality  n_obs     level       ari  v_measure  comp_mean_pearson  comp_mean_jsd  comp_r2  comp_r2_oracle  comp_r2_frac_of_oracle  ari_oracle  ari_frac_of_oracle  knn_concordance  knn_chance  eff_cats_per_obs_median  frac_obs_ge80pct  slice_id_leakage_ari
bin16um_tuned 365785 cell_type -0.000022   0.000079           0.009098       0.454828 0.000091        0.715373                0.000127    0.977419           -0.000023         0.359984    0.125784                 2.506754          0.219621                   1.0
bin16um_tuned 365785    domain  0.015257   0.036801           0.116465       0.596878 0.023452        0.956997                0.024506    0.998295            0.015283         0.292271    0.167311                 1.000000          0.869874                   1.0
[done] bin16um/tuned  ->  sim_paper/data/figure_3/pca_harmony_domain_check/bin16um/tuned
