[task 2] modality=bin16um batch=prebatch lambda=0.5 k_geom=100 input=sim_paper/data/figure_2/packing_pf0p04_bin16um_log_mu_-2.5_bsigma07/simulation_bin_z_qc.h5ad
[load] sim_paper/data/figure_2/packing_pf0p04_bin16um_log_mu_-2.5_bsigma07/simulation_bin_z_qc.h5ad
[load] AnnData shape: 365785 x 556
[oracle] X <- counts_pre_batch (no per-slice batch effect)
[stagger] offsetting each slice's x coordinate so slices don't overlap
  slice 0: offset x by 0.0
  slice 1: offset x by 20480.0
  slice 2: offset x by 40960.0
  slice 3: offset x by 61440.0
  slice 4: offset x by 81920.0
  slice 5: offset x by 102400.0
  slice 6: offset x by 122880.0
  slice 7: offset x by 143360.0
  slice 8: offset x by 163840.0
  slice 9: offset x by 184320.0

[normalize] normalize_total (no log1p -- BANKSY expects normalized, non-log counts here)
[hvg] skipped -- using all 556 genes (matches pca_harmony.py's convention)

[banksy] k_geom=100 max_m=1 lambda=0.5 decay=scaled_gaussian

Median distance to closest cell = 16.0

---- Ran median_dist_to_nearest_neighbour in 1.03 s ----

---- Ran generate_spatial_distance_graph in 9.00 s ----

---- Ran row_normalize in 0.96 s ----

---- Ran generate_spatial_weights_fixed_nbrs in 15.48 s ----

---- Ran generate_spatial_distance_graph in 17.30 s ----

---- Ran theta_from_spatial_graph in 4.28 s ----

---- Ran row_normalize in 1.00 s ----

---- Ran generate_spatial_weights_fixed_nbrs in 30.44 s ----

Runtime Sep-14-2026-11-01

556 genes to be analysed:
Gene List:
Index(['G1', 'G2', 'G3', 'G4', 'G5', 'G6', 'G7', 'G8', 'G9', 'G10',
       ...
       'G547', 'G548', 'G549', 'G550', 'G551', 'G552', 'G553', 'G554', 'G555',
       'G556'],
      dtype='object', length=556)

Check if X contains only finite (non-NAN) values
Decay Type: scaled_gaussian
Weights Object: {'weights': {0: <365785x365785 sparse matrix of type '<class 'numpy.float64'>'
	with 36578500 stored elements in Compressed Sparse Row format>, 1: <365785x365785 sparse matrix of type '<class 'numpy.complex128'>'
	with 73157000 stored elements in Compressed Sparse Row format>}}

Nbr matrix | Mean: 17.99 | Std: 17.42
Size of Nbr | Shape: (365785, 556)
Top 3 entries of Nbr Mat:

[[14.7302927  38.65099381  9.15765921]
 [20.37673161 47.27589085 11.60164088]
 [21.77644302 51.45078265 11.84664888]]

AGF matrix | Mean: 3.56 | Std: 4.23
Size of AGF mat (m = 1) | Shape: (365785, 556)
Top entries of AGF:
[[ 4.05066021 10.72821271  3.24612728]
 [ 4.41917169 11.54855161  2.52763368]
 [ 3.24035897  8.89827746  2.25095651]]
Ran 'Create BANKSY Matrix' in 2.15 mins

Cell by gene matrix has shape (365785, 556)

Scale factors squared: [0.5        0.33333333 0.16666667]
Scale factors: [0.70710678 0.57735027 0.40824829]
/dcs04/hicks/data/Jan/sim_project/sim_paper/env/sim-app-banksy/lib/python3.10/site-packages/banksy/main.py:368: FutureWarning: X.dtype being converted to np.float32 from float64. In the next version of anndata (0.9) conversion will not be automatic. Pass dtype explicitly to avoid this warning. Pass `AnnData(X, dtype=X.dtype, ...)` to get the future behavour.
  return anndata.AnnData(concatenated_matrix, obs=adata.obs, var=var_combined)
Shape of BANKSY matrix: (365785, 1668)
Type of banksy_matrix: <class 'anndata._core.anndata.AnnData'>

[banksy] BANKSY matrix shape: 365785 x 1668

[pca] pre-Harmony PCA
Current decay types: ['scaled_gaussian']

Reducing dims of dataset in (Index = scaled_gaussian, lambda = 0.5)
==================================================

Setting the total number of PC = 30
Original shape of matrix: (365785, 1668)
Reduced shape of matrix: (365785, 30)
------------------------------------------------------------
min_value = -11.47285270690918, mean = -4.587780324527557e-07, max = 12.898608207702637

  [plot] saved pca_preharmony_by_slice_id.png
  [plot] saved pca_preharmony_by_domain_true.png
  [plot] saved pca_preharmony_by_cell_type_true.png

[harmony] batch_key=slice_id
2026-09-14 11:04:24,954 - harmonypy - INFO - Running Harmony
2026-09-14 11:04:24,954 - harmonypy - INFO -   Parameters:
2026-09-14 11:04:24,954 - harmonypy - INFO -     max_iter_harmony: 10
2026-09-14 11:04:24,954 - harmonypy - INFO -     max_iter_kmeans: 4
2026-09-14 11:04:24,954 - harmonypy - INFO -     epsilon_cluster: 0.001
2026-09-14 11:04:24,954 - harmonypy - INFO -     epsilon_harmony: 0.01
2026-09-14 11:04:24,954 - harmonypy - INFO -     nclust: 100
2026-09-14 11:04:24,954 - harmonypy - INFO -     block_size: 0.05
2026-09-14 11:04:24,954 - harmonypy - INFO -     lamb: dynamic (alpha=0.2)
2026-09-14 11:04:24,954 - harmonypy - INFO -     theta: [2. 2. 2. 2. 2. 2. 2. 2. 2. 2.]
2026-09-14 11:04:24,954 - harmonypy - INFO -     sigma: [0.1 0.1 0.1 0.1 0.1]...
2026-09-14 11:04:24,954 - harmonypy - INFO -     verbose: True
2026-09-14 11:04:24,954 - harmonypy - INFO -     random_state: 0
2026-09-14 11:04:24,954 - harmonypy - INFO -   Data: 30 PCs × 365785 cells
2026-09-14 11:04:24,954 - harmonypy - INFO -   Batch variables: ['slice_id']
2026-09-14 11:04:25,400 - harmonypy - INFO - Computing initial centroids...
2026-09-14 11:04:32,819 - harmonypy - INFO - Initialization complete.
2026-09-14 11:04:32,820 - harmonypy - INFO - Iteration 1 of 10
2026-09-14 11:04:40,526 - harmonypy - INFO - Converged after 1 iteration
  [plot] saved pca_postharmony_by_slice_id.png
  [plot] saved pca_postharmony_by_domain_true.png
  [plot] saved pca_postharmony_by_cell_type_true.png

[save] sim_paper/data/figure_3/pca_harmony_domain_check/bin16um/prebatch/banksy_matrix/simulation_bin_z_banksy_pca_harmony_qc.h5ad
[save] done
/dcs04/hicks/data/Jan/sim_project/sim_paper/env/albis-tutorial/lib/python3.10/site-packages/louvain/__init__.py:54: UserWarning: pkg_resources is deprecated as an API. See https://setuptools.pypa.io/en/latest/pkg_resources.html. The pkg_resources package is slated for removal as early as 2025-11-30. Refrain from using this package or pin to Setuptools<81.
  from pkg_resources import get_distribution, DistributionNotFound
[load] sim_paper/data/figure_3/pca_harmony_domain_check/bin16um/prebatch/banksy_matrix/simulation_bin_z_banksy_pca_harmony_qc.h5ad
[load] AnnData shape: 365785 x 1668
[neighbors] n_pcs=30 n_neighbors=15
[ari] domain_true: target_k=6
[ari] domain_true: resolution=0.1502 achieved_k=7 (target 6)  ARI=0.0023
[ari] cell_type_true: target_k=8
[ari] cell_type_true: resolution=0.1618 achieved_k=8 (target 8)  ARI=-0.0000
[save] sim_paper/data/figure_3/pca_harmony_domain_check/bin16um/prebatch/ari/ari_summary_bin.json
[save] sim_paper/data/figure_3/pca_harmony_domain_check/bin16um/prebatch/ari/simulation_bin_z_ari_recovery.h5ad
[score] bin16um_prebatch  <-  sim_paper/data/figure_3/pca_harmony_domain_check/bin16um/prebatch/ari/simulation_bin_z_ari_recovery.h5ad
  [bin16um_prebatch/cell_type] ARI=-0.000 V=0.000 | JSD=0.455 meanR=0.009 R2=0.000 (oracle 0.715) | kNN=0.494 (chance 0.126) | eff#cats=2.51  (leak 0.02)
  [bin16um_prebatch/domain] ARI=0.002 V=0.025 | JSD=0.611 meanR=0.073 R2=0.008 (oracle 0.957) | kNN=0.459 (chance 0.167) | eff#cats=1.00  (leak 0.02)
        modality  n_obs     level       ari  v_measure  comp_mean_pearson  comp_mean_jsd  comp_r2  comp_r2_oracle  comp_r2_frac_of_oracle  ari_oracle  ari_frac_of_oracle  knn_concordance  knn_chance  eff_cats_per_obs_median  frac_obs_ge80pct  slice_id_leakage_ari
bin16um_prebatch 365785 cell_type -0.000049   0.000159           0.009180       0.454833 0.000092        0.715373                0.000128    0.977419           -0.000050         0.494071    0.125784                 2.506754          0.219621              0.022628
bin16um_prebatch 365785    domain  0.002253   0.025220           0.072536       0.610580 0.007646        0.956997                0.007989    0.998295            0.002257         0.458693    0.167311                 1.000000          0.869874              0.022624
[done] bin16um/prebatch  ->  sim_paper/data/figure_3/pca_harmony_domain_check/bin16um/prebatch
