[task 5] modality=spot batch=tuned lambda=0.1 k_geom=8 input=sim_paper/data/figure_2/packing_pf0p04_log_mu_-2.0_theta_0.25_jitter0.10_bsigma03/simulation_spot_z_qc.h5ad
[load] sim_paper/data/figure_2/packing_pf0p04_log_mu_-2.0_theta_0.25_jitter0.10_bsigma03/simulation_spot_z_qc.h5ad
[load] AnnData shape: 10034 x 556
[stagger] offsetting each slice's x coordinate so slices don't overlap
  slice 0: offset x by 0.0
  slice 1: offset x by 20500.0
  slice 2: offset x by 41000.0
  slice 3: offset x by 61500.0
  slice 4: offset x by 82000.0
  slice 5: offset x by 102500.0
  slice 6: offset x by 123000.0
  slice 7: offset x by 143500.0
  slice 8: offset x by 164000.0
  slice 9: offset x by 184500.0

[normalize] normalize_total (no log1p -- BANKSY expects normalized, non-log counts here)
[hvg] skipped -- using all 556 genes (matches pca_harmony.py's convention)

[banksy] k_geom=8 max_m=1 lambda=0.1 decay=scaled_gaussian

Median distance to closest cell = 100.0

---- Ran median_dist_to_nearest_neighbour in 0.02 s ----

---- Ran generate_spatial_distance_graph in 0.03 s ----

---- Ran row_normalize in 0.03 s ----

---- Ran generate_spatial_weights_fixed_nbrs in 0.23 s ----

---- Ran generate_spatial_distance_graph in 0.05 s ----

---- Ran theta_from_spatial_graph in 0.06 s ----

---- Ran row_normalize in 0.03 s ----

---- Ran generate_spatial_weights_fixed_nbrs in 0.31 s ----

Runtime Sep-14-2026-18-07

556 genes to be analysed:
Gene List:
Index(['G1', 'G2', 'G3', 'G4', 'G5', 'G6', 'G7', 'G8', 'G9', 'G10',
       ...
       'G547', 'G548', 'G549', 'G550', 'G551', 'G552', 'G553', 'G554', 'G555',
       'G556'],
      dtype='object', length=556)

Check if X contains only finite (non-NAN) values
Decay Type: scaled_gaussian
Weights Object: {'weights': {0: <10034x10034 sparse matrix of type '<class 'numpy.float64'>'
	with 80272 stored elements in Compressed Sparse Row format>, 1: <10034x10034 sparse matrix of type '<class 'numpy.complex128'>'
	with 160544 stored elements in Compressed Sparse Row format>}}

Nbr matrix | Mean: 17.99 | Std: 20.62
Size of Nbr | Shape: (10034, 556)
Top 3 entries of Nbr Mat:

[[41.01087867  7.81892623  1.34363067]
 [23.83490063 13.30779118  1.14482788]
 [ 5.16389054 33.58824694  2.19094633]]

AGF matrix | Mean: 4.69 | Std: 7.87
Size of AGF mat (m = 1) | Shape: (10034, 556)
Top entries of AGF:
[[11.32664635  1.43601226  0.57753662]
 [11.6296463   6.83603709  0.95894241]
 [ 3.52567571 17.48946767  1.01364213]]
Ran 'Create BANKSY Matrix' in 0.01 mins

Cell by gene matrix has shape (10034, 556)

Scale factors squared: [0.9        0.06666667 0.03333333]
Scale factors: [0.9486833  0.25819889 0.18257419]
/dcs04/hicks/data/Jan/sim_project/sim_paper/env/sim-app-banksy/lib/python3.10/site-packages/banksy/main.py:368: FutureWarning: X.dtype being converted to np.float32 from float64. In the next version of anndata (0.9) conversion will not be automatic. Pass dtype explicitly to avoid this warning. Pass `AnnData(X, dtype=X.dtype, ...)` to get the future behavour.
  return anndata.AnnData(concatenated_matrix, obs=adata.obs, var=var_combined)
Shape of BANKSY matrix: (10034, 1668)
Type of banksy_matrix: <class 'anndata._core.anndata.AnnData'>

[banksy] BANKSY matrix shape: 10034 x 1668

[pca] pre-Harmony PCA
Current decay types: ['scaled_gaussian']

Reducing dims of dataset in (Index = scaled_gaussian, lambda = 0.1)
==================================================

Setting the total number of PC = 30
Original shape of matrix: (10034, 1668)
Reduced shape of matrix: (10034, 30)
------------------------------------------------------------
min_value = -52.11092758178711, mean = 8.637623949425688e-08, max = 134.06564331054688

  [plot] saved pca_preharmony_by_slice_id.png
  [plot] saved pca_preharmony_by_domain_true.png
  [plot] saved pca_preharmony_by_cell_type_true.png

[harmony] batch_key=slice_id
2026-09-14 18:07:45,267 - harmonypy - INFO - Running Harmony
2026-09-14 18:07:45,267 - harmonypy - INFO -   Parameters:
2026-09-14 18:07:45,267 - harmonypy - INFO -     max_iter_harmony: 10
2026-09-14 18:07:45,267 - harmonypy - INFO -     max_iter_kmeans: 4
2026-09-14 18:07:45,267 - harmonypy - INFO -     epsilon_cluster: 0.001
2026-09-14 18:07:45,267 - harmonypy - INFO -     epsilon_harmony: 0.01
2026-09-14 18:07:45,267 - harmonypy - INFO -     nclust: 100
2026-09-14 18:07:45,267 - harmonypy - INFO -     block_size: 0.05
2026-09-14 18:07:45,267 - harmonypy - INFO -     lamb: dynamic (alpha=0.2)
2026-09-14 18:07:45,268 - harmonypy - INFO -     theta: [2. 2. 2. 2. 2. 2. 2. 2. 2. 2.]
2026-09-14 18:07:45,268 - harmonypy - INFO -     sigma: [0.1 0.1 0.1 0.1 0.1]...
2026-09-14 18:07:45,268 - harmonypy - INFO -     verbose: True
2026-09-14 18:07:45,268 - harmonypy - INFO -     random_state: 0
2026-09-14 18:07:45,268 - harmonypy - INFO -   Data: 30 PCs × 10034 cells
2026-09-14 18:07:45,268 - harmonypy - INFO -   Batch variables: ['slice_id']
2026-09-14 18:07:45,276 - harmonypy - INFO - Computing initial centroids...
2026-09-14 18:07:45,541 - harmonypy - INFO - Initialization complete.
2026-09-14 18:07:45,541 - harmonypy - INFO - Iteration 1 of 10
2026-09-14 18:07:45,711 - harmonypy - INFO - Iteration 2 of 10
2026-09-14 18:07:45,894 - harmonypy - INFO - Converged after 2 iterations
  [plot] saved pca_postharmony_by_slice_id.png
  [plot] saved pca_postharmony_by_domain_true.png
  [plot] saved pca_postharmony_by_cell_type_true.png

[save] sim_paper/data/figure_3/pca_harmony_domain_check/spot/tuned/banksy_matrix/simulation_spot_z_banksy_pca_harmony_qc.h5ad
[save] done
/dcs04/hicks/data/Jan/sim_project/sim_paper/env/albis-tutorial/lib/python3.10/site-packages/louvain/__init__.py:54: UserWarning: pkg_resources is deprecated as an API. See https://setuptools.pypa.io/en/latest/pkg_resources.html. The pkg_resources package is slated for removal as early as 2025-11-30. Refrain from using this package or pin to Setuptools<81.
  from pkg_resources import get_distribution, DistributionNotFound
[load] sim_paper/data/figure_3/pca_harmony_domain_check/spot/tuned/banksy_matrix/simulation_spot_z_banksy_pca_harmony_qc.h5ad
[load] AnnData shape: 10034 x 1668
[neighbors] n_pcs=30 n_neighbors=15
[ari] domain_true: target_k=6
[ari] domain_true: resolution=0.0918 achieved_k=6 (target 6)  ARI=0.0290
[ari] cell_type_true: target_k=8
[ari] cell_type_true: resolution=0.1151 achieved_k=8 (target 8)  ARI=0.0025
[save] sim_paper/data/figure_3/pca_harmony_domain_check/spot/tuned/ari/ari_summary_spot.json
[save] sim_paper/data/figure_3/pca_harmony_domain_check/spot/tuned/ari/simulation_spot_z_ari_recovery.h5ad
[score] spot_tuned  <-  sim_paper/data/figure_3/pca_harmony_domain_check/spot/tuned/ari/simulation_spot_z_ari_recovery.h5ad
  [spot_tuned/cell_type] ARI=0.003 V=0.005 | JSD=0.146 meanR=0.073 R2=0.006 (oracle 0.425) | kNN=0.306 (chance 0.128) | eff#cats=6.06  (leak 0.64)
  [spot_tuned/domain] ARI=0.029 V=0.035 | JSD=0.579 meanR=0.106 R2=0.019 (oracle 0.936) | kNN=0.218 (chance 0.168) | eff#cats=1.00  (leak 0.43)
  modality  n_obs     level      ari  v_measure  comp_mean_pearson  comp_mean_jsd  comp_r2  comp_r2_oracle  comp_r2_frac_of_oracle  ari_oracle  ari_frac_of_oracle  knn_concordance  knn_chance  eff_cats_per_obs_median  frac_obs_ge80pct  slice_id_leakage_ari
spot_tuned  10034 cell_type 0.002512   0.005228           0.073055       0.145632 0.006226        0.425142                0.014645    0.845887             0.00297         0.305647    0.127548                  6.05896          0.024118              0.638994
spot_tuned  10034    domain 0.028969   0.035170           0.106217       0.578838 0.018987        0.936125                0.020282    0.997217             0.02905         0.217594    0.167745                  1.00000          0.799183              0.434102
[done] spot/tuned  ->  sim_paper/data/figure_3/pca_harmony_domain_check/spot/tuned
