=== packing_pf0p04_log_mu_0.0_bsigma08 (bin) ===
/dcs04/hicks/data/Jan/sim_project/sim_paper/env/albis-tutorial/lib/python3.10/site-packages/louvain/__init__.py:54: UserWarning: pkg_resources is deprecated as an API. See https://setuptools.pypa.io/en/latest/pkg_resources.html. The pkg_resources package is slated for removal as early as 2025-11-30. Refrain from using this package or pin to Setuptools<81.
  from pkg_resources import get_distribution, DistributionNotFound
[load] sim_paper/data/figure_2/packing_pf0p04_log_mu_0.0_bsigma08/simulation_bin_z.h5ad
[load] AnnData shape: 6609690 x 556
[qc] fully-empty (total_counts == 0): 5162672 (78.11%)
[qc] near-empty (0 < total_counts, n_genes < 3): 44138 (0.67%)
[qc] dropped 5206810 observations (78.78%); 1402880 remain
[save] sim_paper/data/figure_2/packing_pf0p04_log_mu_0.0_bsigma08/simulation_bin_z_qc_summary.json
[save] sim_paper/data/figure_2/packing_pf0p04_log_mu_0.0_bsigma08/simulation_bin_z_qc.h5ad
=== packing_pf0p04_bin16um_log_mu_-2.5_bsigma07 (bin) ===
/dcs04/hicks/data/Jan/sim_project/sim_paper/env/albis-tutorial/lib/python3.10/site-packages/louvain/__init__.py:54: UserWarning: pkg_resources is deprecated as an API. See https://setuptools.pypa.io/en/latest/pkg_resources.html. The pkg_resources package is slated for removal as early as 2025-11-30. Refrain from using this package or pin to Setuptools<81.
  from pkg_resources import get_distribution, DistributionNotFound
[load] sim_paper/data/figure_2/packing_pf0p04_bin16um_log_mu_-2.5_bsigma07/simulation_bin_z.h5ad
[load] AnnData shape: 1656490 x 556
[qc] fully-empty (total_counts == 0): 1283946 (77.51%)
[qc] near-empty (0 < total_counts, n_genes < 3): 6759 (0.41%)
[qc] dropped 1290705 observations (77.92%); 365785 remain
[save] sim_paper/data/figure_2/packing_pf0p04_bin16um_log_mu_-2.5_bsigma07/simulation_bin_z_qc_summary.json
[save] sim_paper/data/figure_2/packing_pf0p04_bin16um_log_mu_-2.5_bsigma07/simulation_bin_z_qc.h5ad
=== packing_pf0p04_log_mu_-2.5_bsigma03 (spot) ===
/dcs04/hicks/data/Jan/sim_project/sim_paper/env/albis-tutorial/lib/python3.10/site-packages/louvain/__init__.py:54: UserWarning: pkg_resources is deprecated as an API. See https://setuptools.pypa.io/en/latest/pkg_resources.html. The pkg_resources package is slated for removal as early as 2025-11-30. Refrain from using this package or pin to Setuptools<81.
  from pkg_resources import get_distribution, DistributionNotFound
[load] sim_paper/data/figure_2/packing_pf0p04_log_mu_-2.5_bsigma03/simulation_spot_z.h5ad
[load] AnnData shape: 43560 x 556
[qc] fully-empty (total_counts == 0): 33521 (76.95%)
[qc] near-empty (0 < total_counts, n_genes < 3): 24 (0.06%)
[qc] dropped 33545 observations (77.01%); 10015 remain
[save] sim_paper/data/figure_2/packing_pf0p04_log_mu_-2.5_bsigma03/simulation_spot_z_qc_summary.json
[save] sim_paper/data/figure_2/packing_pf0p04_log_mu_-2.5_bsigma03/simulation_spot_z_qc.h5ad
=== log_mu_-2.3_theta_0.40_jitter0.15_bsigma15 (cell) ===
/dcs04/hicks/data/Jan/sim_project/sim_paper/env/albis-tutorial/lib/python3.10/site-packages/louvain/__init__.py:54: UserWarning: pkg_resources is deprecated as an API. See https://setuptools.pypa.io/en/latest/pkg_resources.html. The pkg_resources package is slated for removal as early as 2025-11-30. Refrain from using this package or pin to Setuptools<81.
  from pkg_resources import get_distribution, DistributionNotFound
[load] sim_paper/data/figure_2/log_mu_-2.3_theta_0.40_jitter0.15_bsigma15/simulation_cell_z.h5ad
[load] AnnData shape: 600000 x 556
[qc] fully-empty (total_counts == 0): 0 (0.00%)
[qc] near-empty (0 < total_counts, n_genes < 3): 0 (0.00%)
[qc] dropped 0 observations (0.00%); 600000 remain
[save] sim_paper/data/figure_2/log_mu_-2.3_theta_0.40_jitter0.15_bsigma15/simulation_cell_z_qc_summary.json
[save] sim_paper/data/figure_2/log_mu_-2.3_theta_0.40_jitter0.15_bsigma15/simulation_cell_z_qc.h5ad
[done] all 4 QC h5ads regenerated on post-batch counts
