Job started: Fri Jul 10 10:55:50 AM EDT 2026
Host: compute-165.cm.cluster
Python: /dcs04/hicks/data/Jan/sim_project/sim_app/env/sim-app-tutorial/bin/python
Modality: spot
Command: /dcs04/hicks/data/Jan/sim_project/sim_app/env/sim-app-tutorial/bin/python sim_paper/code/clustering/clustering.py --modality spot 
/dcs04/hicks/data/Jan/sim_project/sim_app/env/sim-app-tutorial/lib/python3.10/site-packages/legacy_api_wrap/__init__.py:88: UserWarning: Some cells have zero counts
  return fn(*args_all, **kw)
/dcs04/hicks/data/Jan/sim_project/sim_app/env/sim-app-tutorial/lib/python3.10/functools.py:889: UserWarning: zero-centering a sparse array/matrix densifies it.
  return dispatch(args[0].__class__)(*args, **kw)
/dcs04/hicks/data/Jan/sim_project/sim_app/env/sim-app-tutorial/lib/python3.10/site-packages/scanpy/preprocessing/_pca/__init__.py:226: FutureWarning: Argument `use_highly_variable` is deprecated, consider using the mask argument. Use_highly_variable=True can be called through mask_var="highly_variable". Use_highly_variable=False can be called through mask_var=None
  mask_var_param, mask_var = _handle_mask_var(
2026-07-10 10:58:15,393 - harmonypy - INFO - Running Harmony
2026-07-10 10:58:15,393 - harmonypy - INFO -   Parameters:
2026-07-10 10:58:15,393 - harmonypy - INFO -     max_iter_harmony: 10
2026-07-10 10:58:15,393 - harmonypy - INFO -     max_iter_kmeans: 4
2026-07-10 10:58:15,393 - harmonypy - INFO -     epsilon_cluster: 0.001
2026-07-10 10:58:15,393 - harmonypy - INFO -     epsilon_harmony: 0.01
2026-07-10 10:58:15,393 - harmonypy - INFO -     nclust: 100
2026-07-10 10:58:15,394 - harmonypy - INFO -     block_size: 0.05
2026-07-10 10:58:15,394 - harmonypy - INFO -     lamb: dynamic (alpha=0.2)
2026-07-10 10:58:15,394 - harmonypy - INFO -     theta: [2. 2. 2. 2. 2. 2. 2. 2. 2. 2.]
2026-07-10 10:58:15,394 - harmonypy - INFO -     sigma: [0.1 0.1 0.1 0.1 0.1]...
2026-07-10 10:58:15,394 - harmonypy - INFO -     verbose: True
2026-07-10 10:58:15,394 - harmonypy - INFO -     random_state: 0
2026-07-10 10:58:15,394 - harmonypy - INFO -   Data: 30 PCs × 43560 cells
2026-07-10 10:58:15,394 - harmonypy - INFO -   Batch variables: ['slice_id']
2026-07-10 10:58:15,510 - harmonypy - INFO - Computing initial centroids...
2026-07-10 10:58:16,672 - harmonypy - INFO - Initialization complete.
2026-07-10 10:58:16,672 - harmonypy - INFO - Iteration 1 of 10
2026-07-10 10:58:17,519 - harmonypy - INFO - Iteration 2 of 10
2026-07-10 10:58:18,431 - harmonypy - INFO - Iteration 3 of 10
2026-07-10 10:58:19,346 - harmonypy - INFO - Iteration 4 of 10
2026-07-10 10:58:20,234 - harmonypy - INFO - Iteration 5 of 10
2026-07-10 10:58:21,132 - harmonypy - INFO - Iteration 6 of 10
2026-07-10 10:58:22,018 - harmonypy - INFO - Iteration 7 of 10
2026-07-10 10:58:22,900 - harmonypy - INFO - Iteration 8 of 10
2026-07-10 10:58:24,481 - harmonypy - INFO - Iteration 9 of 10
2026-07-10 10:58:25,369 - harmonypy - INFO - Converged after 9 iterations
[load] /dcs04/hicks/data/Jan/sim_project/sim_paper/data/simulation_spot_z.h5ad
[load] AnnData shape: 43560 observations x 556 genes
[pca] Running PCA with 30 components over all genes
[harmony] Correcting X_pca_pre_harmony by obs['slice_id']
[plot] Saving PCA before/after plots under /dcs04/hicks/data/Jan/sim_project/sim_paper/data/clustering/spot/pca_harmony/plots
[pc_pairs] Plotting PC pairs by slice_id under /dcs04/hicks/data/Jan/sim_project/sim_paper/data/clustering/spot/pca_harmony/plots/pc_pairs
[pc_pairs] Plotting 30 PCs (15 adjacent pairs) using 20000 sampled observations
[pc_pairs] Saved -> /dcs04/hicks/data/Jan/sim_project/sim_paper/data/clustering/spot/pca_harmony/plots/pc_pairs/by_slice_id/pc_pairs_pre_harmony_by_slice_id.png
[pc_pairs] Saved -> /dcs04/hicks/data/Jan/sim_project/sim_paper/data/clustering/spot/pca_harmony/plots/pc_pairs/by_slice_id/pc_pairs_post_harmony_by_slice_id.png
[save] /dcs04/hicks/data/Jan/sim_project/sim_paper/data/clustering/spot/pca_harmony/simulation_spot_z_pca_harmony.h5ad
Job finished: Fri Jul 10 10:58:54 AM EDT 2026
