Job started: Fri Jul 10 10:01:23 AM EDT 2026
Host: compute-177.cm.cluster
Python: /dcs04/hicks/data/Jan/sim_project/sim_app/env/sim-app-tutorial/bin/python
Modality: cell
Command: /dcs04/hicks/data/Jan/sim_project/sim_app/env/sim-app-tutorial/bin/python sim_paper/code/clustering/leiden_umap.py --modality cell --resolution 0.5
/dcs04/hicks/data/Jan/sim_project/sim_paper/code/clustering/leiden_umap.py:167: FutureWarning: In the future, the default backend for leiden will be igraph instead of leidenalg.

 To achieve the future defaults please pass: flavor="igraph" and n_iterations=2.  directed must also be False to work with igraph's implementation.
  cluster_fn(
[load] /dcs04/hicks/data/Jan/sim_project/sim_paper/data/clustering/cell/pca_harmony/simulation_cell_z_pca_harmony.h5ad
[neighbors] Using first 30 dimensions of X_pca_harmony with n_neighbors=15
[leiden] resolution=0.5, key=cluster_label
[umap] Computing UMAP from the Harmony PCA neighbor graph
[save] /dcs04/hicks/data/Jan/sim_project/sim_paper/data/clustering/cell/leiden_res0p5/simulation_cell_z_leiden_res0p5.h5ad
Command: /dcs04/hicks/data/Jan/sim_project/sim_app/env/sim-app-tutorial/bin/python sim_paper/code/clustering/leiden_umap.py --modality cell --resolution 0.1
/dcs04/hicks/data/Jan/sim_project/sim_paper/code/clustering/leiden_umap.py:167: FutureWarning: In the future, the default backend for leiden will be igraph instead of leidenalg.

 To achieve the future defaults please pass: flavor="igraph" and n_iterations=2.  directed must also be False to work with igraph's implementation.
  cluster_fn(
[load] /dcs04/hicks/data/Jan/sim_project/sim_paper/data/clustering/cell/pca_harmony/simulation_cell_z_pca_harmony.h5ad
[neighbors] Using first 30 dimensions of X_pca_harmony with n_neighbors=15
[leiden] resolution=0.1, key=cluster_label
[umap] Computing UMAP from the Harmony PCA neighbor graph
[save] /dcs04/hicks/data/Jan/sim_project/sim_paper/data/clustering/cell/leiden_res0p1/simulation_cell_z_leiden_res0p1.h5ad
Command: /dcs04/hicks/data/Jan/sim_project/sim_app/env/sim-app-tutorial/bin/python sim_paper/code/clustering/leiden_umap.py --modality cell --resolution 0.2
/dcs04/hicks/data/Jan/sim_project/sim_paper/code/clustering/leiden_umap.py:167: FutureWarning: In the future, the default backend for leiden will be igraph instead of leidenalg.

 To achieve the future defaults please pass: flavor="igraph" and n_iterations=2.  directed must also be False to work with igraph's implementation.
  cluster_fn(
[load] /dcs04/hicks/data/Jan/sim_project/sim_paper/data/clustering/cell/pca_harmony/simulation_cell_z_pca_harmony.h5ad
[neighbors] Using first 30 dimensions of X_pca_harmony with n_neighbors=15
[leiden] resolution=0.2, key=cluster_label
[umap] Computing UMAP from the Harmony PCA neighbor graph
[save] /dcs04/hicks/data/Jan/sim_project/sim_paper/data/clustering/cell/leiden_res0p2/simulation_cell_z_leiden_res0p2.h5ad
Job finished: Fri Jul 10 10:38:08 AM EDT 2026
