Job started: Mon Aug 24 01:22:41 PM EDT 2026
Host: compute-178.cm.cluster
Python: /dcs04/hicks/data/Jan/sim_project/sim_app/env/sim-app-banksy/bin/python
Command: /dcs04/hicks/data/Jan/sim_project/sim_app/env/sim-app-banksy/bin/python sim_paper/code/clustering/01_build_banksy_matrix.py --modality cell --packing-tag packing_pf0p04
[load] /dcs04/hicks/data/Jan/sim_project/sim_paper/data/noisy/packing_pf0p04/simulation_cell_z.h5ad
[load] AnnData shape: 600000 x 556
[stagger] offsetting each slice's x coordinate so slices don't overlap
  slice 0: offset x by 0.0
  slice 1: offset x by 6122.0
  slice 2: offset x by 12244.1
  slice 3: offset x by 18366.1
  slice 4: offset x by 24488.2
  slice 5: offset x by 30610.2
  slice 6: offset x by 36732.3
  slice 7: offset x by 42854.3
  slice 8: offset x by 48976.4
  slice 9: offset x by 55098.4

[normalize] normalize_total (no log1p -- BANKSY expects normalized, non-log counts here)
[hvg] skipped -- using all 556 genes (matches pca_harmony.py's convention)

[banksy] k_geom=15 max_m=1 lambda=0.8 decay=scaled_gaussian

Median distance to closest cell = 5.984591424633824

---- Ran median_dist_to_nearest_neighbour in 4.19 s ----

---- Ran generate_spatial_distance_graph in 9.37 s ----

---- Ran row_normalize in 2.08 s ----

---- Ran generate_spatial_weights_fixed_nbrs in 23.16 s ----

---- Ran generate_spatial_distance_graph in 12.96 s ----

---- Ran theta_from_spatial_graph in 4.62 s ----

---- Ran row_normalize in 2.02 s ----

---- Ran generate_spatial_weights_fixed_nbrs in 31.43 s ----

Runtime Aug-24-2026-13-24

556 genes to be analysed:
Gene List:
Index(['G1', 'G2', 'G3', 'G4', 'G5', 'G6', 'G7', 'G8', 'G9', 'G10',
       ...
       'G547', 'G548', 'G549', 'G550', 'G551', 'G552', 'G553', 'G554', 'G555',
       'G556'],
      dtype='object', length=556)

Check if X contains only finite (non-NAN) values
Decay Type: scaled_gaussian
Weights Object: {'weights': {0: <600000x600000 sparse matrix of type '<class 'numpy.float64'>'
	with 9000000 stored elements in Compressed Sparse Row format>, 1: <600000x600000 sparse matrix of type '<class 'numpy.complex128'>'
	with 18000000 stored elements in Compressed Sparse Row format>}}

Nbr matrix | Mean: 17.99 | Std: 20.38
Size of Nbr | Shape: (600000, 556)
Top 3 entries of Nbr Mat:

[[ 9.86267475 27.87278841  2.80619539]
 [16.81638706 33.81779094  2.99734377]
 [15.03997625 47.4149299   5.47267196]]

AGF matrix | Mean: 4.18 | Std: 7.2
Size of AGF mat (m = 1) | Shape: (600000, 556)
Top entries of AGF:
[[3.126546   5.48049626 0.84943723]
 [4.3164733  1.54175886 1.07265028]
 [7.15807493 9.94118185 2.02818961]]
Ran 'Create BANKSY Matrix' in 1.03 mins
slurmstepd: error: *** JOB 35121768 ON compute-178 CANCELLED AT 2026-08-24T13:26:12 ***
