Job started: Tue Aug 25 03:41:07 AM EDT 2026
Host: compute-129.cm.cluster
Python: /dcs04/hicks/data/Jan/sim_project/sim_app/env/sim-app-banksy/bin/python
Modality: spot
Command: /dcs04/hicks/data/Jan/sim_project/sim_app/env/sim-app-banksy/bin/python sim_paper/code/clustering/pca_harmony.py --modality spot --input sim_paper/data/noisy/packing_pf0p04_domain_shift/simulation_spot_z_qc.h5ad --output sim_paper/data/clustering_packing_pf0p04_domain_shift/spot/pca_harmony_qc/simulation_spot_z_pca_harmony_qc.h5ad
[load] sim_paper/data/noisy/packing_pf0p04_domain_shift/simulation_spot_z_qc.h5ad
[load] AnnData shape: 5130 observations x 556 genes
[pca] Running PCA with 30 components over all genes
[harmony] Correcting X_pca_pre_harmony by obs['slice_id']
2026-08-25 03:41:10,856 - harmonypy - INFO - Running Harmony
2026-08-25 03:41:10,856 - harmonypy - INFO -   Parameters:
2026-08-25 03:41:10,856 - harmonypy - INFO -     max_iter_harmony: 10
2026-08-25 03:41:10,857 - harmonypy - INFO -     max_iter_kmeans: 4
2026-08-25 03:41:10,857 - harmonypy - INFO -     epsilon_cluster: 0.001
2026-08-25 03:41:10,857 - harmonypy - INFO -     epsilon_harmony: 0.01
2026-08-25 03:41:10,857 - harmonypy - INFO -     nclust: 100
2026-08-25 03:41:10,857 - harmonypy - INFO -     block_size: 0.05
2026-08-25 03:41:10,857 - harmonypy - INFO -     lamb: dynamic (alpha=0.2)
2026-08-25 03:41:10,858 - harmonypy - INFO -     theta: [2. 2. 2. 2. 2. 2. 2. 2. 2. 2.]
2026-08-25 03:41:10,858 - harmonypy - INFO -     sigma: [0.1 0.1 0.1 0.1 0.1]...
2026-08-25 03:41:10,858 - harmonypy - INFO -     verbose: True
2026-08-25 03:41:10,858 - harmonypy - INFO -     random_state: 0
2026-08-25 03:41:10,858 - harmonypy - INFO -   Data: 30 PCs × 5130 cells
2026-08-25 03:41:10,858 - harmonypy - INFO -   Batch variables: ['slice_id']
2026-08-25 03:41:10,869 - harmonypy - INFO - Computing initial centroids...
2026-08-25 03:41:11,035 - harmonypy - INFO - Initialization complete.
2026-08-25 03:41:11,035 - harmonypy - INFO - Iteration 1 of 10
2026-08-25 03:41:11,122 - harmonypy - INFO - Converged after 1 iteration
[plot] Saving PCA before/after plots under sim_paper/data/clustering_packing_pf0p04_domain_shift/spot/pca_harmony_qc/plots
[umap] Computing UMAP before Harmony from PCA
[umap] Computing UMAP after Harmony from PCA
[plot] Saving before/after UMAP plots under sim_paper/data/clustering_packing_pf0p04_domain_shift/spot/pca_harmony_qc/plots
[pc_pairs] Plotting PC pairs by slice_id under sim_paper/data/clustering_packing_pf0p04_domain_shift/spot/pca_harmony_qc/plots/pc_pairs
[pc_pairs] Plotting 30 PCs (15 adjacent pairs) using all observations
[pc_pairs] Saved -> sim_paper/data/clustering_packing_pf0p04_domain_shift/spot/pca_harmony_qc/plots/pc_pairs/by_slice_id/pc_pairs_pre_harmony_by_slice_id.png
[pc_pairs] Saved -> sim_paper/data/clustering_packing_pf0p04_domain_shift/spot/pca_harmony_qc/plots/pc_pairs/by_slice_id/pc_pairs_post_harmony_by_slice_id.png
[save] sim_paper/data/clustering_packing_pf0p04_domain_shift/spot/pca_harmony_qc/simulation_spot_z_pca_harmony_qc.h5ad
Job finished: Tue Aug 25 03:41:48 AM EDT 2026
