Job started: Tue Aug 25 12:19:47 PM EDT 2026
Host: compute-178.cm.cluster
Python: /dcs04/hicks/data/Jan/sim_project/sim_app/env/sim-app-banksy/bin/python
Command: /dcs04/hicks/data/Jan/sim_project/sim_app/env/sim-app-banksy/bin/python sim_paper/code/clustering/01_build_banksy_matrix.py --modality bin --packing-tag packing_pf0p04_bsigma05_strongdomainmix --input sim_paper/data/noisy/packing_pf0p04_bsigma05_strongdomainmix/simulation_bin_z_qc.h5ad
[load] sim_paper/data/noisy/packing_pf0p04_bsigma05_strongdomainmix/simulation_bin_z_qc.h5ad
[load] AnnData shape: 716022 x 556
[stagger] offsetting each slice's x coordinate so slices don't overlap
  slice 0: offset x by 0.0
  slice 1: offset x by 3324.0
  slice 2: offset x by 6648.0
  slice 3: offset x by 9972.0
  slice 4: offset x by 13296.0
  slice 5: offset x by 16620.0
  slice 6: offset x by 19944.0
  slice 7: offset x by 23268.0
  slice 8: offset x by 26592.0
  slice 9: offset x by 29916.0

[normalize] normalize_total (no log1p -- BANKSY expects normalized, non-log counts here)
[hvg] skipped -- using all 556 genes (matches pca_harmony.py's convention)
/dcs04/hicks/data/Jan/sim_project/sim_app/env/sim-app-banksy/lib/python3.10/site-packages/scanpy/preprocessing/_normalization.py:197: UserWarning: Some cells have zero counts
  warn(UserWarning('Some cells have zero counts'))

[banksy] k_geom=15 max_m=1 lambda=0.8 decay=scaled_gaussian

Median distance to closest cell = 8.0

---- Ran median_dist_to_nearest_neighbour in 2.50 s ----

---- Ran generate_spatial_distance_graph in 5.14 s ----

---- Ran row_normalize in 2.56 s ----

---- Ran generate_spatial_weights_fixed_nbrs in 21.75 s ----

---- Ran generate_spatial_distance_graph in 7.89 s ----

---- Ran theta_from_spatial_graph in 5.19 s ----

---- Ran row_normalize in 2.53 s ----

---- Ran generate_spatial_weights_fixed_nbrs in 31.17 s ----

Runtime Aug-25-2026-12-21

556 genes to be analysed:
Gene List:
Index(['G1', 'G2', 'G3', 'G4', 'G5', 'G6', 'G7', 'G8', 'G9', 'G10',
       ...
       'G547', 'G548', 'G549', 'G550', 'G551', 'G552', 'G553', 'G554', 'G555',
       'G556'],
      dtype='object', length=556)

Check if X contains only finite (non-NAN) values
Decay Type: scaled_gaussian
Weights Object: {'weights': {0: <716022x716022 sparse matrix of type '<class 'numpy.float64'>'
	with 10740330 stored elements in Compressed Sparse Row format>, 1: <716022x716022 sparse matrix of type '<class 'numpy.complex128'>'
	with 21480660 stored elements in Compressed Sparse Row format>}}

Nbr matrix | Mean: 17.98 | Std: 34.62
Size of Nbr | Shape: (716022, 556)
Top 3 entries of Nbr Mat:

[[ 4.59765904 16.97271759  0.        ]
 [ 6.60380236 12.84748898  0.        ]
 [ 1.7292708   3.46637185  0.        ]]

AGF matrix | Mean: 7.25 | Std: 17.1
Size of AGF mat (m = 1) | Shape: (716022, 556)
Top entries of AGF:
[[8.52376028 0.84679916 0.        ]
 [1.98091986 1.74098962 0.        ]
 [5.57122826 0.75445553 0.        ]]
Ran 'Create BANKSY Matrix' in 1.04 mins

Cell by gene matrix has shape (716022, 556)

Scale factors squared: [0.2        0.53333333 0.26666667]
Scale factors: [0.4472136  0.73029674 0.51639778]
/dcs04/hicks/data/Jan/sim_project/sim_app/env/sim-app-banksy/lib/python3.10/site-packages/banksy/main.py:368: FutureWarning: X.dtype being converted to np.float32 from float64. In the next version of anndata (0.9) conversion will not be automatic. Pass dtype explicitly to avoid this warning. Pass `AnnData(X, dtype=X.dtype, ...)` to get the future behavour.
  return anndata.AnnData(concatenated_matrix, obs=adata.obs, var=var_combined)
Shape of BANKSY matrix: (716022, 1668)
Type of banksy_matrix: <class 'anndata._core.anndata.AnnData'>

[banksy] BANKSY matrix shape: 716022 x 1668

[pca] pre-Harmony PCA + UMAP
Current decay types: ['scaled_gaussian']

Reducing dims of dataset in (Index = scaled_gaussian, lambda = 0.8)
==================================================

Setting the total number of PC = 30
Original shape of matrix: (716022, 1668)
Reduced shape of matrix: (716022, 30)
------------------------------------------------------------
min_value = -20.47871971130371, mean = 3.935006134270225e-06, max = 30.520116806030273

Conducting UMAP and adding embeddings to adata.obsm["reduced_pc_30_umap"]
UMAP embedding
------------------------------------------------------------
shape: (716022, 2)


AxisArrays with keys: spatial, reduced_pc_30, reduced_pc_30_umap
  [plot] saved pca_preharmony_by_slice_id.png
  [plot] saved umap_preharmony_by_slice_id.png
  [plot] saved pca_preharmony_by_domain_true.png
  [plot] saved umap_preharmony_by_domain_true.png
  [plot] saved pca_preharmony_by_cell_type_true.png
  [plot] saved umap_preharmony_by_cell_type_true.png

[harmony] batch_key=slice_id
2026-08-25 12:39:43,698 - harmonypy - INFO - Running Harmony
2026-08-25 12:39:43,698 - harmonypy - INFO -   Parameters:
2026-08-25 12:39:43,698 - harmonypy - INFO -     max_iter_harmony: 10
2026-08-25 12:39:43,698 - harmonypy - INFO -     max_iter_kmeans: 4
2026-08-25 12:39:43,698 - harmonypy - INFO -     epsilon_cluster: 0.001
2026-08-25 12:39:43,698 - harmonypy - INFO -     epsilon_harmony: 0.01
2026-08-25 12:39:43,698 - harmonypy - INFO -     nclust: 100
2026-08-25 12:39:43,698 - harmonypy - INFO -     block_size: 0.05
2026-08-25 12:39:43,698 - harmonypy - INFO -     lamb: dynamic (alpha=0.2)
2026-08-25 12:39:43,698 - harmonypy - INFO -     theta: [2. 2. 2. 2. 2. 2. 2. 2. 2. 2.]
2026-08-25 12:39:43,699 - harmonypy - INFO -     sigma: [0.1 0.1 0.1 0.1 0.1]...
2026-08-25 12:39:43,699 - harmonypy - INFO -     verbose: True
2026-08-25 12:39:43,699 - harmonypy - INFO -     random_state: 0
2026-08-25 12:39:43,699 - harmonypy - INFO -   Data: 30 PCs × 716022 cells
2026-08-25 12:39:43,699 - harmonypy - INFO -   Batch variables: ['slice_id']
2026-08-25 12:39:44,626 - harmonypy - INFO - Computing initial centroids...
2026-08-25 12:40:03,839 - harmonypy - INFO - Initialization complete.
2026-08-25 12:40:03,839 - harmonypy - INFO - Iteration 1 of 10
2026-08-25 12:40:23,180 - harmonypy - INFO - Iteration 2 of 10
2026-08-25 12:40:43,832 - harmonypy - INFO - Converged after 2 iterations

[umap] post-Harmony UMAP
/dcs04/hicks/data/Jan/sim_project/sim_app/env/sim-app-banksy/lib/python3.10/site-packages/umap/umap_.py:1952: UserWarning: n_jobs value 1 overridden to 1 by setting random_state. Use no seed for parallelism.
  warn(
  [plot] saved pca_postharmony_by_slice_id.png
  [plot] saved umap_postharmony_by_slice_id.png
  [plot] saved pca_postharmony_by_domain_true.png
  [plot] saved umap_postharmony_by_domain_true.png
  [plot] saved pca_postharmony_by_cell_type_true.png
  [plot] saved umap_postharmony_by_cell_type_true.png

[save] /dcs04/hicks/data/Jan/sim_project/sim_paper/data/clustering_packing_pf0p04_bsigma05_strongdomainmix/bin/banksy_pca_harmony_qc/simulation_bin_z_banksy_pca_harmony_qc.h5ad
[save] done
Job finished: Tue Aug 25 01:05:28 PM EDT 2026
