Job started: Tue Aug 25 12:09:07 PM EDT 2026
Host: compute-175.cm.cluster
Python: /dcs04/hicks/data/Jan/sim_project/sim_app/env/sim-app-banksy/bin/python
Command: /dcs04/hicks/data/Jan/sim_project/sim_app/env/sim-app-banksy/bin/python sim_paper/code/clustering/01_build_banksy_matrix.py --modality cell --packing-tag log_mu_-2.5_theta_0.25_strongdomainmix --input sim_paper/data/noisy/log_mu_-2.5_theta_0.25_strongdomainmix/simulation_cell_z_qc.h5ad
[load] sim_paper/data/noisy/log_mu_-2.5_theta_0.25_strongdomainmix/simulation_cell_z_qc.h5ad
[load] AnnData shape: 599999 x 556
[stagger] offsetting each slice's x coordinate so slices don't overlap
  slice 0: offset x by 0.0
  slice 1: offset x by 17959.6
  slice 2: offset x by 35919.2
  slice 3: offset x by 53878.8
  slice 4: offset x by 71838.5
  slice 5: offset x by 89798.1
  slice 6: offset x by 107757.7
  slice 7: offset x by 125717.3
  slice 8: offset x by 143676.9
  slice 9: offset x by 161636.5

[normalize] normalize_total (no log1p -- BANKSY expects normalized, non-log counts here)
[hvg] skipped -- using all 556 genes (matches pca_harmony.py's convention)

[banksy] k_geom=15 max_m=1 lambda=0.8 decay=scaled_gaussian

Median distance to closest cell = 17.21802416282401

---- Ran median_dist_to_nearest_neighbour in 4.28 s ----

---- Ran generate_spatial_distance_graph in 9.24 s ----

---- Ran row_normalize in 2.11 s ----

---- Ran generate_spatial_weights_fixed_nbrs in 23.04 s ----

---- Ran generate_spatial_distance_graph in 13.74 s ----

---- Ran theta_from_spatial_graph in 5.03 s ----

---- Ran row_normalize in 2.09 s ----

---- Ran generate_spatial_weights_fixed_nbrs in 33.18 s ----

Runtime Aug-25-2026-12-10

556 genes to be analysed:
Gene List:
Index(['G1', 'G2', 'G3', 'G4', 'G5', 'G6', 'G7', 'G8', 'G9', 'G10',
       ...
       'G547', 'G548', 'G549', 'G550', 'G551', 'G552', 'G553', 'G554', 'G555',
       'G556'],
      dtype='object', length=556)

Check if X contains only finite (non-NAN) values
Decay Type: scaled_gaussian
Weights Object: {'weights': {0: <599999x599999 sparse matrix of type '<class 'numpy.float64'>'
	with 8999985 stored elements in Compressed Sparse Row format>, 1: <599999x599999 sparse matrix of type '<class 'numpy.complex128'>'
	with 17999970 stored elements in Compressed Sparse Row format>}}

Nbr matrix | Mean: 17.99 | Std: 50.04
Size of Nbr | Shape: (599999, 556)
Top 3 entries of Nbr Mat:

[[ 0.         26.19111124  0.        ]
 [ 0.         17.94497375  0.        ]
 [ 0.          8.45274264  0.        ]]

AGF matrix | Mean: 12.0 | Std: 29.43
Size of AGF mat (m = 1) | Shape: (599999, 556)
Top entries of AGF:
[[ 0.         11.70100957  0.        ]
 [ 0.          6.44611593  0.        ]
 [ 0.         34.86561943  0.        ]]
Ran 'Create BANKSY Matrix' in 1.08 mins

Cell by gene matrix has shape (599999, 556)

Scale factors squared: [0.2        0.53333333 0.26666667]
Scale factors: [0.4472136  0.73029674 0.51639778]
/dcs04/hicks/data/Jan/sim_project/sim_app/env/sim-app-banksy/lib/python3.10/site-packages/banksy/main.py:368: FutureWarning: X.dtype being converted to np.float32 from float64. In the next version of anndata (0.9) conversion will not be automatic. Pass dtype explicitly to avoid this warning. Pass `AnnData(X, dtype=X.dtype, ...)` to get the future behavour.
  return anndata.AnnData(concatenated_matrix, obs=adata.obs, var=var_combined)
Shape of BANKSY matrix: (599999, 1668)
Type of banksy_matrix: <class 'anndata._core.anndata.AnnData'>

[banksy] BANKSY matrix shape: 599999 x 1668

[pca] pre-Harmony PCA + UMAP
Current decay types: ['scaled_gaussian']

Reducing dims of dataset in (Index = scaled_gaussian, lambda = 0.8)
==================================================

Setting the total number of PC = 30
Original shape of matrix: (599999, 1668)
Reduced shape of matrix: (599999, 30)
------------------------------------------------------------
min_value = -7.0744853019714355, mean = -3.8387278777918254e-07, max = 8.244879722595215

Conducting UMAP and adding embeddings to adata.obsm["reduced_pc_30_umap"]
UMAP embedding
------------------------------------------------------------
shape: (599999, 2)


AxisArrays with keys: spatial, reduced_pc_30, reduced_pc_30_umap
  [plot] saved pca_preharmony_by_slice_id.png
  [plot] saved umap_preharmony_by_slice_id.png
  [plot] saved pca_preharmony_by_domain_true.png
  [plot] saved umap_preharmony_by_domain_true.png
  [plot] saved pca_preharmony_by_cell_type_true.png
  [plot] saved umap_preharmony_by_cell_type_true.png

[harmony] batch_key=slice_id
2026-08-25 12:25:31,935 - harmonypy - INFO - Running Harmony
2026-08-25 12:25:31,936 - harmonypy - INFO -   Parameters:
2026-08-25 12:25:31,936 - harmonypy - INFO -     max_iter_harmony: 10
2026-08-25 12:25:31,936 - harmonypy - INFO -     max_iter_kmeans: 4
2026-08-25 12:25:31,936 - harmonypy - INFO -     epsilon_cluster: 0.001
2026-08-25 12:25:31,936 - harmonypy - INFO -     epsilon_harmony: 0.01
2026-08-25 12:25:31,936 - harmonypy - INFO -     nclust: 100
2026-08-25 12:25:31,936 - harmonypy - INFO -     block_size: 0.05
2026-08-25 12:25:31,936 - harmonypy - INFO -     lamb: dynamic (alpha=0.2)
2026-08-25 12:25:31,936 - harmonypy - INFO -     theta: [2. 2. 2. 2. 2. 2. 2. 2. 2. 2.]
2026-08-25 12:25:31,936 - harmonypy - INFO -     sigma: [0.1 0.1 0.1 0.1 0.1]...
2026-08-25 12:25:31,936 - harmonypy - INFO -     verbose: True
2026-08-25 12:25:31,936 - harmonypy - INFO -     random_state: 0
2026-08-25 12:25:31,936 - harmonypy - INFO -   Data: 30 PCs × 599999 cells
2026-08-25 12:25:31,936 - harmonypy - INFO -   Batch variables: ['slice_id']
2026-08-25 12:25:32,535 - harmonypy - INFO - Computing initial centroids...
2026-08-25 12:25:49,489 - harmonypy - INFO - Initialization complete.
2026-08-25 12:25:49,490 - harmonypy - INFO - Iteration 1 of 10
2026-08-25 12:26:13,228 - harmonypy - INFO - Iteration 2 of 10
2026-08-25 12:26:37,950 - harmonypy - INFO - Iteration 3 of 10
2026-08-25 12:27:00,561 - harmonypy - INFO - Converged after 3 iterations

[umap] post-Harmony UMAP
/dcs04/hicks/data/Jan/sim_project/sim_app/env/sim-app-banksy/lib/python3.10/site-packages/umap/umap_.py:1952: UserWarning: n_jobs value 1 overridden to 1 by setting random_state. Use no seed for parallelism.
  warn(
  [plot] saved pca_postharmony_by_slice_id.png
  [plot] saved umap_postharmony_by_slice_id.png
  [plot] saved pca_postharmony_by_domain_true.png
  [plot] saved umap_postharmony_by_domain_true.png
  [plot] saved pca_postharmony_by_cell_type_true.png
  [plot] saved umap_postharmony_by_cell_type_true.png

[save] /dcs04/hicks/data/Jan/sim_project/sim_paper/data/clustering_log_mu_-2.5_theta_0.25_strongdomainmix/cell/banksy_pca_harmony_qc/simulation_cell_z_banksy_pca_harmony_qc.h5ad
[save] done
Job finished: Tue Aug 25 12:47:00 PM EDT 2026
