Job started: Tue Aug 25 08:07:17 AM EDT 2026
Host: compute-176.cm.cluster
Python: /dcs04/hicks/data/Jan/sim_project/sim_app/env/sim-app-banksy/bin/python
Command: /dcs04/hicks/data/Jan/sim_project/sim_app/env/sim-app-banksy/bin/python sim_paper/code/clustering/01_build_banksy_matrix.py --modality cell --packing-tag packing_pf0p04_domain_shift --input sim_paper/data/noisy/packing_pf0p04_domain_shift/simulation_cell_z_qc.h5ad
[load] sim_paper/data/noisy/packing_pf0p04_domain_shift/simulation_cell_z_qc.h5ad
[load] AnnData shape: 600000 x 556
[stagger] offsetting each slice's x coordinate so slices don't overlap
  slice 0: offset x by 0.0
  slice 1: offset x by 6122.0
  slice 2: offset x by 12244.1
  slice 3: offset x by 18366.1
  slice 4: offset x by 24488.2
  slice 5: offset x by 30610.2
  slice 6: offset x by 36732.3
  slice 7: offset x by 42854.3
  slice 8: offset x by 48976.4
  slice 9: offset x by 55098.4

[normalize] normalize_total (no log1p -- BANKSY expects normalized, non-log counts here)
[hvg] skipped -- using all 556 genes (matches pca_harmony.py's convention)

[banksy] k_geom=15 max_m=1 lambda=0.8 decay=scaled_gaussian

Median distance to closest cell = 5.984591424633824

---- Ran median_dist_to_nearest_neighbour in 3.17 s ----

---- Ran generate_spatial_distance_graph in 6.83 s ----

---- Ran row_normalize in 1.56 s ----

---- Ran generate_spatial_weights_fixed_nbrs in 17.22 s ----

---- Ran generate_spatial_distance_graph in 10.04 s ----

---- Ran theta_from_spatial_graph in 3.59 s ----

---- Ran row_normalize in 1.59 s ----

---- Ran generate_spatial_weights_fixed_nbrs in 24.53 s ----

Runtime Aug-25-2026-08-08

556 genes to be analysed:
Gene List:
Index(['G1', 'G2', 'G3', 'G4', 'G5', 'G6', 'G7', 'G8', 'G9', 'G10',
       ...
       'G547', 'G548', 'G549', 'G550', 'G551', 'G552', 'G553', 'G554', 'G555',
       'G556'],
      dtype='object', length=556)

Check if X contains only finite (non-NAN) values
Decay Type: scaled_gaussian
Weights Object: {'weights': {0: <600000x600000 sparse matrix of type '<class 'numpy.float64'>'
	with 9000000 stored elements in Compressed Sparse Row format>, 1: <600000x600000 sparse matrix of type '<class 'numpy.complex128'>'
	with 18000000 stored elements in Compressed Sparse Row format>}}

Nbr matrix | Mean: 17.99 | Std: 20.29
Size of Nbr | Shape: (600000, 556)
Top 3 entries of Nbr Mat:

[[20.73794756 21.06412228 10.37950315]
 [ 8.18390396 18.61490109 13.09856575]
 [23.38311929 15.57458274  9.38250578]]

AGF matrix | Mean: 4.22 | Std: 7.2
Size of AGF mat (m = 1) | Shape: (600000, 556)
Top entries of AGF:
[[3.91213528 6.02224045 1.06030226]
 [2.85428807 3.16441439 4.27982158]
 [4.27236487 4.62226647 1.43675176]]
Ran 'Create BANKSY Matrix' in 0.9 mins

Cell by gene matrix has shape (600000, 556)

Scale factors squared: [0.2        0.53333333 0.26666667]
Scale factors: [0.4472136  0.73029674 0.51639778]
/dcs04/hicks/data/Jan/sim_project/sim_app/env/sim-app-banksy/lib/python3.10/site-packages/banksy/main.py:368: FutureWarning: X.dtype being converted to np.float32 from float64. In the next version of anndata (0.9) conversion will not be automatic. Pass dtype explicitly to avoid this warning. Pass `AnnData(X, dtype=X.dtype, ...)` to get the future behavour.
  return anndata.AnnData(concatenated_matrix, obs=adata.obs, var=var_combined)
Shape of BANKSY matrix: (600000, 1668)
Type of banksy_matrix: <class 'anndata._core.anndata.AnnData'>

[banksy] BANKSY matrix shape: 600000 x 1668

[pca] pre-Harmony PCA + UMAP
Current decay types: ['scaled_gaussian']

Reducing dims of dataset in (Index = scaled_gaussian, lambda = 0.8)
==================================================

Setting the total number of PC = 30
Original shape of matrix: (600000, 1668)
Reduced shape of matrix: (600000, 30)
------------------------------------------------------------
min_value = -11.425383567810059, mean = -8.789147187826529e-08, max = 14.374824523925781

Conducting UMAP and adding embeddings to adata.obsm["reduced_pc_30_umap"]
