Job started: Fri Jul 10 12:58:24 PM EDT 2026
Host: compute-154.cm.cluster
Python: /dcs04/hicks/data/Jan/sim_project/sim_app/env/sim-app-tutorial/bin/python
Modality: cell
Command: /dcs04/hicks/data/Jan/sim_project/sim_app/env/sim-app-tutorial/bin/python sim_paper/code/clustering/leiden_umap.py --modality cell --algorithm louvain --resolution 0.5
/dcs04/hicks/data/Jan/sim_project/sim_app/env/sim-app-tutorial/lib/python3.10/site-packages/louvain/__init__.py:54: UserWarning: pkg_resources is deprecated as an API. See https://setuptools.pypa.io/en/latest/pkg_resources.html. The pkg_resources package is slated for removal as early as 2025-11-30. Refrain from using this package or pin to Setuptools<81.
  from pkg_resources import get_distribution, DistributionNotFound
[load] /dcs04/hicks/data/Jan/sim_project/sim_paper/data/clustering/cell/pca_harmony/simulation_cell_z_pca_harmony.h5ad
[neighbors] Using first 30 dimensions of X_pca_harmony with n_neighbors=15
[louvain] resolution=0.5, key=cluster_label
[umap] Computing UMAP from the Harmony PCA neighbor graph
[save] /dcs04/hicks/data/Jan/sim_project/sim_paper/data/clustering/cell/louvain_res0p5/simulation_cell_z_louvain_res0p5.h5ad
Command: /dcs04/hicks/data/Jan/sim_project/sim_app/env/sim-app-tutorial/bin/python sim_paper/code/clustering/leiden_umap.py --modality cell --algorithm louvain --resolution 0.1
/dcs04/hicks/data/Jan/sim_project/sim_app/env/sim-app-tutorial/lib/python3.10/site-packages/louvain/__init__.py:54: UserWarning: pkg_resources is deprecated as an API. See https://setuptools.pypa.io/en/latest/pkg_resources.html. The pkg_resources package is slated for removal as early as 2025-11-30. Refrain from using this package or pin to Setuptools<81.
  from pkg_resources import get_distribution, DistributionNotFound
[load] /dcs04/hicks/data/Jan/sim_project/sim_paper/data/clustering/cell/pca_harmony/simulation_cell_z_pca_harmony.h5ad
[neighbors] Using first 30 dimensions of X_pca_harmony with n_neighbors=15
[louvain] resolution=0.1, key=cluster_label
[umap] Computing UMAP from the Harmony PCA neighbor graph
[save] /dcs04/hicks/data/Jan/sim_project/sim_paper/data/clustering/cell/louvain_res0p1/simulation_cell_z_louvain_res0p1.h5ad
Command: /dcs04/hicks/data/Jan/sim_project/sim_app/env/sim-app-tutorial/bin/python sim_paper/code/clustering/leiden_umap.py --modality cell --algorithm louvain --resolution 0.2
/dcs04/hicks/data/Jan/sim_project/sim_app/env/sim-app-tutorial/lib/python3.10/site-packages/louvain/__init__.py:54: UserWarning: pkg_resources is deprecated as an API. See https://setuptools.pypa.io/en/latest/pkg_resources.html. The pkg_resources package is slated for removal as early as 2025-11-30. Refrain from using this package or pin to Setuptools<81.
  from pkg_resources import get_distribution, DistributionNotFound
[load] /dcs04/hicks/data/Jan/sim_project/sim_paper/data/clustering/cell/pca_harmony/simulation_cell_z_pca_harmony.h5ad
[neighbors] Using first 30 dimensions of X_pca_harmony with n_neighbors=15
[louvain] resolution=0.2, key=cluster_label
[umap] Computing UMAP from the Harmony PCA neighbor graph
[save] /dcs04/hicks/data/Jan/sim_project/sim_paper/data/clustering/cell/louvain_res0p2/simulation_cell_z_louvain_res0p2.h5ad
Job finished: Fri Jul 10 01:38:22 PM EDT 2026
