Job started: Tue Aug 25 03:30:22 AM EDT 2026
Host: compute-177.cm.cluster
Python: /dcs04/hicks/data/Jan/sim_project/sim_app/env/sim-app-banksy/bin/python
Modality: bin
Command: /dcs04/hicks/data/Jan/sim_project/sim_app/env/sim-app-banksy/bin/python sim_paper/code/clustering/ari_vs_ground_truth.py --modality bin --packing-tag packing_pf0p04 --input sim_paper/data/clustering_packing_pf0p04/bin/banksy_pca_harmony_qc/simulation_bin_z_banksy_pca_harmony_qc.h5ad --output-dir sim_paper/data/clustering_packing_pf0p04/bin/banksy_ari_recovery
[load] sim_paper/data/clustering_packing_pf0p04/bin/banksy_pca_harmony_qc/simulation_bin_z_banksy_pca_harmony_qc.h5ad
[load] AnnData shape: 716191 x 1668
[neighbors] n_pcs=30 n_neighbors=15
[ari] domain_true: target_k=6
Traceback (most recent call last):
  File "/dcs04/hicks/data/Jan/sim_project/sim_paper/code/clustering/ari_vs_ground_truth.py", line 147, in <module>
    main()
  File "/dcs04/hicks/data/Jan/sim_project/sim_paper/code/clustering/ari_vs_ground_truth.py", line 120, in main
    best_res, best_k, tried = find_resolution_for_k(
  File "/dcs04/hicks/data/Jan/sim_project/sim_paper/code/clustering/ari_vs_ground_truth.py", line 74, in find_resolution_for_k
    sc.tl.leiden(
  File "/dcs04/hicks/data/Jan/sim_project/sim_app/env/sim-app-banksy/lib/python3.10/site-packages/scanpy/tools/_leiden.py", line 144, in leiden
    part = leidenalg.find_partition(g, partition_type, **partition_kwargs)
  File "/dcs04/hicks/data/Jan/sim_project/sim_app/env/sim-app-banksy/lib/python3.10/site-packages/leidenalg/functions.py", line 81, in find_partition
    partition = partition_type(graph,
TypeError: RBConfigurationVertexPartition.__init__() got an unexpected keyword argument 'flavor'
