Job started: Fri Jul 10 10:32:03 AM EDT 2026
Host: compute-058.cm.cluster
Python: /dcs04/hicks/data/Jan/sim_project/sim_app/env/sim-app-tutorial/bin/python
Modality: bin
Command: /dcs04/hicks/data/Jan/sim_project/sim_app/env/sim-app-tutorial/bin/python sim_paper/code/clustering/gene_harmony_umap.py --modality bin 
/dcs04/hicks/data/Jan/sim_project/sim_app/env/sim-app-tutorial/lib/python3.10/site-packages/legacy_api_wrap/__init__.py:88: UserWarning: Some cells have zero counts
  return fn(*args_all, **kw)
/dcs04/hicks/data/Jan/sim_project/sim_app/env/sim-app-tutorial/lib/python3.10/functools.py:889: UserWarning: zero-centering a sparse array/matrix densifies it.
  return dispatch(args[0].__class__)(*args, **kw)
2026-07-10 10:38:53,530 - harmonypy - INFO - Running Harmony
2026-07-10 10:38:53,530 - harmonypy - INFO -   Parameters:
2026-07-10 10:38:53,530 - harmonypy - INFO -     max_iter_harmony: 10
2026-07-10 10:38:53,530 - harmonypy - INFO -     max_iter_kmeans: 4
2026-07-10 10:38:53,530 - harmonypy - INFO -     epsilon_cluster: 0.001
2026-07-10 10:38:53,530 - harmonypy - INFO -     epsilon_harmony: 0.01
2026-07-10 10:38:53,530 - harmonypy - INFO -     nclust: 100
2026-07-10 10:38:53,530 - harmonypy - INFO -     block_size: 0.05
2026-07-10 10:38:53,531 - harmonypy - INFO -     lamb: dynamic (alpha=0.2)
2026-07-10 10:38:53,531 - harmonypy - INFO -     theta: [2. 2. 2. 2. 2. 2. 2. 2. 2. 2.]
2026-07-10 10:38:53,531 - harmonypy - INFO -     sigma: [0.1 0.1 0.1 0.1 0.1]...
2026-07-10 10:38:53,531 - harmonypy - INFO -     verbose: True
2026-07-10 10:38:53,531 - harmonypy - INFO -     random_state: 0
2026-07-10 10:38:53,532 - harmonypy - INFO -   Data: 556 PCs × 6609690 cells
2026-07-10 10:38:53,532 - harmonypy - INFO -   Batch variables: ['slice_id']
2026-07-10 10:44:24,374 - harmonypy - INFO - Computing initial centroids...
2026-07-10 11:52:07,134 - harmonypy - INFO - Initialization complete.
2026-07-10 11:52:07,436 - harmonypy - INFO - Iteration 1 of 10
2026-07-10 13:46:45,935 - harmonypy - INFO - Converged after 1 iteration
/var/spool/slurm/d/job34026406/slurm_script: line 27: 3110135 Killed                  "${PYTHON_BIN}" sim_paper/code/clustering/gene_harmony_umap.py --modality "${MODALITY}" "$@"
slurmstepd: error: Detected 1 oom-kill event(s) in StepId=34026406.batch. Some of your processes may have been killed by the cgroup out-of-memory handler.
