Job started: Tue Aug 25 03:44:42 AM EDT 2026
Host: compute-176.cm.cluster
Python: /dcs04/hicks/data/Jan/sim_project/sim_app/env/sim-app-banksy/bin/python
Modality: cell
Command: /dcs04/hicks/data/Jan/sim_project/sim_app/env/sim-app-banksy/bin/python sim_paper/code/clustering/pca_harmony.py --modality cell --input sim_paper/data/noisy/packing_pf0p04_domain_shift/simulation_cell_z_qc.h5ad --output sim_paper/data/clustering_packing_pf0p04_domain_shift/cell/pca_harmony_qc/simulation_cell_z_pca_harmony_qc.h5ad
[load] sim_paper/data/noisy/packing_pf0p04_domain_shift/simulation_cell_z_qc.h5ad
[load] AnnData shape: 600000 observations x 556 genes
[pca] Running PCA with 30 components over all genes
[harmony] Correcting X_pca_pre_harmony by obs['slice_id']
2026-08-25 03:47:01,843 - harmonypy - INFO - Running Harmony
2026-08-25 03:47:01,844 - harmonypy - INFO -   Parameters:
2026-08-25 03:47:01,844 - harmonypy - INFO -     max_iter_harmony: 10
2026-08-25 03:47:01,844 - harmonypy - INFO -     max_iter_kmeans: 4
2026-08-25 03:47:01,844 - harmonypy - INFO -     epsilon_cluster: 0.001
2026-08-25 03:47:01,844 - harmonypy - INFO -     epsilon_harmony: 0.01
2026-08-25 03:47:01,844 - harmonypy - INFO -     nclust: 100
2026-08-25 03:47:01,844 - harmonypy - INFO -     block_size: 0.05
2026-08-25 03:47:01,844 - harmonypy - INFO -     lamb: dynamic (alpha=0.2)
2026-08-25 03:47:01,844 - harmonypy - INFO -     theta: [2. 2. 2. 2. 2. 2. 2. 2. 2. 2.]
2026-08-25 03:47:01,844 - harmonypy - INFO -     sigma: [0.1 0.1 0.1 0.1 0.1]...
2026-08-25 03:47:01,844 - harmonypy - INFO -     verbose: True
2026-08-25 03:47:01,844 - harmonypy - INFO -     random_state: 0
2026-08-25 03:47:01,844 - harmonypy - INFO -   Data: 30 PCs × 600000 cells
2026-08-25 03:47:01,844 - harmonypy - INFO -   Batch variables: ['slice_id']
2026-08-25 03:47:02,594 - harmonypy - INFO - Computing initial centroids...
2026-08-25 03:47:15,441 - harmonypy - INFO - Initialization complete.
2026-08-25 03:47:15,442 - harmonypy - INFO - Iteration 1 of 10
2026-08-25 03:47:32,363 - harmonypy - INFO - Iteration 2 of 10
2026-08-25 03:47:49,847 - harmonypy - INFO - Iteration 3 of 10
2026-08-25 03:48:07,492 - harmonypy - INFO - Iteration 4 of 10
2026-08-25 03:48:25,171 - harmonypy - INFO - Converged after 4 iterations
[plot] Saving PCA before/after plots under sim_paper/data/clustering_packing_pf0p04_domain_shift/cell/pca_harmony_qc/plots
[umap] Subsampling 50,000 / 600,000 observations for the before/after-Harmony UMAP diagnostic plots (full neighbors+UMAP twice is the slow step; not used downstream)
[umap] Computing UMAP before Harmony from PCA
[umap] Computing UMAP after Harmony from PCA
[plot] Saving before/after UMAP plots under sim_paper/data/clustering_packing_pf0p04_domain_shift/cell/pca_harmony_qc/plots
[pc_pairs] Plotting PC pairs by slice_id under sim_paper/data/clustering_packing_pf0p04_domain_shift/cell/pca_harmony_qc/plots/pc_pairs
[pc_pairs] Plotting 30 PCs (15 adjacent pairs) using 20000 sampled observations
[pc_pairs] Saved -> sim_paper/data/clustering_packing_pf0p04_domain_shift/cell/pca_harmony_qc/plots/pc_pairs/by_slice_id/pc_pairs_pre_harmony_by_slice_id.png
[pc_pairs] Saved -> sim_paper/data/clustering_packing_pf0p04_domain_shift/cell/pca_harmony_qc/plots/pc_pairs/by_slice_id/pc_pairs_post_harmony_by_slice_id.png
[save] sim_paper/data/clustering_packing_pf0p04_domain_shift/cell/pca_harmony_qc/simulation_cell_z_pca_harmony_qc.h5ad
Job finished: Tue Aug 25 03:50:18 AM EDT 2026
