Job started: Thu Jul  9 10:06:33 PM EDT 2026
Host: compute-129.cm.cluster
Python: /dcs04/hicks/data/Jan/sim_project/sim_app/env/sim-app-tutorial/bin/python
Modality: cell
Command: /dcs04/hicks/data/Jan/sim_project/sim_app/env/sim-app-tutorial/bin/python sim_paper/code/clustering/clustering.py --modality cell 
/dcs04/hicks/data/Jan/sim_project/sim_app/env/sim-app-tutorial/lib/python3.10/functools.py:889: UserWarning: zero-centering a sparse array/matrix densifies it.
  return dispatch(args[0].__class__)(*args, **kw)
/dcs04/hicks/data/Jan/sim_project/sim_app/env/sim-app-tutorial/lib/python3.10/site-packages/scanpy/preprocessing/_pca/__init__.py:226: FutureWarning: Argument `use_highly_variable` is deprecated, consider using the mask argument. Use_highly_variable=True can be called through mask_var="highly_variable". Use_highly_variable=False can be called through mask_var=None
  mask_var_param, mask_var = _handle_mask_var(
2026-07-09 22:09:57,121 - harmonypy - INFO - Running Harmony
2026-07-09 22:09:57,121 - harmonypy - INFO -   Parameters:
2026-07-09 22:09:57,121 - harmonypy - INFO -     max_iter_harmony: 10
2026-07-09 22:09:57,121 - harmonypy - INFO -     max_iter_kmeans: 4
2026-07-09 22:09:57,122 - harmonypy - INFO -     epsilon_cluster: 0.001
2026-07-09 22:09:57,122 - harmonypy - INFO -     epsilon_harmony: 0.01
2026-07-09 22:09:57,122 - harmonypy - INFO -     nclust: 100
2026-07-09 22:09:57,122 - harmonypy - INFO -     block_size: 0.05
2026-07-09 22:09:57,122 - harmonypy - INFO -     lamb: dynamic (alpha=0.2)
2026-07-09 22:09:57,122 - harmonypy - INFO -     theta: [2. 2. 2. 2. 2. 2. 2. 2. 2. 2.]
2026-07-09 22:09:57,122 - harmonypy - INFO -     sigma: [0.1 0.1 0.1 0.1 0.1]...
2026-07-09 22:09:57,122 - harmonypy - INFO -     verbose: True
2026-07-09 22:09:57,122 - harmonypy - INFO -     random_state: 0
2026-07-09 22:09:57,122 - harmonypy - INFO -   Data: 30 PCs × 600000 cells
2026-07-09 22:09:57,122 - harmonypy - INFO -   Batch variables: ['slice_id']
2026-07-09 22:09:57,859 - harmonypy - INFO - Computing initial centroids...
2026-07-09 22:10:12,190 - harmonypy - INFO - Initialization complete.
2026-07-09 22:10:12,193 - harmonypy - INFO - Iteration 1 of 10
2026-07-09 22:10:30,427 - harmonypy - INFO - Iteration 2 of 10
2026-07-09 22:10:49,177 - harmonypy - INFO - Iteration 3 of 10
2026-07-09 22:11:07,771 - harmonypy - INFO - Iteration 4 of 10
2026-07-09 22:11:26,403 - harmonypy - INFO - Converged after 4 iterations
[load] /dcs04/hicks/data/Jan/sim_project/sim_paper/data/simulation_cell_z.h5ad
[load] AnnData shape: 600000 observations x 556 genes
[pca] Running PCA with 30 components over all genes
[harmony] Correcting X_pca_pre_harmony by obs['slice_id']
[plot] Saving PCA before/after plots under /dcs04/hicks/data/Jan/sim_project/sim_paper/data/clustering/plots/cell_pca_harmony
[save] /dcs04/hicks/data/Jan/sim_project/sim_paper/data/clustering/simulation_cell_z_pca_harmony.h5ad
Job finished: Thu Jul  9 10:12:22 PM EDT 2026
