Job started: Fri Aug 14 08:28:04 AM EDT 2026
Host: compute-174.cm.cluster
Python: /dcs04/hicks/data/Jan/sim_project/sim_app/env/sim-app-tutorial/bin/python
Modality: bin
Command: /dcs04/hicks/data/Jan/sim_project/sim_app/env/sim-app-tutorial/bin/python sim_paper/code/clustering/pca_harmony.py --modality bin --input /dcs04/hicks/data/Jan/sim_project/sim_paper/data/batch_effect_moderate/simulation_bin_z.h5ad --output /dcs04/hicks/data/Jan/sim_project/sim_paper/data/clustering_moderate_batch/bin/pca_harmony/simulation_bin_z_pca_harmony.h5ad
/dcs04/hicks/data/Jan/sim_project/sim_app/env/sim-app-tutorial/lib/python3.10/site-packages/louvain/__init__.py:54: UserWarning: pkg_resources is deprecated as an API. See https://setuptools.pypa.io/en/latest/pkg_resources.html. The pkg_resources package is slated for removal as early as 2025-11-30. Refrain from using this package or pin to Setuptools<81.
  from pkg_resources import get_distribution, DistributionNotFound
/dcs04/hicks/data/Jan/sim_project/sim_app/env/sim-app-tutorial/lib/python3.10/site-packages/legacy_api_wrap/__init__.py:88: UserWarning: Some cells have zero counts
  return fn(*args_all, **kw)
/dcs04/hicks/data/Jan/sim_project/sim_app/env/sim-app-tutorial/lib/python3.10/functools.py:889: UserWarning: zero-centering a sparse array/matrix densifies it.
  return dispatch(args[0].__class__)(*args, **kw)
/dcs04/hicks/data/Jan/sim_project/sim_app/env/sim-app-tutorial/lib/python3.10/site-packages/scanpy/preprocessing/_pca/__init__.py:226: FutureWarning: Argument `use_highly_variable` is deprecated, consider using the mask argument. Use_highly_variable=True can be called through mask_var="highly_variable". Use_highly_variable=False can be called through mask_var=None
  mask_var_param, mask_var = _handle_mask_var(
2026-08-14 08:35:35,564 - harmonypy - INFO - Running Harmony
2026-08-14 08:35:35,568 - harmonypy - INFO -   Parameters:
2026-08-14 08:35:35,568 - harmonypy - INFO -     max_iter_harmony: 10
2026-08-14 08:35:35,568 - harmonypy - INFO -     max_iter_kmeans: 4
2026-08-14 08:35:35,568 - harmonypy - INFO -     epsilon_cluster: 0.001
2026-08-14 08:35:35,568 - harmonypy - INFO -     epsilon_harmony: 0.01
2026-08-14 08:35:35,568 - harmonypy - INFO -     nclust: 100
2026-08-14 08:35:35,568 - harmonypy - INFO -     block_size: 0.05
2026-08-14 08:35:35,568 - harmonypy - INFO -     lamb: dynamic (alpha=0.2)
2026-08-14 08:35:35,568 - harmonypy - INFO -     theta: [2. 2. 2. 2. 2. 2. 2. 2. 2. 2.]
2026-08-14 08:35:35,568 - harmonypy - INFO -     sigma: [0.1 0.1 0.1 0.1 0.1]...
2026-08-14 08:35:35,568 - harmonypy - INFO -     verbose: True
2026-08-14 08:35:35,568 - harmonypy - INFO -     random_state: 0
2026-08-14 08:35:35,568 - harmonypy - INFO -   Data: 30 PCs × 6609690 cells
2026-08-14 08:35:35,568 - harmonypy - INFO -   Batch variables: ['slice_id']
2026-08-14 08:35:37,946 - harmonypy - INFO - Computing initial centroids...
2026-08-14 08:36:58,631 - harmonypy - INFO - Initialization complete.
2026-08-14 08:36:58,632 - harmonypy - INFO - Iteration 1 of 10
2026-08-14 08:38:36,863 - harmonypy - INFO - Iteration 2 of 10
2026-08-14 08:40:18,479 - harmonypy - INFO - Iteration 3 of 10
2026-08-14 08:42:00,173 - harmonypy - INFO - Iteration 4 of 10
2026-08-14 08:43:41,831 - harmonypy - INFO - Converged after 4 iterations
/dcs04/hicks/data/Jan/sim_project/sim_app/env/sim-app-tutorial/lib/python3.10/site-packages/umap/spectral.py:548: UserWarning: Spectral initialisation failed! The eigenvector solver
failed. This is likely due to too small an eigengap. Consider
adding some noise or jitter to your data.

Falling back to random initialisation!
  warn(
/dcs04/hicks/data/Jan/sim_project/sim_app/env/sim-app-tutorial/lib/python3.10/site-packages/umap/spectral.py:548: UserWarning: Spectral initialisation failed! The eigenvector solver
failed. This is likely due to too small an eigengap. Consider
adding some noise or jitter to your data.

Falling back to random initialisation!
  warn(
/dcs04/hicks/data/Jan/sim_project/sim_app/env/sim-app-tutorial/lib/python3.10/site-packages/umap/spectral.py:548: UserWarning: Spectral initialisation failed! The eigenvector solver
failed. This is likely due to too small an eigengap. Consider
adding some noise or jitter to your data.

Falling back to random initialisation!
  warn(
/dcs04/hicks/data/Jan/sim_project/sim_app/env/sim-app-tutorial/lib/python3.10/site-packages/umap/spectral.py:548: UserWarning: Spectral initialisation failed! The eigenvector solver
failed. This is likely due to too small an eigengap. Consider
adding some noise or jitter to your data.

Falling back to random initialisation!
  warn(
/dcs04/hicks/data/Jan/sim_project/sim_app/env/sim-app-tutorial/lib/python3.10/site-packages/umap/spectral.py:548: UserWarning: Spectral initialisation failed! The eigenvector solver
failed. This is likely due to too small an eigengap. Consider
adding some noise or jitter to your data.

Falling back to random initialisation!
  warn(
/dcs04/hicks/data/Jan/sim_project/sim_app/env/sim-app-tutorial/lib/python3.10/site-packages/umap/spectral.py:548: UserWarning: Spectral initialisation failed! The eigenvector solver
failed. This is likely due to too small an eigengap. Consider
adding some noise or jitter to your data.

Falling back to random initialisation!
  warn(
slurmstepd: error: *** JOB 34869190 ON compute-174 CANCELLED AT 2026-08-14T16:28:32 DUE TO TIME LIMIT ***
