Job started: Thu Aug 13 09:01:24 PM EDT 2026
Host: compute-154.cm.cluster
Python: /dcs04/hicks/data/Jan/sim_project/sim_app/env/sim-app-tutorial/bin/python
Modality: bin
Command: /dcs04/hicks/data/Jan/sim_project/sim_app/env/sim-app-tutorial/bin/python sim_paper/code/clustering/gene_harmony_umap.py --modality bin --input /dcs04/hicks/data/Jan/sim_project/sim_paper/data/batch_effect_moderate/simulation_bin_z.h5ad --output /dcs04/hicks/data/Jan/sim_project/sim_paper/data/clustering_moderate_batch/bin/gene_harmony_umap/simulation_bin_z_gene_harmony_umap.h5ad
/dcs04/hicks/data/Jan/sim_project/sim_app/env/sim-app-tutorial/lib/python3.10/site-packages/louvain/__init__.py:54: UserWarning: pkg_resources is deprecated as an API. See https://setuptools.pypa.io/en/latest/pkg_resources.html. The pkg_resources package is slated for removal as early as 2025-11-30. Refrain from using this package or pin to Setuptools<81.
  from pkg_resources import get_distribution, DistributionNotFound
/dcs04/hicks/data/Jan/sim_project/sim_app/env/sim-app-tutorial/lib/python3.10/site-packages/legacy_api_wrap/__init__.py:88: UserWarning: Some cells have zero counts
  return fn(*args_all, **kw)
/dcs04/hicks/data/Jan/sim_project/sim_app/env/sim-app-tutorial/lib/python3.10/functools.py:889: UserWarning: zero-centering a sparse array/matrix densifies it.
  return dispatch(args[0].__class__)(*args, **kw)
2026-08-13 21:02:21,837 - harmonypy - INFO - Running Harmony
2026-08-13 21:02:21,838 - harmonypy - INFO -   Parameters:
2026-08-13 21:02:21,838 - harmonypy - INFO -     max_iter_harmony: 10
2026-08-13 21:02:21,838 - harmonypy - INFO -     max_iter_kmeans: 4
2026-08-13 21:02:21,838 - harmonypy - INFO -     epsilon_cluster: 0.001
2026-08-13 21:02:21,838 - harmonypy - INFO -     epsilon_harmony: 0.01
2026-08-13 21:02:21,838 - harmonypy - INFO -     nclust: 100
2026-08-13 21:02:21,838 - harmonypy - INFO -     block_size: 0.05
2026-08-13 21:02:21,838 - harmonypy - INFO -     lamb: dynamic (alpha=0.2)
2026-08-13 21:02:21,838 - harmonypy - INFO -     theta: [2. 2. 2. 2. 2. 2. 2. 2. 2. 2.]
2026-08-13 21:02:21,838 - harmonypy - INFO -     sigma: [0.1 0.1 0.1 0.1 0.1]...
2026-08-13 21:02:21,838 - harmonypy - INFO -     verbose: True
2026-08-13 21:02:21,838 - harmonypy - INFO -     random_state: 0
2026-08-13 21:02:21,838 - harmonypy - INFO -   Data: 556 PCs × 6609690 cells
2026-08-13 21:02:21,838 - harmonypy - INFO -   Batch variables: ['slice_id']
2026-08-13 21:03:37,206 - harmonypy - INFO - Computing initial centroids...
2026-08-13 21:32:39,309 - harmonypy - INFO - Initialization complete.
2026-08-13 21:32:39,310 - harmonypy - INFO - Iteration 1 of 10
2026-08-13 21:58:15,857 - harmonypy - INFO - Iteration 2 of 10
2026-08-13 22:24:33,819 - harmonypy - INFO - Iteration 3 of 10
2026-08-13 22:50:42,431 - harmonypy - INFO - Iteration 4 of 10
2026-08-13 23:16:41,410 - harmonypy - INFO - Iteration 5 of 10
2026-08-13 23:43:18,108 - harmonypy - INFO - Converged after 5 iterations
/var/spool/slurm/d/job34856568/slurm_script: line 27: 922920 Killed                  "${PYTHON_BIN}" sim_paper/code/clustering/gene_harmony_umap.py --modality "${MODALITY}" "$@"
slurmstepd: error: Detected 1 oom-kill event(s) in StepId=34856568.batch. Some of your processes may have been killed by the cgroup out-of-memory handler.
