Job started: Wed Jul  8 06:53:20 PM EDT 2026
Host: compute-153.cm.cluster
Python: /dcs04/hicks/data/Jan/sim_project/sim_app/env/sim-app-tutorial/bin/python
Command: /dcs04/hicks/data/Jan/sim_project/sim_app/env/sim-app-tutorial/bin/python sim_paper/code/clustering/clustering.py 
/dcs04/hicks/data/Jan/sim_project/sim_app/env/sim-app-tutorial/lib/python3.10/site-packages/legacy_api_wrap/__init__.py:88: UserWarning: Some cells have zero counts
  return fn(*args_all, **kw)
/dcs04/hicks/data/Jan/sim_project/sim_app/env/sim-app-tutorial/lib/python3.10/functools.py:889: UserWarning: zero-centering a sparse array/matrix densifies it.
  return dispatch(args[0].__class__)(*args, **kw)
/dcs04/hicks/data/Jan/sim_project/sim_app/env/sim-app-tutorial/lib/python3.10/site-packages/scanpy/preprocessing/_pca/__init__.py:226: FutureWarning: Argument `use_highly_variable` is deprecated, consider using the mask argument. Use_highly_variable=True can be called through mask_var="highly_variable". Use_highly_variable=False can be called through mask_var=None
  mask_var_param, mask_var = _handle_mask_var(
2026-07-08 19:02:48,269 - harmonypy - INFO - Running Harmony
2026-07-08 19:02:48,269 - harmonypy - INFO -   Parameters:
2026-07-08 19:02:48,269 - harmonypy - INFO -     max_iter_harmony: 10
2026-07-08 19:02:48,269 - harmonypy - INFO -     max_iter_kmeans: 4
2026-07-08 19:02:48,269 - harmonypy - INFO -     epsilon_cluster: 0.001
2026-07-08 19:02:48,269 - harmonypy - INFO -     epsilon_harmony: 0.01
2026-07-08 19:02:48,269 - harmonypy - INFO -     nclust: 100
2026-07-08 19:02:48,269 - harmonypy - INFO -     block_size: 0.05
2026-07-08 19:02:48,269 - harmonypy - INFO -     lamb: dynamic (alpha=0.2)
2026-07-08 19:02:48,270 - harmonypy - INFO -     theta: [2. 2. 2. 2. 2. 2. 2. 2. 2. 2.]
2026-07-08 19:02:48,270 - harmonypy - INFO -     sigma: [0.1 0.1 0.1 0.1 0.1]...
2026-07-08 19:02:48,270 - harmonypy - INFO -     verbose: True
2026-07-08 19:02:48,270 - harmonypy - INFO -     random_state: 0
2026-07-08 19:02:48,270 - harmonypy - INFO -   Data: 30 PCs × 43560 cells
2026-07-08 19:02:48,270 - harmonypy - INFO -   Batch variables: ['slice_id']
2026-07-08 19:02:48,354 - harmonypy - INFO - Computing initial centroids...
2026-07-08 19:02:49,762 - harmonypy - INFO - Initialization complete.
2026-07-08 19:02:49,763 - harmonypy - INFO - Iteration 1 of 10
2026-07-08 19:02:50,808 - harmonypy - INFO - Converged after 1 iteration
[load] /dcs04/hicks/data/Jan/sim_project/sim_paper/data/simulation_spot_z.h5ad
[load] AnnData shape: 43560 observations x 556 genes
[pca] Running PCA with 30 components over all genes
[harmony] Correcting X_pca_pre_harmony by obs['slice_id']
Traceback (most recent call last):
  File "/dcs04/hicks/data/Jan/sim_project/sim_paper/code/clustering/clustering.py", line 199, in <module>
    main()
  File "/dcs04/hicks/data/Jan/sim_project/sim_paper/code/clustering/clustering.py", line 174, in main
    sce.pp.harmony_integrate(
  File "/dcs04/hicks/data/Jan/sim_project/sim_app/env/sim-app-tutorial/lib/python3.10/site-packages/legacy_api_wrap/__init__.py", line 88, in fn_compatible
    return fn(*args_all, **kw)
  File "/dcs04/hicks/data/Jan/sim_project/sim_app/env/sim-app-tutorial/lib/python3.10/site-packages/scanpy/external/pp/_harmony_integrate.py", line 99, in harmony_integrate
    adata.obsm[adjusted_basis] = harmony_out.Z_corr.T
  File "/dcs04/hicks/data/Jan/sim_project/sim_app/env/sim-app-tutorial/lib/python3.10/site-packages/anndata/_core/aligned_mapping.py", line 214, in __setitem__
    value = self._validate_value(value, key)
  File "/dcs04/hicks/data/Jan/sim_project/sim_app/env/sim-app-tutorial/lib/python3.10/site-packages/anndata/_core/aligned_mapping.py", line 277, in _validate_value
    return super()._validate_value(val, key)
  File "/dcs04/hicks/data/Jan/sim_project/sim_app/env/sim-app-tutorial/lib/python3.10/site-packages/anndata/_core/aligned_mapping.py", line 96, in _validate_value
    raise ValueError(msg)
ValueError: Value passed for key 'X_pca_post_harmony' is of incorrect shape. Values of obsm must match dimensions ('obs',) of parent. Value had shape (30,) while it should have had (43560,).
