Job started: Fri Aug 14 08:44:45 PM EDT 2026
Host: compute-116.cm.cluster
Python: /dcs04/hicks/data/Jan/sim_project/sim_app/env/sim-app-tutorial/bin/python
Modality: cell
Command: /dcs04/hicks/data/Jan/sim_project/sim_app/env/sim-app-tutorial/bin/python sim_paper/code/clustering/pca_harmony.py --modality cell --modality cell --input sim_paper/data/batch_effect_moderate/simulation_cell_z.h5ad --output sim_paper/data/clustering_moderate_batch/cell/pca_harmony_n_neighbors_50/simulation_cell_z_pca_harmony.h5ad --n-neighbors 50
/dcs04/hicks/data/Jan/sim_project/sim_app/env/sim-app-tutorial/lib/python3.10/site-packages/louvain/__init__.py:54: UserWarning: pkg_resources is deprecated as an API. See https://setuptools.pypa.io/en/latest/pkg_resources.html. The pkg_resources package is slated for removal as early as 2025-11-30. Refrain from using this package or pin to Setuptools<81.
  from pkg_resources import get_distribution, DistributionNotFound
/dcs04/hicks/data/Jan/sim_project/sim_app/env/sim-app-tutorial/lib/python3.10/functools.py:889: UserWarning: zero-centering a sparse array/matrix densifies it.
  return dispatch(args[0].__class__)(*args, **kw)
/dcs04/hicks/data/Jan/sim_project/sim_app/env/sim-app-tutorial/lib/python3.10/site-packages/scanpy/preprocessing/_pca/__init__.py:226: FutureWarning: Argument `use_highly_variable` is deprecated, consider using the mask argument. Use_highly_variable=True can be called through mask_var="highly_variable". Use_highly_variable=False can be called through mask_var=None
  mask_var_param, mask_var = _handle_mask_var(
2026-08-14 20:48:06,666 - harmonypy - INFO - Running Harmony
2026-08-14 20:48:06,667 - harmonypy - INFO -   Parameters:
2026-08-14 20:48:06,667 - harmonypy - INFO -     max_iter_harmony: 10
2026-08-14 20:48:06,667 - harmonypy - INFO -     max_iter_kmeans: 4
2026-08-14 20:48:06,667 - harmonypy - INFO -     epsilon_cluster: 0.001
2026-08-14 20:48:06,667 - harmonypy - INFO -     epsilon_harmony: 0.01
2026-08-14 20:48:06,667 - harmonypy - INFO -     nclust: 100
2026-08-14 20:48:06,667 - harmonypy - INFO -     block_size: 0.05
2026-08-14 20:48:06,667 - harmonypy - INFO -     lamb: dynamic (alpha=0.2)
2026-08-14 20:48:06,668 - harmonypy - INFO -     theta: [2. 2. 2. 2. 2. 2. 2. 2. 2. 2.]
2026-08-14 20:48:06,668 - harmonypy - INFO -     sigma: [0.1 0.1 0.1 0.1 0.1]...
2026-08-14 20:48:06,668 - harmonypy - INFO -     verbose: True
2026-08-14 20:48:06,668 - harmonypy - INFO -     random_state: 0
2026-08-14 20:48:06,668 - harmonypy - INFO -   Data: 30 PCs × 600000 cells
2026-08-14 20:48:06,668 - harmonypy - INFO -   Batch variables: ['slice_id']
2026-08-14 20:48:07,880 - harmonypy - INFO - Computing initial centroids...
2026-08-14 20:48:31,044 - harmonypy - INFO - Initialization complete.
2026-08-14 20:48:31,045 - harmonypy - INFO - Iteration 1 of 10
2026-08-14 20:48:57,508 - harmonypy - INFO - Iteration 2 of 10
2026-08-14 20:49:30,305 - harmonypy - INFO - Iteration 3 of 10
2026-08-14 20:50:03,470 - harmonypy - INFO - Iteration 4 of 10
2026-08-14 20:50:36,469 - harmonypy - INFO - Iteration 5 of 10
2026-08-14 20:51:09,479 - harmonypy - INFO - Iteration 6 of 10
2026-08-14 20:51:42,563 - harmonypy - INFO - Iteration 7 of 10
2026-08-14 20:52:15,607 - harmonypy - INFO - Iteration 8 of 10
2026-08-14 20:52:48,538 - harmonypy - INFO - Iteration 9 of 10
2026-08-14 20:53:21,528 - harmonypy - INFO - Converged after 9 iterations
/dcs04/hicks/data/Jan/sim_project/sim_paper/code/clustering/pca_harmony.py:243: UserWarning: This figure includes Axes that are not compatible with tight_layout, so results might be incorrect.
  fig.tight_layout()
[load] sim_paper/data/batch_effect_moderate/simulation_cell_z.h5ad
[load] AnnData shape: 600000 observations x 556 genes
[pca] Running PCA with 30 components over all genes
[harmony] Correcting X_pca_pre_harmony by obs['slice_id']
[plot] Saving PCA before/after plots under sim_paper/data/clustering_moderate_batch/cell/pca_harmony_n_neighbors_50/plots
[umap] Computing UMAP before Harmony from PCA
[umap] Computing UMAP after Harmony from PCA
[plot] Saving before/after UMAP plots under sim_paper/data/clustering_moderate_batch/cell/pca_harmony_n_neighbors_50/plots
[pc_pairs] Plotting PC pairs by slice_id under sim_paper/data/clustering_moderate_batch/cell/pca_harmony_n_neighbors_50/plots/pc_pairs
[pc_pairs] Plotting 30 PCs (15 adjacent pairs) using 20000 sampled observations
[pc_pairs] Saved -> sim_paper/data/clustering_moderate_batch/cell/pca_harmony_n_neighbors_50/plots/pc_pairs/by_slice_id/pc_pairs_pre_harmony_by_slice_id.png
[pc_pairs] Saved -> sim_paper/data/clustering_moderate_batch/cell/pca_harmony_n_neighbors_50/plots/pc_pairs/by_slice_id/pc_pairs_post_harmony_by_slice_id.png
[save] sim_paper/data/clustering_moderate_batch/cell/pca_harmony_n_neighbors_50/simulation_cell_z_pca_harmony.h5ad
Job finished: Fri Aug 14 10:01:21 PM EDT 2026
