Job started: Fri Aug 14 09:04:08 AM EDT 2026
Host: compute-157.cm.cluster
Python: /dcs04/hicks/data/Jan/sim_project/sim_app/env/sim-app-tutorial/bin/python
Modality: bin
Command: /dcs04/hicks/data/Jan/sim_project/sim_app/env/sim-app-tutorial/bin/python sim_paper/code/clustering/gene_harmony_umap.py --modality bin --input /dcs04/hicks/data/Jan/sim_project/sim_paper/data/batch_effect_moderate/simulation_bin_z.h5ad --output /dcs04/hicks/data/Jan/sim_project/sim_paper/data/clustering_moderate_batch/bin/gene_harmony_umap/simulation_bin_z_gene_harmony_umap.h5ad
/dcs04/hicks/data/Jan/sim_project/sim_app/env/sim-app-tutorial/lib/python3.10/site-packages/louvain/__init__.py:54: UserWarning: pkg_resources is deprecated as an API. See https://setuptools.pypa.io/en/latest/pkg_resources.html. The pkg_resources package is slated for removal as early as 2025-11-30. Refrain from using this package or pin to Setuptools<81.
  from pkg_resources import get_distribution, DistributionNotFound
/dcs04/hicks/data/Jan/sim_project/sim_app/env/sim-app-tutorial/lib/python3.10/site-packages/legacy_api_wrap/__init__.py:88: UserWarning: Some cells have zero counts
  return fn(*args_all, **kw)
/dcs04/hicks/data/Jan/sim_project/sim_app/env/sim-app-tutorial/lib/python3.10/functools.py:889: UserWarning: zero-centering a sparse array/matrix densifies it.
  return dispatch(args[0].__class__)(*args, **kw)
2026-08-14 09:05:28,420 - harmonypy - INFO - Running Harmony
2026-08-14 09:05:28,420 - harmonypy - INFO -   Parameters:
2026-08-14 09:05:28,420 - harmonypy - INFO -     max_iter_harmony: 10
2026-08-14 09:05:28,420 - harmonypy - INFO -     max_iter_kmeans: 4
2026-08-14 09:05:28,420 - harmonypy - INFO -     epsilon_cluster: 0.001
2026-08-14 09:05:28,420 - harmonypy - INFO -     epsilon_harmony: 0.01
2026-08-14 09:05:28,421 - harmonypy - INFO -     nclust: 100
2026-08-14 09:05:28,421 - harmonypy - INFO -     block_size: 0.05
2026-08-14 09:05:28,421 - harmonypy - INFO -     lamb: dynamic (alpha=0.2)
2026-08-14 09:05:28,421 - harmonypy - INFO -     theta: [2. 2. 2. 2. 2. 2. 2. 2. 2. 2.]
2026-08-14 09:05:28,421 - harmonypy - INFO -     sigma: [0.1 0.1 0.1 0.1 0.1]...
2026-08-14 09:05:28,421 - harmonypy - INFO -     verbose: True
2026-08-14 09:05:28,421 - harmonypy - INFO -     random_state: 0
2026-08-14 09:05:28,421 - harmonypy - INFO -   Data: 556 PCs × 6609690 cells
2026-08-14 09:05:28,421 - harmonypy - INFO -   Batch variables: ['slice_id']
2026-08-14 09:06:32,700 - harmonypy - INFO - Computing initial centroids...
2026-08-14 09:30:26,228 - harmonypy - INFO - Initialization complete.
2026-08-14 09:30:26,234 - harmonypy - INFO - Iteration 1 of 10
2026-08-14 09:56:42,512 - harmonypy - INFO - Iteration 2 of 10
2026-08-14 10:21:52,437 - harmonypy - INFO - Iteration 3 of 10
2026-08-14 10:47:08,069 - harmonypy - INFO - Iteration 4 of 10
2026-08-14 11:14:41,556 - harmonypy - INFO - Iteration 5 of 10
2026-08-14 11:41:26,762 - harmonypy - INFO - Converged after 5 iterations
/dcs04/hicks/data/Jan/sim_project/sim_app/env/sim-app-tutorial/lib/python3.10/site-packages/umap/spectral.py:548: UserWarning: Spectral initialisation failed! The eigenvector solver
failed. This is likely due to too small an eigengap. Consider
adding some noise or jitter to your data.

Falling back to random initialisation!
  warn(
/dcs04/hicks/data/Jan/sim_project/sim_app/env/sim-app-tutorial/lib/python3.10/site-packages/umap/spectral.py:548: UserWarning: Spectral initialisation failed! The eigenvector solver
failed. This is likely due to too small an eigengap. Consider
adding some noise or jitter to your data.

Falling back to random initialisation!
  warn(
slurmstepd: error: *** JOB 34869191 ON compute-157 CANCELLED AT 2026-08-14T17:04:10 DUE TO TIME LIMIT ***
