Job started: Thu Jul  9 04:24:47 PM EDT 2026
Host: compute-162.cm.cluster
Python: /dcs04/hicks/data/Jan/sim_project/sim_app/env/sim-app-tutorial/bin/python
Modality: spot
Command: /dcs04/hicks/data/Jan/sim_project/sim_app/env/sim-app-tutorial/bin/python sim_paper/code/clustering/clustering.py --modality spot 
/dcs04/hicks/data/Jan/sim_project/sim_app/env/sim-app-tutorial/lib/python3.10/site-packages/legacy_api_wrap/__init__.py:88: UserWarning: Some cells have zero counts
  return fn(*args_all, **kw)
/dcs04/hicks/data/Jan/sim_project/sim_app/env/sim-app-tutorial/lib/python3.10/functools.py:889: UserWarning: zero-centering a sparse array/matrix densifies it.
  return dispatch(args[0].__class__)(*args, **kw)
/dcs04/hicks/data/Jan/sim_project/sim_app/env/sim-app-tutorial/lib/python3.10/site-packages/scanpy/preprocessing/_pca/__init__.py:226: FutureWarning: Argument `use_highly_variable` is deprecated, consider using the mask argument. Use_highly_variable=True can be called through mask_var="highly_variable". Use_highly_variable=False can be called through mask_var=None
  mask_var_param, mask_var = _handle_mask_var(
2026-07-09 16:26:00,275 - harmonypy - INFO - Running Harmony
2026-07-09 16:26:00,275 - harmonypy - INFO -   Parameters:
2026-07-09 16:26:00,275 - harmonypy - INFO -     max_iter_harmony: 10
2026-07-09 16:26:00,275 - harmonypy - INFO -     max_iter_kmeans: 4
2026-07-09 16:26:00,275 - harmonypy - INFO -     epsilon_cluster: 0.001
2026-07-09 16:26:00,275 - harmonypy - INFO -     epsilon_harmony: 0.01
2026-07-09 16:26:00,275 - harmonypy - INFO -     nclust: 100
2026-07-09 16:26:00,275 - harmonypy - INFO -     block_size: 0.05
2026-07-09 16:26:00,275 - harmonypy - INFO -     lamb: dynamic (alpha=0.2)
2026-07-09 16:26:00,276 - harmonypy - INFO -     theta: [2. 2. 2. 2. 2. 2. 2. 2. 2. 2.]
2026-07-09 16:26:00,276 - harmonypy - INFO -     sigma: [0.1 0.1 0.1 0.1 0.1]...
2026-07-09 16:26:00,276 - harmonypy - INFO -     verbose: True
2026-07-09 16:26:00,276 - harmonypy - INFO -     random_state: 0
2026-07-09 16:26:00,276 - harmonypy - INFO -   Data: 30 PCs × 43560 cells
2026-07-09 16:26:00,276 - harmonypy - INFO -   Batch variables: ['slice_id']
2026-07-09 16:26:00,355 - harmonypy - INFO - Computing initial centroids...
2026-07-09 16:26:01,338 - harmonypy - INFO - Initialization complete.
2026-07-09 16:26:01,338 - harmonypy - INFO - Iteration 1 of 10
2026-07-09 16:26:02,079 - harmonypy - INFO - Converged after 1 iteration
[load] /dcs04/hicks/data/Jan/sim_project/sim_paper/data/simulation_spot_z.h5ad
[load] AnnData shape: 43560 observations x 556 genes
[pca] Running PCA with 30 components over all genes
[harmony] Correcting X_pca_pre_harmony by obs['slice_id']
[plot] Saving PCA before/after plots under /dcs04/hicks/data/Jan/sim_project/sim_paper/data/clustering/plots/spot_pca_harmony
[save] /dcs04/hicks/data/Jan/sim_project/sim_paper/data/clustering/simulation_spot_z_pca_harmony.h5ad
Job finished: Thu Jul  9 04:26:10 PM EDT 2026
