Job started: Mon Aug 24 06:16:39 PM EDT 2026
Host: compute-164.cm.cluster
Python: /dcs04/hicks/data/Jan/sim_project/sim_app/env/sim-app-banksy/bin/python
Command: /dcs04/hicks/data/Jan/sim_project/sim_app/env/sim-app-banksy/bin/python sim_paper/code/clustering/01_build_banksy_matrix.py --modality cell --packing-tag packing_pf0p04 --input sim_paper/data/noisy/packing_pf0p04/simulation_cell_z_qc.h5ad
[load] sim_paper/data/noisy/packing_pf0p04/simulation_cell_z_qc.h5ad
[load] AnnData shape: 600000 x 556
[stagger] offsetting each slice's x coordinate so slices don't overlap
  slice 0: offset x by 0.0
  slice 1: offset x by 6122.0
  slice 2: offset x by 12244.1
  slice 3: offset x by 18366.1
  slice 4: offset x by 24488.2
  slice 5: offset x by 30610.2
  slice 6: offset x by 36732.3
  slice 7: offset x by 42854.3
  slice 8: offset x by 48976.4
  slice 9: offset x by 55098.4

[normalize] normalize_total (no log1p -- BANKSY expects normalized, non-log counts here)
[hvg] skipped -- using all 556 genes (matches pca_harmony.py's convention)

[banksy] k_geom=15 max_m=1 lambda=0.8 decay=scaled_gaussian

Median distance to closest cell = 5.984591424633824

---- Ran median_dist_to_nearest_neighbour in 3.58 s ----

---- Ran generate_spatial_distance_graph in 7.83 s ----

---- Ran row_normalize in 1.80 s ----

---- Ran generate_spatial_weights_fixed_nbrs in 19.62 s ----

---- Ran generate_spatial_distance_graph in 11.31 s ----

---- Ran theta_from_spatial_graph in 4.21 s ----

---- Ran row_normalize in 1.84 s ----

---- Ran generate_spatial_weights_fixed_nbrs in 28.19 s ----

Runtime Aug-24-2026-18-18

556 genes to be analysed:
Gene List:
Index(['G1', 'G2', 'G3', 'G4', 'G5', 'G6', 'G7', 'G8', 'G9', 'G10',
       ...
       'G547', 'G548', 'G549', 'G550', 'G551', 'G552', 'G553', 'G554', 'G555',
       'G556'],
      dtype='object', length=556)

Check if X contains only finite (non-NAN) values
Decay Type: scaled_gaussian
Weights Object: {'weights': {0: <600000x600000 sparse matrix of type '<class 'numpy.float64'>'
	with 9000000 stored elements in Compressed Sparse Row format>, 1: <600000x600000 sparse matrix of type '<class 'numpy.complex128'>'
	with 18000000 stored elements in Compressed Sparse Row format>}}

Nbr matrix | Mean: 17.99 | Std: 20.38
Size of Nbr | Shape: (600000, 556)
Top 3 entries of Nbr Mat:

[[ 9.86267475 27.87278841  2.80619539]
 [16.81638706 33.81779094  2.99734377]
 [15.03997625 47.4149299   5.47267196]]

AGF matrix | Mean: 4.18 | Std: 7.2
Size of AGF mat (m = 1) | Shape: (600000, 556)
Top entries of AGF:
[[3.126546   5.48049626 0.84943723]
 [4.3164733  1.54175886 1.07265028]
 [7.15807493 9.94118185 2.02818961]]
Ran 'Create BANKSY Matrix' in 1.02 mins

Cell by gene matrix has shape (600000, 556)

Scale factors squared: [0.2        0.53333333 0.26666667]
Scale factors: [0.4472136  0.73029674 0.51639778]
/dcs04/hicks/data/Jan/sim_project/sim_app/env/sim-app-banksy/lib/python3.10/site-packages/banksy/main.py:368: FutureWarning: X.dtype being converted to np.float32 from float64. In the next version of anndata (0.9) conversion will not be automatic. Pass dtype explicitly to avoid this warning. Pass `AnnData(X, dtype=X.dtype, ...)` to get the future behavour.
  return anndata.AnnData(concatenated_matrix, obs=adata.obs, var=var_combined)
Shape of BANKSY matrix: (600000, 1668)
Type of banksy_matrix: <class 'anndata._core.anndata.AnnData'>

[banksy] BANKSY matrix shape: 600000 x 1668

[pca] pre-Harmony PCA + UMAP
Current decay types: ['scaled_gaussian']

Reducing dims of dataset in (Index = scaled_gaussian, lambda = 0.8)
==================================================

Setting the total number of PC = 30
Original shape of matrix: (600000, 1668)
Reduced shape of matrix: (600000, 30)
------------------------------------------------------------
min_value = -13.033870697021484, mean = -5.911085398935256e-09, max = 17.10886573791504

Conducting UMAP and adding embeddings to adata.obsm["reduced_pc_30_umap"]
UMAP embedding
------------------------------------------------------------
shape: (600000, 2)


AxisArrays with keys: spatial, reduced_pc_30, reduced_pc_30_umap
  [plot] saved pca_preharmony_by_slice_id.png
  [plot] saved umap_preharmony_by_slice_id.png
  [plot] saved pca_preharmony_by_domain_true.png
  [plot] saved umap_preharmony_by_domain_true.png
  [plot] saved pca_preharmony_by_cell_type_true.png
  [plot] saved umap_preharmony_by_cell_type_true.png

[harmony] batch_key=slice_id
2026-08-24 18:27:07,348 - harmonypy - INFO - Running Harmony
2026-08-24 18:27:07,348 - harmonypy - INFO -   Parameters:
2026-08-24 18:27:07,348 - harmonypy - INFO -     max_iter_harmony: 10
2026-08-24 18:27:07,348 - harmonypy - INFO -     max_iter_kmeans: 4
2026-08-24 18:27:07,348 - harmonypy - INFO -     epsilon_cluster: 0.001
2026-08-24 18:27:07,348 - harmonypy - INFO -     epsilon_harmony: 0.01
2026-08-24 18:27:07,348 - harmonypy - INFO -     nclust: 100
2026-08-24 18:27:07,348 - harmonypy - INFO -     block_size: 0.05
2026-08-24 18:27:07,348 - harmonypy - INFO -     lamb: dynamic (alpha=0.2)
2026-08-24 18:27:07,348 - harmonypy - INFO -     theta: [2. 2. 2. 2. 2. 2. 2. 2. 2. 2.]
2026-08-24 18:27:07,348 - harmonypy - INFO -     sigma: [0.1 0.1 0.1 0.1 0.1]...
2026-08-24 18:27:07,348 - harmonypy - INFO -     verbose: True
2026-08-24 18:27:07,348 - harmonypy - INFO -     random_state: 0
2026-08-24 18:27:07,348 - harmonypy - INFO -   Data: 30 PCs × 600000 cells
2026-08-24 18:27:07,349 - harmonypy - INFO -   Batch variables: ['slice_id']
2026-08-24 18:27:08,204 - harmonypy - INFO - Computing initial centroids...
2026-08-24 18:27:24,070 - harmonypy - INFO - Initialization complete.
2026-08-24 18:27:24,070 - harmonypy - INFO - Iteration 1 of 10
2026-08-24 18:27:42,176 - harmonypy - INFO - Iteration 2 of 10
2026-08-24 18:28:01,477 - harmonypy - INFO - Converged after 2 iterations

[umap] post-Harmony UMAP
/dcs04/hicks/data/Jan/sim_project/sim_app/env/sim-app-banksy/lib/python3.10/site-packages/umap/umap_.py:1952: UserWarning: n_jobs value 1 overridden to 1 by setting random_state. Use no seed for parallelism.
  warn(
  [plot] saved pca_postharmony_by_slice_id.png
  [plot] saved umap_postharmony_by_slice_id.png
  [plot] saved pca_postharmony_by_domain_true.png
  [plot] saved umap_postharmony_by_domain_true.png
  [plot] saved pca_postharmony_by_cell_type_true.png
  [plot] saved umap_postharmony_by_cell_type_true.png

[save] /dcs04/hicks/data/Jan/sim_project/sim_paper/data/clustering_packing_pf0p04/cell/banksy_pca_harmony/simulation_cell_z_banksy_pca_harmony.h5ad
[save] done
Job finished: Mon Aug 24 06:48:41 PM EDT 2026
