Job started: Thu Aug 13 10:17:49 PM EDT 2026
Host: compute-113.cm.cluster
Python: /dcs04/hicks/data/Jan/sim_project/sim_app/env/sim-app-tutorial/bin/python
Modality: spot
Command: /dcs04/hicks/data/Jan/sim_project/sim_app/env/sim-app-tutorial/bin/python sim_paper/code/clustering/pca_harmony.py --modality spot --input /dcs04/hicks/data/Jan/sim_project/sim_paper/data/batch_effect_moderate/simulation_spot_z.h5ad --output /dcs04/hicks/data/Jan/sim_project/sim_paper/data/clustering_moderate_batch/spot/pca_harmony/simulation_spot_z_pca_harmony.h5ad
/dcs04/hicks/data/Jan/sim_project/sim_app/env/sim-app-tutorial/lib/python3.10/site-packages/louvain/__init__.py:54: UserWarning: pkg_resources is deprecated as an API. See https://setuptools.pypa.io/en/latest/pkg_resources.html. The pkg_resources package is slated for removal as early as 2025-11-30. Refrain from using this package or pin to Setuptools<81.
  from pkg_resources import get_distribution, DistributionNotFound
/dcs04/hicks/data/Jan/sim_project/sim_app/env/sim-app-tutorial/lib/python3.10/site-packages/legacy_api_wrap/__init__.py:88: UserWarning: Some cells have zero counts
  return fn(*args_all, **kw)
/dcs04/hicks/data/Jan/sim_project/sim_app/env/sim-app-tutorial/lib/python3.10/functools.py:889: UserWarning: zero-centering a sparse array/matrix densifies it.
  return dispatch(args[0].__class__)(*args, **kw)
/dcs04/hicks/data/Jan/sim_project/sim_app/env/sim-app-tutorial/lib/python3.10/site-packages/scanpy/preprocessing/_pca/__init__.py:226: FutureWarning: Argument `use_highly_variable` is deprecated, consider using the mask argument. Use_highly_variable=True can be called through mask_var="highly_variable". Use_highly_variable=False can be called through mask_var=None
  mask_var_param, mask_var = _handle_mask_var(
2026-08-13 22:18:52,137 - harmonypy - INFO - Running Harmony
2026-08-13 22:18:52,138 - harmonypy - INFO -   Parameters:
2026-08-13 22:18:52,138 - harmonypy - INFO -     max_iter_harmony: 10
2026-08-13 22:18:52,138 - harmonypy - INFO -     max_iter_kmeans: 4
2026-08-13 22:18:52,138 - harmonypy - INFO -     epsilon_cluster: 0.001
2026-08-13 22:18:52,138 - harmonypy - INFO -     epsilon_harmony: 0.01
2026-08-13 22:18:52,139 - harmonypy - INFO -     nclust: 100
2026-08-13 22:18:52,139 - harmonypy - INFO -     block_size: 0.05
2026-08-13 22:18:52,139 - harmonypy - INFO -     lamb: dynamic (alpha=0.2)
2026-08-13 22:18:52,140 - harmonypy - INFO -     theta: [2. 2. 2. 2. 2. 2. 2. 2. 2. 2.]
2026-08-13 22:18:52,140 - harmonypy - INFO -     sigma: [0.1 0.1 0.1 0.1 0.1]...
2026-08-13 22:18:52,140 - harmonypy - INFO -     verbose: True
2026-08-13 22:18:52,140 - harmonypy - INFO -     random_state: 0
2026-08-13 22:18:52,141 - harmonypy - INFO -   Data: 30 PCs × 43560 cells
2026-08-13 22:18:52,141 - harmonypy - INFO -   Batch variables: ['slice_id']
2026-08-13 22:18:52,248 - harmonypy - INFO - Computing initial centroids...
2026-08-13 22:18:54,418 - harmonypy - INFO - Initialization complete.
2026-08-13 22:18:54,418 - harmonypy - INFO - Iteration 1 of 10
2026-08-13 22:18:57,120 - harmonypy - INFO - Iteration 2 of 10
2026-08-13 22:19:00,070 - harmonypy - INFO - Converged after 2 iterations
/dcs04/hicks/data/Jan/sim_project/sim_app/env/sim-app-tutorial/lib/python3.10/site-packages/sklearn/manifold/_spectral_embedding.py:328: UserWarning: Graph is not fully connected, spectral embedding may not work as expected.
  warnings.warn(
/dcs04/hicks/data/Jan/sim_project/sim_app/env/sim-app-tutorial/lib/python3.10/site-packages/sklearn/manifold/_spectral_embedding.py:328: UserWarning: Graph is not fully connected, spectral embedding may not work as expected.
  warnings.warn(
/dcs04/hicks/data/Jan/sim_project/sim_app/env/sim-app-tutorial/lib/python3.10/site-packages/umap/spectral.py:548: UserWarning: Spectral initialisation failed! The eigenvector solver
failed. This is likely due to too small an eigengap. Consider
adding some noise or jitter to your data.

Falling back to random initialisation!
  warn(
/dcs04/hicks/data/Jan/sim_project/sim_app/env/sim-app-tutorial/lib/python3.10/site-packages/umap/spectral.py:548: UserWarning: Spectral initialisation failed! The eigenvector solver
failed. This is likely due to too small an eigengap. Consider
adding some noise or jitter to your data.

Falling back to random initialisation!
  warn(
/dcs04/hicks/data/Jan/sim_project/sim_app/env/sim-app-tutorial/lib/python3.10/site-packages/umap/spectral.py:548: UserWarning: Spectral initialisation failed! The eigenvector solver
failed. This is likely due to too small an eigengap. Consider
adding some noise or jitter to your data.

Falling back to random initialisation!
  warn(
/dcs04/hicks/data/Jan/sim_project/sim_app/env/sim-app-tutorial/lib/python3.10/site-packages/umap/spectral.py:548: UserWarning: Spectral initialisation failed! The eigenvector solver
failed. This is likely due to too small an eigengap. Consider
adding some noise or jitter to your data.

Falling back to random initialisation!
  warn(
/dcs04/hicks/data/Jan/sim_project/sim_app/env/sim-app-tutorial/lib/python3.10/site-packages/umap/spectral.py:548: UserWarning: Spectral initialisation failed! The eigenvector solver
failed. This is likely due to too small an eigengap. Consider
adding some noise or jitter to your data.

Falling back to random initialisation!
  warn(
/dcs04/hicks/data/Jan/sim_project/sim_app/env/sim-app-tutorial/lib/python3.10/site-packages/umap/spectral.py:548: UserWarning: Spectral initialisation failed! The eigenvector solver
failed. This is likely due to too small an eigengap. Consider
adding some noise or jitter to your data.

Falling back to random initialisation!
  warn(
/dcs04/hicks/data/Jan/sim_project/sim_app/env/sim-app-tutorial/lib/python3.10/site-packages/umap/spectral.py:548: UserWarning: Spectral initialisation failed! The eigenvector solver
failed. This is likely due to too small an eigengap. Consider
adding some noise or jitter to your data.

Falling back to random initialisation!
  warn(
/dcs04/hicks/data/Jan/sim_project/sim_app/env/sim-app-tutorial/lib/python3.10/site-packages/umap/spectral.py:548: UserWarning: Spectral initialisation failed! The eigenvector solver
failed. This is likely due to too small an eigengap. Consider
adding some noise or jitter to your data.

Falling back to random initialisation!
  warn(
/dcs04/hicks/data/Jan/sim_project/sim_app/env/sim-app-tutorial/lib/python3.10/site-packages/umap/spectral.py:548: UserWarning: Spectral initialisation failed! The eigenvector solver
failed. This is likely due to too small an eigengap. Consider
adding some noise or jitter to your data.

Falling back to random initialisation!
  warn(
/dcs04/hicks/data/Jan/sim_project/sim_app/env/sim-app-tutorial/lib/python3.10/site-packages/umap/spectral.py:548: UserWarning: Spectral initialisation failed! The eigenvector solver
failed. This is likely due to too small an eigengap. Consider
adding some noise or jitter to your data.

Falling back to random initialisation!
  warn(
/dcs04/hicks/data/Jan/sim_project/sim_paper/code/clustering/pca_harmony.py:243: UserWarning: This figure includes Axes that are not compatible with tight_layout, so results might be incorrect.
  fig.tight_layout()
[load] /dcs04/hicks/data/Jan/sim_project/sim_paper/data/batch_effect_moderate/simulation_spot_z.h5ad
[load] AnnData shape: 43560 observations x 556 genes
[pca] Running PCA with 30 components over all genes
[harmony] Correcting X_pca_pre_harmony by obs['slice_id']
[plot] Saving PCA before/after plots under /dcs04/hicks/data/Jan/sim_project/sim_paper/data/clustering_moderate_batch/spot/pca_harmony/plots
[umap] Computing UMAP before Harmony from PCA
[umap] Computing UMAP after Harmony from PCA
[plot] Saving before/after UMAP plots under /dcs04/hicks/data/Jan/sim_project/sim_paper/data/clustering_moderate_batch/spot/pca_harmony/plots
[pc_pairs] Plotting PC pairs by slice_id under /dcs04/hicks/data/Jan/sim_project/sim_paper/data/clustering_moderate_batch/spot/pca_harmony/plots/pc_pairs
[pc_pairs] Plotting 30 PCs (15 adjacent pairs) using 20000 sampled observations
[pc_pairs] Saved -> /dcs04/hicks/data/Jan/sim_project/sim_paper/data/clustering_moderate_batch/spot/pca_harmony/plots/pc_pairs/by_slice_id/pc_pairs_pre_harmony_by_slice_id.png
[pc_pairs] Saved -> /dcs04/hicks/data/Jan/sim_project/sim_paper/data/clustering_moderate_batch/spot/pca_harmony/plots/pc_pairs/by_slice_id/pc_pairs_post_harmony_by_slice_id.png
[save] /dcs04/hicks/data/Jan/sim_project/sim_paper/data/clustering_moderate_batch/spot/pca_harmony/simulation_spot_z_pca_harmony.h5ad
Job finished: Thu Aug 13 10:25:13 PM EDT 2026
