Job started: Tue Aug 25 08:07:16 AM EDT 2026
Host: compute-129.cm.cluster
Python: /dcs04/hicks/data/Jan/sim_project/sim_app/env/sim-app-banksy/bin/python
Command: /dcs04/hicks/data/Jan/sim_project/sim_app/env/sim-app-banksy/bin/python sim_paper/code/clustering/01_build_banksy_matrix.py --modality spot --packing-tag packing_pf0p04_domain_shift --input sim_paper/data/noisy/packing_pf0p04_domain_shift/simulation_spot_z_qc.h5ad
[load] sim_paper/data/noisy/packing_pf0p04_domain_shift/simulation_spot_z_qc.h5ad
[load] AnnData shape: 5130 x 556
[stagger] offsetting each slice's x coordinate so slices don't overlap
  slice 0: offset x by 0.0
  slice 1: offset x by 3300.0
  slice 2: offset x by 6600.0
  slice 3: offset x by 9900.0
  slice 4: offset x by 13200.0
  slice 5: offset x by 16500.0
  slice 6: offset x by 19800.0
  slice 7: offset x by 23100.0
  slice 8: offset x by 26400.0
  slice 9: offset x by 29700.0

[normalize] normalize_total (no log1p -- BANKSY expects normalized, non-log counts here)
[hvg] skipped -- using all 556 genes (matches pca_harmony.py's convention)

[banksy] k_geom=15 max_m=1 lambda=0.8 decay=scaled_gaussian

Median distance to closest cell = 99.9998779296875

---- Ran median_dist_to_nearest_neighbour in 0.01 s ----

---- Ran generate_spatial_distance_graph in 0.01 s ----

---- Ran row_normalize in 0.02 s ----

---- Ran generate_spatial_weights_fixed_nbrs in 0.13 s ----

---- Ran generate_spatial_distance_graph in 0.02 s ----

---- Ran theta_from_spatial_graph in 0.04 s ----

---- Ran row_normalize in 0.02 s ----

---- Ran generate_spatial_weights_fixed_nbrs in 0.18 s ----

Runtime Aug-25-2026-08-07

556 genes to be analysed:
Gene List:
Index(['G1', 'G2', 'G3', 'G4', 'G5', 'G6', 'G7', 'G8', 'G9', 'G10',
       ...
       'G547', 'G548', 'G549', 'G550', 'G551', 'G552', 'G553', 'G554', 'G555',
       'G556'],
      dtype='object', length=556)

Check if X contains only finite (non-NAN) values
Decay Type: scaled_gaussian
Weights Object: {'weights': {0: <5130x5130 sparse matrix of type '<class 'numpy.float64'>'
	with 76950 stored elements in Compressed Sparse Row format>, 1: <5130x5130 sparse matrix of type '<class 'numpy.complex128'>'
	with 153900 stored elements in Compressed Sparse Row format>}}

Nbr matrix | Mean: 17.99 | Std: 18.03
Size of Nbr | Shape: (5130, 556)
Top 3 entries of Nbr Mat:

[[25.0454683  25.25947227  5.589641  ]
 [18.60547193 26.20847692  4.52156271]
 [26.79311021 19.8071117   6.62773312]]

AGF matrix | Mean: 1.52 | Std: 4.95
Size of AGF mat (m = 1) | Shape: (5130, 556)
Top entries of AGF:
[[3.41793185 3.71626678 0.35067545]
 [3.46995287 5.81079002 0.77284322]
 [3.74666961 2.05720045 0.93401235]]
Ran 'Create BANKSY Matrix' in 0.01 mins

Cell by gene matrix has shape (5130, 556)

Scale factors squared: [0.2        0.53333333 0.26666667]
Scale factors: [0.4472136  0.73029674 0.51639778]
/dcs04/hicks/data/Jan/sim_project/sim_app/env/sim-app-banksy/lib/python3.10/site-packages/banksy/main.py:368: FutureWarning: X.dtype being converted to np.float32 from float64. In the next version of anndata (0.9) conversion will not be automatic. Pass dtype explicitly to avoid this warning. Pass `AnnData(X, dtype=X.dtype, ...)` to get the future behavour.
  return anndata.AnnData(concatenated_matrix, obs=adata.obs, var=var_combined)
Shape of BANKSY matrix: (5130, 1668)
Type of banksy_matrix: <class 'anndata._core.anndata.AnnData'>

[banksy] BANKSY matrix shape: 5130 x 1668

[pca] pre-Harmony PCA + UMAP
Current decay types: ['scaled_gaussian']

Reducing dims of dataset in (Index = scaled_gaussian, lambda = 0.8)
==================================================

Setting the total number of PC = 30
Original shape of matrix: (5130, 1668)
Reduced shape of matrix: (5130, 30)
------------------------------------------------------------
min_value = -41.34953308105469, mean = -4.124532893001742e-08, max = 55.26320266723633

Conducting UMAP and adding embeddings to adata.obsm["reduced_pc_30_umap"]
UMAP embedding
------------------------------------------------------------
shape: (5130, 2)


AxisArrays with keys: spatial, reduced_pc_30, reduced_pc_30_umap
  [plot] saved pca_preharmony_by_slice_id.png
  [plot] saved umap_preharmony_by_slice_id.png
  [plot] saved pca_preharmony_by_domain_true.png
  [plot] saved umap_preharmony_by_domain_true.png
  [plot] saved pca_preharmony_by_cell_type_true.png
  [plot] saved umap_preharmony_by_cell_type_true.png

[harmony] batch_key=slice_id
2026-08-25 08:07:54,197 - harmonypy - INFO - Running Harmony
2026-08-25 08:07:54,197 - harmonypy - INFO -   Parameters:
2026-08-25 08:07:54,197 - harmonypy - INFO -     max_iter_harmony: 10
2026-08-25 08:07:54,197 - harmonypy - INFO -     max_iter_kmeans: 4
2026-08-25 08:07:54,197 - harmonypy - INFO -     epsilon_cluster: 0.001
2026-08-25 08:07:54,197 - harmonypy - INFO -     epsilon_harmony: 0.01
2026-08-25 08:07:54,197 - harmonypy - INFO -     nclust: 100
2026-08-25 08:07:54,197 - harmonypy - INFO -     block_size: 0.05
2026-08-25 08:07:54,197 - harmonypy - INFO -     lamb: dynamic (alpha=0.2)
2026-08-25 08:07:54,198 - harmonypy - INFO -     theta: [2. 2. 2. 2. 2. 2. 2. 2. 2. 2.]
2026-08-25 08:07:54,198 - harmonypy - INFO -     sigma: [0.1 0.1 0.1 0.1 0.1]...
2026-08-25 08:07:54,198 - harmonypy - INFO -     verbose: True
2026-08-25 08:07:54,198 - harmonypy - INFO -     random_state: 0
2026-08-25 08:07:54,198 - harmonypy - INFO -   Data: 30 PCs × 5130 cells
2026-08-25 08:07:54,198 - harmonypy - INFO -   Batch variables: ['slice_id']
2026-08-25 08:07:54,200 - harmonypy - INFO - Computing initial centroids...
2026-08-25 08:07:54,317 - harmonypy - INFO - Initialization complete.
2026-08-25 08:07:54,317 - harmonypy - INFO - Iteration 1 of 10
2026-08-25 08:07:54,368 - harmonypy - INFO - Converged after 1 iteration

[umap] post-Harmony UMAP
/dcs04/hicks/data/Jan/sim_project/sim_app/env/sim-app-banksy/lib/python3.10/site-packages/umap/umap_.py:1952: UserWarning: n_jobs value 1 overridden to 1 by setting random_state. Use no seed for parallelism.
  warn(
  [plot] saved pca_postharmony_by_slice_id.png
  [plot] saved umap_postharmony_by_slice_id.png
  [plot] saved pca_postharmony_by_domain_true.png
  [plot] saved umap_postharmony_by_domain_true.png
  [plot] saved pca_postharmony_by_cell_type_true.png
  [plot] saved umap_postharmony_by_cell_type_true.png

[save] /dcs04/hicks/data/Jan/sim_project/sim_paper/data/clustering_packing_pf0p04_domain_shift/spot/banksy_pca_harmony_qc/simulation_spot_z_banksy_pca_harmony_qc.h5ad
[save] done
Job finished: Tue Aug 25 08:08:05 AM EDT 2026
