Job started: Wed Jul  8 06:34:59 PM EDT 2026
Host: compute-176.cm.cluster
Python: /dcs04/hicks/data/Jan/sim_project/sim_app/env/sim-app-tutorial/bin/python
Command: /dcs04/hicks/data/Jan/sim_project/sim_app/env/sim-app-tutorial/bin/python sim_paper/code/clustering/clustering.py 
/dcs04/hicks/data/Jan/sim_project/sim_app/env/sim-app-tutorial/lib/python3.10/site-packages/legacy_api_wrap/__init__.py:88: UserWarning: Some cells have zero counts
  return fn(*args_all, **kw)
/dcs04/hicks/data/Jan/sim_project/sim_app/env/sim-app-tutorial/lib/python3.10/functools.py:889: UserWarning: zero-centering a sparse array/matrix densifies it.
  return dispatch(args[0].__class__)(*args, **kw)
/dcs04/hicks/data/Jan/sim_project/sim_app/env/sim-app-tutorial/lib/python3.10/site-packages/scanpy/preprocessing/_pca/__init__.py:226: FutureWarning: Argument `use_highly_variable` is deprecated, consider using the mask argument. Use_highly_variable=True can be called through mask_var="highly_variable". Use_highly_variable=False can be called through mask_var=None
  mask_var_param, mask_var = _handle_mask_var(
[load] /dcs04/hicks/data/Jan/sim_project/sim_paper/data/simulation_spot_z.h5ad
[load] AnnData shape: 43560 observations x 556 genes
[pca] Running PCA with 30 components over all genes
[harmony] Correcting X_pca_pre_harmony by obs['slice_id']
Traceback (most recent call last):
  File "/dcs04/hicks/data/Jan/sim_project/sim_app/env/sim-app-tutorial/lib/python3.10/site-packages/scanpy/external/pp/_harmony_integrate.py", line 90, in harmony_integrate
    import harmonypy
ModuleNotFoundError: No module named 'harmonypy'

The above exception was the direct cause of the following exception:

Traceback (most recent call last):
  File "/dcs04/hicks/data/Jan/sim_project/sim_paper/code/clustering/clustering.py", line 199, in <module>
    main()
  File "/dcs04/hicks/data/Jan/sim_project/sim_paper/code/clustering/clustering.py", line 174, in main
    sce.pp.harmony_integrate(
  File "/dcs04/hicks/data/Jan/sim_project/sim_app/env/sim-app-tutorial/lib/python3.10/site-packages/legacy_api_wrap/__init__.py", line 88, in fn_compatible
    return fn(*args_all, **kw)
  File "/dcs04/hicks/data/Jan/sim_project/sim_app/env/sim-app-tutorial/lib/python3.10/site-packages/scanpy/external/pp/_harmony_integrate.py", line 93, in harmony_integrate
    raise ImportError(msg) from e
ImportError: 
please install harmonypy:

	pip install harmonypy
