Job started: Fri Aug 14 11:35:55 PM EDT 2026
Host: compute-174.cm.cluster
Python: /dcs04/hicks/data/Jan/sim_project/sim_app/env/sim-app-tutorial/bin/python
Modality: bin
Command: /dcs04/hicks/data/Jan/sim_project/sim_app/env/sim-app-tutorial/bin/python sim_paper/code/clustering/pca_harmony.py --modality bin --modality bin --input sim_paper/data/batch_effect_moderate/simulation_bin_z.h5ad --output sim_paper/data/clustering_moderate_batch/bin/pca_harmony_n_neighbors_50/simulation_bin_z_pca_harmony.h5ad --n-neighbors 50
/dcs04/hicks/data/Jan/sim_project/sim_app/env/sim-app-tutorial/lib/python3.10/site-packages/louvain/__init__.py:54: UserWarning: pkg_resources is deprecated as an API. See https://setuptools.pypa.io/en/latest/pkg_resources.html. The pkg_resources package is slated for removal as early as 2025-11-30. Refrain from using this package or pin to Setuptools<81.
  from pkg_resources import get_distribution, DistributionNotFound
/dcs04/hicks/data/Jan/sim_project/sim_app/env/sim-app-tutorial/lib/python3.10/site-packages/legacy_api_wrap/__init__.py:88: UserWarning: Some cells have zero counts
  return fn(*args_all, **kw)
/dcs04/hicks/data/Jan/sim_project/sim_app/env/sim-app-tutorial/lib/python3.10/functools.py:889: UserWarning: zero-centering a sparse array/matrix densifies it.
  return dispatch(args[0].__class__)(*args, **kw)
/dcs04/hicks/data/Jan/sim_project/sim_app/env/sim-app-tutorial/lib/python3.10/site-packages/scanpy/preprocessing/_pca/__init__.py:226: FutureWarning: Argument `use_highly_variable` is deprecated, consider using the mask argument. Use_highly_variable=True can be called through mask_var="highly_variable". Use_highly_variable=False can be called through mask_var=None
  mask_var_param, mask_var = _handle_mask_var(
2026-08-14 23:43:31,501 - harmonypy - INFO - Running Harmony
2026-08-14 23:43:31,501 - harmonypy - INFO -   Parameters:
2026-08-14 23:43:31,501 - harmonypy - INFO -     max_iter_harmony: 10
2026-08-14 23:43:31,501 - harmonypy - INFO -     max_iter_kmeans: 4
2026-08-14 23:43:31,501 - harmonypy - INFO -     epsilon_cluster: 0.001
2026-08-14 23:43:31,501 - harmonypy - INFO -     epsilon_harmony: 0.01
2026-08-14 23:43:31,501 - harmonypy - INFO -     nclust: 100
2026-08-14 23:43:31,501 - harmonypy - INFO -     block_size: 0.05
2026-08-14 23:43:31,501 - harmonypy - INFO -     lamb: dynamic (alpha=0.2)
2026-08-14 23:43:31,502 - harmonypy - INFO -     theta: [2. 2. 2. 2. 2. 2. 2. 2. 2. 2.]
2026-08-14 23:43:31,502 - harmonypy - INFO -     sigma: [0.1 0.1 0.1 0.1 0.1]...
2026-08-14 23:43:31,502 - harmonypy - INFO -     verbose: True
2026-08-14 23:43:31,502 - harmonypy - INFO -     random_state: 0
2026-08-14 23:43:31,502 - harmonypy - INFO -   Data: 30 PCs × 6609690 cells
2026-08-14 23:43:31,502 - harmonypy - INFO -   Batch variables: ['slice_id']
2026-08-14 23:43:34,143 - harmonypy - INFO - Computing initial centroids...
2026-08-14 23:44:58,356 - harmonypy - INFO - Initialization complete.
2026-08-14 23:44:58,357 - harmonypy - INFO - Iteration 1 of 10
2026-08-14 23:46:41,799 - harmonypy - INFO - Iteration 2 of 10
2026-08-14 23:48:28,792 - harmonypy - INFO - Iteration 3 of 10
2026-08-14 23:50:14,306 - harmonypy - INFO - Iteration 4 of 10
2026-08-14 23:51:59,647 - harmonypy - INFO - Converged after 4 iterations
slurmstepd: error: *** JOB 34892452 ON compute-174 CANCELLED AT 2026-08-15T11:58:28 ***
