Job started: Tue Aug 25 03:30:22 AM EDT 2026
Host: compute-176.cm.cluster
Python: /dcs04/hicks/data/Jan/sim_project/sim_app/env/sim-app-banksy/bin/python
Modality: spot
Command: /dcs04/hicks/data/Jan/sim_project/sim_app/env/sim-app-banksy/bin/python sim_paper/code/clustering/pca_harmony.py --modality spot --input sim_paper/data/noisy/packing_pf0p04/simulation_spot_z.h5ad --output sim_paper/data/clustering_packing_pf0p04/spot/pca_harmony/simulation_spot_z_pca_harmony.h5ad
[load] sim_paper/data/noisy/packing_pf0p04/simulation_spot_z.h5ad
[load] AnnData shape: 5290 observations x 556 genes
[pca] Running PCA with 30 components over all genes
/dcs04/hicks/data/Jan/sim_project/sim_app/env/sim-app-banksy/lib/python3.10/site-packages/scanpy/preprocessing/_normalization.py:197: UserWarning: Some cells have zero counts
  warn(UserWarning('Some cells have zero counts'))
[harmony] Correcting X_pca_pre_harmony by obs['slice_id']
2026-08-25 03:30:30,594 - harmonypy - INFO - Running Harmony
2026-08-25 03:30:30,594 - harmonypy - INFO -   Parameters:
2026-08-25 03:30:30,594 - harmonypy - INFO -     max_iter_harmony: 10
2026-08-25 03:30:30,595 - harmonypy - INFO -     max_iter_kmeans: 4
2026-08-25 03:30:30,595 - harmonypy - INFO -     epsilon_cluster: 0.001
2026-08-25 03:30:30,595 - harmonypy - INFO -     epsilon_harmony: 0.01
2026-08-25 03:30:30,595 - harmonypy - INFO -     nclust: 100
2026-08-25 03:30:30,595 - harmonypy - INFO -     block_size: 0.05
2026-08-25 03:30:30,595 - harmonypy - INFO -     lamb: dynamic (alpha=0.2)
2026-08-25 03:30:30,595 - harmonypy - INFO -     theta: [2. 2. 2. 2. 2. 2. 2. 2. 2. 2.]
2026-08-25 03:30:30,595 - harmonypy - INFO -     sigma: [0.1 0.1 0.1 0.1 0.1]...
2026-08-25 03:30:30,595 - harmonypy - INFO -     verbose: True
2026-08-25 03:30:30,595 - harmonypy - INFO -     random_state: 0
2026-08-25 03:30:30,595 - harmonypy - INFO -   Data: 30 PCs × 5290 cells
2026-08-25 03:30:30,595 - harmonypy - INFO -   Batch variables: ['slice_id']
2026-08-25 03:30:30,611 - harmonypy - INFO - Computing initial centroids...
2026-08-25 03:30:30,730 - harmonypy - INFO - Initialization complete.
2026-08-25 03:30:30,730 - harmonypy - INFO - Iteration 1 of 10
2026-08-25 03:30:30,807 - harmonypy - INFO - Iteration 2 of 10
2026-08-25 03:30:30,890 - harmonypy - INFO - Converged after 2 iterations
[plot] Saving PCA before/after plots under sim_paper/data/clustering_packing_pf0p04/spot/pca_harmony/plots
[umap] Computing UMAP before Harmony from PCA
[umap] Computing UMAP after Harmony from PCA
[plot] Saving before/after UMAP plots under sim_paper/data/clustering_packing_pf0p04/spot/pca_harmony/plots
[pc_pairs] Plotting PC pairs by slice_id under sim_paper/data/clustering_packing_pf0p04/spot/pca_harmony/plots/pc_pairs
[pc_pairs] Plotting 30 PCs (15 adjacent pairs) using all observations
[pc_pairs] Saved -> sim_paper/data/clustering_packing_pf0p04/spot/pca_harmony/plots/pc_pairs/by_slice_id/pc_pairs_pre_harmony_by_slice_id.png
[pc_pairs] Saved -> sim_paper/data/clustering_packing_pf0p04/spot/pca_harmony/plots/pc_pairs/by_slice_id/pc_pairs_post_harmony_by_slice_id.png
[save] sim_paper/data/clustering_packing_pf0p04/spot/pca_harmony/simulation_spot_z_pca_harmony.h5ad
Job finished: Tue Aug 25 03:31:04 AM EDT 2026
