Job started: Thu Jul  9 10:06:32 PM EDT 2026
Host: compute-147.cm.cluster
Python: /dcs04/hicks/data/Jan/sim_project/sim_app/env/sim-app-tutorial/bin/python
Modality: cell
Command: /dcs04/hicks/data/Jan/sim_project/sim_app/env/sim-app-tutorial/bin/python sim_paper/code/clustering/gene_harmony_umap.py --modality cell 
/dcs04/hicks/data/Jan/sim_project/sim_app/env/sim-app-tutorial/lib/python3.10/functools.py:889: UserWarning: zero-centering a sparse array/matrix densifies it.
  return dispatch(args[0].__class__)(*args, **kw)
2026-07-09 22:07:58,501 - harmonypy - INFO - Running Harmony
2026-07-09 22:07:58,501 - harmonypy - INFO -   Parameters:
2026-07-09 22:07:58,501 - harmonypy - INFO -     max_iter_harmony: 10
2026-07-09 22:07:58,501 - harmonypy - INFO -     max_iter_kmeans: 4
2026-07-09 22:07:58,501 - harmonypy - INFO -     epsilon_cluster: 0.001
2026-07-09 22:07:58,501 - harmonypy - INFO -     epsilon_harmony: 0.01
2026-07-09 22:07:58,501 - harmonypy - INFO -     nclust: 100
2026-07-09 22:07:58,501 - harmonypy - INFO -     block_size: 0.05
2026-07-09 22:07:58,501 - harmonypy - INFO -     lamb: dynamic (alpha=0.2)
2026-07-09 22:07:58,502 - harmonypy - INFO -     theta: [2. 2. 2. 2. 2. 2. 2. 2. 2. 2.]
2026-07-09 22:07:58,502 - harmonypy - INFO -     sigma: [0.1 0.1 0.1 0.1 0.1]...
2026-07-09 22:07:58,502 - harmonypy - INFO -     verbose: True
2026-07-09 22:07:58,502 - harmonypy - INFO -     random_state: 0
2026-07-09 22:07:58,502 - harmonypy - INFO -   Data: 556 PCs × 600000 cells
2026-07-09 22:07:58,502 - harmonypy - INFO -   Batch variables: ['slice_id']
2026-07-09 22:08:06,083 - harmonypy - INFO - Computing initial centroids...
2026-07-09 22:11:55,554 - harmonypy - INFO - Initialization complete.
2026-07-09 22:11:55,554 - harmonypy - INFO - Iteration 1 of 10
2026-07-09 22:14:15,552 - harmonypy - INFO - Iteration 2 of 10
2026-07-09 22:16:40,062 - harmonypy - INFO - Iteration 3 of 10
2026-07-09 22:19:04,669 - harmonypy - INFO - Converged after 3 iterations
/dcs04/hicks/data/Jan/sim_project/sim_paper/code/clustering/gene_harmony_umap.py:165: UserWarning: This figure includes Axes that are not compatible with tight_layout, so results might be incorrect.
  fig.tight_layout()
[load] /dcs04/hicks/data/Jan/sim_project/sim_paper/data/simulation_cell_z.h5ad
[load] AnnData shape: 600000 observations x 556 genes
[features] Normalizing, log-transforming, and scaling all genes
[harmony] Correcting X_gene_pre_harmony by obs['slice_id']
[umap] Computing UMAP before Harmony from all-gene features
[umap] Computing UMAP after Harmony from all-gene features
[plot] Saving before/after UMAP plots under /dcs04/hicks/data/Jan/sim_project/sim_paper/data/clustering/plots/cell_gene_harmony_umap
[save] /dcs04/hicks/data/Jan/sim_project/sim_paper/data/clustering/simulation_cell_z_gene_harmony_umap.h5ad
Job finished: Thu Jul  9 10:56:30 PM EDT 2026
