Job started: Fri Jul 10 12:16:48 PM EDT 2026
Host: compute-154.cm.cluster
Python: /dcs04/hicks/data/Jan/sim_project/sim_app/env/sim-app-tutorial/bin/python
Modality: cell
Command: /dcs04/hicks/data/Jan/sim_project/sim_app/env/sim-app-tutorial/bin/python sim_paper/code/clustering/leiden_umap.py --modality cell --algorithm louvain --resolution 0.5
[load] /dcs04/hicks/data/Jan/sim_project/sim_paper/data/clustering/cell/pca_harmony/simulation_cell_z_pca_harmony.h5ad
[neighbors] Using first 30 dimensions of X_pca_harmony with n_neighbors=15
[louvain] resolution=0.5, key=cluster_label
Traceback (most recent call last):
  File "/dcs04/hicks/data/Jan/sim_project/sim_paper/code/clustering/leiden_umap.py", line 198, in <module>
    main()
  File "/dcs04/hicks/data/Jan/sim_project/sim_paper/code/clustering/leiden_umap.py", line 167, in main
    cluster_fn(
  File "/dcs04/hicks/data/Jan/sim_project/sim_app/env/sim-app-tutorial/lib/python3.10/site-packages/legacy_api_wrap/__init__.py", line 88, in fn_compatible
    return fn(*args_all, **kw)
  File "/dcs04/hicks/data/Jan/sim_project/sim_app/env/sim-app-tutorial/lib/python3.10/site-packages/scanpy/tools/_louvain.py", line 168, in louvain
    import louvain
  File "/dcs04/hicks/data/Jan/sim_project/sim_app/env/sim-app-tutorial/lib/python3.10/site-packages/louvain/__init__.py", line 54, in <module>
    from pkg_resources import get_distribution, DistributionNotFound
ModuleNotFoundError: No module named 'pkg_resources'
