Job started: Thu Aug 20 05:20:52 PM EDT 2026
Host: compute-174.cm.cluster
Python: /dcs04/hicks/data/Jan/sim_project/sim_app/env/sim-app-tutorial/bin/python
Modality: bin
Command: /dcs04/hicks/data/Jan/sim_project/sim_app/env/sim-app-tutorial/bin/python sim_paper/code/clustering/pca_harmony.py --modality bin --input sim_paper/data/noisy/packing_pf0p03/simulation_bin_z.h5ad --output sim_paper/data/clustering_packing_pf0p03/bin/pca_harmony/simulation_bin_z_pca_harmony.h5ad
/dcs04/hicks/data/Jan/sim_project/sim_app/env/sim-app-tutorial/lib/python3.10/site-packages/louvain/__init__.py:54: UserWarning: pkg_resources is deprecated as an API. See https://setuptools.pypa.io/en/latest/pkg_resources.html. The pkg_resources package is slated for removal as early as 2025-11-30. Refrain from using this package or pin to Setuptools<81.
  from pkg_resources import get_distribution, DistributionNotFound
[load] sim_paper/data/noisy/packing_pf0p03/simulation_bin_z.h5ad
[load] AnnData shape: 948640 observations x 556 genes
[pca] Running PCA with 30 components over all genes
/dcs04/hicks/data/Jan/sim_project/sim_app/env/sim-app-tutorial/lib/python3.10/site-packages/legacy_api_wrap/__init__.py:88: UserWarning: Some cells have zero counts
  return fn(*args_all, **kw)
/dcs04/hicks/data/Jan/sim_project/sim_app/env/sim-app-tutorial/lib/python3.10/functools.py:889: UserWarning: zero-centering a sparse array/matrix densifies it.
  return dispatch(args[0].__class__)(*args, **kw)
/dcs04/hicks/data/Jan/sim_project/sim_app/env/sim-app-tutorial/lib/python3.10/site-packages/scanpy/preprocessing/_pca/__init__.py:226: FutureWarning: Argument `use_highly_variable` is deprecated, consider using the mask argument. Use_highly_variable=True can be called through mask_var="highly_variable". Use_highly_variable=False can be called through mask_var=None
  mask_var_param, mask_var = _handle_mask_var(
[harmony] Correcting X_pca_pre_harmony by obs['slice_id']
2026-08-20 17:22:50,654 - harmonypy - INFO - Running Harmony
2026-08-20 17:22:50,655 - harmonypy - INFO -   Parameters:
2026-08-20 17:22:50,655 - harmonypy - INFO -     max_iter_harmony: 10
2026-08-20 17:22:50,655 - harmonypy - INFO -     max_iter_kmeans: 4
2026-08-20 17:22:50,655 - harmonypy - INFO -     epsilon_cluster: 0.001
2026-08-20 17:22:50,655 - harmonypy - INFO -     epsilon_harmony: 0.01
2026-08-20 17:22:50,655 - harmonypy - INFO -     nclust: 100
2026-08-20 17:22:50,655 - harmonypy - INFO -     block_size: 0.05
2026-08-20 17:22:50,655 - harmonypy - INFO -     lamb: dynamic (alpha=0.2)
2026-08-20 17:22:50,655 - harmonypy - INFO -     theta: [2. 2. 2. 2. 2. 2. 2. 2. 2. 2.]
2026-08-20 17:22:50,655 - harmonypy - INFO -     sigma: [0.1 0.1 0.1 0.1 0.1]...
2026-08-20 17:22:50,655 - harmonypy - INFO -     verbose: True
2026-08-20 17:22:50,655 - harmonypy - INFO -     random_state: 0
2026-08-20 17:22:50,655 - harmonypy - INFO -   Data: 30 PCs × 948640 cells
2026-08-20 17:22:50,655 - harmonypy - INFO -   Batch variables: ['slice_id']
2026-08-20 17:22:51,063 - harmonypy - INFO - Computing initial centroids...
2026-08-20 17:23:04,972 - harmonypy - INFO - Initialization complete.
2026-08-20 17:23:04,973 - harmonypy - INFO - Iteration 1 of 10
2026-08-20 17:23:17,697 - harmonypy - INFO - Iteration 2 of 10
2026-08-20 17:23:31,236 - harmonypy - INFO - Iteration 3 of 10
2026-08-20 17:23:44,729 - harmonypy - INFO - Iteration 4 of 10
2026-08-20 17:23:58,306 - harmonypy - INFO - Iteration 5 of 10
2026-08-20 17:24:11,747 - harmonypy - INFO - Converged after 5 iterations
[plot] Saving PCA before/after plots under sim_paper/data/clustering_packing_pf0p03/bin/pca_harmony/plots
[umap] Subsampling 50,000 / 948,640 observations for the before/after-Harmony UMAP diagnostic plots (full neighbors+UMAP twice is the slow step; not used downstream)
[umap] Computing UMAP before Harmony from PCA
[umap] Computing UMAP after Harmony from PCA
/dcs04/hicks/data/Jan/sim_project/sim_app/env/sim-app-tutorial/lib/python3.10/site-packages/umap/spectral.py:548: UserWarning: Spectral initialisation failed! The eigenvector solver
failed. This is likely due to too small an eigengap. Consider
adding some noise or jitter to your data.

Falling back to random initialisation!
  warn(
/dcs04/hicks/data/Jan/sim_project/sim_app/env/sim-app-tutorial/lib/python3.10/site-packages/umap/spectral.py:548: UserWarning: Spectral initialisation failed! The eigenvector solver
failed. This is likely due to too small an eigengap. Consider
adding some noise or jitter to your data.

Falling back to random initialisation!
  warn(
/dcs04/hicks/data/Jan/sim_project/sim_app/env/sim-app-tutorial/lib/python3.10/site-packages/umap/spectral.py:548: UserWarning: Spectral initialisation failed! The eigenvector solver
failed. This is likely due to too small an eigengap. Consider
adding some noise or jitter to your data.

Falling back to random initialisation!
  warn(
/dcs04/hicks/data/Jan/sim_project/sim_app/env/sim-app-tutorial/lib/python3.10/site-packages/umap/spectral.py:548: UserWarning: Spectral initialisation failed! The eigenvector solver
failed. This is likely due to too small an eigengap. Consider
adding some noise or jitter to your data.

Falling back to random initialisation!
  warn(
/dcs04/hicks/data/Jan/sim_project/sim_app/env/sim-app-tutorial/lib/python3.10/site-packages/umap/spectral.py:548: UserWarning: Spectral initialisation failed! The eigenvector solver
failed. This is likely due to too small an eigengap. Consider
adding some noise or jitter to your data.

Falling back to random initialisation!
  warn(
/dcs04/hicks/data/Jan/sim_project/sim_app/env/sim-app-tutorial/lib/python3.10/site-packages/umap/spectral.py:548: UserWarning: Spectral initialisation failed! The eigenvector solver
failed. This is likely due to too small an eigengap. Consider
adding some noise or jitter to your data.

Falling back to random initialisation!
  warn(
/dcs04/hicks/data/Jan/sim_project/sim_app/env/sim-app-tutorial/lib/python3.10/site-packages/umap/spectral.py:548: UserWarning: Spectral initialisation failed! The eigenvector solver
failed. This is likely due to too small an eigengap. Consider
adding some noise or jitter to your data.

Falling back to random initialisation!
  warn(
/dcs04/hicks/data/Jan/sim_project/sim_app/env/sim-app-tutorial/lib/python3.10/site-packages/umap/spectral.py:548: UserWarning: Spectral initialisation failed! The eigenvector solver
failed. This is likely due to too small an eigengap. Consider
adding some noise or jitter to your data.

Falling back to random initialisation!
  warn(
/dcs04/hicks/data/Jan/sim_project/sim_app/env/sim-app-tutorial/lib/python3.10/site-packages/umap/spectral.py:548: UserWarning: Spectral initialisation failed! The eigenvector solver
failed. This is likely due to too small an eigengap. Consider
adding some noise or jitter to your data.

Falling back to random initialisation!
  warn(
/dcs04/hicks/data/Jan/sim_project/sim_app/env/sim-app-tutorial/lib/python3.10/site-packages/umap/spectral.py:548: UserWarning: Spectral initialisation failed! The eigenvector solver
failed. This is likely due to too small an eigengap. Consider
adding some noise or jitter to your data.

Falling back to random initialisation!
  warn(
[plot] Saving before/after UMAP plots under sim_paper/data/clustering_packing_pf0p03/bin/pca_harmony/plots
/dcs04/hicks/data/Jan/sim_project/sim_paper/code/clustering/pca_harmony.py:257: UserWarning: This figure includes Axes that are not compatible with tight_layout, so results might be incorrect.
  fig.tight_layout()
[pc_pairs] Plotting PC pairs by slice_id under sim_paper/data/clustering_packing_pf0p03/bin/pca_harmony/plots/pc_pairs
[pc_pairs] Plotting 30 PCs (15 adjacent pairs) using 20000 sampled observations
[pc_pairs] Saved -> sim_paper/data/clustering_packing_pf0p03/bin/pca_harmony/plots/pc_pairs/by_slice_id/pc_pairs_pre_harmony_by_slice_id.png
[pc_pairs] Saved -> sim_paper/data/clustering_packing_pf0p03/bin/pca_harmony/plots/pc_pairs/by_slice_id/pc_pairs_post_harmony_by_slice_id.png
[save] sim_paper/data/clustering_packing_pf0p03/bin/pca_harmony/simulation_bin_z_pca_harmony.h5ad
Job finished: Thu Aug 20 05:27:18 PM EDT 2026
