Job started: Fri Jul 10 10:01:22 AM EDT 2026
Host: compute-147.cm.cluster
Python: /dcs04/hicks/data/Jan/sim_project/sim_app/env/sim-app-tutorial/bin/python
Modality: spot
Command: /dcs04/hicks/data/Jan/sim_project/sim_app/env/sim-app-tutorial/bin/python sim_paper/code/clustering/leiden_umap.py --modality spot --resolution 0.5
/dcs04/hicks/data/Jan/sim_project/sim_paper/code/clustering/leiden_umap.py:167: FutureWarning: In the future, the default backend for leiden will be igraph instead of leidenalg.

 To achieve the future defaults please pass: flavor="igraph" and n_iterations=2.  directed must also be False to work with igraph's implementation.
  cluster_fn(
/dcs04/hicks/data/Jan/sim_project/sim_app/env/sim-app-tutorial/lib/python3.10/site-packages/sklearn/manifold/_spectral_embedding.py:328: UserWarning: Graph is not fully connected, spectral embedding may not work as expected.
  warnings.warn(
/dcs04/hicks/data/Jan/sim_project/sim_app/env/sim-app-tutorial/lib/python3.10/site-packages/umap/spectral.py:548: UserWarning: Spectral initialisation failed! The eigenvector solver
failed. This is likely due to too small an eigengap. Consider
adding some noise or jitter to your data.

Falling back to random initialisation!
  warn(
/dcs04/hicks/data/Jan/sim_project/sim_app/env/sim-app-tutorial/lib/python3.10/site-packages/umap/spectral.py:548: UserWarning: Spectral initialisation failed! The eigenvector solver
failed. This is likely due to too small an eigengap. Consider
adding some noise or jitter to your data.

Falling back to random initialisation!
  warn(
/dcs04/hicks/data/Jan/sim_project/sim_paper/code/clustering/leiden_umap.py:113: UserWarning: Tight layout not applied. The bottom and top margins cannot be made large enough to accommodate all Axes decorations.
  fig.tight_layout()
[load] /dcs04/hicks/data/Jan/sim_project/sim_paper/data/clustering/spot/pca_harmony/simulation_spot_z_pca_harmony.h5ad
[neighbors] Using first 30 dimensions of X_pca_harmony with n_neighbors=15
[leiden] resolution=0.5, key=cluster_label
[umap] Computing UMAP from the Harmony PCA neighbor graph
[save] /dcs04/hicks/data/Jan/sim_project/sim_paper/data/clustering/spot/leiden_res0p5/simulation_spot_z_leiden_res0p5.h5ad
Command: /dcs04/hicks/data/Jan/sim_project/sim_app/env/sim-app-tutorial/bin/python sim_paper/code/clustering/leiden_umap.py --modality spot --resolution 0.1
/dcs04/hicks/data/Jan/sim_project/sim_paper/code/clustering/leiden_umap.py:167: FutureWarning: In the future, the default backend for leiden will be igraph instead of leidenalg.

 To achieve the future defaults please pass: flavor="igraph" and n_iterations=2.  directed must also be False to work with igraph's implementation.
  cluster_fn(
/dcs04/hicks/data/Jan/sim_project/sim_app/env/sim-app-tutorial/lib/python3.10/site-packages/sklearn/manifold/_spectral_embedding.py:328: UserWarning: Graph is not fully connected, spectral embedding may not work as expected.
  warnings.warn(
/dcs04/hicks/data/Jan/sim_project/sim_app/env/sim-app-tutorial/lib/python3.10/site-packages/umap/spectral.py:548: UserWarning: Spectral initialisation failed! The eigenvector solver
failed. This is likely due to too small an eigengap. Consider
adding some noise or jitter to your data.

Falling back to random initialisation!
  warn(
/dcs04/hicks/data/Jan/sim_project/sim_app/env/sim-app-tutorial/lib/python3.10/site-packages/umap/spectral.py:548: UserWarning: Spectral initialisation failed! The eigenvector solver
failed. This is likely due to too small an eigengap. Consider
adding some noise or jitter to your data.

Falling back to random initialisation!
  warn(
/dcs04/hicks/data/Jan/sim_project/sim_paper/code/clustering/leiden_umap.py:113: UserWarning: Tight layout not applied. The bottom and top margins cannot be made large enough to accommodate all Axes decorations.
  fig.tight_layout()
[load] /dcs04/hicks/data/Jan/sim_project/sim_paper/data/clustering/spot/pca_harmony/simulation_spot_z_pca_harmony.h5ad
[neighbors] Using first 30 dimensions of X_pca_harmony with n_neighbors=15
[leiden] resolution=0.1, key=cluster_label
[umap] Computing UMAP from the Harmony PCA neighbor graph
[save] /dcs04/hicks/data/Jan/sim_project/sim_paper/data/clustering/spot/leiden_res0p1/simulation_spot_z_leiden_res0p1.h5ad
Command: /dcs04/hicks/data/Jan/sim_project/sim_app/env/sim-app-tutorial/bin/python sim_paper/code/clustering/leiden_umap.py --modality spot --resolution 0.2
/dcs04/hicks/data/Jan/sim_project/sim_paper/code/clustering/leiden_umap.py:167: FutureWarning: In the future, the default backend for leiden will be igraph instead of leidenalg.

 To achieve the future defaults please pass: flavor="igraph" and n_iterations=2.  directed must also be False to work with igraph's implementation.
  cluster_fn(
/dcs04/hicks/data/Jan/sim_project/sim_app/env/sim-app-tutorial/lib/python3.10/site-packages/sklearn/manifold/_spectral_embedding.py:328: UserWarning: Graph is not fully connected, spectral embedding may not work as expected.
  warnings.warn(
/dcs04/hicks/data/Jan/sim_project/sim_app/env/sim-app-tutorial/lib/python3.10/site-packages/umap/spectral.py:548: UserWarning: Spectral initialisation failed! The eigenvector solver
failed. This is likely due to too small an eigengap. Consider
adding some noise or jitter to your data.

Falling back to random initialisation!
  warn(
/dcs04/hicks/data/Jan/sim_project/sim_app/env/sim-app-tutorial/lib/python3.10/site-packages/umap/spectral.py:548: UserWarning: Spectral initialisation failed! The eigenvector solver
failed. This is likely due to too small an eigengap. Consider
adding some noise or jitter to your data.

Falling back to random initialisation!
  warn(
/dcs04/hicks/data/Jan/sim_project/sim_paper/code/clustering/leiden_umap.py:113: UserWarning: Tight layout not applied. The bottom and top margins cannot be made large enough to accommodate all Axes decorations.
  fig.tight_layout()
[load] /dcs04/hicks/data/Jan/sim_project/sim_paper/data/clustering/spot/pca_harmony/simulation_spot_z_pca_harmony.h5ad
[neighbors] Using first 30 dimensions of X_pca_harmony with n_neighbors=15
[leiden] resolution=0.2, key=cluster_label
[umap] Computing UMAP from the Harmony PCA neighbor graph
[save] /dcs04/hicks/data/Jan/sim_project/sim_paper/data/clustering/spot/leiden_res0p2/simulation_spot_z_leiden_res0p2.h5ad
Job finished: Fri Jul 10 10:11:51 AM EDT 2026
