Job started: Fri Jul 10 11:45:45 AM EDT 2026
Host: compute-164.cm.cluster
Python: /dcs04/hicks/data/Jan/sim_project/sim_app/env/sim-app-tutorial/bin/python
Modality: bin
Command: /dcs04/hicks/data/Jan/sim_project/sim_app/env/sim-app-tutorial/bin/python sim_paper/code/clustering/clustering.py --modality bin 
/dcs04/hicks/data/Jan/sim_project/sim_app/env/sim-app-tutorial/lib/python3.10/site-packages/legacy_api_wrap/__init__.py:88: UserWarning: Some cells have zero counts
  return fn(*args_all, **kw)
/dcs04/hicks/data/Jan/sim_project/sim_app/env/sim-app-tutorial/lib/python3.10/functools.py:889: UserWarning: zero-centering a sparse array/matrix densifies it.
  return dispatch(args[0].__class__)(*args, **kw)
/dcs04/hicks/data/Jan/sim_project/sim_app/env/sim-app-tutorial/lib/python3.10/site-packages/scanpy/preprocessing/_pca/__init__.py:226: FutureWarning: Argument `use_highly_variable` is deprecated, consider using the mask argument. Use_highly_variable=True can be called through mask_var="highly_variable". Use_highly_variable=False can be called through mask_var=None
  mask_var_param, mask_var = _handle_mask_var(
2026-07-10 12:03:57,560 - harmonypy - INFO - Running Harmony
2026-07-10 12:03:57,567 - harmonypy - INFO -   Parameters:
2026-07-10 12:03:57,567 - harmonypy - INFO -     max_iter_harmony: 10
2026-07-10 12:03:57,567 - harmonypy - INFO -     max_iter_kmeans: 4
2026-07-10 12:03:57,567 - harmonypy - INFO -     epsilon_cluster: 0.001
2026-07-10 12:03:57,567 - harmonypy - INFO -     epsilon_harmony: 0.01
2026-07-10 12:03:57,567 - harmonypy - INFO -     nclust: 100
2026-07-10 12:03:57,567 - harmonypy - INFO -     block_size: 0.05
2026-07-10 12:03:57,567 - harmonypy - INFO -     lamb: dynamic (alpha=0.2)
2026-07-10 12:03:57,568 - harmonypy - INFO -     theta: [2. 2. 2. 2. 2. 2. 2. 2. 2. 2.]
2026-07-10 12:03:57,568 - harmonypy - INFO -     sigma: [0.1 0.1 0.1 0.1 0.1]...
2026-07-10 12:03:57,568 - harmonypy - INFO -     verbose: True
2026-07-10 12:03:57,568 - harmonypy - INFO -     random_state: 0
2026-07-10 12:03:57,568 - harmonypy - INFO -   Data: 30 PCs × 6609690 cells
2026-07-10 12:03:57,568 - harmonypy - INFO -   Batch variables: ['slice_id']
2026-07-10 12:04:02,608 - harmonypy - INFO - Computing initial centroids...
2026-07-10 12:06:02,355 - harmonypy - INFO - Initialization complete.
2026-07-10 12:06:02,357 - harmonypy - INFO - Iteration 1 of 10
2026-07-10 12:08:44,815 - harmonypy - INFO - Converged after 1 iteration
[load] /dcs04/hicks/data/Jan/sim_project/sim_paper/data/simulation_bin_z.h5ad
[load] AnnData shape: 6609690 observations x 556 genes
[pca] Running PCA with 30 components over all genes
[harmony] Correcting X_pca_pre_harmony by obs['slice_id']
[plot] Saving PCA before/after plots under /dcs04/hicks/data/Jan/sim_project/sim_paper/data/clustering/bin/pca_harmony/plots
[pc_pairs] Plotting PC pairs by slice_id under /dcs04/hicks/data/Jan/sim_project/sim_paper/data/clustering/bin/pca_harmony/plots/pc_pairs
[pc_pairs] Plotting 30 PCs (15 adjacent pairs) using 20000 sampled observations
[pc_pairs] Saved -> /dcs04/hicks/data/Jan/sim_project/sim_paper/data/clustering/bin/pca_harmony/plots/pc_pairs/by_slice_id/pc_pairs_pre_harmony_by_slice_id.png
[pc_pairs] Saved -> /dcs04/hicks/data/Jan/sim_project/sim_paper/data/clustering/bin/pca_harmony/plots/pc_pairs/by_slice_id/pc_pairs_post_harmony_by_slice_id.png
[save] /dcs04/hicks/data/Jan/sim_project/sim_paper/data/clustering/bin/pca_harmony/simulation_bin_z_pca_harmony.h5ad
Job finished: Fri Jul 10 12:16:26 PM EDT 2026
