Job started: Thu Jul  9 03:00:09 PM EDT 2026
Host: compute-058.cm.cluster
Python: /dcs04/hicks/data/Jan/sim_project/sim_app/env/sim-app-tutorial/bin/python
Command: /dcs04/hicks/data/Jan/sim_project/sim_app/env/sim-app-tutorial/bin/python sim_paper/code/clustering/gene_harmony_umap.py 
/dcs04/hicks/data/Jan/sim_project/sim_app/env/sim-app-tutorial/lib/python3.10/site-packages/legacy_api_wrap/__init__.py:88: UserWarning: Some cells have zero counts
  return fn(*args_all, **kw)
/dcs04/hicks/data/Jan/sim_project/sim_app/env/sim-app-tutorial/lib/python3.10/functools.py:889: UserWarning: zero-centering a sparse array/matrix densifies it.
  return dispatch(args[0].__class__)(*args, **kw)
2026-07-09 15:01:30,948 - harmonypy - INFO - Running Harmony
2026-07-09 15:01:30,948 - harmonypy - INFO -   Parameters:
2026-07-09 15:01:30,948 - harmonypy - INFO -     max_iter_harmony: 10
2026-07-09 15:01:30,949 - harmonypy - INFO -     max_iter_kmeans: 4
2026-07-09 15:01:30,949 - harmonypy - INFO -     epsilon_cluster: 0.001
2026-07-09 15:01:30,949 - harmonypy - INFO -     epsilon_harmony: 0.01
2026-07-09 15:01:30,949 - harmonypy - INFO -     nclust: 100
2026-07-09 15:01:30,949 - harmonypy - INFO -     block_size: 0.05
2026-07-09 15:01:30,949 - harmonypy - INFO -     lamb: dynamic (alpha=0.2)
2026-07-09 15:01:30,950 - harmonypy - INFO -     theta: [2. 2. 2. 2. 2. 2. 2. 2. 2. 2.]
2026-07-09 15:01:30,950 - harmonypy - INFO -     sigma: [0.1 0.1 0.1 0.1 0.1]...
2026-07-09 15:01:30,950 - harmonypy - INFO -     verbose: True
2026-07-09 15:01:30,950 - harmonypy - INFO -     random_state: 0
2026-07-09 15:01:30,950 - harmonypy - INFO -   Data: 556 PCs × 43560 cells
2026-07-09 15:01:30,950 - harmonypy - INFO -   Batch variables: ['slice_id']
2026-07-09 15:01:31,885 - harmonypy - INFO - Computing initial centroids...
2026-07-09 15:01:59,648 - harmonypy - INFO - Initialization complete.
2026-07-09 15:01:59,649 - harmonypy - INFO - Iteration 1 of 10
2026-07-09 15:02:15,673 - harmonypy - INFO - Converged after 1 iteration
/dcs04/hicks/data/Jan/sim_project/sim_paper/code/clustering/gene_harmony_umap.py:163: UserWarning: This figure includes Axes that are not compatible with tight_layout, so results might be incorrect.
  fig.tight_layout()
[load] /dcs04/hicks/data/Jan/sim_project/sim_paper/data/simulation_spot_z.h5ad
[load] AnnData shape: 43560 observations x 556 genes
[features] Normalizing, log-transforming, and scaling all genes
[harmony] Correcting X_gene_pre_harmony by obs['slice_id']
[umap] Computing UMAP before Harmony from all-gene features
[umap] Computing UMAP after Harmony from all-gene features
[plot] Saving before/after UMAP plots under /dcs04/hicks/data/Jan/sim_project/sim_paper/data/clustering/plots/gene_harmony_umap
[save] /dcs04/hicks/data/Jan/sim_project/sim_paper/data/clustering/simulation_spot_z_gene_harmony_umap.h5ad
Job finished: Thu Jul  9 03:17:44 PM EDT 2026
