[task] MOD=spot batch=prebatch lambda=0.1 k_geom=8
[load] sim_paper/data/figure_4/spatial_clustering/sim_data/packing_pf0p04_log_mu_-2.5_bsigma03_strongmix/simulation_spot_z_qc.h5ad
[load] AnnData shape: 10019 x 556
[oracle] X <- counts_pre_batch (no per-slice batch effect)
[stagger] offsetting each slice's x coordinate so slices don't overlap
  slice 0: offset x by 0.0
  slice 1: offset x by 20500.0
  slice 2: offset x by 41000.0
  slice 3: offset x by 61500.0
  slice 4: offset x by 82000.0
  slice 5: offset x by 102500.0
  slice 6: offset x by 123000.0
  slice 7: offset x by 143500.0
  slice 8: offset x by 164000.0
  slice 9: offset x by 184500.0

[normalize] normalize_total (no log1p -- BANKSY expects normalized, non-log counts here)
[hvg] skipped -- using all 556 genes (matches pca_harmony.py's convention)

[banksy] k_geom=8 max_m=1 lambda=0.1 decay=scaled_gaussian

Median distance to closest cell = 100.0

---- Ran median_dist_to_nearest_neighbour in 0.02 s ----

---- Ran generate_spatial_distance_graph in 0.03 s ----

---- Ran row_normalize in 0.04 s ----

---- Ran generate_spatial_weights_fixed_nbrs in 0.25 s ----

---- Ran generate_spatial_distance_graph in 0.05 s ----

---- Ran theta_from_spatial_graph in 0.06 s ----

---- Ran row_normalize in 0.03 s ----

---- Ran generate_spatial_weights_fixed_nbrs in 0.34 s ----

Runtime Sep-11-2026-16-45

556 genes to be analysed:
Gene List:
Index(['G1', 'G2', 'G3', 'G4', 'G5', 'G6', 'G7', 'G8', 'G9', 'G10',
       ...
       'G547', 'G548', 'G549', 'G550', 'G551', 'G552', 'G553', 'G554', 'G555',
       'G556'],
      dtype='object', length=556)

Check if X contains only finite (non-NAN) values
Decay Type: scaled_gaussian
Weights Object: {'weights': {0: <10019x10019 sparse matrix of type '<class 'numpy.float64'>'
	with 80152 stored elements in Compressed Sparse Row format>, 1: <10019x10019 sparse matrix of type '<class 'numpy.complex128'>'
	with 160304 stored elements in Compressed Sparse Row format>}}

Nbr matrix | Mean: 17.99 | Std: 19.24
Size of Nbr | Shape: (10019, 556)
Top 3 entries of Nbr Mat:

[[ 2.10675896 27.84974871  1.50641923]
 [14.28143696 15.98114558  0.        ]
 [33.06538303 52.64586665  1.96139189]]

AGF matrix | Mean: 3.74 | Std: 7.05
Size of AGF mat (m = 1) | Shape: (10019, 556)
Top entries of AGF:
[[ 2.54924521  3.97504248  0.74179549]
 [10.01812863  7.34471377  1.19922011]
 [10.0402716   9.99599332  1.6033453 ]]
Ran 'Create BANKSY Matrix' in 0.01 mins

Cell by gene matrix has shape (10019, 556)

Scale factors squared: [0.9        0.06666667 0.03333333]
Scale factors: [0.9486833  0.25819889 0.18257419]
/dcs04/hicks/data/Jan/sim_project/sim_paper/env/sim-app-banksy/lib/python3.10/site-packages/banksy/main.py:368: FutureWarning: X.dtype being converted to np.float32 from float64. In the next version of anndata (0.9) conversion will not be automatic. Pass dtype explicitly to avoid this warning. Pass `AnnData(X, dtype=X.dtype, ...)` to get the future behavour.
  return anndata.AnnData(concatenated_matrix, obs=adata.obs, var=var_combined)
Shape of BANKSY matrix: (10019, 1668)
Type of banksy_matrix: <class 'anndata._core.anndata.AnnData'>

[banksy] BANKSY matrix shape: 10019 x 1668

[pca] pre-Harmony PCA
Current decay types: ['scaled_gaussian']

Reducing dims of dataset in (Index = scaled_gaussian, lambda = 0.1)
==================================================

Setting the total number of PC = 30
Original shape of matrix: (10019, 1668)
Reduced shape of matrix: (10019, 30)
------------------------------------------------------------
min_value = -72.54448699951172, mean = -2.2337116600823492e-09, max = 112.45509338378906

  [plot] saved pca_preharmony_by_slice_id.png
  [plot] saved pca_preharmony_by_domain_true.png
  [plot] saved pca_preharmony_by_cell_type_true.png

[harmony] batch_key=slice_id
2026-09-11 16:45:11,956 - harmonypy - INFO - Running Harmony
2026-09-11 16:45:11,956 - harmonypy - INFO -   Parameters:
2026-09-11 16:45:11,956 - harmonypy - INFO -     max_iter_harmony: 10
2026-09-11 16:45:11,956 - harmonypy - INFO -     max_iter_kmeans: 4
2026-09-11 16:45:11,956 - harmonypy - INFO -     epsilon_cluster: 0.001
2026-09-11 16:45:11,956 - harmonypy - INFO -     epsilon_harmony: 0.01
2026-09-11 16:45:11,956 - harmonypy - INFO -     nclust: 100
2026-09-11 16:45:11,956 - harmonypy - INFO -     block_size: 0.05
2026-09-11 16:45:11,956 - harmonypy - INFO -     lamb: dynamic (alpha=0.2)
2026-09-11 16:45:11,957 - harmonypy - INFO -     theta: [2. 2. 2. 2. 2. 2. 2. 2. 2. 2.]
2026-09-11 16:45:11,957 - harmonypy - INFO -     sigma: [0.1 0.1 0.1 0.1 0.1]...
2026-09-11 16:45:11,957 - harmonypy - INFO -     verbose: True
2026-09-11 16:45:11,957 - harmonypy - INFO -     random_state: 0
2026-09-11 16:45:11,957 - harmonypy - INFO -   Data: 30 PCs × 10019 cells
2026-09-11 16:45:11,957 - harmonypy - INFO -   Batch variables: ['slice_id']
2026-09-11 16:45:11,966 - harmonypy - INFO - Computing initial centroids...
2026-09-11 16:45:12,202 - harmonypy - INFO - Initialization complete.
2026-09-11 16:45:12,202 - harmonypy - INFO - Iteration 1 of 10
2026-09-11 16:45:12,382 - harmonypy - INFO - Converged after 1 iteration
  [plot] saved pca_postharmony_by_slice_id.png
  [plot] saved pca_postharmony_by_domain_true.png
  [plot] saved pca_postharmony_by_cell_type_true.png

[save] sim_paper/data/figure_3/banksy_batch_compare/spot/prebatch/banksy_matrix/simulation_spot_z_banksy_pca_harmony_qc.h5ad
[save] done
/dcs04/hicks/data/Jan/sim_project/sim_paper/env/albis-tutorial/lib/python3.10/site-packages/louvain/__init__.py:54: UserWarning: pkg_resources is deprecated as an API. See https://setuptools.pypa.io/en/latest/pkg_resources.html. The pkg_resources package is slated for removal as early as 2025-11-30. Refrain from using this package or pin to Setuptools<81.
  from pkg_resources import get_distribution, DistributionNotFound
[load] sim_paper/data/figure_3/banksy_batch_compare/spot/prebatch/banksy_matrix/simulation_spot_z_banksy_pca_harmony_qc.h5ad
[load] AnnData shape: 10019 x 1668
[neighbors] n_pcs=30 n_neighbors=15
[ari] domain_true: target_k=6
[ari] domain_true: resolution=0.3837 achieved_k=6 (target 6)  ARI=0.5293
[ari] cell_type_true: target_k=8
[ari] cell_type_true: resolution=0.6641 achieved_k=8 (target 8)  ARI=0.3699
[save] sim_paper/data/figure_3/banksy_batch_compare/spot/prebatch/ari/ari_summary_spot.json
[save] sim_paper/data/figure_3/banksy_batch_compare/spot/prebatch/ari/simulation_spot_z_ari_recovery.h5ad
[score] spot_prebatch  <-  sim_paper/data/figure_3/banksy_batch_compare/spot/prebatch/ari/simulation_spot_z_ari_recovery.h5ad
  [spot_prebatch/cell_type] ARI=0.370 V=0.485 | JSD=0.131 meanR=0.674 R2=0.457 (oracle 0.593) | kNN=0.678 (chance 0.138) | eff#cats=4.85  (leak 0.00)
  [spot_prebatch/domain] ARI=0.529 V=0.540 | JSD=0.280 meanR=0.694 R2=0.511 (oracle 0.937) | kNN=0.742 (chance 0.168) | eff#cats=1.00  (leak 0.00)
     modality  n_obs     level      ari  v_measure  comp_mean_pearson  comp_mean_jsd  comp_r2  comp_r2_oracle  comp_r2_frac_of_oracle  ari_oracle  ari_frac_of_oracle  knn_concordance  knn_chance  eff_cats_per_obs_median  frac_obs_ge80pct  slice_id_leakage_ari
spot_prebatch  10019 cell_type 0.369907   0.484863           0.674476       0.131016 0.457239        0.592711                0.771437    0.701974            0.526953         0.678398    0.137724                 4.850869          0.026849              0.004649
spot_prebatch  10019    domain 0.529283   0.540163           0.694017       0.280472 0.511382        0.936512                0.546050    0.997214            0.530762         0.741777    0.167764                 1.000000          0.801178              0.003178
[done] prebatch  ->  sim_paper/data/figure_3/banksy_batch_compare/spot/prebatch
