[task 0] spot batch_sigma=0.13 lambda=0.1 k_geom=8
Python: /dcs04/hicks/data/Jan/sim_project/sim_paper/env/sim-app-banksy/bin/python
albis module: /dcs04/hicks/data/Jan/sim_project/albis/albis/__init__.py
albis version: 0.1.0

Generating spot data for slice axis Z with theta=2.0, theta_jitter=1.0, noise_scale=1.3, batch_sigma=0.13, base_gene_lognormal=(-2.5, 0.7), n_cells=600000, cell_r_mean=7.5, allow_cell_overlap=False, sphere_r_um=2050.0, capture_window_um=(6500.0, 6500.0), core_fuzz_width_um=102.5, max_shift=1025.0, bin_size_um=8.0
/dcs04/hicks/data/Jan/sim_project/albis/albis/simulation_sphere.py:1511: FutureWarning: X.dtype being converted to np.float32 from int32. In the next version of anndata (0.9) conversion will not be automatic. Pass dtype explicitly to avoid this warning. Pass `AnnData(X, dtype=X.dtype, ...)` to get the future behavour.
  adata_cell_true = ad.AnnData(X=X_cell_true, obs=cell_obs, var=var)
/dcs04/hicks/data/Jan/sim_project/albis/albis/simulation_sphere.py:1515: FutureWarning: X.dtype being converted to np.float32 from int32. In the next version of anndata (0.9) conversion will not be automatic. Pass dtype explicitly to avoid this warning. Pass `AnnData(X, dtype=X.dtype, ...)` to get the future behavour.
  adata_cell_obs = ad.AnnData(X=X_cell_obs, obs=cell_obs, var=var)
/dcs04/hicks/data/Jan/sim_project/albis/albis/simulation_sphere.py:1973: FutureWarning: X.dtype being converted to np.float32 from int32. In the next version of anndata (0.9) conversion will not be automatic. Pass dtype explicitly to avoid this warning. Pass `AnnData(X, dtype=X.dtype, ...)` to get the future behavour.
  ads = ad.AnnData(X=Xs, obs=obs_s, var=var)

Generated AnnData:
AnnData object with n_obs × n_vars = 43560 × 556
    obs: 'slice_axis', 'slice_id', 'spot_spacing_um', 'spot_radius_um', 'window_center0', 'window_center1', 'window_size0', 'window_size1', 'plane_dim0', 'plane_dim1', 'cell_type_true', 'domain_true', 'is_empty'
    var: 'gene_class', 'is_noise', 'is_shared_marker'
    uns: 'batch_effect_factors', 'rigid_perturb_inplane', 'output', 'sim_params'
    obsm: 'spatial', 'cell_type_frac_true', 'domain_frac_true', 'spatial_3d', 'spatial_unaligned', 'spatial_3d_unaligned'
    layers: 'counts_pre_batch'

[nb] empirical theta_hat = 0.22 (real data fits ~0.15-0.16 via count_distribution.py --compare-input; lower --theta further if this is still much higher)

Summary:
{
  "n_obs": 43560,
  "n_vars": 556,
  "total_counts": 12727312,
  "nonzero_counts": 3275403,
  "platform": "spot",
  "slice_axis": "Z",
  "n_slices": 10,
  "slice_ids": [
    0,
    1,
    2,
    3,
    4,
    5,
    6,
    7,
    8,
    9
  ],
  "obs_columns": [
    "slice_axis",
    "slice_id",
    "spot_spacing_um",
    "spot_radius_um",
    "window_center0",
    "window_center1",
    "window_size0",
    "window_size1",
    "plane_dim0",
    "plane_dim1",
    "cell_type_true",
    "domain_true",
    "is_empty"
  ],
  "var_columns": [
    "gene_class",
    "is_noise",
    "is_shared_marker"
  ],
  "layers": [
    "counts_pre_batch"
  ],
  "obsm_keys": [
    "spatial",
    "cell_type_frac_true",
    "domain_frac_true",
    "spatial_3d",
    "spatial_unaligned",
    "spatial_3d_unaligned"
  ],
  "uns_keys": [
    "batch_effect_factors",
    "rigid_perturb_inplane",
    "output",
    "sim_params"
  ],
  "truth_annotations": [
    "layers['counts_pre_batch']",
    "obs['cell_type_true']",
    "obs['domain_true']",
    "obsm['cell_type_frac_true']",
    "obsm['domain_frac_true']"
  ]
}

Saved summary -> /dcs04/hicks/data/Jan/sim_project/sim_paper/data/noisy/spot_batch_slide_bs0.13/simulation_spot_z_summary.json

Generating diagnostic plots...
  saved /dcs04/hicks/data/Jan/sim_project/sim_paper/data/noisy/spot_batch_slide_bs0.13/plots/simulation_spot_z/01_aligned_domain_true.png
  saved /dcs04/hicks/data/Jan/sim_project/sim_paper/data/noisy/spot_batch_slide_bs0.13/plots/simulation_spot_z/02_aligned_cell_type_true.png
  saved /dcs04/hicks/data/Jan/sim_project/sim_paper/data/noisy/spot_batch_slide_bs0.13/plots/simulation_spot_z/03_unaligned_slice_id.png
  saved /dcs04/hicks/data/Jan/sim_project/sim_paper/data/noisy/spot_batch_slide_bs0.13/plots/simulation_spot_z/04_qc_count_distributions.png
  saved /dcs04/hicks/data/Jan/sim_project/sim_paper/data/noisy/spot_batch_slide_bs0.13/plots/simulation_spot_z/05_spots_per_slice.png
  saved /dcs04/hicks/data/Jan/sim_project/sim_paper/data/noisy/spot_batch_slide_bs0.13/plots/simulation_spot_z/06_domain_composition_per_slice.png

All diagnostic plots saved under /dcs04/hicks/data/Jan/sim_project/sim_paper/data/noisy/spot_batch_slide_bs0.13/plots/simulation_spot_z

Saved dataset -> /dcs04/hicks/data/Jan/sim_project/sim_paper/data/noisy/spot_batch_slide_bs0.13/simulation_spot_z.h5ad
/dcs04/hicks/data/Jan/sim_project/sim_paper/env/albis-tutorial/lib/python3.10/site-packages/louvain/__init__.py:54: UserWarning: pkg_resources is deprecated as an API. See https://setuptools.pypa.io/en/latest/pkg_resources.html. The pkg_resources package is slated for removal as early as 2025-11-30. Refrain from using this package or pin to Setuptools<81.
  from pkg_resources import get_distribution, DistributionNotFound
[load] sim_paper/data/noisy/spot_batch_slide_bs0.13/simulation_spot_z.h5ad
[load] AnnData shape: 43560 x 556
[qc] fully-empty (total_counts == 0): 33514 (76.94%)
[qc] near-empty (0 < total_counts, n_genes < 3): 28 (0.06%)
[qc] dropped 33542 observations (77.00%); 10018 remain
[save] sim_paper/data/noisy/spot_batch_slide_bs0.13/simulation_spot_z_qc_summary.json
[save] sim_paper/data/noisy/spot_batch_slide_bs0.13/simulation_spot_z_qc.h5ad
[load] sim_paper/data/noisy/spot_batch_slide_bs0.13/simulation_spot_z_qc.h5ad
[load] AnnData shape: 10018 x 556
[stagger] offsetting each slice's x coordinate so slices don't overlap
  slice 0: offset x by 0.0
  slice 1: offset x by 20500.0
  slice 2: offset x by 41000.0
  slice 3: offset x by 61500.0
  slice 4: offset x by 82000.0
  slice 5: offset x by 102500.0
  slice 6: offset x by 123000.0
  slice 7: offset x by 143500.0
  slice 8: offset x by 164000.0
  slice 9: offset x by 184500.0

[normalize] normalize_total (no log1p -- BANKSY expects normalized, non-log counts here)
[hvg] skipped -- using all 556 genes (matches pca_harmony.py's convention)

[banksy] k_geom=8 max_m=1 lambda=0.1 decay=scaled_gaussian

Median distance to closest cell = 100.0

---- Ran median_dist_to_nearest_neighbour in 0.02 s ----

---- Ran generate_spatial_distance_graph in 0.03 s ----

---- Ran row_normalize in 0.04 s ----

---- Ran generate_spatial_weights_fixed_nbrs in 0.30 s ----

---- Ran generate_spatial_distance_graph in 0.05 s ----

---- Ran theta_from_spatial_graph in 0.07 s ----

---- Ran row_normalize in 0.04 s ----

---- Ran generate_spatial_weights_fixed_nbrs in 0.40 s ----

Runtime Sep-14-2026-08-51

556 genes to be analysed:
Gene List:
Index(['G1', 'G2', 'G3', 'G4', 'G5', 'G6', 'G7', 'G8', 'G9', 'G10',
       ...
       'G547', 'G548', 'G549', 'G550', 'G551', 'G552', 'G553', 'G554', 'G555',
       'G556'],
      dtype='object', length=556)

Check if X contains only finite (non-NAN) values
Decay Type: scaled_gaussian
Weights Object: {'weights': {0: <10018x10018 sparse matrix of type '<class 'numpy.float64'>'
	with 80144 stored elements in Compressed Sparse Row format>, 1: <10018x10018 sparse matrix of type '<class 'numpy.complex128'>'
	with 160288 stored elements in Compressed Sparse Row format>}}

Nbr matrix | Mean: 17.99 | Std: 20.64
Size of Nbr | Shape: (10018, 556)
Top 3 entries of Nbr Mat:

[[ 5.02554246 46.19017546  1.43081827]
 [ 8.45130994 13.81302208  0.        ]
 [16.55085203 44.07547299  1.88844769]]

AGF matrix | Mean: 4.75 | Std: 8.08
Size of AGF mat (m = 1) | Shape: (10018, 556)
Top entries of AGF:
[[ 1.10335878 12.61829345  0.71000073]
 [ 4.28436893  1.57717184  1.15167773]
 [ 5.06376753 11.49610713  1.40772648]]
Ran 'Create BANKSY Matrix' in 0.01 mins

Cell by gene matrix has shape (10018, 556)

Scale factors squared: [0.9        0.06666667 0.03333333]
Scale factors: [0.9486833  0.25819889 0.18257419]
/dcs04/hicks/data/Jan/sim_project/sim_paper/env/sim-app-banksy/lib/python3.10/site-packages/banksy/main.py:368: FutureWarning: X.dtype being converted to np.float32 from float64. In the next version of anndata (0.9) conversion will not be automatic. Pass dtype explicitly to avoid this warning. Pass `AnnData(X, dtype=X.dtype, ...)` to get the future behavour.
  return anndata.AnnData(concatenated_matrix, obs=adata.obs, var=var_combined)
Shape of BANKSY matrix: (10018, 1668)
Type of banksy_matrix: <class 'anndata._core.anndata.AnnData'>

[banksy] BANKSY matrix shape: 10018 x 1668

[pca] pre-Harmony PCA
Current decay types: ['scaled_gaussian']

Reducing dims of dataset in (Index = scaled_gaussian, lambda = 0.1)
==================================================

Setting the total number of PC = 30
Original shape of matrix: (10018, 1668)
Reduced shape of matrix: (10018, 30)
------------------------------------------------------------
min_value = -50.53102111816406, mean = 2.233934592865694e-09, max = 98.64353942871094

  [plot] saved pca_preharmony_by_slice_id.png
  [plot] saved pca_preharmony_by_domain_true.png
  [plot] saved pca_preharmony_by_cell_type_true.png

[harmony] batch_key=slice_id
2026-09-14 08:51:41,413 - harmonypy - INFO - Running Harmony
2026-09-14 08:51:41,413 - harmonypy - INFO -   Parameters:
2026-09-14 08:51:41,413 - harmonypy - INFO -     max_iter_harmony: 10
2026-09-14 08:51:41,413 - harmonypy - INFO -     max_iter_kmeans: 4
2026-09-14 08:51:41,413 - harmonypy - INFO -     epsilon_cluster: 0.001
2026-09-14 08:51:41,413 - harmonypy - INFO -     epsilon_harmony: 0.01
2026-09-14 08:51:41,413 - harmonypy - INFO -     nclust: 100
2026-09-14 08:51:41,413 - harmonypy - INFO -     block_size: 0.05
2026-09-14 08:51:41,413 - harmonypy - INFO -     lamb: dynamic (alpha=0.2)
2026-09-14 08:51:41,413 - harmonypy - INFO -     theta: [2. 2. 2. 2. 2. 2. 2. 2. 2. 2.]
2026-09-14 08:51:41,414 - harmonypy - INFO -     sigma: [0.1 0.1 0.1 0.1 0.1]...
2026-09-14 08:51:41,414 - harmonypy - INFO -     verbose: True
2026-09-14 08:51:41,414 - harmonypy - INFO -     random_state: 0
2026-09-14 08:51:41,414 - harmonypy - INFO -   Data: 30 PCs × 10018 cells
2026-09-14 08:51:41,414 - harmonypy - INFO -   Batch variables: ['slice_id']
2026-09-14 08:51:41,420 - harmonypy - INFO - Computing initial centroids...
2026-09-14 08:51:41,672 - harmonypy - INFO - Initialization complete.
2026-09-14 08:51:41,673 - harmonypy - INFO - Iteration 1 of 10
2026-09-14 08:51:41,850 - harmonypy - INFO - Iteration 2 of 10
2026-09-14 08:51:42,038 - harmonypy - INFO - Iteration 3 of 10
2026-09-14 08:51:42,226 - harmonypy - INFO - Iteration 4 of 10
2026-09-14 08:51:42,415 - harmonypy - INFO - Iteration 5 of 10
2026-09-14 08:51:42,603 - harmonypy - INFO - Iteration 6 of 10
2026-09-14 08:51:42,793 - harmonypy - INFO - Iteration 7 of 10
2026-09-14 08:51:42,986 - harmonypy - INFO - Iteration 8 of 10
2026-09-14 08:51:43,176 - harmonypy - INFO - Converged after 8 iterations
  [plot] saved pca_postharmony_by_slice_id.png
  [plot] saved pca_postharmony_by_domain_true.png
  [plot] saved pca_postharmony_by_cell_type_true.png

[save] sim_paper/data/figure_3/cellbin_batch_sigma_slide/spot/bs0.13/banksy_matrix/simulation_spot_z_banksy_pca_harmony_qc.h5ad
[save] done
/dcs04/hicks/data/Jan/sim_project/sim_paper/env/albis-tutorial/lib/python3.10/site-packages/louvain/__init__.py:54: UserWarning: pkg_resources is deprecated as an API. See https://setuptools.pypa.io/en/latest/pkg_resources.html. The pkg_resources package is slated for removal as early as 2025-11-30. Refrain from using this package or pin to Setuptools<81.
  from pkg_resources import get_distribution, DistributionNotFound
[load] sim_paper/data/figure_3/cellbin_batch_sigma_slide/spot/bs0.13/banksy_matrix/simulation_spot_z_banksy_pca_harmony_qc.h5ad
[load] AnnData shape: 10018 x 1668
[neighbors] n_pcs=30 n_neighbors=15
[ari] domain_true: target_k=6
[ari] domain_true: resolution=0.0188 achieved_k=6 (target 6)  ARI=0.0013
[ari] cell_type_true: target_k=8
[ari] cell_type_true: resolution=0.0246 achieved_k=8 (target 8)  ARI=-0.0007
[save] sim_paper/data/figure_3/cellbin_batch_sigma_slide/spot/bs0.13/ari/ari_summary_spot.json
[save] sim_paper/data/figure_3/cellbin_batch_sigma_slide/spot/bs0.13/ari/simulation_spot_z_ari_recovery.h5ad
[score] spot_bs0.13  <-  sim_paper/data/figure_3/cellbin_batch_sigma_slide/spot/bs0.13/ari/simulation_spot_z_ari_recovery.h5ad
  [spot_bs0.13/cell_type] ARI=-0.001 V=0.018 | JSD=0.216 meanR=0.099 R2=0.011 (oracle 0.593) | kNN=0.570 (chance 0.138) | eff#cats=4.85  (leak 0.00)
  [spot_bs0.13/domain] ARI=0.001 V=0.016 | JSD=0.589 meanR=0.081 R2=0.007 (oracle 0.937) | kNN=0.657 (chance 0.168) | eff#cats=1.00  (leak -0.00)
   modality  n_obs     level       ari  v_measure  comp_mean_pearson  comp_mean_jsd  comp_r2  comp_r2_oracle  comp_r2_frac_of_oracle  ari_oracle  ari_frac_of_oracle  knn_concordance  knn_chance  eff_cats_per_obs_median  frac_obs_ge80pct  slice_id_leakage_ari
spot_bs0.13  10018 cell_type -0.000704   0.018247           0.098887       0.215504 0.011033        0.592712                0.018614    0.702109           -0.001003         0.569601    0.137734                 4.851053          0.026752              0.000235
spot_bs0.13  10018    domain  0.001268   0.016282           0.081345       0.589055 0.007303        0.936506                0.007798    0.997213            0.001271         0.657317    0.167757                 1.000000          0.801158             -0.000296
[done] bs0.13  ->  sim_paper/data/figure_3/cellbin_batch_sigma_slide/spot/bs0.13
