[task] MOD=spot batch=tuned lambda=0.1 k_geom=8 (corrected dispersion)
[load] sim_paper/data/noisy/spot_batch_slide_corrected_bs0.3/simulation_spot_z_qc.h5ad
[load] AnnData shape: 10031 x 556
[stagger] offsetting each slice's x coordinate so slices don't overlap
  slice 0: offset x by 0.0
  slice 1: offset x by 20500.0
  slice 2: offset x by 41000.0
  slice 3: offset x by 61500.0
  slice 4: offset x by 82000.0
  slice 5: offset x by 102500.0
  slice 6: offset x by 123000.0
  slice 7: offset x by 143500.0
  slice 8: offset x by 164000.0
  slice 9: offset x by 184500.0

[normalize] normalize_total (no log1p -- BANKSY expects normalized, non-log counts here)
[hvg] skipped -- using all 556 genes (matches pca_harmony.py's convention)

[banksy] k_geom=8 max_m=1 lambda=0.1 decay=scaled_gaussian

Median distance to closest cell = 100.0

---- Ran median_dist_to_nearest_neighbour in 0.02 s ----

---- Ran generate_spatial_distance_graph in 0.02 s ----

---- Ran row_normalize in 0.02 s ----

---- Ran generate_spatial_weights_fixed_nbrs in 0.17 s ----

---- Ran generate_spatial_distance_graph in 0.04 s ----

---- Ran theta_from_spatial_graph in 0.04 s ----

---- Ran row_normalize in 0.02 s ----

---- Ran generate_spatial_weights_fixed_nbrs in 0.23 s ----

Runtime Sep-14-2026-10-25

556 genes to be analysed:
Gene List:
Index(['G1', 'G2', 'G3', 'G4', 'G5', 'G6', 'G7', 'G8', 'G9', 'G10',
       ...
       'G547', 'G548', 'G549', 'G550', 'G551', 'G552', 'G553', 'G554', 'G555',
       'G556'],
      dtype='object', length=556)

Check if X contains only finite (non-NAN) values
Decay Type: scaled_gaussian
Weights Object: {'weights': {0: <10031x10031 sparse matrix of type '<class 'numpy.float64'>'
	with 80248 stored elements in Compressed Sparse Row format>, 1: <10031x10031 sparse matrix of type '<class 'numpy.complex128'>'
	with 160496 stored elements in Compressed Sparse Row format>}}

Nbr matrix | Mean: 17.99 | Std: 21.5
Size of Nbr | Shape: (10031, 556)
Top 3 entries of Nbr Mat:

[[26.39146093 12.40025286  0.        ]
 [17.76493511 10.53527824 60.16312585]
 [13.07933281 36.96566287 14.00922678]]

AGF matrix | Mean: 4.67 | Std: 7.91
Size of AGF mat (m = 1) | Shape: (10031, 556)
Top entries of AGF:
[[ 1.64481428  3.59334986  0.        ]
 [ 6.05872649 10.49812031 40.28101448]
 [ 6.10225288 17.24346852 18.91660347]]
Ran 'Create BANKSY Matrix' in 0.01 mins

Cell by gene matrix has shape (10031, 556)

Scale factors squared: [0.9        0.06666667 0.03333333]
Scale factors: [0.9486833  0.25819889 0.18257419]
/dcs04/hicks/data/Jan/sim_project/sim_paper/env/sim-app-banksy/lib/python3.10/site-packages/banksy/main.py:368: FutureWarning: X.dtype being converted to np.float32 from float64. In the next version of anndata (0.9) conversion will not be automatic. Pass dtype explicitly to avoid this warning. Pass `AnnData(X, dtype=X.dtype, ...)` to get the future behavour.
  return anndata.AnnData(concatenated_matrix, obs=adata.obs, var=var_combined)
Shape of BANKSY matrix: (10031, 1668)
Type of banksy_matrix: <class 'anndata._core.anndata.AnnData'>

[banksy] BANKSY matrix shape: 10031 x 1668

[pca] pre-Harmony PCA
Current decay types: ['scaled_gaussian']

Reducing dims of dataset in (Index = scaled_gaussian, lambda = 0.1)
==================================================

Setting the total number of PC = 30
Original shape of matrix: (10031, 1668)
Reduced shape of matrix: (10031, 30)
------------------------------------------------------------
min_value = -41.41314697265625, mean = -1.170281649365279e-07, max = 104.83222198486328

  [plot] saved pca_preharmony_by_slice_id.png
  [plot] saved pca_preharmony_by_domain_true.png
  [plot] saved pca_preharmony_by_cell_type_true.png

[harmony] batch_key=slice_id
2026-09-14 10:25:08,942 - harmonypy - INFO - Running Harmony
2026-09-14 10:25:08,942 - harmonypy - INFO -   Parameters:
2026-09-14 10:25:08,942 - harmonypy - INFO -     max_iter_harmony: 10
2026-09-14 10:25:08,942 - harmonypy - INFO -     max_iter_kmeans: 4
2026-09-14 10:25:08,942 - harmonypy - INFO -     epsilon_cluster: 0.001
2026-09-14 10:25:08,942 - harmonypy - INFO -     epsilon_harmony: 0.01
2026-09-14 10:25:08,942 - harmonypy - INFO -     nclust: 100
2026-09-14 10:25:08,942 - harmonypy - INFO -     block_size: 0.05
2026-09-14 10:25:08,942 - harmonypy - INFO -     lamb: dynamic (alpha=0.2)
2026-09-14 10:25:08,942 - harmonypy - INFO -     theta: [2. 2. 2. 2. 2. 2. 2. 2. 2. 2.]
2026-09-14 10:25:08,942 - harmonypy - INFO -     sigma: [0.1 0.1 0.1 0.1 0.1]...
2026-09-14 10:25:08,942 - harmonypy - INFO -     verbose: True
2026-09-14 10:25:08,942 - harmonypy - INFO -     random_state: 0
2026-09-14 10:25:08,942 - harmonypy - INFO -   Data: 30 PCs × 10031 cells
2026-09-14 10:25:08,942 - harmonypy - INFO -   Batch variables: ['slice_id']
2026-09-14 10:25:08,949 - harmonypy - INFO - Computing initial centroids...
2026-09-14 10:25:09,114 - harmonypy - INFO - Initialization complete.
2026-09-14 10:25:09,114 - harmonypy - INFO - Iteration 1 of 10
2026-09-14 10:25:09,237 - harmonypy - INFO - Iteration 2 of 10
2026-09-14 10:25:09,367 - harmonypy - INFO - Converged after 2 iterations
  [plot] saved pca_postharmony_by_slice_id.png
  [plot] saved pca_postharmony_by_domain_true.png
  [plot] saved pca_postharmony_by_cell_type_true.png

[save] sim_paper/data/figure_3/banksy_batch_compare/spot/tuned/banksy_matrix/simulation_spot_z_banksy_pca_harmony_qc.h5ad
[save] done
/dcs04/hicks/data/Jan/sim_project/sim_paper/env/albis-tutorial/lib/python3.10/site-packages/louvain/__init__.py:54: UserWarning: pkg_resources is deprecated as an API. See https://setuptools.pypa.io/en/latest/pkg_resources.html. The pkg_resources package is slated for removal as early as 2025-11-30. Refrain from using this package or pin to Setuptools<81.
  from pkg_resources import get_distribution, DistributionNotFound
[load] sim_paper/data/figure_3/banksy_batch_compare/spot/tuned/banksy_matrix/simulation_spot_z_banksy_pca_harmony_qc.h5ad
[load] AnnData shape: 10031 x 1668
[neighbors] n_pcs=30 n_neighbors=15
[ari] domain_true: target_k=6
[ari] domain_true: resolution=0.1385 achieved_k=6 (target 6)  ARI=0.3606
[ari] cell_type_true: target_k=8
[ari] cell_type_true: resolution=0.2436 achieved_k=8 (target 8)  ARI=0.2879
[save] sim_paper/data/figure_3/banksy_batch_compare/spot/tuned/ari/ari_summary_spot.json
[save] sim_paper/data/figure_3/banksy_batch_compare/spot/tuned/ari/simulation_spot_z_ari_recovery.h5ad
[score] spot_tuned  <-  sim_paper/data/figure_3/banksy_batch_compare/spot/tuned/ari/simulation_spot_z_ari_recovery.h5ad
  [spot_tuned/cell_type] ARI=0.288 V=0.340 | JSD=0.155 meanR=0.560 R2=0.325 (oracle 0.591) | kNN=0.561 (chance 0.138) | eff#cats=4.85  (leak 0.08)
  [spot_tuned/domain] ARI=0.361 V=0.393 | JSD=0.376 meanR=0.561 R2=0.325 (oracle 0.936) | kNN=0.686 (chance 0.168) | eff#cats=1.00  (leak 0.04)
  modality  n_obs     level      ari  v_measure  comp_mean_pearson  comp_mean_jsd  comp_r2  comp_r2_oracle  comp_r2_frac_of_oracle  ari_oracle  ari_frac_of_oracle  knn_concordance  knn_chance  eff_cats_per_obs_median  frac_obs_ge80pct  slice_id_leakage_ari
spot_tuned  10031 cell_type 0.287871   0.339927           0.559669       0.155312 0.325235        0.591368                0.549971    0.702109            0.410009         0.561147    0.137977                 4.853687          0.028512              0.078145
spot_tuned  10031    domain 0.360620   0.392530           0.560908       0.376399 0.324536        0.936309                0.346612    0.996481            0.361893         0.686472    0.167833                 1.000000          0.800219              0.040056
[done] tuned  ->  sim_paper/data/figure_3/banksy_batch_compare/spot/tuned
