[ari] resolution-matched ARI recovery
/dcs04/hicks/data/Jan/sim_project/sim_app/env/sim-app-tutorial/lib/python3.10/site-packages/louvain/__init__.py:54: UserWarning: pkg_resources is deprecated as an API. See https://setuptools.pypa.io/en/latest/pkg_resources.html. The pkg_resources package is slated for removal as early as 2025-11-30. Refrain from using this package or pin to Setuptools<81.
  from pkg_resources import get_distribution, DistributionNotFound
[load] sim_paper/data/clustering_packing_pf0p04_bsigma015_strongdomainmix/spot/banksy_pca_harmony_qc/simulation_spot_z_banksy_pca_harmony_qc.h5ad
[load] AnnData shape: 5129 x 1668
[neighbors] n_pcs=30 n_neighbors=15
[ari] domain_true: target_k=6
[ari] domain_true: resolution=0.0567 achieved_k=6 (target 6)  ARI=0.6112
[ari] cell_type_true: target_k=8
[ari] cell_type_true: resolution=0.1969 achieved_k=8 (target 8)  ARI=0.2749
[save] sim_paper/data/clustering_packing_pf0p04_bsigma015_strongdomainmix/spot/banksy_ari_recovery/ari_summary_spot.json
[save] sim_paper/data/clustering_packing_pf0p04_bsigma015_strongdomainmix/spot/banksy_ari_recovery/simulation_spot_z_ari_recovery.h5ad
[leiden] domain_true-matched-resolution qualitative plots (resolution=0.05671875, UMAP true-vs-predicted, contingency heatmap)
/dcs04/hicks/data/Jan/sim_project/sim_app/env/sim-app-tutorial/lib/python3.10/site-packages/louvain/__init__.py:54: UserWarning: pkg_resources is deprecated as an API. See https://setuptools.pypa.io/en/latest/pkg_resources.html. The pkg_resources package is slated for removal as early as 2025-11-30. Refrain from using this package or pin to Setuptools<81.
  from pkg_resources import get_distribution, DistributionNotFound
[load] sim_paper/data/clustering_packing_pf0p04_bsigma015_strongdomainmix/spot/banksy_pca_harmony_qc/simulation_spot_z_banksy_pca_harmony_qc.h5ad
[neighbors] Using first 30 dimensions of X_pca_harmony with n_neighbors=15
[leiden] resolution=0.05671875, key=cluster_label
[umap] Computing UMAP from the pca_harmony neighbor graph
[save] sim_paper/data/clustering_packing_pf0p04_bsigma015_strongdomainmix/spot/leiden_pca_banksy_domain_matched/simulation_spot_z_leiden_pca_res0p05671875.h5ad
[done] domain_true ARI -> sim_paper/data/clustering_packing_pf0p04_bsigma015_strongdomainmix/spot/banksy_ari_recovery/ari_summary_spot.json
