[task 4] lambda=0.5 k_geom=6 (tuned/real batch)
[load] sim_paper/data/figure_4/spatial_clustering/sim_data/packing_pf0p04_log_mu_-2.5_bsigma03_strongmix/simulation_spot_z_qc.h5ad
[load] AnnData shape: 10019 x 556
[stagger] offsetting each slice's x coordinate so slices don't overlap
  slice 0: offset x by 0.0
  slice 1: offset x by 20500.0
  slice 2: offset x by 41000.0
  slice 3: offset x by 61500.0
  slice 4: offset x by 82000.0
  slice 5: offset x by 102500.0
  slice 6: offset x by 123000.0
  slice 7: offset x by 143500.0
  slice 8: offset x by 164000.0
  slice 9: offset x by 184500.0

[normalize] normalize_total (no log1p -- BANKSY expects normalized, non-log counts here)
[hvg] skipped -- using all 556 genes (matches pca_harmony.py's convention)

[banksy] k_geom=6 max_m=1 lambda=0.5 decay=scaled_gaussian

Median distance to closest cell = 100.0

---- Ran median_dist_to_nearest_neighbour in 0.02 s ----

---- Ran generate_spatial_distance_graph in 0.03 s ----

---- Ran row_normalize in 0.03 s ----

---- Ran generate_spatial_weights_fixed_nbrs in 0.22 s ----

---- Ran generate_spatial_distance_graph in 0.04 s ----

---- Ran theta_from_spatial_graph in 0.05 s ----

---- Ran row_normalize in 0.03 s ----

---- Ran generate_spatial_weights_fixed_nbrs in 0.28 s ----

Runtime Sep-11-2026-12-06

556 genes to be analysed:
Gene List:
Index(['G1', 'G2', 'G3', 'G4', 'G5', 'G6', 'G7', 'G8', 'G9', 'G10',
       ...
       'G547', 'G548', 'G549', 'G550', 'G551', 'G552', 'G553', 'G554', 'G555',
       'G556'],
      dtype='object', length=556)

Check if X contains only finite (non-NAN) values
Decay Type: scaled_gaussian
Weights Object: {'weights': {0: <10019x10019 sparse matrix of type '<class 'numpy.float64'>'
	with 60114 stored elements in Compressed Sparse Row format>, 1: <10019x10019 sparse matrix of type '<class 'numpy.complex128'>'
	with 120228 stored elements in Compressed Sparse Row format>}}

Nbr matrix | Mean: 17.99 | Std: 22.57
Size of Nbr | Shape: (10019, 556)
Top 3 entries of Nbr Mat:

[[ 0.         28.58964552  2.07754082]
 [19.19897724  9.56002284  0.        ]
 [53.09015738 27.01236831  0.        ]]

AGF matrix | Mean: 5.33 | Std: 9.49
Size of AGF mat (m = 1) | Shape: (10019, 556)
Top entries of AGF:
[[ 4.75690173 11.83860176  1.44657689]
 [16.99686908  6.94846508  2.39603372]
 [17.48655732 10.28336836  2.70209259]]
Ran 'Create BANKSY Matrix' in 0.01 mins

Cell by gene matrix has shape (10019, 556)

Scale factors squared: [0.5        0.33333333 0.16666667]
Scale factors: [0.70710678 0.57735027 0.40824829]
/dcs04/hicks/data/Jan/sim_project/sim_paper/env/sim-app-banksy/lib/python3.10/site-packages/banksy/main.py:368: FutureWarning: X.dtype being converted to np.float32 from float64. In the next version of anndata (0.9) conversion will not be automatic. Pass dtype explicitly to avoid this warning. Pass `AnnData(X, dtype=X.dtype, ...)` to get the future behavour.
  return anndata.AnnData(concatenated_matrix, obs=adata.obs, var=var_combined)
Shape of BANKSY matrix: (10019, 1668)
Type of banksy_matrix: <class 'anndata._core.anndata.AnnData'>

[banksy] BANKSY matrix shape: 10019 x 1668

[pca] pre-Harmony PCA
Current decay types: ['scaled_gaussian']

Reducing dims of dataset in (Index = scaled_gaussian, lambda = 0.5)
==================================================

Setting the total number of PC = 30
Original shape of matrix: (10019, 1668)
Reduced shape of matrix: (10019, 30)
------------------------------------------------------------
min_value = -31.37856101989746, mean = -4.386197360872757e-08, max = 49.940467834472656

  [plot] saved pca_preharmony_by_slice_id.png
  [plot] saved pca_preharmony_by_domain_true.png
  [plot] saved pca_preharmony_by_cell_type_true.png

[harmony] batch_key=slice_id
2026-09-11 12:06:06,901 - harmonypy - INFO - Running Harmony
2026-09-11 12:06:06,901 - harmonypy - INFO -   Parameters:
2026-09-11 12:06:06,901 - harmonypy - INFO -     max_iter_harmony: 10
2026-09-11 12:06:06,901 - harmonypy - INFO -     max_iter_kmeans: 4
2026-09-11 12:06:06,901 - harmonypy - INFO -     epsilon_cluster: 0.001
2026-09-11 12:06:06,901 - harmonypy - INFO -     epsilon_harmony: 0.01
2026-09-11 12:06:06,901 - harmonypy - INFO -     nclust: 100
2026-09-11 12:06:06,901 - harmonypy - INFO -     block_size: 0.05
2026-09-11 12:06:06,901 - harmonypy - INFO -     lamb: dynamic (alpha=0.2)
2026-09-11 12:06:06,901 - harmonypy - INFO -     theta: [2. 2. 2. 2. 2. 2. 2. 2. 2. 2.]
2026-09-11 12:06:06,901 - harmonypy - INFO -     sigma: [0.1 0.1 0.1 0.1 0.1]...
2026-09-11 12:06:06,901 - harmonypy - INFO -     verbose: True
2026-09-11 12:06:06,901 - harmonypy - INFO -     random_state: 0
2026-09-11 12:06:06,901 - harmonypy - INFO -   Data: 30 PCs × 10019 cells
2026-09-11 12:06:06,901 - harmonypy - INFO -   Batch variables: ['slice_id']
2026-09-11 12:06:06,911 - harmonypy - INFO - Computing initial centroids...
2026-09-11 12:06:07,115 - harmonypy - INFO - Initialization complete.
2026-09-11 12:06:07,115 - harmonypy - INFO - Iteration 1 of 10
2026-09-11 12:06:07,263 - harmonypy - INFO - Iteration 2 of 10
2026-09-11 12:06:07,420 - harmonypy - INFO - Converged after 2 iterations
  [plot] saved pca_postharmony_by_slice_id.png
  [plot] saved pca_postharmony_by_domain_true.png
  [plot] saved pca_postharmony_by_cell_type_true.png

[save] sim_paper/data/figure_3/spot_kgeom_sweep_tuned/lambda0.5_kgeom6/banksy_matrix/simulation_spot_z_banksy_pca_harmony_qc.h5ad
[save] done
/dcs04/hicks/data/Jan/sim_project/sim_paper/env/albis-tutorial/lib/python3.10/site-packages/louvain/__init__.py:54: UserWarning: pkg_resources is deprecated as an API. See https://setuptools.pypa.io/en/latest/pkg_resources.html. The pkg_resources package is slated for removal as early as 2025-11-30. Refrain from using this package or pin to Setuptools<81.
  from pkg_resources import get_distribution, DistributionNotFound
[load] sim_paper/data/figure_3/spot_kgeom_sweep_tuned/lambda0.5_kgeom6/banksy_matrix/simulation_spot_z_banksy_pca_harmony_qc.h5ad
[load] AnnData shape: 10019 x 1668
[neighbors] n_pcs=30 n_neighbors=15
[ari] domain_true: target_k=6
[ari] domain_true: resolution=0.0567 achieved_k=6 (target 6)  ARI=0.0365
[ari] cell_type_true: target_k=8
[ari] cell_type_true: resolution=0.1268 achieved_k=8 (target 8)  ARI=0.0033
[save] sim_paper/data/figure_3/spot_kgeom_sweep_tuned/lambda0.5_kgeom6/ari/ari_summary_spot.json
[save] sim_paper/data/figure_3/spot_kgeom_sweep_tuned/lambda0.5_kgeom6/ari/simulation_spot_z_ari_recovery.h5ad
[score] spot_lambda0.5_kgeom6  <-  sim_paper/data/figure_3/spot_kgeom_sweep_tuned/lambda0.5_kgeom6/ari/simulation_spot_z_ari_recovery.h5ad
  [spot_lambda0.5_kgeom6/cell_type] ARI=0.003 V=0.019 | JSD=0.215 meanR=0.112 R2=0.015 (oracle 0.593) | kNN=0.462 (chance 0.138) | eff#cats=4.85  (leak 0.62)
  [spot_lambda0.5_kgeom6/domain] ARI=0.036 V=0.049 | JSD=0.571 meanR=0.129 R2=0.028 (oracle 0.937) | kNN=0.892 (chance 0.168) | eff#cats=1.00  (leak 0.48)
             modality  n_obs     level      ari  v_measure  comp_mean_pearson  comp_mean_jsd  comp_r2  comp_r2_oracle  comp_r2_frac_of_oracle  ari_oracle  ari_frac_of_oracle  knn_concordance  knn_chance  eff_cats_per_obs_median  frac_obs_ge80pct  slice_id_leakage_ari
spot_lambda0.5_kgeom6  10019 cell_type 0.003346   0.019097           0.112187       0.214613 0.015161        0.592711                0.025580    0.701974            0.004767         0.462401    0.137724                 4.850869          0.026849              0.622152
spot_lambda0.5_kgeom6  10019    domain 0.036470   0.048703           0.128769       0.571143 0.027879        0.936512                0.029769    0.997214            0.036572         0.891859    0.167764                 1.000000          0.801178              0.477484
[done] task 4  ->  sim_paper/data/figure_3/spot_kgeom_sweep_tuned/lambda0.5_kgeom6
