[task] MOD=spot batch=prebatch lambda=0.1 k_geom=8 (corrected dispersion)
[load] sim_paper/data/noisy/spot_batch_slide_corrected_bs0.3/simulation_spot_z_qc.h5ad
[load] AnnData shape: 10031 x 556
[oracle] X <- counts_pre_batch (no per-slice batch effect)
[stagger] offsetting each slice's x coordinate so slices don't overlap
  slice 0: offset x by 0.0
  slice 1: offset x by 20500.0
  slice 2: offset x by 41000.0
  slice 3: offset x by 61500.0
  slice 4: offset x by 82000.0
  slice 5: offset x by 102500.0
  slice 6: offset x by 123000.0
  slice 7: offset x by 143500.0
  slice 8: offset x by 164000.0
  slice 9: offset x by 184500.0

[normalize] normalize_total (no log1p -- BANKSY expects normalized, non-log counts here)
[hvg] skipped -- using all 556 genes (matches pca_harmony.py's convention)

[banksy] k_geom=8 max_m=1 lambda=0.1 decay=scaled_gaussian

Median distance to closest cell = 100.0

---- Ran median_dist_to_nearest_neighbour in 0.02 s ----

---- Ran generate_spatial_distance_graph in 0.02 s ----

---- Ran row_normalize in 0.02 s ----

---- Ran generate_spatial_weights_fixed_nbrs in 0.17 s ----

---- Ran generate_spatial_distance_graph in 0.03 s ----

---- Ran theta_from_spatial_graph in 0.04 s ----

---- Ran row_normalize in 0.02 s ----

---- Ran generate_spatial_weights_fixed_nbrs in 0.22 s ----

Runtime Sep-14-2026-10-25

556 genes to be analysed:
Gene List:
Index(['G1', 'G2', 'G3', 'G4', 'G5', 'G6', 'G7', 'G8', 'G9', 'G10',
       ...
       'G547', 'G548', 'G549', 'G550', 'G551', 'G552', 'G553', 'G554', 'G555',
       'G556'],
      dtype='object', length=556)

Check if X contains only finite (non-NAN) values
Decay Type: scaled_gaussian
Weights Object: {'weights': {0: <10031x10031 sparse matrix of type '<class 'numpy.float64'>'
	with 80248 stored elements in Compressed Sparse Row format>, 1: <10031x10031 sparse matrix of type '<class 'numpy.complex128'>'
	with 160496 stored elements in Compressed Sparse Row format>}}

Nbr matrix | Mean: 17.99 | Std: 19.28
Size of Nbr | Shape: (10031, 556)
Top 3 entries of Nbr Mat:

[[20.86437325 36.78743551  0.        ]
 [12.98925461 34.23922196 21.28219368]
 [10.58050343 78.72494521  5.5304904 ]]

AGF matrix | Mean: 4.09 | Std: 6.96
Size of AGF mat (m = 1) | Shape: (10031, 556)
Top entries of AGF:
[[ 1.05741102 12.93674757  0.        ]
 [ 4.63413114 13.31163462 14.08164382]
 [ 3.29655035 21.22393076  6.25812889]]
Ran 'Create BANKSY Matrix' in 0.01 mins

Cell by gene matrix has shape (10031, 556)

Scale factors squared: [0.9        0.06666667 0.03333333]
Scale factors: [0.9486833  0.25819889 0.18257419]
/dcs04/hicks/data/Jan/sim_project/sim_paper/env/sim-app-banksy/lib/python3.10/site-packages/banksy/main.py:368: FutureWarning: X.dtype being converted to np.float32 from float64. In the next version of anndata (0.9) conversion will not be automatic. Pass dtype explicitly to avoid this warning. Pass `AnnData(X, dtype=X.dtype, ...)` to get the future behavour.
  return anndata.AnnData(concatenated_matrix, obs=adata.obs, var=var_combined)
Shape of BANKSY matrix: (10031, 1668)
Type of banksy_matrix: <class 'anndata._core.anndata.AnnData'>

[banksy] BANKSY matrix shape: 10031 x 1668

[pca] pre-Harmony PCA
Current decay types: ['scaled_gaussian']

Reducing dims of dataset in (Index = scaled_gaussian, lambda = 0.1)
==================================================

Setting the total number of PC = 30
Original shape of matrix: (10031, 1668)
Reduced shape of matrix: (10031, 30)
------------------------------------------------------------
min_value = -68.32638549804688, mean = 3.0930320527033928e-09, max = 100.23957061767578

  [plot] saved pca_preharmony_by_slice_id.png
  [plot] saved pca_preharmony_by_domain_true.png
  [plot] saved pca_preharmony_by_cell_type_true.png

[harmony] batch_key=slice_id
2026-09-14 10:25:09,445 - harmonypy - INFO - Running Harmony
2026-09-14 10:25:09,445 - harmonypy - INFO -   Parameters:
2026-09-14 10:25:09,445 - harmonypy - INFO -     max_iter_harmony: 10
2026-09-14 10:25:09,445 - harmonypy - INFO -     max_iter_kmeans: 4
2026-09-14 10:25:09,445 - harmonypy - INFO -     epsilon_cluster: 0.001
2026-09-14 10:25:09,445 - harmonypy - INFO -     epsilon_harmony: 0.01
2026-09-14 10:25:09,445 - harmonypy - INFO -     nclust: 100
2026-09-14 10:25:09,445 - harmonypy - INFO -     block_size: 0.05
2026-09-14 10:25:09,445 - harmonypy - INFO -     lamb: dynamic (alpha=0.2)
2026-09-14 10:25:09,445 - harmonypy - INFO -     theta: [2. 2. 2. 2. 2. 2. 2. 2. 2. 2.]
2026-09-14 10:25:09,445 - harmonypy - INFO -     sigma: [0.1 0.1 0.1 0.1 0.1]...
2026-09-14 10:25:09,445 - harmonypy - INFO -     verbose: True
2026-09-14 10:25:09,445 - harmonypy - INFO -     random_state: 0
2026-09-14 10:25:09,445 - harmonypy - INFO -   Data: 30 PCs × 10031 cells
2026-09-14 10:25:09,446 - harmonypy - INFO -   Batch variables: ['slice_id']
2026-09-14 10:25:09,452 - harmonypy - INFO - Computing initial centroids...
2026-09-14 10:25:09,615 - harmonypy - INFO - Initialization complete.
2026-09-14 10:25:09,615 - harmonypy - INFO - Iteration 1 of 10
2026-09-14 10:25:09,738 - harmonypy - INFO - Converged after 1 iteration
  [plot] saved pca_postharmony_by_slice_id.png
  [plot] saved pca_postharmony_by_domain_true.png
  [plot] saved pca_postharmony_by_cell_type_true.png

[save] sim_paper/data/figure_3/banksy_batch_compare/spot/prebatch/banksy_matrix/simulation_spot_z_banksy_pca_harmony_qc.h5ad
[save] done
/dcs04/hicks/data/Jan/sim_project/sim_paper/env/albis-tutorial/lib/python3.10/site-packages/louvain/__init__.py:54: UserWarning: pkg_resources is deprecated as an API. See https://setuptools.pypa.io/en/latest/pkg_resources.html. The pkg_resources package is slated for removal as early as 2025-11-30. Refrain from using this package or pin to Setuptools<81.
  from pkg_resources import get_distribution, DistributionNotFound
[load] sim_paper/data/figure_3/banksy_batch_compare/spot/prebatch/banksy_matrix/simulation_spot_z_banksy_pca_harmony_qc.h5ad
[load] AnnData shape: 10031 x 1668
[neighbors] n_pcs=30 n_neighbors=15
[ari] domain_true: target_k=6
[ari] domain_true: resolution=0.3312 achieved_k=6 (target 6)  ARI=0.5260
[ari] cell_type_true: target_k=8
[ari] cell_type_true: resolution=0.7575 achieved_k=8 (target 8)  ARI=0.3691
[save] sim_paper/data/figure_3/banksy_batch_compare/spot/prebatch/ari/ari_summary_spot.json
[save] sim_paper/data/figure_3/banksy_batch_compare/spot/prebatch/ari/simulation_spot_z_ari_recovery.h5ad
[score] spot_prebatch  <-  sim_paper/data/figure_3/banksy_batch_compare/spot/prebatch/ari/simulation_spot_z_ari_recovery.h5ad
  [spot_prebatch/cell_type] ARI=0.369 V=0.485 | JSD=0.131 meanR=0.673 R2=0.456 (oracle 0.591) | kNN=0.654 (chance 0.138) | eff#cats=4.85  (leak 0.01)
  [spot_prebatch/domain] ARI=0.526 V=0.549 | JSD=0.277 meanR=0.705 R2=0.521 (oracle 0.936) | kNN=0.730 (chance 0.168) | eff#cats=1.00  (leak 0.01)
     modality  n_obs     level      ari  v_measure  comp_mean_pearson  comp_mean_jsd  comp_r2  comp_r2_oracle  comp_r2_frac_of_oracle  ari_oracle  ari_frac_of_oracle  knn_concordance  knn_chance  eff_cats_per_obs_median  frac_obs_ge80pct  slice_id_leakage_ari
spot_prebatch  10031 cell_type 0.369073   0.484628           0.672831       0.131201 0.456086        0.591368                0.771239    0.702109            0.525663         0.653747    0.137977                 4.853687          0.028512              0.005007
spot_prebatch  10031    domain 0.526030   0.548769           0.704530       0.277048 0.521277        0.936309                0.556736    0.996481            0.527887         0.729891    0.167833                 1.000000          0.800219              0.006497
[done] prebatch  ->  sim_paper/data/figure_3/banksy_batch_compare/spot/prebatch
