[task 0] spot(corrected) batch_sigma=0.0 lambda=0.1 k_geom=8
Python: /dcs04/hicks/data/Jan/sim_project/sim_paper/env/sim-app-banksy/bin/python
albis module: /dcs04/hicks/data/Jan/sim_project/albis/albis/__init__.py
albis version: 0.1.0

Generating spot data for slice axis Z with theta=0.25, theta_jitter=0.1, noise_scale=1.3, batch_sigma=0.0, base_gene_lognormal=(-2.0, 0.7), n_cells=600000, cell_r_mean=7.5, allow_cell_overlap=False, sphere_r_um=2050.0, capture_window_um=(6500.0, 6500.0), core_fuzz_width_um=102.5, max_shift=1025.0, bin_size_um=8.0
/dcs04/hicks/data/Jan/sim_project/albis/albis/simulation_sphere.py:1511: FutureWarning: X.dtype being converted to np.float32 from int32. In the next version of anndata (0.9) conversion will not be automatic. Pass dtype explicitly to avoid this warning. Pass `AnnData(X, dtype=X.dtype, ...)` to get the future behavour.
  adata_cell_true = ad.AnnData(X=X_cell_true, obs=cell_obs, var=var)
/dcs04/hicks/data/Jan/sim_project/albis/albis/simulation_sphere.py:1515: FutureWarning: X.dtype being converted to np.float32 from int32. In the next version of anndata (0.9) conversion will not be automatic. Pass dtype explicitly to avoid this warning. Pass `AnnData(X, dtype=X.dtype, ...)` to get the future behavour.
  adata_cell_obs = ad.AnnData(X=X_cell_obs, obs=cell_obs, var=var)
/dcs04/hicks/data/Jan/sim_project/albis/albis/simulation_sphere.py:1973: FutureWarning: X.dtype being converted to np.float32 from int32. In the next version of anndata (0.9) conversion will not be automatic. Pass dtype explicitly to avoid this warning. Pass `AnnData(X, dtype=X.dtype, ...)` to get the future behavour.
  ads = ad.AnnData(X=Xs, obs=obs_s, var=var)

Generated AnnData:
AnnData object with n_obs × n_vars = 43560 × 556
    obs: 'slice_axis', 'slice_id', 'spot_spacing_um', 'spot_radius_um', 'window_center0', 'window_center1', 'window_size0', 'window_size1', 'plane_dim0', 'plane_dim1', 'cell_type_true', 'domain_true', 'is_empty'
    var: 'gene_class', 'is_noise', 'is_shared_marker'
    uns: 'batch_effect_factors', 'rigid_perturb_inplane', 'output', 'sim_params'
    obsm: 'spatial', 'cell_type_frac_true', 'domain_frac_true', 'spatial_3d', 'spatial_unaligned', 'spatial_3d_unaligned'
    layers: 'counts_pre_batch'

[nb] empirical theta_hat = 0.17 (real data fits ~0.15-0.16 via count_distribution.py --compare-input; lower --theta further if this is still much higher)

Summary:
{
  "n_obs": 43560,
  "n_vars": 556,
  "total_counts": 20793278,
  "nonzero_counts": 3746810,
  "platform": "spot",
  "slice_axis": "Z",
  "n_slices": 10,
  "slice_ids": [
    0,
    1,
    2,
    3,
    4,
    5,
    6,
    7,
    8,
    9
  ],
  "obs_columns": [
    "slice_axis",
    "slice_id",
    "spot_spacing_um",
    "spot_radius_um",
    "window_center0",
    "window_center1",
    "window_size0",
    "window_size1",
    "plane_dim0",
    "plane_dim1",
    "cell_type_true",
    "domain_true",
    "is_empty"
  ],
  "var_columns": [
    "gene_class",
    "is_noise",
    "is_shared_marker"
  ],
  "layers": [
    "counts_pre_batch"
  ],
  "obsm_keys": [
    "spatial",
    "cell_type_frac_true",
    "domain_frac_true",
    "spatial_3d",
    "spatial_unaligned",
    "spatial_3d_unaligned"
  ],
  "uns_keys": [
    "batch_effect_factors",
    "rigid_perturb_inplane",
    "output",
    "sim_params"
  ],
  "truth_annotations": [
    "layers['counts_pre_batch']",
    "obs['cell_type_true']",
    "obs['domain_true']",
    "obsm['cell_type_frac_true']",
    "obsm['domain_frac_true']"
  ]
}

Saved summary -> /dcs04/hicks/data/Jan/sim_project/sim_paper/data/noisy/spot_batch_slide_corrected_bs0.0/simulation_spot_z_summary.json

Generating diagnostic plots...
  saved /dcs04/hicks/data/Jan/sim_project/sim_paper/data/noisy/spot_batch_slide_corrected_bs0.0/plots/simulation_spot_z/01_aligned_domain_true.png
  saved /dcs04/hicks/data/Jan/sim_project/sim_paper/data/noisy/spot_batch_slide_corrected_bs0.0/plots/simulation_spot_z/02_aligned_cell_type_true.png
  saved /dcs04/hicks/data/Jan/sim_project/sim_paper/data/noisy/spot_batch_slide_corrected_bs0.0/plots/simulation_spot_z/03_unaligned_slice_id.png
  saved /dcs04/hicks/data/Jan/sim_project/sim_paper/data/noisy/spot_batch_slide_corrected_bs0.0/plots/simulation_spot_z/04_qc_count_distributions.png
  saved /dcs04/hicks/data/Jan/sim_project/sim_paper/data/noisy/spot_batch_slide_corrected_bs0.0/plots/simulation_spot_z/05_spots_per_slice.png
  saved /dcs04/hicks/data/Jan/sim_project/sim_paper/data/noisy/spot_batch_slide_corrected_bs0.0/plots/simulation_spot_z/06_domain_composition_per_slice.png

All diagnostic plots saved under /dcs04/hicks/data/Jan/sim_project/sim_paper/data/noisy/spot_batch_slide_corrected_bs0.0/plots/simulation_spot_z

Saved dataset -> /dcs04/hicks/data/Jan/sim_project/sim_paper/data/noisy/spot_batch_slide_corrected_bs0.0/simulation_spot_z.h5ad
/dcs04/hicks/data/Jan/sim_project/sim_paper/env/albis-tutorial/lib/python3.10/site-packages/louvain/__init__.py:54: UserWarning: pkg_resources is deprecated as an API. See https://setuptools.pypa.io/en/latest/pkg_resources.html. The pkg_resources package is slated for removal as early as 2025-11-30. Refrain from using this package or pin to Setuptools<81.
  from pkg_resources import get_distribution, DistributionNotFound
[load] sim_paper/data/noisy/spot_batch_slide_corrected_bs0.0/simulation_spot_z.h5ad
[load] AnnData shape: 43560 x 556
[qc] fully-empty (total_counts == 0): 33507 (76.92%)
[qc] near-empty (0 < total_counts, n_genes < 3): 24 (0.06%)
[qc] dropped 33531 observations (76.98%); 10029 remain
[save] sim_paper/data/noisy/spot_batch_slide_corrected_bs0.0/simulation_spot_z_qc_summary.json
[save] sim_paper/data/noisy/spot_batch_slide_corrected_bs0.0/simulation_spot_z_qc.h5ad
[load] sim_paper/data/noisy/spot_batch_slide_corrected_bs0.0/simulation_spot_z_qc.h5ad
[load] AnnData shape: 10029 x 556
[stagger] offsetting each slice's x coordinate so slices don't overlap
  slice 0: offset x by 0.0
  slice 1: offset x by 20500.0
  slice 2: offset x by 41000.0
  slice 3: offset x by 61500.0
  slice 4: offset x by 82000.0
  slice 5: offset x by 102500.0
  slice 6: offset x by 123000.0
  slice 7: offset x by 143500.0
  slice 8: offset x by 164000.0
  slice 9: offset x by 184500.0

[normalize] normalize_total (no log1p -- BANKSY expects normalized, non-log counts here)
[hvg] skipped -- using all 556 genes (matches pca_harmony.py's convention)

[banksy] k_geom=8 max_m=1 lambda=0.1 decay=scaled_gaussian

Median distance to closest cell = 100.0

---- Ran median_dist_to_nearest_neighbour in 0.02 s ----

---- Ran generate_spatial_distance_graph in 0.02 s ----

---- Ran row_normalize in 0.02 s ----

---- Ran generate_spatial_weights_fixed_nbrs in 0.17 s ----

---- Ran generate_spatial_distance_graph in 0.04 s ----

---- Ran theta_from_spatial_graph in 0.04 s ----

---- Ran row_normalize in 0.02 s ----

---- Ran generate_spatial_weights_fixed_nbrs in 0.23 s ----

Runtime Sep-14-2026-10-03

556 genes to be analysed:
Gene List:
Index(['G1', 'G2', 'G3', 'G4', 'G5', 'G6', 'G7', 'G8', 'G9', 'G10',
       ...
       'G547', 'G548', 'G549', 'G550', 'G551', 'G552', 'G553', 'G554', 'G555',
       'G556'],
      dtype='object', length=556)

Check if X contains only finite (non-NAN) values
Decay Type: scaled_gaussian
Weights Object: {'weights': {0: <10029x10029 sparse matrix of type '<class 'numpy.float64'>'
	with 80232 stored elements in Compressed Sparse Row format>, 1: <10029x10029 sparse matrix of type '<class 'numpy.complex128'>'
	with 160464 stored elements in Compressed Sparse Row format>}}

Nbr matrix | Mean: 17.99 | Std: 19.96
Size of Nbr | Shape: (10029, 556)
Top 3 entries of Nbr Mat:

[[16.54486218 37.35154895  0.        ]
 [ 7.40787347 48.47182987 59.59014358]
 [ 7.40119706 81.16311551 13.0572669 ]]

AGF matrix | Mean: 4.7 | Std: 7.64
Size of AGF mat (m = 1) | Shape: (10029, 556)
Top entries of AGF:
[[ 2.27741841 12.73937872  0.        ]
 [ 3.70048645 13.53598879 40.14109415]
 [ 3.62118701 22.4130877  19.43103781]]
Ran 'Create BANKSY Matrix' in 0.01 mins

Cell by gene matrix has shape (10029, 556)

Scale factors squared: [0.9        0.06666667 0.03333333]
Scale factors: [0.9486833  0.25819889 0.18257419]
/dcs04/hicks/data/Jan/sim_project/sim_paper/env/sim-app-banksy/lib/python3.10/site-packages/banksy/main.py:368: FutureWarning: X.dtype being converted to np.float32 from float64. In the next version of anndata (0.9) conversion will not be automatic. Pass dtype explicitly to avoid this warning. Pass `AnnData(X, dtype=X.dtype, ...)` to get the future behavour.
  return anndata.AnnData(concatenated_matrix, obs=adata.obs, var=var_combined)
Shape of BANKSY matrix: (10029, 1668)
Type of banksy_matrix: <class 'anndata._core.anndata.AnnData'>

[banksy] BANKSY matrix shape: 10029 x 1668

[pca] pre-Harmony PCA
Current decay types: ['scaled_gaussian']

Reducing dims of dataset in (Index = scaled_gaussian, lambda = 0.1)
==================================================

Setting the total number of PC = 30
Original shape of matrix: (10029, 1668)
Reduced shape of matrix: (10029, 30)
------------------------------------------------------------
min_value = -48.435340881347656, mean = 5.1628436636974584e-08, max = 112.63317108154297

  [plot] saved pca_preharmony_by_slice_id.png
  [plot] saved pca_preharmony_by_domain_true.png
  [plot] saved pca_preharmony_by_cell_type_true.png

[harmony] batch_key=slice_id
2026-09-14 10:03:54,910 - harmonypy - INFO - Running Harmony
2026-09-14 10:03:54,910 - harmonypy - INFO -   Parameters:
2026-09-14 10:03:54,910 - harmonypy - INFO -     max_iter_harmony: 10
2026-09-14 10:03:54,910 - harmonypy - INFO -     max_iter_kmeans: 4
2026-09-14 10:03:54,910 - harmonypy - INFO -     epsilon_cluster: 0.001
2026-09-14 10:03:54,910 - harmonypy - INFO -     epsilon_harmony: 0.01
2026-09-14 10:03:54,910 - harmonypy - INFO -     nclust: 100
2026-09-14 10:03:54,910 - harmonypy - INFO -     block_size: 0.05
2026-09-14 10:03:54,910 - harmonypy - INFO -     lamb: dynamic (alpha=0.2)
2026-09-14 10:03:54,910 - harmonypy - INFO -     theta: [2. 2. 2. 2. 2. 2. 2. 2. 2. 2.]
2026-09-14 10:03:54,910 - harmonypy - INFO -     sigma: [0.1 0.1 0.1 0.1 0.1]...
2026-09-14 10:03:54,910 - harmonypy - INFO -     verbose: True
2026-09-14 10:03:54,910 - harmonypy - INFO -     random_state: 0
2026-09-14 10:03:54,910 - harmonypy - INFO -   Data: 30 PCs × 10029 cells
2026-09-14 10:03:54,910 - harmonypy - INFO -   Batch variables: ['slice_id']
2026-09-14 10:03:54,917 - harmonypy - INFO - Computing initial centroids...
2026-09-14 10:03:55,080 - harmonypy - INFO - Initialization complete.
2026-09-14 10:03:55,080 - harmonypy - INFO - Iteration 1 of 10
2026-09-14 10:03:55,201 - harmonypy - INFO - Converged after 1 iteration
  [plot] saved pca_postharmony_by_slice_id.png
  [plot] saved pca_postharmony_by_domain_true.png
  [plot] saved pca_postharmony_by_cell_type_true.png

[save] sim_paper/data/figure_3/cellbin_batch_sigma_slide/spot_corrected/bs0.0/banksy_matrix/simulation_spot_z_banksy_pca_harmony_qc.h5ad
[save] done
/dcs04/hicks/data/Jan/sim_project/sim_paper/env/albis-tutorial/lib/python3.10/site-packages/louvain/__init__.py:54: UserWarning: pkg_resources is deprecated as an API. See https://setuptools.pypa.io/en/latest/pkg_resources.html. The pkg_resources package is slated for removal as early as 2025-11-30. Refrain from using this package or pin to Setuptools<81.
  from pkg_resources import get_distribution, DistributionNotFound
[load] sim_paper/data/figure_3/cellbin_batch_sigma_slide/spot_corrected/bs0.0/banksy_matrix/simulation_spot_z_banksy_pca_harmony_qc.h5ad
[load] AnnData shape: 10029 x 1668
[neighbors] n_pcs=30 n_neighbors=15
[ari] domain_true: target_k=6
[ari] domain_true: resolution=0.4305 achieved_k=6 (target 6)  ARI=0.4447
[ari] cell_type_true: target_k=8
[ari] cell_type_true: resolution=0.7575 achieved_k=8 (target 8)  ARI=0.3438
[save] sim_paper/data/figure_3/cellbin_batch_sigma_slide/spot_corrected/bs0.0/ari/ari_summary_spot.json
[save] sim_paper/data/figure_3/cellbin_batch_sigma_slide/spot_corrected/bs0.0/ari/simulation_spot_z_ari_recovery.h5ad
[score] spot_corrected_bs0.0  <-  sim_paper/data/figure_3/cellbin_batch_sigma_slide/spot_corrected/bs0.0/ari/simulation_spot_z_ari_recovery.h5ad
  [spot_corrected_bs0.0/cell_type] ARI=0.344 V=0.446 | JSD=0.137 meanR=0.647 R2=0.424 (oracle 0.592) | kNN=0.594 (chance 0.138) | eff#cats=4.85  (leak 0.00)
  [spot_corrected_bs0.0/domain] ARI=0.445 V=0.488 | JSD=0.339 meanR=0.604 R2=0.384 (oracle 0.936) | kNN=0.690 (chance 0.168) | eff#cats=1.00  (leak 0.00)
            modality  n_obs     level      ari  v_measure  comp_mean_pearson  comp_mean_jsd  comp_r2  comp_r2_oracle  comp_r2_frac_of_oracle  ari_oracle  ari_frac_of_oracle  knn_concordance  knn_chance  eff_cats_per_obs_median  frac_obs_ge80pct  slice_id_leakage_ari
spot_corrected_bs0.0  10029 cell_type 0.343798   0.446366           0.647193       0.136994 0.423712        0.591547                0.716279    0.701194            0.490304         0.594137    0.137985                 4.853743          0.028218              0.002540
spot_corrected_bs0.0  10029    domain 0.444697   0.487756           0.604017       0.339249 0.384138        0.936240                0.410299    0.996481            0.446267         0.690039    0.167833                 1.000000          0.800080              0.002291
[done] bs0.0  ->  sim_paper/data/figure_3/cellbin_batch_sigma_slide/spot_corrected/bs0.0
