[task 6] spot(corrected) batch_sigma=0.15 lambda=0.1 k_geom=8
Python: /dcs04/hicks/data/Jan/sim_project/sim_paper/env/sim-app-banksy/bin/python
albis module: /dcs04/hicks/data/Jan/sim_project/albis/albis/__init__.py
albis version: 0.1.0

Generating spot data for slice axis Z with theta=0.25, theta_jitter=0.1, noise_scale=1.3, batch_sigma=0.15, base_gene_lognormal=(-2.0, 0.7), n_cells=600000, cell_r_mean=7.5, allow_cell_overlap=False, sphere_r_um=2050.0, capture_window_um=(6500.0, 6500.0), core_fuzz_width_um=102.5, max_shift=1025.0, bin_size_um=8.0
/dcs04/hicks/data/Jan/sim_project/albis/albis/simulation_sphere.py:1511: FutureWarning: X.dtype being converted to np.float32 from int32. In the next version of anndata (0.9) conversion will not be automatic. Pass dtype explicitly to avoid this warning. Pass `AnnData(X, dtype=X.dtype, ...)` to get the future behavour.
  adata_cell_true = ad.AnnData(X=X_cell_true, obs=cell_obs, var=var)
/dcs04/hicks/data/Jan/sim_project/albis/albis/simulation_sphere.py:1515: FutureWarning: X.dtype being converted to np.float32 from int32. In the next version of anndata (0.9) conversion will not be automatic. Pass dtype explicitly to avoid this warning. Pass `AnnData(X, dtype=X.dtype, ...)` to get the future behavour.
  adata_cell_obs = ad.AnnData(X=X_cell_obs, obs=cell_obs, var=var)
/dcs04/hicks/data/Jan/sim_project/albis/albis/simulation_sphere.py:1973: FutureWarning: X.dtype being converted to np.float32 from int32. In the next version of anndata (0.9) conversion will not be automatic. Pass dtype explicitly to avoid this warning. Pass `AnnData(X, dtype=X.dtype, ...)` to get the future behavour.
  ads = ad.AnnData(X=Xs, obs=obs_s, var=var)

Generated AnnData:
AnnData object with n_obs × n_vars = 43560 × 556
    obs: 'slice_axis', 'slice_id', 'spot_spacing_um', 'spot_radius_um', 'window_center0', 'window_center1', 'window_size0', 'window_size1', 'plane_dim0', 'plane_dim1', 'cell_type_true', 'domain_true', 'is_empty'
    var: 'gene_class', 'is_noise', 'is_shared_marker'
    uns: 'batch_effect_factors', 'rigid_perturb_inplane', 'output', 'sim_params'
    obsm: 'spatial', 'cell_type_frac_true', 'domain_frac_true', 'spatial_3d', 'spatial_unaligned', 'spatial_3d_unaligned'
    layers: 'counts_pre_batch'

[nb] empirical theta_hat = 0.17 (real data fits ~0.15-0.16 via count_distribution.py --compare-input; lower --theta further if this is still much higher)

Summary:
{
  "n_obs": 43560,
  "n_vars": 556,
  "total_counts": 20968616,
  "nonzero_counts": 3740457,
  "platform": "spot",
  "slice_axis": "Z",
  "n_slices": 10,
  "slice_ids": [
    0,
    1,
    2,
    3,
    4,
    5,
    6,
    7,
    8,
    9
  ],
  "obs_columns": [
    "slice_axis",
    "slice_id",
    "spot_spacing_um",
    "spot_radius_um",
    "window_center0",
    "window_center1",
    "window_size0",
    "window_size1",
    "plane_dim0",
    "plane_dim1",
    "cell_type_true",
    "domain_true",
    "is_empty"
  ],
  "var_columns": [
    "gene_class",
    "is_noise",
    "is_shared_marker"
  ],
  "layers": [
    "counts_pre_batch"
  ],
  "obsm_keys": [
    "spatial",
    "cell_type_frac_true",
    "domain_frac_true",
    "spatial_3d",
    "spatial_unaligned",
    "spatial_3d_unaligned"
  ],
  "uns_keys": [
    "batch_effect_factors",
    "rigid_perturb_inplane",
    "output",
    "sim_params"
  ],
  "truth_annotations": [
    "layers['counts_pre_batch']",
    "obs['cell_type_true']",
    "obs['domain_true']",
    "obsm['cell_type_frac_true']",
    "obsm['domain_frac_true']"
  ]
}

Saved summary -> /dcs04/hicks/data/Jan/sim_project/sim_paper/data/noisy/spot_batch_slide_corrected_bs0.15/simulation_spot_z_summary.json

Generating diagnostic plots...
  saved /dcs04/hicks/data/Jan/sim_project/sim_paper/data/noisy/spot_batch_slide_corrected_bs0.15/plots/simulation_spot_z/01_aligned_domain_true.png
  saved /dcs04/hicks/data/Jan/sim_project/sim_paper/data/noisy/spot_batch_slide_corrected_bs0.15/plots/simulation_spot_z/02_aligned_cell_type_true.png
  saved /dcs04/hicks/data/Jan/sim_project/sim_paper/data/noisy/spot_batch_slide_corrected_bs0.15/plots/simulation_spot_z/03_unaligned_slice_id.png
  saved /dcs04/hicks/data/Jan/sim_project/sim_paper/data/noisy/spot_batch_slide_corrected_bs0.15/plots/simulation_spot_z/04_qc_count_distributions.png
  saved /dcs04/hicks/data/Jan/sim_project/sim_paper/data/noisy/spot_batch_slide_corrected_bs0.15/plots/simulation_spot_z/05_spots_per_slice.png
  saved /dcs04/hicks/data/Jan/sim_project/sim_paper/data/noisy/spot_batch_slide_corrected_bs0.15/plots/simulation_spot_z/06_domain_composition_per_slice.png

All diagnostic plots saved under /dcs04/hicks/data/Jan/sim_project/sim_paper/data/noisy/spot_batch_slide_corrected_bs0.15/plots/simulation_spot_z

Saved dataset -> /dcs04/hicks/data/Jan/sim_project/sim_paper/data/noisy/spot_batch_slide_corrected_bs0.15/simulation_spot_z.h5ad
/dcs04/hicks/data/Jan/sim_project/sim_paper/env/albis-tutorial/lib/python3.10/site-packages/louvain/__init__.py:54: UserWarning: pkg_resources is deprecated as an API. See https://setuptools.pypa.io/en/latest/pkg_resources.html. The pkg_resources package is slated for removal as early as 2025-11-30. Refrain from using this package or pin to Setuptools<81.
  from pkg_resources import get_distribution, DistributionNotFound
[load] sim_paper/data/noisy/spot_batch_slide_corrected_bs0.15/simulation_spot_z.h5ad
[load] AnnData shape: 43560 x 556
[qc] fully-empty (total_counts == 0): 33506 (76.92%)
[qc] near-empty (0 < total_counts, n_genes < 3): 24 (0.06%)
[qc] dropped 33530 observations (76.97%); 10030 remain
[save] sim_paper/data/noisy/spot_batch_slide_corrected_bs0.15/simulation_spot_z_qc_summary.json
[save] sim_paper/data/noisy/spot_batch_slide_corrected_bs0.15/simulation_spot_z_qc.h5ad
[load] sim_paper/data/noisy/spot_batch_slide_corrected_bs0.15/simulation_spot_z_qc.h5ad
[load] AnnData shape: 10030 x 556
[stagger] offsetting each slice's x coordinate so slices don't overlap
  slice 0: offset x by 0.0
  slice 1: offset x by 20500.0
  slice 2: offset x by 41000.0
  slice 3: offset x by 61500.0
  slice 4: offset x by 82000.0
  slice 5: offset x by 102500.0
  slice 6: offset x by 123000.0
  slice 7: offset x by 143500.0
  slice 8: offset x by 164000.0
  slice 9: offset x by 184500.0

[normalize] normalize_total (no log1p -- BANKSY expects normalized, non-log counts here)
[hvg] skipped -- using all 556 genes (matches pca_harmony.py's convention)

[banksy] k_geom=8 max_m=1 lambda=0.1 decay=scaled_gaussian

Median distance to closest cell = 100.0

---- Ran median_dist_to_nearest_neighbour in 0.02 s ----

---- Ran generate_spatial_distance_graph in 0.02 s ----

---- Ran row_normalize in 0.02 s ----

---- Ran generate_spatial_weights_fixed_nbrs in 0.17 s ----

---- Ran generate_spatial_distance_graph in 0.04 s ----

---- Ran theta_from_spatial_graph in 0.04 s ----

---- Ran row_normalize in 0.02 s ----

---- Ran generate_spatial_weights_fixed_nbrs in 0.23 s ----

Runtime Sep-14-2026-10-11

556 genes to be analysed:
Gene List:
Index(['G1', 'G2', 'G3', 'G4', 'G5', 'G6', 'G7', 'G8', 'G9', 'G10',
       ...
       'G547', 'G548', 'G549', 'G550', 'G551', 'G552', 'G553', 'G554', 'G555',
       'G556'],
      dtype='object', length=556)

Check if X contains only finite (non-NAN) values
Decay Type: scaled_gaussian
Weights Object: {'weights': {0: <10030x10030 sparse matrix of type '<class 'numpy.float64'>'
	with 80240 stored elements in Compressed Sparse Row format>, 1: <10030x10030 sparse matrix of type '<class 'numpy.complex128'>'
	with 160480 stored elements in Compressed Sparse Row format>}}

Nbr matrix | Mean: 17.99 | Std: 20.24
Size of Nbr | Shape: (10030, 556)
Top 3 entries of Nbr Mat:

[[ 4.00556141 31.6367073   0.        ]
 [ 0.         43.51372455 60.16312585]
 [ 3.80697263 83.32985762 13.18281757]]

AGF matrix | Mean: 4.7 | Std: 7.68
Size of AGF mat (m = 1) | Shape: (10030, 556)
Top entries of AGF:
[[ 2.26307197 13.17107981  0.        ]
 [ 0.17168618 16.31931405 40.52706629]
 [ 2.37980446 23.90965399 19.61787475]]
Ran 'Create BANKSY Matrix' in 0.01 mins

Cell by gene matrix has shape (10030, 556)

Scale factors squared: [0.9        0.06666667 0.03333333]
Scale factors: [0.9486833  0.25819889 0.18257419]
/dcs04/hicks/data/Jan/sim_project/sim_paper/env/sim-app-banksy/lib/python3.10/site-packages/banksy/main.py:368: FutureWarning: X.dtype being converted to np.float32 from float64. In the next version of anndata (0.9) conversion will not be automatic. Pass dtype explicitly to avoid this warning. Pass `AnnData(X, dtype=X.dtype, ...)` to get the future behavour.
  return anndata.AnnData(concatenated_matrix, obs=adata.obs, var=var_combined)
Shape of BANKSY matrix: (10030, 1668)
Type of banksy_matrix: <class 'anndata._core.anndata.AnnData'>

[banksy] BANKSY matrix shape: 10030 x 1668

[pca] pre-Harmony PCA
Current decay types: ['scaled_gaussian']

Reducing dims of dataset in (Index = scaled_gaussian, lambda = 0.1)
==================================================

Setting the total number of PC = 30
Original shape of matrix: (10030, 1668)
Reduced shape of matrix: (10030, 30)
------------------------------------------------------------
min_value = -59.04412078857422, mean = 6.450375167332822e-08, max = 134.28941345214844

  [plot] saved pca_preharmony_by_slice_id.png
  [plot] saved pca_preharmony_by_domain_true.png
  [plot] saved pca_preharmony_by_cell_type_true.png

[harmony] batch_key=slice_id
2026-09-14 10:11:43,266 - harmonypy - INFO - Running Harmony
2026-09-14 10:11:43,266 - harmonypy - INFO -   Parameters:
2026-09-14 10:11:43,266 - harmonypy - INFO -     max_iter_harmony: 10
2026-09-14 10:11:43,266 - harmonypy - INFO -     max_iter_kmeans: 4
2026-09-14 10:11:43,266 - harmonypy - INFO -     epsilon_cluster: 0.001
2026-09-14 10:11:43,266 - harmonypy - INFO -     epsilon_harmony: 0.01
2026-09-14 10:11:43,266 - harmonypy - INFO -     nclust: 100
2026-09-14 10:11:43,266 - harmonypy - INFO -     block_size: 0.05
2026-09-14 10:11:43,266 - harmonypy - INFO -     lamb: dynamic (alpha=0.2)
2026-09-14 10:11:43,266 - harmonypy - INFO -     theta: [2. 2. 2. 2. 2. 2. 2. 2. 2. 2.]
2026-09-14 10:11:43,266 - harmonypy - INFO -     sigma: [0.1 0.1 0.1 0.1 0.1]...
2026-09-14 10:11:43,266 - harmonypy - INFO -     verbose: True
2026-09-14 10:11:43,266 - harmonypy - INFO -     random_state: 0
2026-09-14 10:11:43,266 - harmonypy - INFO -   Data: 30 PCs × 10030 cells
2026-09-14 10:11:43,266 - harmonypy - INFO -   Batch variables: ['slice_id']
2026-09-14 10:11:43,273 - harmonypy - INFO - Computing initial centroids...
2026-09-14 10:11:43,436 - harmonypy - INFO - Initialization complete.
2026-09-14 10:11:43,436 - harmonypy - INFO - Iteration 1 of 10
2026-09-14 10:11:43,557 - harmonypy - INFO - Iteration 2 of 10
2026-09-14 10:11:43,686 - harmonypy - INFO - Iteration 3 of 10
2026-09-14 10:11:43,811 - harmonypy - INFO - Iteration 4 of 10
2026-09-14 10:11:43,937 - harmonypy - INFO - Iteration 5 of 10
2026-09-14 10:11:44,066 - harmonypy - INFO - Iteration 6 of 10
2026-09-14 10:11:44,193 - harmonypy - INFO - Iteration 7 of 10
2026-09-14 10:11:44,319 - harmonypy - INFO - Iteration 8 of 10
2026-09-14 10:11:44,444 - harmonypy - INFO - Converged after 8 iterations
  [plot] saved pca_postharmony_by_slice_id.png
  [plot] saved pca_postharmony_by_domain_true.png
  [plot] saved pca_postharmony_by_cell_type_true.png

[save] sim_paper/data/figure_3/cellbin_batch_sigma_slide/spot_corrected/bs0.15/banksy_matrix/simulation_spot_z_banksy_pca_harmony_qc.h5ad
[save] done
/dcs04/hicks/data/Jan/sim_project/sim_paper/env/albis-tutorial/lib/python3.10/site-packages/louvain/__init__.py:54: UserWarning: pkg_resources is deprecated as an API. See https://setuptools.pypa.io/en/latest/pkg_resources.html. The pkg_resources package is slated for removal as early as 2025-11-30. Refrain from using this package or pin to Setuptools<81.
  from pkg_resources import get_distribution, DistributionNotFound
[load] sim_paper/data/figure_3/cellbin_batch_sigma_slide/spot_corrected/bs0.15/banksy_matrix/simulation_spot_z_banksy_pca_harmony_qc.h5ad
[load] AnnData shape: 10030 x 1668
[neighbors] n_pcs=30 n_neighbors=15
[ari] domain_true: target_k=6
[ari] domain_true: resolution=0.0217 achieved_k=6 (target 6)  ARI=0.0015
[ari] cell_type_true: target_k=8
[ari] cell_type_true: resolution=0.0334 achieved_k=8 (target 8)  ARI=-0.0018
[save] sim_paper/data/figure_3/cellbin_batch_sigma_slide/spot_corrected/bs0.15/ari/ari_summary_spot.json
[save] sim_paper/data/figure_3/cellbin_batch_sigma_slide/spot_corrected/bs0.15/ari/simulation_spot_z_ari_recovery.h5ad
[score] spot_corrected_bs0.15  <-  sim_paper/data/figure_3/cellbin_batch_sigma_slide/spot_corrected/bs0.15/ari/simulation_spot_z_ari_recovery.h5ad
  [spot_corrected_bs0.15/cell_type] ARI=-0.002 V=0.016 | JSD=0.217 meanR=0.078 R2=0.007 (oracle 0.591) | kNN=0.580 (chance 0.138) | eff#cats=4.85  (leak 0.00)
  [spot_corrected_bs0.15/domain] ARI=0.002 V=0.010 | JSD=0.591 meanR=0.066 R2=0.004 (oracle 0.936) | kNN=0.663 (chance 0.168) | eff#cats=1.00  (leak 0.00)
             modality  n_obs     level       ari  v_measure  comp_mean_pearson  comp_mean_jsd  comp_r2  comp_r2_oracle  comp_r2_frac_of_oracle  ari_oracle  ari_frac_of_oracle  knn_concordance  knn_chance  eff_cats_per_obs_median  frac_obs_ge80pct  slice_id_leakage_ari
spot_corrected_bs0.15  10030 cell_type -0.001839   0.015597           0.077846       0.216641 0.007047        0.591413                0.011916    0.705252           -0.002608         0.579914    0.137950                 4.853715          0.028415              0.001424
spot_corrected_bs0.15  10030    domain  0.001514   0.010288           0.065563       0.590912 0.004393        0.936302                0.004692    0.996482            0.001519         0.663057    0.167845                 1.000000          0.800199              0.001335
[done] bs0.15  ->  sim_paper/data/figure_3/cellbin_batch_sigma_slide/spot_corrected/bs0.15
