[task 3] cell k_geom=100 lambda=0.5 (bs=0, r=2050/n=24207)
[load] sim_paper/data/noisy/cell_strong_mix_bs0/simulation_cell_z_qc.h5ad
[load] AnnData shape: 24207 x 556
[stagger] offsetting each slice's x coordinate so slices don't overlap
  slice 0: offset x by 0.0
  slice 1: offset x by 20250.3
  slice 2: offset x by 40500.5
  slice 3: offset x by 60750.8
  slice 4: offset x by 81001.1
  slice 5: offset x by 101251.3
  slice 6: offset x by 121501.6
  slice 7: offset x by 141751.9
  slice 8: offset x by 162002.1
  slice 9: offset x by 182252.4

[normalize] normalize_total (no log1p -- BANKSY expects normalized, non-log counts here)
[hvg] skipped -- using all 556 genes (matches 01.2_pca_harmony.py's convention)

[banksy] k_geom=100 max_m=1 lambda=0.5 decay=scaled_gaussian

Median distance to closest cell = 28.960353576993736

---- Ran median_dist_to_nearest_neighbour in 0.05 s ----

---- Ran generate_spatial_distance_graph in 0.45 s ----

---- Ran row_normalize in 0.06 s ----

---- Ran generate_spatial_weights_fixed_nbrs in 0.82 s ----

---- Ran generate_spatial_distance_graph in 0.85 s ----

---- Ran theta_from_spatial_graph in 0.29 s ----

---- Ran row_normalize in 0.06 s ----

---- Ran generate_spatial_weights_fixed_nbrs in 1.67 s ----

Runtime Sep-18-2026-08-55

556 genes to be analysed:
Gene List:
Index(['G1', 'G2', 'G3', 'G4', 'G5', 'G6', 'G7', 'G8', 'G9', 'G10',
       ...
       'G547', 'G548', 'G549', 'G550', 'G551', 'G552', 'G553', 'G554', 'G555',
       'G556'],
      dtype='object', length=556)

Check if X contains only finite (non-NAN) values
Decay Type: scaled_gaussian
Weights Object: {'weights': {0: <24207x24207 sparse matrix of type '<class 'numpy.float64'>'
	with 2420700 stored elements in Compressed Sparse Row format>, 1: <24207x24207 sparse matrix of type '<class 'numpy.complex128'>'
	with 4841400 stored elements in Compressed Sparse Row format>}}

Nbr matrix | Mean: 17.99 | Std: 18.56
Size of Nbr | Shape: (24207, 556)
Top 3 entries of Nbr Mat:

[[13.99423276 42.61207006 16.20107304]
 [ 9.57287636 44.75589567  6.85775071]
 [13.90773576 19.36963153  9.70286862]]

AGF matrix | Mean: 5.09 | Std: 4.49
Size of AGF mat (m = 1) | Shape: (24207, 556)
Top entries of AGF:
[[ 3.17356179  5.71192031  0.98923834]
 [ 3.60198184 14.25982814  1.81912497]
 [ 5.43005336 14.2921452   2.94707177]]
Ran 'Create BANKSY Matrix' in 0.15 mins

Cell by gene matrix has shape (24207, 556)

Scale factors squared: [0.5        0.33333333 0.16666667]
Scale factors: [0.70710678 0.57735027 0.40824829]
/dcs04/hicks/data/Jan/sim_project/sim_paper/env/sim-app-banksy/lib/python3.10/site-packages/banksy/main.py:368: FutureWarning: X.dtype being converted to np.float32 from float64. In the next version of anndata (0.9) conversion will not be automatic. Pass dtype explicitly to avoid this warning. Pass `AnnData(X, dtype=X.dtype, ...)` to get the future behavour.
  return anndata.AnnData(concatenated_matrix, obs=adata.obs, var=var_combined)
Shape of BANKSY matrix: (24207, 1668)
Type of banksy_matrix: <class 'anndata._core.anndata.AnnData'>

[banksy] BANKSY matrix shape: 24207 x 1668

[pca] pre-Harmony PCA
Current decay types: ['scaled_gaussian']

Reducing dims of dataset in (Index = scaled_gaussian, lambda = 0.5)
==================================================

Setting the total number of PC = 30
Original shape of matrix: (24207, 1668)
Reduced shape of matrix: (24207, 30)
------------------------------------------------------------
min_value = -5.834347248077393, mean = 1.5637837691429013e-08, max = 6.327445030212402

  [plot] saved pca_preharmony_by_slice_id.png
  [plot] saved pca_preharmony_by_domain_true.png
  [plot] saved pca_preharmony_by_cell_type_true.png

[harmony] batch_key=slice_id
2026-09-18 08:55:56,647 - harmonypy - INFO - Running Harmony
2026-09-18 08:55:56,647 - harmonypy - INFO -   Parameters:
2026-09-18 08:55:56,647 - harmonypy - INFO -     max_iter_harmony: 10
2026-09-18 08:55:56,647 - harmonypy - INFO -     max_iter_kmeans: 4
2026-09-18 08:55:56,647 - harmonypy - INFO -     epsilon_cluster: 0.001
2026-09-18 08:55:56,647 - harmonypy - INFO -     epsilon_harmony: 0.01
2026-09-18 08:55:56,647 - harmonypy - INFO -     nclust: 100
2026-09-18 08:55:56,647 - harmonypy - INFO -     block_size: 0.05
2026-09-18 08:55:56,647 - harmonypy - INFO -     lamb: dynamic (alpha=0.2)
2026-09-18 08:55:56,647 - harmonypy - INFO -     theta: [2. 2. 2. 2. 2. 2. 2. 2. 2. 2.]
2026-09-18 08:55:56,647 - harmonypy - INFO -     sigma: [0.1 0.1 0.1 0.1 0.1]...
2026-09-18 08:55:56,647 - harmonypy - INFO -     verbose: True
2026-09-18 08:55:56,647 - harmonypy - INFO -     random_state: 0
2026-09-18 08:55:56,647 - harmonypy - INFO -   Data: 30 PCs × 24207 cells
2026-09-18 08:55:56,647 - harmonypy - INFO -   Batch variables: ['slice_id']
2026-09-18 08:55:56,665 - harmonypy - INFO - Computing initial centroids...
2026-09-18 08:55:57,100 - harmonypy - INFO - Initialization complete.
2026-09-18 08:55:57,100 - harmonypy - INFO - Iteration 1 of 10
2026-09-18 08:55:57,492 - harmonypy - INFO - Iteration 2 of 10
2026-09-18 08:55:57,898 - harmonypy - INFO - Iteration 3 of 10
2026-09-18 08:55:58,270 - harmonypy - INFO - Iteration 4 of 10
2026-09-18 08:55:58,641 - harmonypy - INFO - Iteration 5 of 10
2026-09-18 08:55:58,998 - harmonypy - INFO - Iteration 6 of 10
2026-09-18 08:55:59,351 - harmonypy - INFO - Iteration 7 of 10
2026-09-18 08:55:59,738 - harmonypy - INFO - Iteration 8 of 10
2026-09-18 08:56:00,112 - harmonypy - INFO - Iteration 9 of 10
2026-09-18 08:56:00,457 - harmonypy - INFO - Iteration 10 of 10
2026-09-18 08:56:00,797 - harmonypy - INFO - Stopped before convergence
  [plot] saved pca_postharmony_by_slice_id.png
  [plot] saved pca_postharmony_by_domain_true.png
  [plot] saved pca_postharmony_by_cell_type_true.png

[save] sim_paper/data/figure_3/cellbin_batch_sigma_slide/misc/cell_kgeom_sweep_r2050/kg100/banksy_matrix/simulation_cell_z_banksy_pca_harmony_qc.h5ad
[save] done
/dcs04/hicks/data/Jan/sim_project/sim_paper/env/albis-tutorial/lib/python3.10/site-packages/louvain/__init__.py:54: UserWarning: pkg_resources is deprecated as an API. See https://setuptools.pypa.io/en/latest/pkg_resources.html. The pkg_resources package is slated for removal as early as 2025-11-30. Refrain from using this package or pin to Setuptools<81.
  from pkg_resources import get_distribution, DistributionNotFound
[load] sim_paper/data/figure_3/cellbin_batch_sigma_slide/misc/cell_kgeom_sweep_r2050/kg100/banksy_matrix/simulation_cell_z_banksy_pca_harmony_qc.h5ad
[load] AnnData shape: 24207 x 1668
[neighbors] n_pcs=30 n_neighbors=15
[ari] domain_true: target_k=6
[ari] domain_true: resolution=0.0217 achieved_k=6 (target 6)  ARI=0.3550
[ari] cell_type_true: target_k=8
[ari] cell_type_true: resolution=0.0334 achieved_k=9 (target 8)  ARI=0.0470
[save] sim_paper/data/figure_3/cellbin_batch_sigma_slide/misc/cell_kgeom_sweep_r2050/kg100/ari/ari_summary_cell.json
[save] sim_paper/data/figure_3/cellbin_batch_sigma_slide/misc/cell_kgeom_sweep_r2050/kg100/ari/simulation_cell_z_ari_recovery.h5ad
[score] cell_kg100  <-  sim_paper/data/figure_3/cellbin_batch_sigma_slide/misc/cell_kgeom_sweep_r2050/kg100/ari/simulation_cell_z_ari_recovery.h5ad
  [cell_kg100/cell_type] ARI=0.047 V=0.068  (leak 0.20)
  [cell_kg100/domain] ARI=0.355 V=0.446  (leak 0.05)
  modality  n_obs     level      ari  v_measure  slice_id_leakage_ari
cell_kg100  24207 cell_type 0.047047   0.068259              0.196491
cell_kg100  24207    domain 0.354969   0.445858              0.051366
[done] task 3 -> sim_paper/data/figure_3/cellbin_batch_sigma_slide/misc/cell_kgeom_sweep_r2050/kg100
