[task 0] cell k_geom=15 lambda=0.5 (bs=0, r=2050/n=24207)
[load] sim_paper/data/noisy/cell_strong_mix_bs0/simulation_cell_z_qc.h5ad
[load] AnnData shape: 24207 x 556
[stagger] offsetting each slice's x coordinate so slices don't overlap
  slice 0: offset x by 0.0
  slice 1: offset x by 20250.3
  slice 2: offset x by 40500.5
  slice 3: offset x by 60750.8
  slice 4: offset x by 81001.1
  slice 5: offset x by 101251.3
  slice 6: offset x by 121501.6
  slice 7: offset x by 141751.9
  slice 8: offset x by 162002.1
  slice 9: offset x by 182252.4

[normalize] normalize_total (no log1p -- BANKSY expects normalized, non-log counts here)
[hvg] skipped -- using all 556 genes (matches 01.2_pca_harmony.py's convention)

[banksy] k_geom=15 max_m=1 lambda=0.5 decay=scaled_gaussian

Median distance to closest cell = 28.960353576993736

---- Ran median_dist_to_nearest_neighbour in 0.06 s ----

---- Ran generate_spatial_distance_graph in 0.13 s ----

---- Ran row_normalize in 0.06 s ----

---- Ran generate_spatial_weights_fixed_nbrs in 0.51 s ----

---- Ran generate_spatial_distance_graph in 0.19 s ----

---- Ran theta_from_spatial_graph in 0.12 s ----

---- Ran row_normalize in 0.07 s ----

---- Ran generate_spatial_weights_fixed_nbrs in 0.77 s ----

Runtime Sep-18-2026-08-54

556 genes to be analysed:
Gene List:
Index(['G1', 'G2', 'G3', 'G4', 'G5', 'G6', 'G7', 'G8', 'G9', 'G10',
       ...
       'G547', 'G548', 'G549', 'G550', 'G551', 'G552', 'G553', 'G554', 'G555',
       'G556'],
      dtype='object', length=556)

Check if X contains only finite (non-NAN) values
Decay Type: scaled_gaussian
Weights Object: {'weights': {0: <24207x24207 sparse matrix of type '<class 'numpy.float64'>'
	with 363105 stored elements in Compressed Sparse Row format>, 1: <24207x24207 sparse matrix of type '<class 'numpy.complex128'>'
	with 726210 stored elements in Compressed Sparse Row format>}}

Nbr matrix | Mean: 17.99 | Std: 29.67
Size of Nbr | Shape: (24207, 556)
Top 3 entries of Nbr Mat:

[[23.53478558 56.19934301  0.        ]
 [10.59947233 66.31437871  0.        ]
 [ 7.60230945  0.          0.        ]]

AGF matrix | Mean: 10.59 | Std: 13.41
Size of AGF mat (m = 1) | Shape: (24207, 556)
Top entries of AGF:
[[ 9.56336701 38.97044025  6.92662149]
 [ 8.24338102 32.99757554  2.17286457]
 [13.04759889  0.          2.08186801]]
Ran 'Create BANKSY Matrix' in 0.03 mins

Cell by gene matrix has shape (24207, 556)

Scale factors squared: [0.5        0.33333333 0.16666667]
Scale factors: [0.70710678 0.57735027 0.40824829]
/dcs04/hicks/data/Jan/sim_project/sim_paper/env/sim-app-banksy/lib/python3.10/site-packages/banksy/main.py:368: FutureWarning: X.dtype being converted to np.float32 from float64. In the next version of anndata (0.9) conversion will not be automatic. Pass dtype explicitly to avoid this warning. Pass `AnnData(X, dtype=X.dtype, ...)` to get the future behavour.
  return anndata.AnnData(concatenated_matrix, obs=adata.obs, var=var_combined)
Shape of BANKSY matrix: (24207, 1668)
Type of banksy_matrix: <class 'anndata._core.anndata.AnnData'>

[banksy] BANKSY matrix shape: 24207 x 1668

[pca] pre-Harmony PCA
Current decay types: ['scaled_gaussian']

Reducing dims of dataset in (Index = scaled_gaussian, lambda = 0.5)
==================================================

Setting the total number of PC = 30
Original shape of matrix: (24207, 1668)
Reduced shape of matrix: (24207, 30)
------------------------------------------------------------
min_value = -5.223587989807129, mean = 3.236827339492265e-08, max = 5.720322132110596

  [plot] saved pca_preharmony_by_slice_id.png
  [plot] saved pca_preharmony_by_domain_true.png
  [plot] saved pca_preharmony_by_cell_type_true.png

[harmony] batch_key=slice_id
2026-09-18 08:54:18,897 - harmonypy - INFO - Running Harmony
2026-09-18 08:54:18,897 - harmonypy - INFO -   Parameters:
2026-09-18 08:54:18,897 - harmonypy - INFO -     max_iter_harmony: 10
2026-09-18 08:54:18,897 - harmonypy - INFO -     max_iter_kmeans: 4
2026-09-18 08:54:18,897 - harmonypy - INFO -     epsilon_cluster: 0.001
2026-09-18 08:54:18,897 - harmonypy - INFO -     epsilon_harmony: 0.01
2026-09-18 08:54:18,897 - harmonypy - INFO -     nclust: 100
2026-09-18 08:54:18,897 - harmonypy - INFO -     block_size: 0.05
2026-09-18 08:54:18,897 - harmonypy - INFO -     lamb: dynamic (alpha=0.2)
2026-09-18 08:54:18,897 - harmonypy - INFO -     theta: [2. 2. 2. 2. 2. 2. 2. 2. 2. 2.]
2026-09-18 08:54:18,897 - harmonypy - INFO -     sigma: [0.1 0.1 0.1 0.1 0.1]...
2026-09-18 08:54:18,897 - harmonypy - INFO -     verbose: True
2026-09-18 08:54:18,897 - harmonypy - INFO -     random_state: 0
2026-09-18 08:54:18,897 - harmonypy - INFO -   Data: 30 PCs × 24207 cells
2026-09-18 08:54:18,897 - harmonypy - INFO -   Batch variables: ['slice_id']
2026-09-18 08:54:18,925 - harmonypy - INFO - Computing initial centroids...
2026-09-18 08:54:19,333 - harmonypy - INFO - Initialization complete.
2026-09-18 08:54:19,333 - harmonypy - INFO - Iteration 1 of 10
2026-09-18 08:54:19,660 - harmonypy - INFO - Converged after 1 iteration
  [plot] saved pca_postharmony_by_slice_id.png
  [plot] saved pca_postharmony_by_domain_true.png
  [plot] saved pca_postharmony_by_cell_type_true.png

[save] sim_paper/data/figure_3/cellbin_batch_sigma_slide/misc/cell_kgeom_sweep_r2050/kg15/banksy_matrix/simulation_cell_z_banksy_pca_harmony_qc.h5ad
[save] done
/dcs04/hicks/data/Jan/sim_project/sim_paper/env/albis-tutorial/lib/python3.10/site-packages/louvain/__init__.py:54: UserWarning: pkg_resources is deprecated as an API. See https://setuptools.pypa.io/en/latest/pkg_resources.html. The pkg_resources package is slated for removal as early as 2025-11-30. Refrain from using this package or pin to Setuptools<81.
  from pkg_resources import get_distribution, DistributionNotFound
[load] sim_paper/data/figure_3/cellbin_batch_sigma_slide/misc/cell_kgeom_sweep_r2050/kg15/banksy_matrix/simulation_cell_z_banksy_pca_harmony_qc.h5ad
[load] AnnData shape: 24207 x 1668
[neighbors] n_pcs=30 n_neighbors=15
[ari] domain_true: target_k=6
[ari] domain_true: resolution=0.3341 achieved_k=6 (target 6)  ARI=0.3447
[ari] cell_type_true: target_k=8
[ari] cell_type_true: resolution=0.3837 achieved_k=10 (target 8)  ARI=0.0995
[save] sim_paper/data/figure_3/cellbin_batch_sigma_slide/misc/cell_kgeom_sweep_r2050/kg15/ari/ari_summary_cell.json
[save] sim_paper/data/figure_3/cellbin_batch_sigma_slide/misc/cell_kgeom_sweep_r2050/kg15/ari/simulation_cell_z_ari_recovery.h5ad
[score] cell_kg15  <-  sim_paper/data/figure_3/cellbin_batch_sigma_slide/misc/cell_kgeom_sweep_r2050/kg15/ari/simulation_cell_z_ari_recovery.h5ad
  [cell_kg15/cell_type] ARI=0.100 V=0.124  (leak 0.00)
  [cell_kg15/domain] ARI=0.345 V=0.385  (leak 0.00)
 modality  n_obs     level      ari  v_measure  slice_id_leakage_ari
cell_kg15  24207 cell_type 0.099548   0.124249              0.002065
cell_kg15  24207    domain 0.344702   0.384913              0.002253
[done] task 0 -> sim_paper/data/figure_3/cellbin_batch_sigma_slide/misc/cell_kgeom_sweep_r2050/kg15
