[banksy] variant=reciprocal args=--nbr-weight-decay reciprocal
[load] sim_paper/data/noisy/log_mu_-2.5_theta_0.25_strongdomainmix/simulation_cell_z_qc.h5ad
[load] AnnData shape: 599999 x 556
[stagger] offsetting each slice's x coordinate so slices don't overlap
  slice 0: offset x by 0.0
  slice 1: offset x by 17959.6
  slice 2: offset x by 35919.2
  slice 3: offset x by 53878.8
  slice 4: offset x by 71838.5
  slice 5: offset x by 89798.1
  slice 6: offset x by 107757.7
  slice 7: offset x by 125717.3
  slice 8: offset x by 143676.9
  slice 9: offset x by 161636.5

[normalize] normalize_total (no log1p -- BANKSY expects normalized, non-log counts here)
[hvg] skipped -- using all 556 genes (matches pca_harmony.py's convention)

[banksy] k_geom=15 max_m=1 lambda=0.8 decay=reciprocal

Median distance to closest cell = 17.21802416282401

---- Ran median_dist_to_nearest_neighbour in 5.03 s ----

---- Ran generate_spatial_distance_graph in 10.74 s ----

---- Ran row_normalize in 1.39 s ----

---- Ran generate_spatial_weights_fixed_nbrs in 12.15 s ----

---- Ran generate_spatial_distance_graph in 15.37 s ----

---- Ran theta_from_spatial_graph in 4.00 s ----

---- Ran row_normalize in 1.39 s ----

---- Ran generate_spatial_weights_fixed_nbrs in 21.18 s ----

Runtime Aug-25-2026-15-17

556 genes to be analysed:
Gene List:
Index(['G1', 'G2', 'G3', 'G4', 'G5', 'G6', 'G7', 'G8', 'G9', 'G10',
       ...
       'G547', 'G548', 'G549', 'G550', 'G551', 'G552', 'G553', 'G554', 'G555',
       'G556'],
      dtype='object', length=556)

Check if X contains only finite (non-NAN) values
Decay Type: reciprocal
Weights Object: {'weights': {0: <599999x599999 sparse matrix of type '<class 'numpy.float64'>'
	with 8999985 stored elements in Compressed Sparse Row format>, 1: <599999x599999 sparse matrix of type '<class 'numpy.complex128'>'
	with 17999970 stored elements in Compressed Sparse Row format>}}

Nbr matrix | Mean: 17.99 | Std: 54.14
Size of Nbr | Shape: (599999, 556)
Top 3 entries of Nbr Mat:

[[ 0.         24.15762824  0.        ]
 [ 0.         19.54632282  0.        ]
 [ 0.         25.21965345  0.        ]]

AGF matrix | Mean: 11.92 | Std: 31.73
Size of AGF mat (m = 1) | Shape: (599999, 556)
Top entries of AGF:
[[ 0.          9.80974028  0.        ]
 [ 0.          5.92418659  0.        ]
 [ 0.         39.5921939   0.        ]]
Ran 'Create BANKSY Matrix' in 0.8 mins

Cell by gene matrix has shape (599999, 556)

Scale factors squared: [0.2        0.53333333 0.26666667]
Scale factors: [0.4472136  0.73029674 0.51639778]
/dcs04/hicks/data/Jan/sim_project/sim_app/env/sim-app-banksy/lib/python3.10/site-packages/banksy/main.py:368: FutureWarning: X.dtype being converted to np.float32 from float64. In the next version of anndata (0.9) conversion will not be automatic. Pass dtype explicitly to avoid this warning. Pass `AnnData(X, dtype=X.dtype, ...)` to get the future behavour.
  return anndata.AnnData(concatenated_matrix, obs=adata.obs, var=var_combined)
Shape of BANKSY matrix: (599999, 1668)
Type of banksy_matrix: <class 'anndata._core.anndata.AnnData'>

[banksy] BANKSY matrix shape: 599999 x 1668

[pca] pre-Harmony PCA + UMAP
Current decay types: ['reciprocal']

Reducing dims of dataset in (Index = reciprocal, lambda = 0.8)
==================================================

Setting the total number of PC = 30
Original shape of matrix: (599999, 1668)
Reduced shape of matrix: (599999, 30)
------------------------------------------------------------
min_value = -12.43787670135498, mean = 4.69774192879413e-07, max = 17.944547653198242

Conducting UMAP and adding embeddings to adata.obsm["reduced_pc_30_umap"]
UMAP embedding
------------------------------------------------------------
shape: (599999, 2)


AxisArrays with keys: spatial, reduced_pc_30, reduced_pc_30_umap
  [plot] saved pca_preharmony_by_slice_id.png
  [plot] saved umap_preharmony_by_slice_id.png
  [plot] saved pca_preharmony_by_domain_true.png
  [plot] saved umap_preharmony_by_domain_true.png
  [plot] saved pca_preharmony_by_cell_type_true.png
  [plot] saved umap_preharmony_by_cell_type_true.png

[harmony] batch_key=slice_id
2026-08-25 15:24:53,347 - harmonypy - INFO - Running Harmony
2026-08-25 15:24:53,347 - harmonypy - INFO -   Parameters:
2026-08-25 15:24:53,347 - harmonypy - INFO -     max_iter_harmony: 10
2026-08-25 15:24:53,347 - harmonypy - INFO -     max_iter_kmeans: 4
2026-08-25 15:24:53,347 - harmonypy - INFO -     epsilon_cluster: 0.001
2026-08-25 15:24:53,347 - harmonypy - INFO -     epsilon_harmony: 0.01
2026-08-25 15:24:53,347 - harmonypy - INFO -     nclust: 100
2026-08-25 15:24:53,347 - harmonypy - INFO -     block_size: 0.05
2026-08-25 15:24:53,347 - harmonypy - INFO -     lamb: dynamic (alpha=0.2)
2026-08-25 15:24:53,347 - harmonypy - INFO -     theta: [2. 2. 2. 2. 2. 2. 2. 2. 2. 2.]
2026-08-25 15:24:53,347 - harmonypy - INFO -     sigma: [0.1 0.1 0.1 0.1 0.1]...
2026-08-25 15:24:53,347 - harmonypy - INFO -     verbose: True
2026-08-25 15:24:53,347 - harmonypy - INFO -     random_state: 0
2026-08-25 15:24:53,347 - harmonypy - INFO -   Data: 30 PCs × 599999 cells
2026-08-25 15:24:53,347 - harmonypy - INFO -   Batch variables: ['slice_id']
2026-08-25 15:24:53,658 - harmonypy - INFO - Computing initial centroids...
2026-08-25 15:25:02,710 - harmonypy - INFO - Initialization complete.
2026-08-25 15:25:02,710 - harmonypy - INFO - Iteration 1 of 10
2026-08-25 15:25:18,980 - harmonypy - INFO - Iteration 2 of 10
2026-08-25 15:25:35,463 - harmonypy - INFO - Iteration 3 of 10
2026-08-25 15:25:52,055 - harmonypy - INFO - Converged after 3 iterations

[umap] post-Harmony UMAP
/dcs04/hicks/data/Jan/sim_project/sim_app/env/sim-app-banksy/lib/python3.10/site-packages/umap/umap_.py:1952: UserWarning: n_jobs value 1 overridden to 1 by setting random_state. Use no seed for parallelism.
  warn(
  [plot] saved pca_postharmony_by_slice_id.png
  [plot] saved umap_postharmony_by_slice_id.png
  [plot] saved pca_postharmony_by_domain_true.png
  [plot] saved umap_postharmony_by_domain_true.png
  [plot] saved pca_postharmony_by_cell_type_true.png
  [plot] saved umap_postharmony_by_cell_type_true.png

[save] sim_paper/data/clustering_log_mu_-2.5_theta_0.25_strongdomainmix/cell/banksy_pca_harmony_qc_reciprocal/simulation_cell_z_banksy_pca_harmony_qc.h5ad
[save] done
[ari] resolution-matched ARI recovery
/dcs04/hicks/data/Jan/sim_project/sim_app/env/sim-app-tutorial/lib/python3.10/site-packages/louvain/__init__.py:54: UserWarning: pkg_resources is deprecated as an API. See https://setuptools.pypa.io/en/latest/pkg_resources.html. The pkg_resources package is slated for removal as early as 2025-11-30. Refrain from using this package or pin to Setuptools<81.
  from pkg_resources import get_distribution, DistributionNotFound
[load] sim_paper/data/clustering_log_mu_-2.5_theta_0.25_strongdomainmix/cell/banksy_pca_harmony_qc_reciprocal/simulation_cell_z_banksy_pca_harmony_qc.h5ad
[load] AnnData shape: 599999 x 1668
[neighbors] n_pcs=30 n_neighbors=15
[ari] domain_true: target_k=6
[ari] domain_true: resolution=0.1268 achieved_k=6 (target 6)  ARI=-0.0000
[ari] cell_type_true: target_k=8
[ari] cell_type_true: resolution=0.1356 achieved_k=8 (target 8)  ARI=-0.0000
[save] sim_paper/data/clustering_log_mu_-2.5_theta_0.25_strongdomainmix/cell/banksy_ari_recovery_reciprocal/ari_summary_cell.json
[save] sim_paper/data/clustering_log_mu_-2.5_theta_0.25_strongdomainmix/cell/banksy_ari_recovery_reciprocal/simulation_cell_z_ari_recovery.h5ad
[done] reciprocal -> sim_paper/data/clustering_log_mu_-2.5_theta_0.25_strongdomainmix/cell/banksy_ari_recovery_reciprocal/ari_summary_cell.json
