[banksy] variant=kgeom100 args=--k-geom 100
[load] sim_paper/data/noisy/packing_pf0p04_bsigma05_strongdomainmix/simulation_bin_z_qc.h5ad
[load] AnnData shape: 716022 x 556
[stagger] offsetting each slice's x coordinate so slices don't overlap
  slice 0: offset x by 0.0
  slice 1: offset x by 3324.0
  slice 2: offset x by 6648.0
  slice 3: offset x by 9972.0
  slice 4: offset x by 13296.0
  slice 5: offset x by 16620.0
  slice 6: offset x by 19944.0
  slice 7: offset x by 23268.0
  slice 8: offset x by 26592.0
  slice 9: offset x by 29916.0

[normalize] normalize_total (no log1p -- BANKSY expects normalized, non-log counts here)
[hvg] skipped -- using all 556 genes (matches pca_harmony.py's convention)
/dcs04/hicks/data/Jan/sim_project/sim_app/env/sim-app-banksy/lib/python3.10/site-packages/scanpy/preprocessing/_normalization.py:197: UserWarning: Some cells have zero counts
  warn(UserWarning('Some cells have zero counts'))

[banksy] k_geom=100 max_m=1 lambda=0.8 decay=scaled_gaussian

Median distance to closest cell = 8.0

---- Ran median_dist_to_nearest_neighbour in 1.17 s ----

---- Ran generate_spatial_distance_graph in 11.05 s ----

---- Ran row_normalize in 1.45 s ----

---- Ran generate_spatial_weights_fixed_nbrs in 19.36 s ----

---- Ran generate_spatial_distance_graph in 21.13 s ----

---- Ran theta_from_spatial_graph in 6.00 s ----

---- Ran row_normalize in 1.48 s ----

---- Ran generate_spatial_weights_fixed_nbrs in 38.26 s ----

Runtime Aug-26-2026-07-46

556 genes to be analysed:
Gene List:
Index(['G1', 'G2', 'G3', 'G4', 'G5', 'G6', 'G7', 'G8', 'G9', 'G10',
       ...
       'G547', 'G548', 'G549', 'G550', 'G551', 'G552', 'G553', 'G554', 'G555',
       'G556'],
      dtype='object', length=556)

Check if X contains only finite (non-NAN) values
Decay Type: scaled_gaussian
Weights Object: {'weights': {0: <716022x716022 sparse matrix of type '<class 'numpy.float64'>'
	with 71602200 stored elements in Compressed Sparse Row format>, 1: <716022x716022 sparse matrix of type '<class 'numpy.complex128'>'
	with 143204400 stored elements in Compressed Sparse Row format>}}

Nbr matrix | Mean: 17.98 | Std: 24.42
Size of Nbr | Shape: (716022, 556)
Top 3 entries of Nbr Mat:

[[103.47506556  18.90103105   0.35787127]
 [ 71.74136331  14.22461794   0.49763146]
 [ 75.50207684  12.33340892   0.52801932]]

AGF matrix | Mean: 3.79 | Std: 7.22
Size of AGF mat (m = 1) | Shape: (716022, 556)
Top entries of AGF:
[[20.60005874  1.78439302  0.02672649]
 [11.99901005  1.93066489  0.11321177]
 [15.75616272  1.97749818  0.16138202]]
Ran 'Create BANKSY Matrix' in 2.96 mins

Cell by gene matrix has shape (716022, 556)

Scale factors squared: [0.2        0.53333333 0.26666667]
Scale factors: [0.4472136  0.73029674 0.51639778]
/dcs04/hicks/data/Jan/sim_project/sim_app/env/sim-app-banksy/lib/python3.10/site-packages/banksy/main.py:368: FutureWarning: X.dtype being converted to np.float32 from float64. In the next version of anndata (0.9) conversion will not be automatic. Pass dtype explicitly to avoid this warning. Pass `AnnData(X, dtype=X.dtype, ...)` to get the future behavour.
  return anndata.AnnData(concatenated_matrix, obs=adata.obs, var=var_combined)
Shape of BANKSY matrix: (716022, 1668)
Type of banksy_matrix: <class 'anndata._core.anndata.AnnData'>

[banksy] BANKSY matrix shape: 716022 x 1668

[pca] pre-Harmony PCA + UMAP
Current decay types: ['scaled_gaussian']

Reducing dims of dataset in (Index = scaled_gaussian, lambda = 0.8)
==================================================

Setting the total number of PC = 30
Original shape of matrix: (716022, 1668)
Reduced shape of matrix: (716022, 30)
------------------------------------------------------------
min_value = -18.076871871948242, mean = 2.327081347175408e-06, max = 24.40116310119629

Conducting UMAP and adding embeddings to adata.obsm["reduced_pc_30_umap"]
UMAP embedding
------------------------------------------------------------
shape: (716022, 2)


AxisArrays with keys: spatial, reduced_pc_30, reduced_pc_30_umap
  [plot] saved pca_preharmony_by_slice_id.png
  [plot] saved umap_preharmony_by_slice_id.png
  [plot] saved pca_preharmony_by_domain_true.png
  [plot] saved umap_preharmony_by_domain_true.png
  [plot] saved pca_preharmony_by_cell_type_true.png
  [plot] saved umap_preharmony_by_cell_type_true.png

[harmony] batch_key=slice_id
2026-08-26 07:53:11,829 - harmonypy - INFO - Running Harmony
2026-08-26 07:53:11,829 - harmonypy - INFO -   Parameters:
2026-08-26 07:53:11,829 - harmonypy - INFO -     max_iter_harmony: 10
2026-08-26 07:53:11,829 - harmonypy - INFO -     max_iter_kmeans: 4
2026-08-26 07:53:11,829 - harmonypy - INFO -     epsilon_cluster: 0.001
2026-08-26 07:53:11,829 - harmonypy - INFO -     epsilon_harmony: 0.01
2026-08-26 07:53:11,829 - harmonypy - INFO -     nclust: 100
2026-08-26 07:53:11,829 - harmonypy - INFO -     block_size: 0.05
2026-08-26 07:53:11,829 - harmonypy - INFO -     lamb: dynamic (alpha=0.2)
2026-08-26 07:53:11,829 - harmonypy - INFO -     theta: [2. 2. 2. 2. 2. 2. 2. 2. 2. 2.]
2026-08-26 07:53:11,830 - harmonypy - INFO -     sigma: [0.1 0.1 0.1 0.1 0.1]...
2026-08-26 07:53:11,830 - harmonypy - INFO -     verbose: True
2026-08-26 07:53:11,830 - harmonypy - INFO -     random_state: 0
2026-08-26 07:53:11,830 - harmonypy - INFO -   Data: 30 PCs × 716022 cells
2026-08-26 07:53:11,830 - harmonypy - INFO -   Batch variables: ['slice_id']
2026-08-26 07:53:12,066 - harmonypy - INFO - Computing initial centroids...
2026-08-26 07:53:21,065 - harmonypy - INFO - Initialization complete.
2026-08-26 07:53:21,066 - harmonypy - INFO - Iteration 1 of 10
2026-08-26 07:53:26,742 - harmonypy - INFO - Converged after 1 iteration

[umap] post-Harmony UMAP
/dcs04/hicks/data/Jan/sim_project/sim_app/env/sim-app-banksy/lib/python3.10/site-packages/umap/umap_.py:1952: UserWarning: n_jobs value 1 overridden to 1 by setting random_state. Use no seed for parallelism.
  warn(
  [plot] saved pca_postharmony_by_slice_id.png
  [plot] saved umap_postharmony_by_slice_id.png
  [plot] saved pca_postharmony_by_domain_true.png
  [plot] saved umap_postharmony_by_domain_true.png
  [plot] saved pca_postharmony_by_cell_type_true.png
  [plot] saved umap_postharmony_by_cell_type_true.png

[save] sim_paper/data/clustering_packing_pf0p04_bsigma05_strongdomainmix/bin/banksy_pca_harmony_qc_kgeom100/simulation_bin_z_banksy_pca_harmony_qc.h5ad
[save] done
[ari] resolution-matched ARI recovery
/dcs04/hicks/data/Jan/sim_project/sim_app/env/sim-app-tutorial/lib/python3.10/site-packages/louvain/__init__.py:54: UserWarning: pkg_resources is deprecated as an API. See https://setuptools.pypa.io/en/latest/pkg_resources.html. The pkg_resources package is slated for removal as early as 2025-11-30. Refrain from using this package or pin to Setuptools<81.
  from pkg_resources import get_distribution, DistributionNotFound
[load] sim_paper/data/clustering_packing_pf0p04_bsigma05_strongdomainmix/bin/banksy_pca_harmony_qc_kgeom100/simulation_bin_z_banksy_pca_harmony_qc.h5ad
[load] AnnData shape: 716022 x 1668
[neighbors] n_pcs=30 n_neighbors=15
[ari] domain_true: target_k=6
[ari] domain_true: resolution=0.0567 achieved_k=10 (target 6)  ARI=0.0937
[ari] cell_type_true: target_k=8
[ari] cell_type_true: resolution=0.0567 achieved_k=10 (target 8)  ARI=0.0094
[save] sim_paper/data/clustering_packing_pf0p04_bsigma05_strongdomainmix/bin/banksy_ari_recovery_kgeom100/ari_summary_bin.json
[save] sim_paper/data/clustering_packing_pf0p04_bsigma05_strongdomainmix/bin/banksy_ari_recovery_kgeom100/simulation_bin_z_ari_recovery.h5ad
[done] kgeom100 -> sim_paper/data/clustering_packing_pf0p04_bsigma05_strongdomainmix/bin/banksy_ari_recovery_kgeom100/ari_summary_bin.json
