Verified regenerated native 556-gene outputs
{
  "method": "spider",
  "source": "/dcs04/hicks/data/Jan/sim_project/sim_paper/data/comparison_methods/overview_native556_20260926",
  "truth": "contributing-cell fractions, not molecule fractions",
  "reference": "same simulated tissue as query; optimistic pilot",
  "gene_selection": "all native genes; identical ordered reference/query panel",
  "rounding": "nearest integer (numpy.rint) on separate copies; no depth normalization",
  "cell": {
    "source": "/dcs04/hicks/data/Jan/sim_project/sim_paper/data/comparison_methods/overview_native556_20260926/spider/cell.h5ad",
    "source_sha256": "aa1cf3802cb2122905dbdb85fd8e53bb6555ac2710d0afaa16336d07cd0d36d7",
    "n_obs": 10000,
    "n_genes": 556,
    "fractional_nonzero_share": 0.0,
    "rounding_absolute_change": 0.0,
    "total_before_quantiles": [
      26860.0,
      51540.25,
      59020.0,
      67729.75,
      123347.0
    ],
    "total_after_quantiles": [
      26860.0,
      51540.25,
      59020.0,
      67729.75,
      123347.0
    ],
    "detected_genes_quantiles": [
      411.0,
      450.0,
      458.5,
      467.0,
      493.0
    ]
  },
  "spot": {
    "source": "/dcs04/hicks/data/Jan/sim_project/sim_paper/data/comparison_methods/overview_native556_20260926/spider/spot.h5ad",
    "source_sha256": "3753f2c387051ed04537d673e8f7332c48e6bda91c4c9a507f2e9e6bb10253af",
    "n_obs": 360,
    "n_genes": 556,
    "fractional_nonzero_share": 0.0,
    "rounding_absolute_change": 0.0,
    "total_before_quantiles": [
      50601.0,
      297342.0,
      405456.5,
      515405.0,
      1049691.0
    ],
    "total_after_quantiles": [
      50601.0,
      297342.0,
      405456.5,
      515405.0,
      1049691.0
    ],
    "detected_genes_quantiles": [
      459.0,
      519.75,
      525.0,
      530.0,
      538.0
    ],
    "excluded_empty_or_zero_expression": 0
  }
}
[load] reference (cell): /dcs04/hicks/data/Jan/sim_project/sim_paper/data/comparison_methods/spatial_deconvolution/native556_spider_35973632/inputs/cell.h5ad 
[reference] n_cells=10000 n_genes=556 per-type counts:
cell_types
type1 type2 type3 type4 type5 type6 type7 type8 
 1250  1250  1250  1250  1250  1250  1250  1250 

[load] query (spot): /dcs04/hicks/data/Jan/sim_project/sim_paper/data/comparison_methods/spatial_deconvolution/native556_spider_35973632/inputs/spot.h5ad 
[query] n_spots=360 n_genes=556

[RCTD] create.RCTD (doublet_mode=full, max_cores=8)
Begin: process_cell_type_info
process_cell_type_info: number of cells in reference: 10000
process_cell_type_info: number of genes in reference: 556

type1 type2 type3 type4 type5 type6 type7 type8 
 1250  1250  1250  1250  1250  1250  1250  1250 
End: process_cell_type_info
create.RCTD: getting regression differentially expressed genes: 
get_de_genes: type1 found DE genes: 9
get_de_genes: type2 found DE genes: 15
get_de_genes: type3 found DE genes: 11
get_de_genes: type4 found DE genes: 12
get_de_genes: type5 found DE genes: 9
get_de_genes: type6 found DE genes: 7
get_de_genes: type7 found DE genes: 13
get_de_genes: type8 found DE genes: 9
get_de_genes: total DE genes: 83
create.RCTD: getting platform effect normalization differentially expressed genes: 
get_de_genes: type1 found DE genes: 13
get_de_genes: type2 found DE genes: 23
get_de_genes: type3 found DE genes: 16
get_de_genes: type4 found DE genes: 19
get_de_genes: type5 found DE genes: 20
get_de_genes: type6 found DE genes: 12
get_de_genes: type7 found DE genes: 25
get_de_genes: type8 found DE genes: 16
get_de_genes: total DE genes: 139
fitBulk: decomposing bulk
chooseSigma: using initial Q_mat with sigma =  1
starting worker pid=1479103 on localhost:11510 at 22:54:28.210
starting worker pid=1479118 on localhost:11510 at 22:54:28.556
starting worker pid=1479133 on localhost:11510 at 22:54:28.745
starting worker pid=1479148 on localhost:11510 at 22:54:28.910
starting worker pid=1479163 on localhost:11510 at 22:54:29.077
starting worker pid=1479178 on localhost:11510 at 22:54:29.259
starting worker pid=1479193 on localhost:11510 at 22:54:29.445
starting worker pid=1479208 on localhost:11510 at 22:54:29.608
Loading required package: spacexr
loaded spacexr and set parent environment
Loading required package: spacexr
loaded spacexr and set parent environment
Loading required package: spacexr
loaded spacexr and set parent environment
Loading required package: spacexr
loaded spacexr and set parent environment
Loading required package: spacexr
loaded spacexr and set parent environment
Loading required package: spacexr
loaded spacexr and set parent environment
Loading required package: spacexr
loaded spacexr and set parent environment
Loading required package: spacexr
loaded spacexr and set parent environment
Likelihood value: 190067.208836671
Sigma value:  0.84
starting worker pid=1479248 on localhost:11510 at 22:54:36.269
starting worker pid=1479265 on localhost:11510 at 22:54:36.444
starting worker pid=1479280 on localhost:11510 at 22:54:36.630
starting worker pid=1479295 on localhost:11510 at 22:54:36.808
starting worker pid=1479310 on localhost:11510 at 22:54:36.997
starting worker pid=1479325 on localhost:11510 at 22:54:37.176
starting worker pid=1479340 on localhost:11510 at 22:54:37.350
starting worker pid=1479355 on localhost:11510 at 22:54:37.530
Loading required package: spacexr
loaded spacexr and set parent environment
Loading required package: spacexr
loaded spacexr and set parent environment
Loading required package: spacexr
loaded spacexr and set parent environment
Loading required package: spacexr
loaded spacexr and set parent environment
Loading required package: spacexr
loaded spacexr and set parent environment
Loading required package: spacexr
loaded spacexr and set parent environment
Loading required package: spacexr
loaded spacexr and set parent environment
Loading required package: spacexr
loaded spacexr and set parent environment
Likelihood value: 185760.545513952
Sigma value:  0.69
starting worker pid=1479393 on localhost:11510 at 22:54:44.227
starting worker pid=1479408 on localhost:11510 at 22:54:44.389
starting worker pid=1479423 on localhost:11510 at 22:54:44.574
starting worker pid=1479438 on localhost:11510 at 22:54:44.756
starting worker pid=1479454 on localhost:11510 at 22:54:44.927
starting worker pid=1479469 on localhost:11510 at 22:54:45.109
starting worker pid=1479484 on localhost:11510 at 22:54:45.280
starting worker pid=1479501 on localhost:11510 at 22:54:45.436
Loading required package: spacexr
loaded spacexr and set parent environment
Loading required package: spacexr
loaded spacexr and set parent environment
Loading required package: spacexr
loaded spacexr and set parent environment
Loading required package: spacexr
loaded spacexr and set parent environment
Loading required package: spacexr
loaded spacexr and set parent environment
Loading required package: spacexr
loaded spacexr and set parent environment
Loading required package: spacexr
loaded spacexr and set parent environment
Loading required package: spacexr
loaded spacexr and set parent environment
Likelihood value: 181339.275275554
Sigma value:  0.61
starting worker pid=1479538 on localhost:11510 at 22:54:51.939
starting worker pid=1479553 on localhost:11510 at 22:54:52.105
starting worker pid=1479568 on localhost:11510 at 22:54:52.282
starting worker pid=1479583 on localhost:11510 at 22:54:52.452
starting worker pid=1479598 on localhost:11510 at 22:54:52.614
starting worker pid=1479613 on localhost:11510 at 22:54:52.767
starting worker pid=1479628 on localhost:11510 at 22:54:52.947
starting worker pid=1479643 on localhost:11510 at 22:54:53.118
Loading required package: spacexr
loaded spacexr and set parent environment
Loading required package: spacexr
loaded spacexr and set parent environment
Loading required package: spacexr
loaded spacexr and set parent environment
Loading required package: spacexr
loaded spacexr and set parent environment
Loading required package: spacexr
loaded spacexr and set parent environment
Loading required package: spacexr
loaded spacexr and set parent environment
Loading required package: spacexr
loaded spacexr and set parent environment
Loading required package: spacexr
loaded spacexr and set parent environment
Likelihood value: 178891.937528254
Sigma value:  0.53
starting worker pid=1479741 on localhost:11510 at 22:54:59.700
starting worker pid=1479756 on localhost:11510 at 22:54:59.876
starting worker pid=1479771 on localhost:11510 at 22:55:00.053
starting worker pid=1479786 on localhost:11510 at 22:55:00.216
starting worker pid=1479803 on localhost:11510 at 22:55:00.386
starting worker pid=1479818 on localhost:11510 at 22:55:00.569
starting worker pid=1479833 on localhost:11510 at 22:55:00.735
starting worker pid=1479851 on localhost:11510 at 22:55:00.878
Loading required package: spacexr
loaded spacexr and set parent environment
Loading required package: spacexr
loaded spacexr and set parent environment
Loading required package: spacexr
loaded spacexr and set parent environment
Loading required package: spacexr
loaded spacexr and set parent environment
Loading required package: spacexr
loaded spacexr and set parent environment
Loading required package: spacexr
loaded spacexr and set parent environment
Loading required package: spacexr
loaded spacexr and set parent environment
Loading required package: spacexr
loaded spacexr and set parent environment
Likelihood value: 176505.055659112
Sigma value:  0.45
starting worker pid=1480880 on localhost:11510 at 22:55:07.341
starting worker pid=1481153 on localhost:11510 at 22:55:07.499
starting worker pid=1481361 on localhost:11510 at 22:55:07.656
starting worker pid=1481380 on localhost:11510 at 22:55:07.818
starting worker pid=1481395 on localhost:11510 at 22:55:07.967
starting worker pid=1481410 on localhost:11510 at 22:55:08.120
starting worker pid=1481425 on localhost:11510 at 22:55:08.262
starting worker pid=1481440 on localhost:11510 at 22:55:08.404
Loading required package: spacexr
loaded spacexr and set parent environment
Loading required package: spacexr
loaded spacexr and set parent environment
Loading required package: spacexr
loaded spacexr and set parent environment
Loading required package: spacexr
loaded spacexr and set parent environment
Loading required package: spacexr
loaded spacexr and set parent environment
Loading required package: spacexr
loaded spacexr and set parent environment
Loading required package: spacexr
loaded spacexr and set parent environment
Loading required package: spacexr
loaded spacexr and set parent environment
Likelihood value: 174443.593129303
Sigma value:  0.37
starting worker pid=1481578 on localhost:11510 at 22:55:14.665
starting worker pid=1481593 on localhost:11510 at 22:55:14.807
starting worker pid=1481612 on localhost:11510 at 22:55:14.951
starting worker pid=1481627 on localhost:11510 at 22:55:15.095
starting worker pid=1481643 on localhost:11510 at 22:55:15.241
starting worker pid=1481660 on localhost:11510 at 22:55:15.380
starting worker pid=1481675 on localhost:11510 at 22:55:15.526
starting worker pid=1481690 on localhost:11510 at 22:55:15.662
Loading required package: spacexr
loaded spacexr and set parent environment
Loading required package: spacexr
loaded spacexr and set parent environment
Loading required package: spacexr
loaded spacexr and set parent environment
Loading required package: spacexr
loaded spacexr and set parent environment
Loading required package: spacexr
loaded spacexr and set parent environment
Loading required package: spacexr
loaded spacexr and set parent environment
Loading required package: spacexr
loaded spacexr and set parent environment
Loading required package: spacexr
loaded spacexr and set parent environment
Likelihood value: 173399.438547939
Sigma value:  0.29
starting worker pid=1481724 on localhost:11510 at 22:55:21.567
starting worker pid=1481739 on localhost:11510 at 22:55:21.728
starting worker pid=1481754 on localhost:11510 at 22:55:21.886
starting worker pid=1481769 on localhost:11510 at 22:55:22.040
starting worker pid=1481784 on localhost:11510 at 22:55:22.194
starting worker pid=1481799 on localhost:11510 at 22:55:22.346
starting worker pid=1481814 on localhost:11510 at 22:55:22.508
starting worker pid=1481829 on localhost:11510 at 22:55:22.672
Loading required package: spacexr
loaded spacexr and set parent environment
Loading required package: spacexr
loaded spacexr and set parent environment
Loading required package: spacexr
loaded spacexr and set parent environment
Loading required package: spacexr
loaded spacexr and set parent environment
Loading required package: spacexr
loaded spacexr and set parent environment
Loading required package: spacexr
loaded spacexr and set parent environment
Loading required package: spacexr
loaded spacexr and set parent environment
Loading required package: spacexr
loaded spacexr and set parent environment
Likelihood value: 175284.110260173
Sigma value:  0.28
starting worker pid=1481874 on localhost:11510 at 22:55:28.610
starting worker pid=1481889 on localhost:11510 at 22:55:28.766
starting worker pid=1481904 on localhost:11510 at 22:55:28.931
starting worker pid=1481919 on localhost:11510 at 22:55:29.101
starting worker pid=1481935 on localhost:11510 at 22:55:29.262
starting worker pid=1481950 on localhost:11510 at 22:55:29.422
starting worker pid=1481965 on localhost:11510 at 22:55:29.595
starting worker pid=1481980 on localhost:11510 at 22:55:29.757
Loading required package: spacexr
loaded spacexr and set parent environment
Loading required package: spacexr
loaded spacexr and set parent environment
Loading required package: spacexr
loaded spacexr and set parent environment
Loading required package: spacexr
loaded spacexr and set parent environment
Loading required package: spacexr
loaded spacexr and set parent environment
Loading required package: spacexr
loaded spacexr and set parent environment
Loading required package: spacexr
loaded spacexr and set parent environment
Loading required package: spacexr
loaded spacexr and set parent environment

[score] 360 / 360 spots have an RCTD estimate (rest failed QC/min-UMI inside RCTD)

=== RESULTS ===
spots scored: 360 / 360 
overall Pearson r (all spots x all cell types, pooled): 0.7135 
overall RMSE: 0.1513 
mean per-spot Pearson r: 0.6473 
per-cell-type Pearson r:
      cell_type pearson_r       rmse
type1     type1 0.3467691 0.24678257
type2     type2 0.9594932 0.08876925
type3     type3 0.9109680 0.11113888
type4     type4 0.9599451 0.07410800
type5     type5 0.9393515 0.07825533
type6     type6 0.8928752 0.19465683
type7     type7 0.9556894 0.08895937
type8     type8 0.2468240 0.21098034

[done] outputs written to /dcs04/hicks/data/Jan/sim_project/sim_paper/data/comparison_methods/spatial_deconvolution/native556_spider_35973632/results 
Completed spider: /dcs04/hicks/data/Jan/sim_project/sim_paper/data/comparison_methods/spatial_deconvolution/native556_spider_35973632
[spatial zoom -> rctd_spatial_zoom.png] slice 5, cropped to x/y in [-50.0,650.0]x[-50.0,650.0]: 36 spots, 8 cell types, 1 pair(s)/row
wrote /dcs04/hicks/data/Jan/sim_project/sim_paper/data/comparison_methods/spatial_deconvolution/native556_spider_35973632/results/rctd_spatial_zoom.png
[spatial zoom -> rctd_spatial_zoom_4x4.png] slice 5, cropped to x/y in [-50.0,650.0]x[-50.0,650.0]: 36 spots, 8 cell types, 2 pair(s)/row
wrote /dcs04/hicks/data/Jan/sim_project/sim_paper/data/comparison_methods/spatial_deconvolution/native556_spider_35973632/results/rctd_spatial_zoom_4x4.png
[spatial zoom -> rctd_spatial_zoom_main.png] slice 5, cropped to x/y in [-50.0,650.0]x[-50.0,650.0]: 36 spots, 2 cell types, 1 pair(s)/row
wrote /dcs04/hicks/data/Jan/sim_project/sim_paper/data/comparison_methods/spatial_deconvolution/native556_spider_35973632/results/rctd_spatial_zoom_main.png
[spatial zoom -> rctd_spatial_zoom_4types.png] slice 5, cropped to x/y in [-50.0,650.0]x[-50.0,650.0]: 36 spots, 4 cell types, 2 pair(s)/row
wrote /dcs04/hicks/data/Jan/sim_project/sim_paper/data/comparison_methods/spatial_deconvolution/native556_spider_35973632/results/rctd_spatial_zoom_4types.png
wrote /dcs04/hicks/data/Jan/sim_project/sim_paper/data/comparison_methods/spatial_deconvolution/native556_spider_35973632/results/rctd_error_boxplot.png
