Verified regenerated native 556-gene outputs
{
  "method": "sccube",
  "source": "/dcs04/hicks/data/Jan/sim_project/sim_paper/data/comparison_methods/overview_native556_20260926",
  "truth": "contributing-cell fractions, not molecule fractions",
  "reference": "same simulated tissue as query; optimistic pilot",
  "gene_selection": "all native genes; identical ordered reference/query panel",
  "rounding": "nearest integer (numpy.rint) on separate copies; no depth normalization",
  "cell": {
    "source": "/dcs04/hicks/data/Jan/sim_project/sim_paper/data/comparison_methods/overview_native556_20260926/sccube/cell.h5ad",
    "source_sha256": "9c528487331a29970485e69d5fb699342e2e3824615d5c3f1bef21723268af8f",
    "n_obs": 10000,
    "n_genes": 556,
    "fractional_nonzero_share": 1.0,
    "rounding_absolute_change": 1295077.2494536336,
    "total_before_quantiles": [
      847.4440194293857,
      892.6053272760473,
      913.8789190612733,
      924.184840073809,
      970.1065307855606
    ],
    "total_after_quantiles": [
      829.0,
      884.0,
      912.0,
      926.0,
      987.0
    ],
    "detected_genes_quantiles": [
      411.0,
      422.0,
      431.0,
      435.0,
      443.0
    ]
  },
  "spot": {
    "source": "/dcs04/hicks/data/Jan/sim_project/sim_paper/data/comparison_methods/overview_native556_20260926/sccube/spot.h5ad",
    "source_sha256": "6a1a92ce64e35383f756cdc18d34c9717a11f09891b526d8f90fe6da9fa7d231",
    "n_obs": 905,
    "n_genes": 556,
    "fractional_nonzero_share": 1.0,
    "rounding_absolute_change": 108325.38821439352,
    "total_before_quantiles": [
      1799.9072724543512,
      8010.190400570631,
      9902.952044606209,
      11911.58678637445,
      22945.291438654065
    ],
    "total_after_quantiles": [
      1796.0,
      8017.0,
      9903.0,
      11909.0,
      22947.0
    ],
    "detected_genes_quantiles": [
      465.0,
      480.0,
      480.0,
      480.0,
      481.0
    ],
    "excluded_empty_or_zero_expression": 0
  }
}
[load] reference (cell): /dcs04/hicks/data/Jan/sim_project/sim_paper/data/comparison_methods/spatial_deconvolution/native556_sccube_35973633/inputs/cell.h5ad 
[reference] n_cells=10000 n_genes=556 per-type counts:
cell_types
type1 type2 type3 type4 type5 type6 type7 type8 
 1250  1250  1250  1250  1250  1250  1250  1250 

[load] query (spot): /dcs04/hicks/data/Jan/sim_project/sim_paper/data/comparison_methods/spatial_deconvolution/native556_sccube_35973633/inputs/spot.h5ad 
[query] n_spots=905 n_genes=556

[RCTD] create.RCTD (doublet_mode=full, max_cores=8)
Begin: process_cell_type_info
process_cell_type_info: number of cells in reference: 10000
process_cell_type_info: number of genes in reference: 556

type1 type2 type3 type4 type5 type6 type7 type8 
 1250  1250  1250  1250  1250  1250  1250  1250 
End: process_cell_type_info
create.RCTD: getting regression differentially expressed genes: 
get_de_genes: type1 found DE genes: 0
get_de_genes: type2 found DE genes: 2
get_de_genes: type3 found DE genes: 3
get_de_genes: type4 found DE genes: 6
get_de_genes: type5 found DE genes: 1
get_de_genes: type6 found DE genes: 2
get_de_genes: type7 found DE genes: 8
get_de_genes: type8 found DE genes: 1
get_de_genes: total DE genes: 18
create.RCTD: getting platform effect normalization differentially expressed genes: 
get_de_genes: type1 found DE genes: 4
get_de_genes: type2 found DE genes: 4
get_de_genes: type3 found DE genes: 10
get_de_genes: type4 found DE genes: 13
get_de_genes: type5 found DE genes: 6
get_de_genes: type6 found DE genes: 7
get_de_genes: type7 found DE genes: 15
get_de_genes: type8 found DE genes: 3
get_de_genes: total DE genes: 41
fitBulk: decomposing bulk
chooseSigma: using initial Q_mat with sigma =  1
starting worker pid=3552712 on localhost:11828 at 23:41:15.808
starting worker pid=3552727 on localhost:11828 at 23:41:16.335
starting worker pid=3552742 on localhost:11828 at 23:41:16.855
starting worker pid=3552757 on localhost:11828 at 23:41:17.385
starting worker pid=3552772 on localhost:11828 at 23:41:17.901
starting worker pid=3552787 on localhost:11828 at 23:41:18.417
starting worker pid=3552802 on localhost:11828 at 23:41:18.942
starting worker pid=3552817 on localhost:11828 at 23:41:19.468
Loading required package: spacexr
loaded spacexr and set parent environment
Loading required package: spacexr
loaded spacexr and set parent environment
Loading required package: spacexr
loaded spacexr and set parent environment
Loading required package: spacexr
loaded spacexr and set parent environment
Loading required package: spacexr
loaded spacexr and set parent environment
Loading required package: spacexr
loaded spacexr and set parent environment
Loading required package: spacexr
loaded spacexr and set parent environment
Loading required package: spacexr
loaded spacexr and set parent environment
Likelihood value: 42346.3084505534
Sigma value:  0.84
starting worker pid=3552860 on localhost:11828 at 23:41:47.194
starting worker pid=3552876 on localhost:11828 at 23:41:47.725
starting worker pid=3552891 on localhost:11828 at 23:41:48.253
starting worker pid=3552906 on localhost:11828 at 23:41:48.785
starting worker pid=3552921 on localhost:11828 at 23:41:49.318
starting worker pid=3552936 on localhost:11828 at 23:41:49.850
starting worker pid=3552951 on localhost:11828 at 23:41:50.382
starting worker pid=3552966 on localhost:11828 at 23:41:50.919
Loading required package: spacexr
loaded spacexr and set parent environment
Loading required package: spacexr
loaded spacexr and set parent environment
Loading required package: spacexr
loaded spacexr and set parent environment
Loading required package: spacexr
loaded spacexr and set parent environment
Loading required package: spacexr
loaded spacexr and set parent environment
Loading required package: spacexr
loaded spacexr and set parent environment
Loading required package: spacexr
loaded spacexr and set parent environment
Loading required package: spacexr
loaded spacexr and set parent environment
Likelihood value: 40171.9171848998
Sigma value:  0.69
starting worker pid=3553027 on localhost:11828 at 23:42:18.870
starting worker pid=3553042 on localhost:11828 at 23:42:19.413
starting worker pid=3553057 on localhost:11828 at 23:42:19.947
starting worker pid=3553072 on localhost:11828 at 23:42:20.479
starting worker pid=3553087 on localhost:11828 at 23:42:21.013
starting worker pid=3553102 on localhost:11828 at 23:42:21.542
starting worker pid=3553117 on localhost:11828 at 23:42:22.074
starting worker pid=3553132 on localhost:11828 at 23:42:22.609
Loading required package: spacexr
loaded spacexr and set parent environment
Loading required package: spacexr
loaded spacexr and set parent environment
Loading required package: spacexr
loaded spacexr and set parent environment
Loading required package: spacexr
loaded spacexr and set parent environment
Loading required package: spacexr
loaded spacexr and set parent environment
Loading required package: spacexr
loaded spacexr and set parent environment
Loading required package: spacexr
loaded spacexr and set parent environment
Loading required package: spacexr
loaded spacexr and set parent environment
Likelihood value: 37929.3834269231
Sigma value:  0.61
starting worker pid=3553184 on localhost:11828 at 23:42:50.168
starting worker pid=3553199 on localhost:11828 at 23:42:50.703
starting worker pid=3553214 on localhost:11828 at 23:42:51.215
starting worker pid=3553229 on localhost:11828 at 23:42:51.750
starting worker pid=3553244 on localhost:11828 at 23:42:52.273
starting worker pid=3553259 on localhost:11828 at 23:42:52.767
starting worker pid=3553278 on localhost:11828 at 23:42:53.292
starting worker pid=3553293 on localhost:11828 at 23:42:53.828
Loading required package: spacexr
loaded spacexr and set parent environment
Loading required package: spacexr
loaded spacexr and set parent environment
Loading required package: spacexr
loaded spacexr and set parent environment
Loading required package: spacexr
loaded spacexr and set parent environment
Loading required package: spacexr
loaded spacexr and set parent environment
Loading required package: spacexr
loaded spacexr and set parent environment
Loading required package: spacexr
loaded spacexr and set parent environment
Loading required package: spacexr
loaded spacexr and set parent environment
Likelihood value: 36652.7591433633
Sigma value:  0.53
starting worker pid=3553341 on localhost:11828 at 23:43:21.000
starting worker pid=3553356 on localhost:11828 at 23:43:21.527
starting worker pid=3553371 on localhost:11828 at 23:43:22.055
starting worker pid=3553386 on localhost:11828 at 23:43:22.584
starting worker pid=3553401 on localhost:11828 at 23:43:23.110
starting worker pid=3553419 on localhost:11828 at 23:43:23.638
starting worker pid=3553434 on localhost:11828 at 23:43:24.157
starting worker pid=3553449 on localhost:11828 at 23:43:24.679
Loading required package: spacexr
loaded spacexr and set parent environment
Loading required package: spacexr
loaded spacexr and set parent environment
Loading required package: spacexr
loaded spacexr and set parent environment
Loading required package: spacexr
loaded spacexr and set parent environment
Loading required package: spacexr
loaded spacexr and set parent environment
Loading required package: spacexr
loaded spacexr and set parent environment
Loading required package: spacexr
loaded spacexr and set parent environment
Loading required package: spacexr
loaded spacexr and set parent environment
Likelihood value: 35326.9293300675
Sigma value:  0.45
starting worker pid=3553492 on localhost:11828 at 23:43:52.200
starting worker pid=3553507 on localhost:11828 at 23:43:52.732
starting worker pid=3553522 on localhost:11828 at 23:43:53.266
starting worker pid=3553539 on localhost:11828 at 23:43:53.792
starting worker pid=3553554 on localhost:11828 at 23:43:54.326
starting worker pid=3553570 on localhost:11828 at 23:43:54.859
starting worker pid=3553585 on localhost:11828 at 23:43:55.385
starting worker pid=3553600 on localhost:11828 at 23:43:55.917
Loading required package: spacexr
loaded spacexr and set parent environment
Loading required package: spacexr
loaded spacexr and set parent environment
Loading required package: spacexr
loaded spacexr and set parent environment
Loading required package: spacexr
loaded spacexr and set parent environment
Loading required package: spacexr
loaded spacexr and set parent environment
Loading required package: spacexr
loaded spacexr and set parent environment
Loading required package: spacexr
loaded spacexr and set parent environment
Loading required package: spacexr
loaded spacexr and set parent environment
Likelihood value: 33966.1971308271
Sigma value:  0.37
starting worker pid=3553645 on localhost:11828 at 23:44:23.564
starting worker pid=3553660 on localhost:11828 at 23:44:24.097
starting worker pid=3553675 on localhost:11828 at 23:44:24.639
starting worker pid=3553690 on localhost:11828 at 23:44:25.167
starting worker pid=3553705 on localhost:11828 at 23:44:25.697
starting worker pid=3553720 on localhost:11828 at 23:44:26.231
starting worker pid=3553740 on localhost:11828 at 23:44:26.764
starting worker pid=3553756 on localhost:11828 at 23:44:27.292
Loading required package: spacexr
loaded spacexr and set parent environment
Loading required package: spacexr
loaded spacexr and set parent environment
Loading required package: spacexr
loaded spacexr and set parent environment
Loading required package: spacexr
loaded spacexr and set parent environment
Loading required package: spacexr
loaded spacexr and set parent environment
Loading required package: spacexr
loaded spacexr and set parent environment
Loading required package: spacexr
loaded spacexr and set parent environment
Loading required package: spacexr
loaded spacexr and set parent environment
Likelihood value: 32598.0283766331
Sigma value:  0.29
starting worker pid=3553802 on localhost:11828 at 23:44:54.719
starting worker pid=3553817 on localhost:11828 at 23:44:55.245
starting worker pid=3553832 on localhost:11828 at 23:44:55.772
starting worker pid=3553848 on localhost:11828 at 23:44:56.291
starting worker pid=3553863 on localhost:11828 at 23:44:56.815
starting worker pid=3553878 on localhost:11828 at 23:44:57.332
starting worker pid=3553901 on localhost:11828 at 23:44:57.847
starting worker pid=3553916 on localhost:11828 at 23:44:58.368
Loading required package: spacexr
loaded spacexr and set parent environment
Loading required package: spacexr
loaded spacexr and set parent environment
Loading required package: spacexr
loaded spacexr and set parent environment
Loading required package: spacexr
loaded spacexr and set parent environment
Loading required package: spacexr
loaded spacexr and set parent environment
Loading required package: spacexr
loaded spacexr and set parent environment
Loading required package: spacexr
loaded spacexr and set parent environment
Loading required package: spacexr
loaded spacexr and set parent environment
Likelihood value: 31270.5752801421
Sigma value:  0.21
starting worker pid=3554047 on localhost:11828 at 23:45:25.947
starting worker pid=3554062 on localhost:11828 at 23:45:26.475
starting worker pid=3554082 on localhost:11828 at 23:45:27.013
starting worker pid=3554097 on localhost:11828 at 23:45:27.535
starting worker pid=3554117 on localhost:11828 at 23:45:28.068
starting worker pid=3554132 on localhost:11828 at 23:45:28.598
starting worker pid=3554148 on localhost:11828 at 23:45:29.138
starting worker pid=3554163 on localhost:11828 at 23:45:29.664
Loading required package: spacexr
loaded spacexr and set parent environment
Loading required package: spacexr
loaded spacexr and set parent environment
Loading required package: spacexr
loaded spacexr and set parent environment
Loading required package: spacexr
loaded spacexr and set parent environment
Loading required package: spacexr
loaded spacexr and set parent environment
Loading required package: spacexr
loaded spacexr and set parent environment
Loading required package: spacexr
loaded spacexr and set parent environment
Loading required package: spacexr
loaded spacexr and set parent environment

[score] 905 / 905 spots have an RCTD estimate (rest failed QC/min-UMI inside RCTD)

=== RESULTS ===
spots scored: 905 / 905 
overall Pearson r (all spots x all cell types, pooled): 0.1578 
overall RMSE: 0.2248 
mean per-spot Pearson r: 0.127 
per-cell-type Pearson r:
      cell_type  pearson_r      rmse
type1     type1 0.05083420 0.2243392
type2     type2 0.86055739 0.1811092
type3     type3 0.75708946 0.2251134
type4     type4 0.41781573 0.2868590
type5     type5 0.08330368 0.2078533
type6     type6 0.15040825 0.2152375
type7     type7 0.89908245 0.2207326
type8     type8 0.80691036 0.2232522

[done] outputs written to /dcs04/hicks/data/Jan/sim_project/sim_paper/data/comparison_methods/spatial_deconvolution/native556_sccube_35973633/results 
Completed sccube: /dcs04/hicks/data/Jan/sim_project/sim_paper/data/comparison_methods/spatial_deconvolution/native556_sccube_35973633
[spatial zoom -> rctd_spatial_zoom.png] slice 5, cropped to x/y in [-33.333333333333314,633.3333333333333]x[-33.333333333333314,633.3333333333333]: 77 spots, 8 cell types, 1 pair(s)/row
wrote /dcs04/hicks/data/Jan/sim_project/sim_paper/data/comparison_methods/spatial_deconvolution/native556_sccube_35973633/results/rctd_spatial_zoom.png
[spatial zoom -> rctd_spatial_zoom_4x4.png] slice 5, cropped to x/y in [-33.333333333333314,633.3333333333333]x[-33.333333333333314,633.3333333333333]: 77 spots, 8 cell types, 2 pair(s)/row
wrote /dcs04/hicks/data/Jan/sim_project/sim_paper/data/comparison_methods/spatial_deconvolution/native556_sccube_35973633/results/rctd_spatial_zoom_4x4.png
[spatial zoom -> rctd_spatial_zoom_main.png] slice 5, cropped to x/y in [-33.333333333333314,633.3333333333333]x[-33.333333333333314,633.3333333333333]: 77 spots, 2 cell types, 1 pair(s)/row
wrote /dcs04/hicks/data/Jan/sim_project/sim_paper/data/comparison_methods/spatial_deconvolution/native556_sccube_35973633/results/rctd_spatial_zoom_main.png
[spatial zoom -> rctd_spatial_zoom_4types.png] slice 5, cropped to x/y in [-33.333333333333314,633.3333333333333]x[-33.333333333333314,633.3333333333333]: 77 spots, 4 cell types, 2 pair(s)/row
wrote /dcs04/hicks/data/Jan/sim_project/sim_paper/data/comparison_methods/spatial_deconvolution/native556_sccube_35973633/results/rctd_spatial_zoom_4types.png
wrote /dcs04/hicks/data/Jan/sim_project/sim_paper/data/comparison_methods/spatial_deconvolution/native556_sccube_35973633/results/rctd_error_boxplot.png
