Verified regenerated native 556-gene outputs
{
  "method": "spider",
  "source": "/dcs04/hicks/data/Jan/sim_project/sim_paper/data/comparison_methods/overview_native556_seed202",
  "truth": "contributing-cell fractions, not molecule fractions",
  "reference": "same simulated tissue as query; optimistic pilot",
  "gene_selection": "all native genes; identical ordered reference/query panel",
  "rounding": "nearest integer (numpy.rint) on separate copies; no depth normalization",
  "cell": {
    "source": "/dcs04/hicks/data/Jan/sim_project/sim_paper/data/comparison_methods/overview_native556_seed202/spider/cell.h5ad",
    "source_sha256": "69420e3a9f79dc1d99931a36381c5de9c5260f23de86892b4a2eccc2fa9d018e",
    "n_obs": 10000,
    "n_genes": 556,
    "fractional_nonzero_share": 0.0,
    "rounding_absolute_change": 0.0,
    "total_before_quantiles": [
      27029.0,
      51609.75,
      59039.5,
      67934.75,
      122442.0
    ],
    "total_after_quantiles": [
      27029.0,
      51609.75,
      59039.5,
      67934.75,
      122442.0
    ],
    "detected_genes_quantiles": [
      398.0,
      441.0,
      449.0,
      456.0,
      485.0
    ]
  },
  "spot": {
    "source": "/dcs04/hicks/data/Jan/sim_project/sim_paper/data/comparison_methods/overview_native556_seed202/spider/spot.h5ad",
    "source_sha256": "1318bf49690d6893254f6607d04ff5e42badce0b47fea093205cf3942b293b72",
    "n_obs": 360,
    "n_genes": 556,
    "fractional_nonzero_share": 0.0,
    "rounding_absolute_change": 0.0,
    "total_before_quantiles": [
      0.0,
      296322.5,
      399955.5,
      509729.0,
      953179.0
    ],
    "total_after_quantiles": [
      0.0,
      296322.5,
      399955.5,
      509729.0,
      953179.0
    ],
    "detected_genes_quantiles": [
      0.0,
      511.0,
      517.0,
      522.0,
      532.0
    ],
    "excluded_empty_or_zero_expression": 2
  }
}
[load] reference (cell): /dcs04/hicks/data/Jan/sim_project/sim_paper/data/comparison_methods/spatial_deconvolution/native556_seed202_spider_35973991/inputs/cell.h5ad 
[reference] n_cells=10000 n_genes=556 per-type counts:
cell_types
type1 type2 type3 type4 type5 type6 type7 type8 
 1250  1250  1250  1250  1250  1250  1250  1250 

[load] query (spot): /dcs04/hicks/data/Jan/sim_project/sim_paper/data/comparison_methods/spatial_deconvolution/native556_seed202_spider_35973991/inputs/spot.h5ad 
[query] n_spots=358 n_genes=556

[RCTD] create.RCTD (doublet_mode=full, max_cores=8)
Begin: process_cell_type_info
process_cell_type_info: number of cells in reference: 10000
process_cell_type_info: number of genes in reference: 556

type1 type2 type3 type4 type5 type6 type7 type8 
 1250  1250  1250  1250  1250  1250  1250  1250 
End: process_cell_type_info
create.RCTD: getting regression differentially expressed genes: 
get_de_genes: type1 found DE genes: 6
get_de_genes: type2 found DE genes: 10
get_de_genes: type3 found DE genes: 8
get_de_genes: type4 found DE genes: 7
get_de_genes: type5 found DE genes: 10
get_de_genes: type6 found DE genes: 13
get_de_genes: type7 found DE genes: 5
get_de_genes: type8 found DE genes: 8
get_de_genes: total DE genes: 65
create.RCTD: getting platform effect normalization differentially expressed genes: 
get_de_genes: type1 found DE genes: 15
get_de_genes: type2 found DE genes: 20
get_de_genes: type3 found DE genes: 15
get_de_genes: type4 found DE genes: 14
get_de_genes: type5 found DE genes: 17
get_de_genes: type6 found DE genes: 21
get_de_genes: type7 found DE genes: 16
get_de_genes: type8 found DE genes: 16
get_de_genes: total DE genes: 127
fitBulk: decomposing bulk
chooseSigma: using initial Q_mat with sigma =  1
starting worker pid=3182076 on localhost:11997 at 23:16:40.922
starting worker pid=3182114 on localhost:11997 at 23:16:41.143
starting worker pid=3182144 on localhost:11997 at 23:16:41.367
starting worker pid=3182180 on localhost:11997 at 23:16:41.595
starting worker pid=3182216 on localhost:11997 at 23:16:41.839
starting worker pid=3182252 on localhost:11997 at 23:16:42.100
starting worker pid=3182288 on localhost:11997 at 23:16:42.355
starting worker pid=3182323 on localhost:11997 at 23:16:42.614
Loading required package: spacexr
loaded spacexr and set parent environment
Loading required package: spacexr
loaded spacexr and set parent environment
Loading required package: spacexr
loaded spacexr and set parent environment
Loading required package: spacexr
loaded spacexr and set parent environment
Loading required package: spacexr
loaded spacexr and set parent environment
Loading required package: spacexr
loaded spacexr and set parent environment
Loading required package: spacexr
loaded spacexr and set parent environment
Loading required package: spacexr
loaded spacexr and set parent environment
Likelihood value: 153328.528387499
Sigma value:  0.84
starting worker pid=3183230 on localhost:11997 at 23:16:52.411
starting worker pid=3183266 on localhost:11997 at 23:16:52.649
starting worker pid=3183303 on localhost:11997 at 23:16:52.893
starting worker pid=3183340 on localhost:11997 at 23:16:53.130
starting worker pid=3183378 on localhost:11997 at 23:16:53.365
starting worker pid=3183419 on localhost:11997 at 23:16:53.595
starting worker pid=3183461 on localhost:11997 at 23:16:53.816
starting worker pid=3183501 on localhost:11997 at 23:16:54.059
Loading required package: spacexr
loaded spacexr and set parent environment
Loading required package: spacexr
loaded spacexr and set parent environment
Loading required package: spacexr
loaded spacexr and set parent environment
Loading required package: spacexr
loaded spacexr and set parent environment
Loading required package: spacexr
loaded spacexr and set parent environment
Loading required package: spacexr
loaded spacexr and set parent environment
Loading required package: spacexr
loaded spacexr and set parent environment
Loading required package: spacexr
loaded spacexr and set parent environment
Likelihood value: 149974.546323685
Sigma value:  0.69
starting worker pid=3184619 on localhost:11997 at 23:17:04.020
starting worker pid=3184659 on localhost:11997 at 23:17:04.242
starting worker pid=3184697 on localhost:11997 at 23:17:04.472
starting worker pid=3184733 on localhost:11997 at 23:17:04.717
starting worker pid=3184776 on localhost:11997 at 23:17:04.949
starting worker pid=3184812 on localhost:11997 at 23:17:05.190
starting worker pid=3184854 on localhost:11997 at 23:17:05.427
starting worker pid=3184892 on localhost:11997 at 23:17:05.664
Loading required package: spacexr
loaded spacexr and set parent environment
Loading required package: spacexr
loaded spacexr and set parent environment
Loading required package: spacexr
loaded spacexr and set parent environment
Loading required package: spacexr
loaded spacexr and set parent environment
Loading required package: spacexr
loaded spacexr and set parent environment
Loading required package: spacexr
loaded spacexr and set parent environment
Loading required package: spacexr
loaded spacexr and set parent environment
Loading required package: spacexr
loaded spacexr and set parent environment
Likelihood value: 146536.811825291
Sigma value:  0.61
starting worker pid=3186033 on localhost:11997 at 23:17:16.855
starting worker pid=3186072 on localhost:11997 at 23:17:17.093
starting worker pid=3186103 on localhost:11997 at 23:17:17.323
starting worker pid=3186141 on localhost:11997 at 23:17:17.555
starting worker pid=3186175 on localhost:11997 at 23:17:17.791
starting worker pid=3186215 on localhost:11997 at 23:17:18.019
starting worker pid=3186258 on localhost:11997 at 23:17:18.265
starting worker pid=3186295 on localhost:11997 at 23:17:18.480
Loading required package: spacexr
loaded spacexr and set parent environment
Loading required package: spacexr
loaded spacexr and set parent environment
Loading required package: spacexr
loaded spacexr and set parent environment
Loading required package: spacexr
loaded spacexr and set parent environment
Loading required package: spacexr
loaded spacexr and set parent environment
Loading required package: spacexr
loaded spacexr and set parent environment
Loading required package: spacexr
loaded spacexr and set parent environment
Loading required package: spacexr
loaded spacexr and set parent environment
Likelihood value: 144638.961415767
Sigma value:  0.53
starting worker pid=3188394 on localhost:11997 at 23:17:28.245
starting worker pid=3188431 on localhost:11997 at 23:17:28.484
starting worker pid=3188460 on localhost:11997 at 23:17:28.711
starting worker pid=3188497 on localhost:11997 at 23:17:28.945
starting worker pid=3188530 on localhost:11997 at 23:17:29.170
starting worker pid=3188565 on localhost:11997 at 23:17:29.406
starting worker pid=3188592 on localhost:11997 at 23:17:29.648
starting worker pid=3188630 on localhost:11997 at 23:17:29.882
Loading required package: spacexr
loaded spacexr and set parent environment
Loading required package: spacexr
loaded spacexr and set parent environment
Loading required package: spacexr
loaded spacexr and set parent environment
Loading required package: spacexr
loaded spacexr and set parent environment
Loading required package: spacexr
loaded spacexr and set parent environment
Loading required package: spacexr
loaded spacexr and set parent environment
Loading required package: spacexr
loaded spacexr and set parent environment
Loading required package: spacexr
loaded spacexr and set parent environment
Likelihood value: 142795.436593454
Sigma value:  0.45
starting worker pid=3190051 on localhost:11997 at 23:17:39.849
starting worker pid=3190212 on localhost:11997 at 23:17:40.079
starting worker pid=3190262 on localhost:11997 at 23:17:40.301
starting worker pid=3190302 on localhost:11997 at 23:17:40.546
starting worker pid=3190340 on localhost:11997 at 23:17:40.780
starting worker pid=3190378 on localhost:11997 at 23:17:41.017
starting worker pid=3190415 on localhost:11997 at 23:17:41.244
starting worker pid=3190455 on localhost:11997 at 23:17:41.472
Loading required package: spacexr
loaded spacexr and set parent environment
Loading required package: spacexr
loaded spacexr and set parent environment
Loading required package: spacexr
loaded spacexr and set parent environment
Loading required package: spacexr
loaded spacexr and set parent environment
Loading required package: spacexr
loaded spacexr and set parent environment
Loading required package: spacexr
loaded spacexr and set parent environment
Loading required package: spacexr
loaded spacexr and set parent environment
Loading required package: spacexr
loaded spacexr and set parent environment
Likelihood value: 141217.607316874
Sigma value:  0.37
starting worker pid=3191385 on localhost:11997 at 23:17:51.056
starting worker pid=3191418 on localhost:11997 at 23:17:51.299
starting worker pid=3191451 on localhost:11997 at 23:17:51.540
starting worker pid=3191498 on localhost:11997 at 23:17:51.767
starting worker pid=3191533 on localhost:11997 at 23:17:51.992
starting worker pid=3191574 on localhost:11997 at 23:17:52.221
starting worker pid=3191610 on localhost:11997 at 23:17:52.448
starting worker pid=3191648 on localhost:11997 at 23:17:52.680
Loading required package: spacexr
loaded spacexr and set parent environment
Loading required package: spacexr
loaded spacexr and set parent environment
Loading required package: spacexr
loaded spacexr and set parent environment
Loading required package: spacexr
loaded spacexr and set parent environment
Loading required package: spacexr
loaded spacexr and set parent environment
Loading required package: spacexr
loaded spacexr and set parent environment
Loading required package: spacexr
loaded spacexr and set parent environment
Loading required package: spacexr
loaded spacexr and set parent environment
Likelihood value: 140453.909748418
Sigma value:  0.3
starting worker pid=3192723 on localhost:11997 at 23:18:02.712
starting worker pid=3192765 on localhost:11997 at 23:18:02.952
starting worker pid=3192802 on localhost:11997 at 23:18:03.184
starting worker pid=3192845 on localhost:11997 at 23:18:03.428
starting worker pid=3192883 on localhost:11997 at 23:18:03.674
starting worker pid=3192930 on localhost:11997 at 23:18:03.911
starting worker pid=3192964 on localhost:11997 at 23:18:04.153
starting worker pid=3193008 on localhost:11997 at 23:18:04.385
Loading required package: spacexr
loaded spacexr and set parent environment
Loading required package: spacexr
loaded spacexr and set parent environment
Loading required package: spacexr
loaded spacexr and set parent environment
Loading required package: spacexr
loaded spacexr and set parent environment
Loading required package: spacexr
loaded spacexr and set parent environment
Loading required package: spacexr
loaded spacexr and set parent environment
Loading required package: spacexr
loaded spacexr and set parent environment
Loading required package: spacexr
loaded spacexr and set parent environment
Likelihood value: 141896.08940408
Sigma value:  0.3
starting worker pid=3194498 on localhost:11997 at 23:18:14.380
starting worker pid=3194535 on localhost:11997 at 23:18:14.631
starting worker pid=3194572 on localhost:11997 at 23:18:14.859
starting worker pid=3194614 on localhost:11997 at 23:18:15.089
starting worker pid=3194649 on localhost:11997 at 23:18:15.323
starting worker pid=3194688 on localhost:11997 at 23:18:15.546
starting worker pid=3194718 on localhost:11997 at 23:18:15.767
starting worker pid=3194752 on localhost:11997 at 23:18:16.000
Loading required package: spacexr
loaded spacexr and set parent environment
Loading required package: spacexr
loaded spacexr and set parent environment
Loading required package: spacexr
loaded spacexr and set parent environment
Loading required package: spacexr
loaded spacexr and set parent environment
Loading required package: spacexr
loaded spacexr and set parent environment
Loading required package: spacexr
loaded spacexr and set parent environment
Loading required package: spacexr
loaded spacexr and set parent environment
Loading required package: spacexr
loaded spacexr and set parent environment

[score] 358 / 358 spots have an RCTD estimate (rest failed QC/min-UMI inside RCTD)

=== RESULTS ===
spots scored: 358 / 358 
overall Pearson r (all spots x all cell types, pooled): 0.684 
overall RMSE: 0.1563 
mean per-spot Pearson r: 0.617 
per-cell-type Pearson r:
      cell_type pearson_r      rmse
type1     type1 0.9206526 0.1133080
type2     type2 0.8735192 0.2165134
type3     type3 0.8897403 0.1386975
type4     type4 0.8897970 0.1437489
type5     type5 0.8893308 0.1201285
type6     type6 0.9437613 0.1304622
type7     type7 0.8127865 0.1630782
type8     type8 0.6995997 0.1944127

[done] outputs written to /dcs04/hicks/data/Jan/sim_project/sim_paper/data/comparison_methods/spatial_deconvolution/native556_seed202_spider_35973991/results 
Completed spider: /dcs04/hicks/data/Jan/sim_project/sim_paper/data/comparison_methods/spatial_deconvolution/native556_seed202_spider_35973991
[spatial zoom -> rctd_spatial_zoom.png] slice 5, cropped to x/y in [-50.0,650.0]x[-50.0,650.0]: 36 spots, 8 cell types, 1 pair(s)/row
wrote /dcs04/hicks/data/Jan/sim_project/sim_paper/data/comparison_methods/spatial_deconvolution/native556_seed202_spider_35973991/results/rctd_spatial_zoom.png
[spatial zoom -> rctd_spatial_zoom_4x4.png] slice 5, cropped to x/y in [-50.0,650.0]x[-50.0,650.0]: 36 spots, 8 cell types, 2 pair(s)/row
wrote /dcs04/hicks/data/Jan/sim_project/sim_paper/data/comparison_methods/spatial_deconvolution/native556_seed202_spider_35973991/results/rctd_spatial_zoom_4x4.png
[spatial zoom -> rctd_spatial_zoom_main.png] slice 5, cropped to x/y in [-50.0,650.0]x[-50.0,650.0]: 36 spots, 2 cell types, 1 pair(s)/row
wrote /dcs04/hicks/data/Jan/sim_project/sim_paper/data/comparison_methods/spatial_deconvolution/native556_seed202_spider_35973991/results/rctd_spatial_zoom_main.png
[spatial zoom -> rctd_spatial_zoom_4types.png] slice 5, cropped to x/y in [-50.0,650.0]x[-50.0,650.0]: 36 spots, 4 cell types, 2 pair(s)/row
wrote /dcs04/hicks/data/Jan/sim_project/sim_paper/data/comparison_methods/spatial_deconvolution/native556_seed202_spider_35973991/results/rctd_spatial_zoom_4types.png
wrote /dcs04/hicks/data/Jan/sim_project/sim_paper/data/comparison_methods/spatial_deconvolution/native556_seed202_spider_35973991/results/rctd_error_boxplot.png
