Job started: Wed Aug 12 09:51:28 AM EDT 2026
Host: compute-127.cm.cluster
Python: /dcs04/hicks/data/Jan/sim_project/sim_app/env/sim-app-tutorial/bin/python
Modality: cell
Command: /dcs04/hicks/data/Jan/sim_project/sim_app/env/sim-app-tutorial/bin/python generate_simulation_noisy.py --modality cell --base-gene-lognormal 0.0 0.7
Python: /dcs04/hicks/data/Jan/sim_project/sim_app/env/sim-app-tutorial/bin/python
sim_app module: /dcs04/hicks/data/Jan/sim_project/sim_app/sim_app/__init__.py
sim_app version: 0.1.0

Generating cell data for slice axis Z with theta=2.0, theta_jitter=1.0, noise_scale=1.3, batch_sigma=0.22, base_gene_lognormal=(0.0, 0.7)

Generated AnnData:
AnnData object with n_obs × n_vars = 600000 × 556
    obs: 'domain_true', 'cell_type_true', 'cell_radius', 'cell_sigma_for_95pct', 'slice_id_X', 'slice_id_Y', 'slice_id_Z', 'slice_axis', 'slice_id'
    var: 'gene_class', 'is_noise', 'is_shared_marker'
    uns: 'sim_params', 'batch_effect_factors', 'rigid_perturb_inplane', 'output'
    obsm: 'spatial', 'spatial_3d', 'spatial_unaligned', 'spatial_3d_unaligned'
    layers: 'counts_pre_batch'

[nb] empirical theta_hat = 0.77 (real data fits ~0.15-0.16 via count_distribution.py --compare-input; lower --theta further if this is still much higher)

Summary:
{
  "n_obs": 600000,
  "n_vars": 556,
  "total_counts": 624639888,
  "nonzero_counts": 152012959,
  "platform": "cell",
  "slice_axis": "Z",
  "n_slices": 10,
  "slice_ids": [
    0,
    1,
    2,
    3,
    4,
    5,
    6,
    7,
    8,
    9
  ],
  "obs_columns": [
    "domain_true",
    "cell_type_true",
    "cell_radius",
    "cell_sigma_for_95pct",
    "slice_id_X",
    "slice_id_Y",
    "slice_id_Z",
    "slice_axis",
    "slice_id"
  ],
  "var_columns": [
    "gene_class",
    "is_noise",
    "is_shared_marker"
  ],
  "layers": [
    "counts_pre_batch"
  ],
  "obsm_keys": [
    "spatial",
    "spatial_3d",
    "spatial_unaligned",
    "spatial_3d_unaligned"
  ],
  "uns_keys": [
    "sim_params",
    "batch_effect_factors",
    "rigid_perturb_inplane",
    "output"
  ],
  "truth_annotations": [
    "layers['counts_pre_batch']",
    "obs['cell_type_true']",
    "obs['domain_true']",
    "obs['cell_radius']",
    "obs['cell_sigma_for_95pct']"
  ]
}

Saved summary -> /dcs04/hicks/data/Jan/sim_project/sim_paper/data/noisy/simulation_cell_z_summary.json

Generating diagnostic plots...
Plotting a deterministic subset of 100,000 / 600,000 observations.
  saved /dcs04/hicks/data/Jan/sim_project/sim_paper/data/noisy/plots/simulation_cell_z/01_aligned_domain_true.png
  saved /dcs04/hicks/data/Jan/sim_project/sim_paper/data/noisy/plots/simulation_cell_z/02_aligned_cell_type_true.png
  saved /dcs04/hicks/data/Jan/sim_project/sim_paper/data/noisy/plots/simulation_cell_z/03_unaligned_slice_id.png
  saved /dcs04/hicks/data/Jan/sim_project/sim_paper/data/noisy/plots/simulation_cell_z/04_qc_count_distributions.png
  saved /dcs04/hicks/data/Jan/sim_project/sim_paper/data/noisy/plots/simulation_cell_z/05_cells_per_slice.png
  saved /dcs04/hicks/data/Jan/sim_project/sim_paper/data/noisy/plots/simulation_cell_z/06_domain_composition_per_slice.png

All diagnostic plots saved under /dcs04/hicks/data/Jan/sim_project/sim_paper/data/noisy/plots/simulation_cell_z
Traceback (most recent call last):
  File "/dcs04/hicks/data/Jan/sim_project/sim_paper/code/data/generate_simulation_noisy.py", line 355, in <module>
    output_path = sim_app.save(adata, H5AD_PATH)
  File "/dcs04/hicks/data/Jan/sim_project/sim_app/sim_app/api.py", line 254, in save
    adata.write_h5ad(output_path)
  File "/dcs04/hicks/data/Jan/sim_project/sim_app/env/sim-app-tutorial/lib/python3.10/site-packages/anndata/_core/anndata.py", line 1871, in write_h5ad
    write_h5ad(
  File "/dcs04/hicks/data/Jan/sim_project/sim_app/env/sim-app-tutorial/lib/python3.10/site-packages/anndata/_io/h5ad.py", line 113, in write_h5ad
    write_elem(f, "uns", dict(adata.uns), dataset_kwargs=dataset_kwargs)
  File "/dcs04/hicks/data/Jan/sim_project/sim_app/env/sim-app-tutorial/lib/python3.10/site-packages/anndata/_io/specs/registry.py", line 487, in write_elem
    Writer(_REGISTRY).write_elem(store, k, elem, dataset_kwargs=dataset_kwargs)
  File "/dcs04/hicks/data/Jan/sim_project/sim_app/env/sim-app-tutorial/lib/python3.10/site-packages/anndata/_io/utils.py", line 252, in func_wrapper
    return func(*args, **kwargs)
  File "/dcs04/hicks/data/Jan/sim_project/sim_app/env/sim-app-tutorial/lib/python3.10/site-packages/anndata/_io/specs/registry.py", line 354, in write_elem
    return write_func(store, k, elem, dataset_kwargs=dataset_kwargs)
  File "/dcs04/hicks/data/Jan/sim_project/sim_app/env/sim-app-tutorial/lib/python3.10/site-packages/anndata/_io/specs/registry.py", line 71, in wrapper
    result = func(g, k, *args, **kwargs)
  File "/dcs04/hicks/data/Jan/sim_project/sim_app/env/sim-app-tutorial/lib/python3.10/site-packages/anndata/_io/specs/methods.py", line 352, in write_mapping
    _writer.write_elem(g, sub_k, sub_v, dataset_kwargs=dataset_kwargs)
  File "/dcs04/hicks/data/Jan/sim_project/sim_app/env/sim-app-tutorial/lib/python3.10/site-packages/anndata/_io/utils.py", line 252, in func_wrapper
    return func(*args, **kwargs)
  File "/dcs04/hicks/data/Jan/sim_project/sim_app/env/sim-app-tutorial/lib/python3.10/site-packages/anndata/_io/specs/registry.py", line 354, in write_elem
    return write_func(store, k, elem, dataset_kwargs=dataset_kwargs)
  File "/dcs04/hicks/data/Jan/sim_project/sim_app/env/sim-app-tutorial/lib/python3.10/site-packages/anndata/_io/specs/registry.py", line 71, in wrapper
    result = func(g, k, *args, **kwargs)
  File "/dcs04/hicks/data/Jan/sim_project/sim_app/env/sim-app-tutorial/lib/python3.10/site-packages/anndata/_io/specs/methods.py", line 352, in write_mapping
    _writer.write_elem(g, sub_k, sub_v, dataset_kwargs=dataset_kwargs)
  File "/dcs04/hicks/data/Jan/sim_project/sim_app/env/sim-app-tutorial/lib/python3.10/site-packages/anndata/_io/utils.py", line 252, in func_wrapper
    return func(*args, **kwargs)
  File "/dcs04/hicks/data/Jan/sim_project/sim_app/env/sim-app-tutorial/lib/python3.10/site-packages/anndata/_io/specs/registry.py", line 351, in write_elem
    write_func = self.find_write_func(dest_type, elem, modifiers)
  File "/dcs04/hicks/data/Jan/sim_project/sim_app/env/sim-app-tutorial/lib/python3.10/site-packages/anndata/_io/specs/registry.py", line 318, in find_write_func
    return self.registry.get_write(dest_type, type(elem), modifiers, writer=self)
  File "/dcs04/hicks/data/Jan/sim_project/sim_app/env/sim-app-tutorial/lib/python3.10/site-packages/anndata/_io/specs/registry.py", line 135, in get_write
    raise IORegistryError._from_write_parts(dest_type, src_type, modifiers)
anndata._io.specs.registry.IORegistryError: No method registered for writing <class 'tuple'> into <class 'h5py._hl.group.Group'>
Error raised while writing key 'base_gene_lognormal' of <class 'h5py._hl.group.Group'> to /uns/sim_params
