Job started: Tue Aug 25 02:44:08 AM EDT 2026
Host: compute-174.cm.cluster
Python: /dcs04/hicks/data/Jan/sim_project/sim_app/env/sim-app-banksy/bin/python
Modality: cell
Command: /dcs04/hicks/data/Jan/sim_project/sim_app/env/sim-app-banksy/bin/python generate_simulation_noisy.py --modality cell --sphere-r-um 2050 --out-tag packing_pf0p04_domain_shift --domain-size-factors 2.0 0.5 1.5 0.7 1.2 0.9
/dcs04/hicks/data/Jan/sim_project/sim_app/sim_app/simulation_sphere.py:1453: FutureWarning: X.dtype being converted to np.float32 from int32. In the next version of anndata (0.9) conversion will not be automatic. Pass dtype explicitly to avoid this warning. Pass `AnnData(X, dtype=X.dtype, ...)` to get the future behavour.
  adata_cell_true = ad.AnnData(X=X_cell_true, obs=cell_obs, var=var)
/dcs04/hicks/data/Jan/sim_project/sim_app/sim_app/simulation_sphere.py:1457: FutureWarning: X.dtype being converted to np.float32 from int32. In the next version of anndata (0.9) conversion will not be automatic. Pass dtype explicitly to avoid this warning. Pass `AnnData(X, dtype=X.dtype, ...)` to get the future behavour.
  adata_cell_obs = ad.AnnData(X=X_cell_obs, obs=cell_obs, var=var)
Python: /dcs04/hicks/data/Jan/sim_project/sim_app/env/sim-app-banksy/bin/python
sim_app module: /dcs04/hicks/data/Jan/sim_project/sim_app/sim_app/__init__.py
sim_app version: 0.1.0

Generating cell data for slice axis Z with theta=2.0, theta_jitter=1.0, noise_scale=1.3, batch_sigma=0.22, base_gene_lognormal=(0.7, 0.7), n_cells=600000, sphere_r_um=2050.0, capture_window_um=2220.833333333333, core_fuzz_width_um=102.5, max_shift=1025.0

Generated AnnData:
AnnData object with n_obs × n_vars = 600000 × 556
    obs: 'domain_true', 'cell_type_true', 'cell_radius', 'cell_sigma_for_95pct', 'slice_id_X', 'slice_id_Y', 'slice_id_Z', 'slice_axis', 'slice_id'
    var: 'gene_class', 'is_noise', 'is_shared_marker'
    uns: 'sim_params', 'batch_effect_factors', 'rigid_perturb_inplane', 'output'
    obsm: 'spatial', 'spatial_3d', 'spatial_unaligned', 'spatial_3d_unaligned'
    layers: 'counts_pre_batch'

[nb] empirical theta_hat = 0.57 (real data fits ~0.15-0.16 via count_distribution.py --compare-input; lower --theta further if this is still much higher)

Summary:
{
  "n_obs": 600000,
  "n_vars": 556,
  "total_counts": 1440003072,
  "nonzero_counts": 205346257,
  "platform": "cell",
  "slice_axis": "Z",
  "n_slices": 10,
  "slice_ids": [
    0,
    1,
    2,
    3,
    4,
    5,
    6,
    7,
    8,
    9
  ],
  "obs_columns": [
    "domain_true",
    "cell_type_true",
    "cell_radius",
    "cell_sigma_for_95pct",
    "slice_id_X",
    "slice_id_Y",
    "slice_id_Z",
    "slice_axis",
    "slice_id"
  ],
  "var_columns": [
    "gene_class",
    "is_noise",
    "is_shared_marker"
  ],
  "layers": [
    "counts_pre_batch"
  ],
  "obsm_keys": [
    "spatial",
    "spatial_3d",
    "spatial_unaligned",
    "spatial_3d_unaligned"
  ],
  "uns_keys": [
    "sim_params",
    "batch_effect_factors",
    "rigid_perturb_inplane",
    "output"
  ],
  "truth_annotations": [
    "layers['counts_pre_batch']",
    "obs['cell_type_true']",
    "obs['domain_true']",
    "obs['cell_radius']",
    "obs['cell_sigma_for_95pct']"
  ]
}

Saved summary -> /dcs04/hicks/data/Jan/sim_project/sim_paper/data/noisy/packing_pf0p04_domain_shift/simulation_cell_z_summary.json

Generating diagnostic plots...
Plotting a deterministic subset of 100,000 / 600,000 observations.
  saved /dcs04/hicks/data/Jan/sim_project/sim_paper/data/noisy/packing_pf0p04_domain_shift/plots/simulation_cell_z/01_aligned_domain_true.png
  saved /dcs04/hicks/data/Jan/sim_project/sim_paper/data/noisy/packing_pf0p04_domain_shift/plots/simulation_cell_z/02_aligned_cell_type_true.png
  saved /dcs04/hicks/data/Jan/sim_project/sim_paper/data/noisy/packing_pf0p04_domain_shift/plots/simulation_cell_z/03_unaligned_slice_id.png
  saved /dcs04/hicks/data/Jan/sim_project/sim_paper/data/noisy/packing_pf0p04_domain_shift/plots/simulation_cell_z/04_qc_count_distributions.png
  saved /dcs04/hicks/data/Jan/sim_project/sim_paper/data/noisy/packing_pf0p04_domain_shift/plots/simulation_cell_z/05_cells_per_slice.png
  saved /dcs04/hicks/data/Jan/sim_project/sim_paper/data/noisy/packing_pf0p04_domain_shift/plots/simulation_cell_z/06_domain_composition_per_slice.png

All diagnostic plots saved under /dcs04/hicks/data/Jan/sim_project/sim_paper/data/noisy/packing_pf0p04_domain_shift/plots/simulation_cell_z

Saved dataset -> /dcs04/hicks/data/Jan/sim_project/sim_paper/data/noisy/packing_pf0p04_domain_shift/simulation_cell_z.h5ad
Job finished: Tue Aug 25 03:11:38 AM EDT 2026
