Job started: Wed Jul  8 05:47:06 PM EDT 2026
Host: compute-177.cm.cluster
Python: /dcs04/hicks/data/Jan/sim_project/sim_app/env/sim-app-tutorial/bin/python
Python: /dcs04/hicks/data/Jan/sim_project/sim_app/env/sim-app-tutorial/bin/python
sim_app module: /dcs04/hicks/data/Jan/sim_project/sim_app/sim_app/__init__.py
sim_app version: 0.1.0

Generating data with parameters:
  sphere_R_um: 6000.0
  visium_capture_size_um: (6500.0, 6500.0)
  visium_capture_center_um: (0.0, 0.0)
  n_domains: 6
  core_frac: 0.55
  core_bump_amp: 0.25
  wedge_angle_amp_deg: 25.0
  noise_terms: 16
  noise_freq_range: (3.0, 6.0)
  boundary_fuzz_width_deg: 6.0
  boundary_fuzz_flip_prob: 0.15
  core_fuzz_width_um: 300.0
  core_fuzz_flip_prob: 0.25
  n_cells: 100000
  cell_radius_kwargs: {'radius_dist': 'lognormal', 'r_mean': 7.5, 'r_sigma': 0.28, 'r_min': 4.0, 'r_max': 14.0}
  allow_cell_overlap: False
  n_cell_types: 8
  domain_type_mix: shape=(6, 8)
  marker_genes_per_type: 80
  noise_gene_frac: 0.1
  shared_marker_frac: 0.25
  n_slices: 10
  batch_sigma: 0.22
  spot_spacing_um: 100.0
  spot_radius_um: 27.5
  max_deg: 270.0
  max_shift: 3000.0
  base_seed_unaligned: 12345
  output_modalities: ('spot',)
  slice_axes: ('Z',)
  seed: 2025

Generated AnnData:
AnnData object with n_obs × n_vars = 43560 × 556
    obs: 'slice_axis', 'slice_id', 'spot_spacing_um', 'spot_radius_um', 'window_center0', 'window_center1', 'window_size0', 'window_size1', 'plane_dim0', 'plane_dim1', 'cell_type_true', 'domain_true'
    var: 'gene_class', 'is_noise', 'is_shared_marker'
    uns: 'batch_effect_factors', 'rigid_perturb_inplane', 'sim_params', 'output'
    obsm: 'spatial', 'cell_type_frac_true', 'domain_frac_true', 'spatial_3d', 'spatial_unaligned', 'spatial_3d_unaligned'
    layers: 'counts_pre_batch'

Summary:
{
  "n_obs": 43560,
  "n_vars": 556,
  "total_counts": 25388218,
  "nonzero_counts": 4713136,
  "platform": "spot",
  "slice_axis": "Z",
  "n_slices": 10,
  "slice_ids": [
    0,
    1,
    2,
    3,
    4,
    5,
    6,
    7,
    8,
    9
  ],
  "obs_columns": [
    "slice_axis",
    "slice_id",
    "spot_spacing_um",
    "spot_radius_um",
    "window_center0",
    "window_center1",
    "window_size0",
    "window_size1",
    "plane_dim0",
    "plane_dim1",
    "cell_type_true",
    "domain_true"
  ],
  "var_columns": [
    "gene_class",
    "is_noise",
    "is_shared_marker"
  ],
  "layers": [
    "counts_pre_batch"
  ],
  "obsm_keys": [
    "spatial",
    "cell_type_frac_true",
    "domain_frac_true",
    "spatial_3d",
    "spatial_unaligned",
    "spatial_3d_unaligned"
  ],
  "uns_keys": [
    "batch_effect_factors",
    "rigid_perturb_inplane",
    "sim_params",
    "output"
  ],
  "truth_annotations": [
    "layers['counts_pre_batch']",
    "obs['cell_type_true']",
    "obs['domain_true']",
    "obsm['cell_type_frac_true']",
    "obsm['domain_frac_true']"
  ]
}

Saved summary -> /dcs04/hicks/data/Jan/sim_project/sim_paper/data/simulation_spot_z_summary.json

Generating diagnostic plots...
  saved /dcs04/hicks/data/Jan/sim_project/sim_paper/data/plots/01_aligned_domain_true.png
  saved /dcs04/hicks/data/Jan/sim_project/sim_paper/data/plots/02_aligned_cell_type_true.png
  saved /dcs04/hicks/data/Jan/sim_project/sim_paper/data/plots/03_unaligned_slice_id.png
  saved /dcs04/hicks/data/Jan/sim_project/sim_paper/data/plots/04_qc_count_distributions.png
  saved /dcs04/hicks/data/Jan/sim_project/sim_paper/data/plots/05_spots_per_slice.png
  saved /dcs04/hicks/data/Jan/sim_project/sim_paper/data/plots/06_domain_composition_per_slice.png

All diagnostic plots saved under /dcs04/hicks/data/Jan/sim_project/sim_paper/data/plots

Saved dataset -> /dcs04/hicks/data/Jan/sim_project/sim_paper/data/simulation_spot_z.h5ad
Job finished: Wed Jul  8 05:53:32 PM EDT 2026
