[config] n_cells=5641241 sphere_r_um=6000 bin_size_um=16 log_mu=-2.5 batch_sigma=0.7 tag=bin16um_sphere_r6000_ncells5641241
[generate] bin16um_sphere_r6000_ncells5641241 not found, generating
Python: /dcs04/hicks/data/Jan/sim_project/sim_paper/env/albis-tutorial/bin/python
albis module: /dcs04/hicks/data/Jan/sim_project/albis/albis/__init__.py
albis version: 0.1.0

Generating bin data for slice axis Z with theta=2.0, theta_jitter=1.0, noise_scale=1.3, batch_sigma=0.7, base_gene_lognormal=(-2.5, 0.7), n_cells=5641241, cell_r_mean=7.5, allow_cell_overlap=False, sphere_r_um=6000.0, capture_window_um=(6500.0, 6500.0), core_fuzz_width_um=300.0, max_shift=3000.0, bin_size_um=16.0, sync_unaligned_seed=True, seed=2025

Generated AnnData:
AnnData object with n_obs × n_vars = 1656490 × 556
    obs: 'slice_axis', 'slice_id', 'bin_size_um', 'window_center0', 'window_center1', 'window_size0', 'window_size1', 'plane_dim0', 'plane_dim1', 'cell_type_true', 'domain_true', 'is_empty'
    var: 'gene_class', 'is_noise', 'is_shared_marker'
    uns: 'batch_effect_factors', 'rigid_perturb_inplane', 'output', 'sim_params'
    obsm: 'spatial', 'cell_type_frac_true', 'domain_frac_true', 'spatial_3d', 'spatial_unaligned', 'spatial_3d_unaligned'
    layers: 'counts_pre_batch'

[nb] empirical theta_hat = 1.07 (real data fits ~0.15-0.16 via count_distribution.py --compare-input; lower --theta further if this is still much higher)

Summary:
{
  "n_obs": 1656490,
  "n_vars": 556,
  "total_counts": 321072115,
  "nonzero_counts": 118693463,
  "platform": "bin",
  "slice_axis": "Z",
  "n_slices": 10,
  "slice_ids": [
    0,
    1,
    2,
    3,
    4,
    5,
    6,
    7,
    8,
    9
  ],
  "obs_columns": [
    "slice_axis",
    "slice_id",
    "bin_size_um",
    "window_center0",
    "window_center1",
    "window_size0",
    "window_size1",
    "plane_dim0",
    "plane_dim1",
    "cell_type_true",
    "domain_true",
    "is_empty"
  ],
  "var_columns": [
    "gene_class",
    "is_noise",
    "is_shared_marker"
  ],
  "layers": [
    "counts_pre_batch"
  ],
  "obsm_keys": [
    "spatial",
    "cell_type_frac_true",
    "domain_frac_true",
    "spatial_3d",
    "spatial_unaligned",
    "spatial_3d_unaligned"
  ],
  "uns_keys": [
    "batch_effect_factors",
    "rigid_perturb_inplane",
    "output",
    "sim_params"
  ],
  "truth_annotations": [
    "layers['counts_pre_batch']",
    "obs['cell_type_true']",
    "obs['domain_true']",
    "obsm['cell_type_frac_true']",
    "obsm['domain_frac_true']"
  ]
}

Saved summary -> /dcs04/hicks/data/Jan/sim_project/sim_paper/data/noisy/bin16um_sphere_r6000_ncells5641241/simulation_bin_z_summary.json

Generating diagnostic plots...
Plotting a deterministic subset of 100,000 / 1,656,490 observations.
  saved /dcs04/hicks/data/Jan/sim_project/sim_paper/data/noisy/bin16um_sphere_r6000_ncells5641241/plots/simulation_bin_z/01_aligned_domain_true.png
  saved /dcs04/hicks/data/Jan/sim_project/sim_paper/data/noisy/bin16um_sphere_r6000_ncells5641241/plots/simulation_bin_z/02_aligned_cell_type_true.png
  saved /dcs04/hicks/data/Jan/sim_project/sim_paper/data/noisy/bin16um_sphere_r6000_ncells5641241/plots/simulation_bin_z/03_unaligned_slice_id.png
  saved /dcs04/hicks/data/Jan/sim_project/sim_paper/data/noisy/bin16um_sphere_r6000_ncells5641241/plots/simulation_bin_z/04_qc_count_distributions.png
  saved /dcs04/hicks/data/Jan/sim_project/sim_paper/data/noisy/bin16um_sphere_r6000_ncells5641241/plots/simulation_bin_z/05_bins_per_slice.png
  saved /dcs04/hicks/data/Jan/sim_project/sim_paper/data/noisy/bin16um_sphere_r6000_ncells5641241/plots/simulation_bin_z/06_domain_composition_per_slice.png

All diagnostic plots saved under /dcs04/hicks/data/Jan/sim_project/sim_paper/data/noisy/bin16um_sphere_r6000_ncells5641241/plots/simulation_bin_z

Saved dataset -> /dcs04/hicks/data/Jan/sim_project/sim_paper/data/noisy/bin16um_sphere_r6000_ncells5641241/simulation_bin_z.h5ad
[qc] sim_paper/data/noisy/bin16um_sphere_r6000_ncells5641241/simulation_bin_z_qc.h5ad not found, running 00_qc_filter.py
/dcs04/hicks/data/Jan/sim_project/sim_paper/env/albis-tutorial/lib/python3.10/site-packages/louvain/__init__.py:54: UserWarning: pkg_resources is deprecated as an API. See https://setuptools.pypa.io/en/latest/pkg_resources.html. The pkg_resources package is slated for removal as early as 2025-11-30. Refrain from using this package or pin to Setuptools<81.
  from pkg_resources import get_distribution, DistributionNotFound
[load] /dcs04/hicks/data/Jan/sim_project/sim_paper/data/noisy/bin16um_sphere_r6000_ncells5641241/simulation_bin_z.h5ad
[load] AnnData shape: 1656490 x 556
[qc] fully-empty (total_counts == 0): 78276 (4.73%)
[qc] near-empty (0 < total_counts, n_genes < 3): 20757 (1.25%)
[qc] dropped 99033 observations (5.98%); 1557457 remain
[save] /dcs04/hicks/data/Jan/sim_project/sim_paper/data/noisy/bin16um_sphere_r6000_ncells5641241/simulation_bin_z_qc_summary.json
[save] /dcs04/hicks/data/Jan/sim_project/sim_paper/data/noisy/bin16um_sphere_r6000_ncells5641241/simulation_bin_z_qc.h5ad
[compare] bin16um_sphere_r6000_ncells5641241 vs breast_cancer_visium_hd (qc_filtered)
/dcs04/hicks/data/Jan/sim_project/sim_paper/env/albis-tutorial/lib/python3.10/site-packages/louvain/__init__.py:54: UserWarning: pkg_resources is deprecated as an API. See https://setuptools.pypa.io/en/latest/pkg_resources.html. The pkg_resources package is slated for removal as early as 2025-11-30. Refrain from using this package or pin to Setuptools<81.
  from pkg_resources import get_distribution, DistributionNotFound
[load] primary: sim_paper/data/noisy/bin16um_sphere_r6000_ncells5641241/simulation_bin_z_qc.h5ad
[load] primary shape: 1557457 observations x 556 genes
[slice] restricting to slice_id=5: 1557457 -> 164101 observations
[load] compare: sim_paper/data/real_data_qc/breast_cancer_visium_hd/breast_cancer_visium_hd_qc.h5ad
[load] compare shape: 1446150 observations x 18085 genes
[nb] bin: theta_hat = 0.19, X used for mean-variance/total-counts
[sparsity] bin: 85.39% zero entries, 0.00% fully-empty cells
[nb] breast_cancer_visium_hd: theta_hat = 1.24, X used for mean-variance/total-counts
[sparsity] breast_cancer_visium_hd: 98.04% zero entries, 0.00% fully-empty cells
[save] Comparison plots written to sim_paper/data/count_distribution/sweeps/bin16um_sphere_r6000/bin16um_sphere_r6000_ncells5641241_qc_filtered_vs_breast_cancer_visium_hd
[save] Numeric summary written to sim_paper/data/count_distribution/sweeps/bin16um_sphere_r6000/bin16um_sphere_r6000_ncells5641241_qc_filtered_vs_breast_cancer_visium_hd/comparison_summary.json
[compare] bin16um_sphere_r6000_ncells5641241 vs breast_cancer_visium_hd (hvg_matched)
/dcs04/hicks/data/Jan/sim_project/sim_paper/env/albis-tutorial/lib/python3.10/site-packages/louvain/__init__.py:54: UserWarning: pkg_resources is deprecated as an API. See https://setuptools.pypa.io/en/latest/pkg_resources.html. The pkg_resources package is slated for removal as early as 2025-11-30. Refrain from using this package or pin to Setuptools<81.
  from pkg_resources import get_distribution, DistributionNotFound
/dcs04/hicks/data/Jan/sim_project/sim_paper/env/albis-tutorial/lib/python3.10/site-packages/legacy_api_wrap/__init__.py:88: UserWarning: Some cells have zero counts
  return fn(*args_all, **kw)
[load] primary: sim_paper/data/noisy/bin16um_sphere_r6000_ncells5641241/simulation_bin_z_qc.h5ad
[load] primary shape: 1557457 observations x 556 genes
[slice] restricting to slice_id=5: 1557457 -> 164101 observations
[load] compare: sim_paper/data/real_data_qc/breast_cancer_visium_hd/breast_cancer_visium_hd_qc.h5ad
[load] compare shape: 1446150 observations x 18085 genes
[panel-match] subsetting compare from 18085 to top-556 highly-variable genes (matching the smaller panel)
[panel-match] compare shape after HVG subset: 1446150 observations x 556 genes
[nb] bin: theta_hat = 0.19, X used for mean-variance/total-counts
[sparsity] bin: 85.39% zero entries, 0.00% fully-empty cells
[nb] breast_cancer_visium_hd: theta_hat = 0.28, X used for mean-variance/total-counts
[sparsity] breast_cancer_visium_hd: 95.10% zero entries, 0.02% fully-empty cells
[save] Comparison plots written to sim_paper/data/count_distribution/sweeps/bin16um_sphere_r6000/bin16um_sphere_r6000_ncells5641241_hvg_matched_vs_breast_cancer_visium_hd
[save] Numeric summary written to sim_paper/data/count_distribution/sweeps/bin16um_sphere_r6000/bin16um_sphere_r6000_ncells5641241_hvg_matched_vs_breast_cancer_visium_hd/comparison_summary.json
[compare] bin16um_sphere_r6000_ncells5641241 vs human_pancreas_visium_hd (qc_filtered)
/dcs04/hicks/data/Jan/sim_project/sim_paper/env/albis-tutorial/lib/python3.10/site-packages/louvain/__init__.py:54: UserWarning: pkg_resources is deprecated as an API. See https://setuptools.pypa.io/en/latest/pkg_resources.html. The pkg_resources package is slated for removal as early as 2025-11-30. Refrain from using this package or pin to Setuptools<81.
  from pkg_resources import get_distribution, DistributionNotFound
/dcs04/hicks/data/Jan/sim_project/sim_paper/env/albis-tutorial/lib/python3.10/site-packages/legacy_api_wrap/__init__.py:88: UserWarning: Some cells have zero counts
  return fn(*args_all, **kw)
[load] primary: sim_paper/data/noisy/bin16um_sphere_r6000_ncells5641241/simulation_bin_z_qc.h5ad
[load] primary shape: 1557457 observations x 556 genes
[slice] restricting to slice_id=5: 1557457 -> 164101 observations
[load] compare: sim_paper/data/real_data_qc/human_pancreas_visium_hd/human_pancreas_visium_hd_qc.h5ad
[load] compare shape: 1216229 observations x 18085 genes
[nb] bin: theta_hat = 0.19, X used for mean-variance/total-counts
[sparsity] bin: 85.39% zero entries, 0.00% fully-empty cells
[nb] human_pancreas_visium_hd: theta_hat = 0.89, X used for mean-variance/total-counts
[sparsity] human_pancreas_visium_hd: 97.66% zero entries, 0.00% fully-empty cells
[save] Comparison plots written to sim_paper/data/count_distribution/sweeps/bin16um_sphere_r6000/bin16um_sphere_r6000_ncells5641241_qc_filtered_vs_human_pancreas_visium_hd
[save] Numeric summary written to sim_paper/data/count_distribution/sweeps/bin16um_sphere_r6000/bin16um_sphere_r6000_ncells5641241_qc_filtered_vs_human_pancreas_visium_hd/comparison_summary.json
[compare] bin16um_sphere_r6000_ncells5641241 vs human_pancreas_visium_hd (hvg_matched)
/dcs04/hicks/data/Jan/sim_project/sim_paper/env/albis-tutorial/lib/python3.10/site-packages/louvain/__init__.py:54: UserWarning: pkg_resources is deprecated as an API. See https://setuptools.pypa.io/en/latest/pkg_resources.html. The pkg_resources package is slated for removal as early as 2025-11-30. Refrain from using this package or pin to Setuptools<81.
  from pkg_resources import get_distribution, DistributionNotFound
/dcs04/hicks/data/Jan/sim_project/sim_paper/env/albis-tutorial/lib/python3.10/site-packages/legacy_api_wrap/__init__.py:88: UserWarning: Some cells have zero counts
  return fn(*args_all, **kw)
[load] primary: sim_paper/data/noisy/bin16um_sphere_r6000_ncells5641241/simulation_bin_z_qc.h5ad
[load] primary shape: 1557457 observations x 556 genes
[slice] restricting to slice_id=5: 1557457 -> 164101 observations
[load] compare: sim_paper/data/real_data_qc/human_pancreas_visium_hd/human_pancreas_visium_hd_qc.h5ad
[load] compare shape: 1216229 observations x 18085 genes
[panel-match] subsetting compare from 18085 to top-556 highly-variable genes (matching the smaller panel)
[panel-match] compare shape after HVG subset: 1216229 observations x 556 genes
[nb] bin: theta_hat = 0.19, X used for mean-variance/total-counts
[sparsity] bin: 85.39% zero entries, 0.00% fully-empty cells
[nb] human_pancreas_visium_hd: theta_hat = 0.02, X used for mean-variance/total-counts
[sparsity] human_pancreas_visium_hd: 96.34% zero entries, 0.15% fully-empty cells
[save] Comparison plots written to sim_paper/data/count_distribution/sweeps/bin16um_sphere_r6000/bin16um_sphere_r6000_ncells5641241_hvg_matched_vs_human_pancreas_visium_hd
[save] Numeric summary written to sim_paper/data/count_distribution/sweeps/bin16um_sphere_r6000/bin16um_sphere_r6000_ncells5641241_hvg_matched_vs_human_pancreas_visium_hd/comparison_summary.json
[done] bin16um_sphere_r6000_ncells5641241
