[compare] packing_pf0p04_bin16um_log_mu_0.0 vs breast_cancer_visium_hd_16um (qc_and_hvg_matched)
/dcs04/hicks/data/Jan/sim_project/sim_app/env/sim-app-tutorial/lib/python3.10/site-packages/louvain/__init__.py:54: UserWarning: pkg_resources is deprecated as an API. See https://setuptools.pypa.io/en/latest/pkg_resources.html. The pkg_resources package is slated for removal as early as 2025-11-30. Refrain from using this package or pin to Setuptools<81.
  from pkg_resources import get_distribution, DistributionNotFound
/dcs04/hicks/data/Jan/sim_project/sim_app/env/sim-app-tutorial/lib/python3.10/site-packages/legacy_api_wrap/__init__.py:88: UserWarning: Some cells have zero counts
  return fn(*args_all, **kw)
[load] primary: sim_paper/data/noisy/packing_pf0p04_bin16um_log_mu_0.0/simulation_bin_z_qc.h5ad
[load] primary shape: 185403 observations x 556 genes
[load] compare: sim_paper/data/real_data_qc/breast_cancer_visium_hd_16um/breast_cancer_visium_hd_qc.h5ad
[load] compare shape: 364254 observations x 18085 genes
[panel-match] subsetting compare from 18085 to top-556 highly-variable genes (matching the smaller panel)
[panel-match] compare shape after HVG subset: 364254 observations x 556 genes
[nb] bin: theta_hat = 1.12, counts_pre_batch used for mean-variance/total-counts
[sparsity] bin: 31.58% zero entries, 0.00% fully-empty cells
[nb] breast_cancer_visium_hd_16um: theta_hat = 0.37, X used for mean-variance/total-counts
[sparsity] breast_cancer_visium_hd_16um: 85.16% zero entries, 0.00% fully-empty cells
[save] Comparison plots written to sim_paper/data/count_distribution/sweeps/bin16um_logmu_sweep/packing_pf0p04_bin16um_log_mu_0.0_qc_and_hvg_matched_vs_breast_cancer_visium_hd_16um
[save] Numeric summary written to sim_paper/data/count_distribution/sweeps/bin16um_logmu_sweep/packing_pf0p04_bin16um_log_mu_0.0_qc_and_hvg_matched_vs_breast_cancer_visium_hd_16um/comparison_summary.json
[compare] packing_pf0p04_bin16um_log_mu_0.0 vs human_pancreas_visium_hd_16um (qc_and_hvg_matched)
/dcs04/hicks/data/Jan/sim_project/sim_app/env/sim-app-tutorial/lib/python3.10/site-packages/louvain/__init__.py:54: UserWarning: pkg_resources is deprecated as an API. See https://setuptools.pypa.io/en/latest/pkg_resources.html. The pkg_resources package is slated for removal as early as 2025-11-30. Refrain from using this package or pin to Setuptools<81.
  from pkg_resources import get_distribution, DistributionNotFound
/dcs04/hicks/data/Jan/sim_project/sim_app/env/sim-app-tutorial/lib/python3.10/site-packages/legacy_api_wrap/__init__.py:88: UserWarning: Some cells have zero counts
  return fn(*args_all, **kw)
/dcs04/hicks/data/Jan/sim_project/sim_app/env/sim-app-tutorial/lib/python3.10/site-packages/legacy_api_wrap/__init__.py:88: UserWarning: Some cells have zero counts
  return fn(*args_all, **kw)
[load] primary: sim_paper/data/noisy/packing_pf0p04_bin16um_log_mu_0.0/simulation_bin_z_qc.h5ad
[load] primary shape: 185403 observations x 556 genes
[load] compare: sim_paper/data/real_data_qc/human_pancreas_visium_hd_16um/human_pancreas_visium_hd_qc.h5ad
[load] compare shape: 300377 observations x 18085 genes
[panel-match] subsetting compare from 18085 to top-556 highly-variable genes (matching the smaller panel)
[panel-match] compare shape after HVG subset: 300377 observations x 556 genes
[nb] bin: theta_hat = 1.12, counts_pre_batch used for mean-variance/total-counts
[sparsity] bin: 31.58% zero entries, 0.00% fully-empty cells
[nb] human_pancreas_visium_hd_16um: theta_hat = 0.03, X used for mean-variance/total-counts
[sparsity] human_pancreas_visium_hd_16um: 91.31% zero entries, 0.10% fully-empty cells
[save] Comparison plots written to sim_paper/data/count_distribution/sweeps/bin16um_logmu_sweep/packing_pf0p04_bin16um_log_mu_0.0_qc_and_hvg_matched_vs_human_pancreas_visium_hd_16um
[save] Numeric summary written to sim_paper/data/count_distribution/sweeps/bin16um_logmu_sweep/packing_pf0p04_bin16um_log_mu_0.0_qc_and_hvg_matched_vs_human_pancreas_visium_hd_16um/comparison_summary.json
[done] packing_pf0p04_bin16um_log_mu_0.0
