[config] n_cells=3008662 sphere_r_um=6000 log_mu=-2.0 theta=0.25 jitter=0.10 batch_sigma=0.3 tag=spot_sphere_r6000_ncells3008662
[generate] spot_sphere_r6000_ncells3008662 not found, generating
Python: /dcs04/hicks/data/Jan/sim_project/sim_paper/env/albis-tutorial/bin/python
albis module: /dcs04/hicks/data/Jan/sim_project/albis/albis/__init__.py
albis version: 0.1.0

Generating spot data for slice axis Z with theta=0.25, theta_jitter=0.1, noise_scale=1.3, batch_sigma=0.3, base_gene_lognormal=(-2.0, 0.7), n_cells=3008662, cell_r_mean=7.5, allow_cell_overlap=False, sphere_r_um=6000.0, capture_window_um=(6500.0, 6500.0), core_fuzz_width_um=300.0, max_shift=3000.0, bin_size_um=8.0, sync_unaligned_seed=True, seed=2025

Generated AnnData:
AnnData object with n_obs × n_vars = 43560 × 556
    obs: 'slice_axis', 'slice_id', 'spot_spacing_um', 'spot_radius_um', 'window_center0', 'window_center1', 'window_size0', 'window_size1', 'plane_dim0', 'plane_dim1', 'cell_type_true', 'domain_true', 'is_empty'
    var: 'gene_class', 'is_noise', 'is_shared_marker'
    uns: 'batch_effect_factors', 'rigid_perturb_inplane', 'output', 'sim_params'
    obsm: 'spatial', 'cell_type_frac_true', 'domain_frac_true', 'spatial_3d', 'spatial_unaligned', 'spatial_3d_unaligned'
    layers: 'counts_pre_batch'

[nb] empirical theta_hat = 1.14 (real data fits ~0.15-0.16 via count_distribution.py --compare-input; lower --theta further if this is still much higher)

Summary:
{
  "n_obs": 43560,
  "n_vars": 556,
  "total_counts": 54508232,
  "nonzero_counts": 12308744,
  "platform": "spot",
  "slice_axis": "Z",
  "n_slices": 10,
  "slice_ids": [
    0,
    1,
    2,
    3,
    4,
    5,
    6,
    7,
    8,
    9
  ],
  "obs_columns": [
    "slice_axis",
    "slice_id",
    "spot_spacing_um",
    "spot_radius_um",
    "window_center0",
    "window_center1",
    "window_size0",
    "window_size1",
    "plane_dim0",
    "plane_dim1",
    "cell_type_true",
    "domain_true",
    "is_empty"
  ],
  "var_columns": [
    "gene_class",
    "is_noise",
    "is_shared_marker"
  ],
  "layers": [
    "counts_pre_batch"
  ],
  "obsm_keys": [
    "spatial",
    "cell_type_frac_true",
    "domain_frac_true",
    "spatial_3d",
    "spatial_unaligned",
    "spatial_3d_unaligned"
  ],
  "uns_keys": [
    "batch_effect_factors",
    "rigid_perturb_inplane",
    "output",
    "sim_params"
  ],
  "truth_annotations": [
    "layers['counts_pre_batch']",
    "obs['cell_type_true']",
    "obs['domain_true']",
    "obsm['cell_type_frac_true']",
    "obsm['domain_frac_true']"
  ]
}

Saved summary -> /dcs04/hicks/data/Jan/sim_project/sim_paper/data/noisy/spot_sphere_r6000_ncells3008662/simulation_spot_z_summary.json

Generating diagnostic plots...
  saved /dcs04/hicks/data/Jan/sim_project/sim_paper/data/noisy/spot_sphere_r6000_ncells3008662/plots/simulation_spot_z/01_aligned_domain_true.png
  saved /dcs04/hicks/data/Jan/sim_project/sim_paper/data/noisy/spot_sphere_r6000_ncells3008662/plots/simulation_spot_z/02_aligned_cell_type_true.png
  saved /dcs04/hicks/data/Jan/sim_project/sim_paper/data/noisy/spot_sphere_r6000_ncells3008662/plots/simulation_spot_z/03_unaligned_slice_id.png
  saved /dcs04/hicks/data/Jan/sim_project/sim_paper/data/noisy/spot_sphere_r6000_ncells3008662/plots/simulation_spot_z/04_qc_count_distributions.png
  saved /dcs04/hicks/data/Jan/sim_project/sim_paper/data/noisy/spot_sphere_r6000_ncells3008662/plots/simulation_spot_z/05_spots_per_slice.png
  saved /dcs04/hicks/data/Jan/sim_project/sim_paper/data/noisy/spot_sphere_r6000_ncells3008662/plots/simulation_spot_z/06_domain_composition_per_slice.png

All diagnostic plots saved under /dcs04/hicks/data/Jan/sim_project/sim_paper/data/noisy/spot_sphere_r6000_ncells3008662/plots/simulation_spot_z

Saved dataset -> /dcs04/hicks/data/Jan/sim_project/sim_paper/data/noisy/spot_sphere_r6000_ncells3008662/simulation_spot_z.h5ad
[qc] sim_paper/data/noisy/spot_sphere_r6000_ncells3008662/simulation_spot_z_qc.h5ad not found, running 00_qc_filter.py
/dcs04/hicks/data/Jan/sim_project/sim_paper/env/albis-tutorial/lib/python3.10/site-packages/louvain/__init__.py:54: UserWarning: pkg_resources is deprecated as an API. See https://setuptools.pypa.io/en/latest/pkg_resources.html. The pkg_resources package is slated for removal as early as 2025-11-30. Refrain from using this package or pin to Setuptools<81.
  from pkg_resources import get_distribution, DistributionNotFound
[load] /dcs04/hicks/data/Jan/sim_project/sim_paper/data/noisy/spot_sphere_r6000_ncells3008662/simulation_spot_z.h5ad
[load] AnnData shape: 43560 x 556
[qc] fully-empty (total_counts == 0): 1360 (3.12%)
[qc] near-empty (0 < total_counts, n_genes < 3): 54 (0.12%)
[qc] dropped 1414 observations (3.25%); 42146 remain
[save] /dcs04/hicks/data/Jan/sim_project/sim_paper/data/noisy/spot_sphere_r6000_ncells3008662/simulation_spot_z_qc_summary.json
[save] /dcs04/hicks/data/Jan/sim_project/sim_paper/data/noisy/spot_sphere_r6000_ncells3008662/simulation_spot_z_qc.h5ad
[compare] spot_sphere_r6000_ncells3008662 vs tonsil_visium (qc_filtered)
/dcs04/hicks/data/Jan/sim_project/sim_paper/env/albis-tutorial/lib/python3.10/site-packages/louvain/__init__.py:54: UserWarning: pkg_resources is deprecated as an API. See https://setuptools.pypa.io/en/latest/pkg_resources.html. The pkg_resources package is slated for removal as early as 2025-11-30. Refrain from using this package or pin to Setuptools<81.
  from pkg_resources import get_distribution, DistributionNotFound
[load] primary: sim_paper/data/noisy/spot_sphere_r6000_ncells3008662/simulation_spot_z_qc.h5ad
[load] primary shape: 42146 observations x 556 genes
[slice] restricting to slice_id=5: 42146 -> 4356 observations
[load] compare: sim_paper/data/real_data_qc/tonsil_visium/tonsil_visium_qc.h5ad
[load] compare shape: 4634 observations x 18085 genes
[nb] spot: theta_hat = 0.73, X used for mean-variance/total-counts
[sparsity] spot: 44.35% zero entries, 0.00% fully-empty cells
[nb] tonsil_visium: theta_hat = 4.30, X used for mean-variance/total-counts
[sparsity] tonsil_visium: 55.94% zero entries, 0.00% fully-empty cells
[save] Comparison plots written to sim_paper/data/count_distribution/sweeps/spot_sphere_r6000/spot_sphere_r6000_ncells3008662_qc_filtered_vs_tonsil_visium
[save] Numeric summary written to sim_paper/data/count_distribution/sweeps/spot_sphere_r6000/spot_sphere_r6000_ncells3008662_qc_filtered_vs_tonsil_visium/comparison_summary.json
[compare] spot_sphere_r6000_ncells3008662 vs tonsil_visium (hvg_matched)
/dcs04/hicks/data/Jan/sim_project/sim_paper/env/albis-tutorial/lib/python3.10/site-packages/louvain/__init__.py:54: UserWarning: pkg_resources is deprecated as an API. See https://setuptools.pypa.io/en/latest/pkg_resources.html. The pkg_resources package is slated for removal as early as 2025-11-30. Refrain from using this package or pin to Setuptools<81.
  from pkg_resources import get_distribution, DistributionNotFound
[load] primary: sim_paper/data/noisy/spot_sphere_r6000_ncells3008662/simulation_spot_z_qc.h5ad
[load] primary shape: 42146 observations x 556 genes
[slice] restricting to slice_id=5: 42146 -> 4356 observations
[load] compare: sim_paper/data/real_data_qc/tonsil_visium/tonsil_visium_qc.h5ad
[load] compare shape: 4634 observations x 18085 genes
[panel-match] subsetting compare from 18085 to top-556 highly-variable genes (matching the smaller panel)
[panel-match] compare shape after HVG subset: 4634 observations x 556 genes
[nb] spot: theta_hat = 0.73, X used for mean-variance/total-counts
[sparsity] spot: 44.35% zero entries, 0.00% fully-empty cells
[nb] tonsil_visium: theta_hat = 0.34, X used for mean-variance/total-counts
[sparsity] tonsil_visium: 47.76% zero entries, 0.00% fully-empty cells
[save] Comparison plots written to sim_paper/data/count_distribution/sweeps/spot_sphere_r6000/spot_sphere_r6000_ncells3008662_hvg_matched_vs_tonsil_visium
[save] Numeric summary written to sim_paper/data/count_distribution/sweeps/spot_sphere_r6000/spot_sphere_r6000_ncells3008662_hvg_matched_vs_tonsil_visium/comparison_summary.json
[compare] spot_sphere_r6000_ncells3008662 vs lymph_node_visium (qc_filtered)
/dcs04/hicks/data/Jan/sim_project/sim_paper/env/albis-tutorial/lib/python3.10/site-packages/louvain/__init__.py:54: UserWarning: pkg_resources is deprecated as an API. See https://setuptools.pypa.io/en/latest/pkg_resources.html. The pkg_resources package is slated for removal as early as 2025-11-30. Refrain from using this package or pin to Setuptools<81.
  from pkg_resources import get_distribution, DistributionNotFound
[load] primary: sim_paper/data/noisy/spot_sphere_r6000_ncells3008662/simulation_spot_z_qc.h5ad
[load] primary shape: 42146 observations x 556 genes
[slice] restricting to slice_id=5: 42146 -> 4356 observations
[load] compare: sim_paper/data/real_data_qc/lymph_node_visium/lymph_node_visium_qc.h5ad
[load] compare shape: 4029 observations x 18085 genes
[nb] spot: theta_hat = 0.73, X used for mean-variance/total-counts
[sparsity] spot: 44.35% zero entries, 0.00% fully-empty cells
[nb] lymph_node_visium: theta_hat = 2.43, X used for mean-variance/total-counts
[sparsity] lymph_node_visium: 56.49% zero entries, 0.00% fully-empty cells
[save] Comparison plots written to sim_paper/data/count_distribution/sweeps/spot_sphere_r6000/spot_sphere_r6000_ncells3008662_qc_filtered_vs_lymph_node_visium
[save] Numeric summary written to sim_paper/data/count_distribution/sweeps/spot_sphere_r6000/spot_sphere_r6000_ncells3008662_qc_filtered_vs_lymph_node_visium/comparison_summary.json
[compare] spot_sphere_r6000_ncells3008662 vs lymph_node_visium (hvg_matched)
/dcs04/hicks/data/Jan/sim_project/sim_paper/env/albis-tutorial/lib/python3.10/site-packages/louvain/__init__.py:54: UserWarning: pkg_resources is deprecated as an API. See https://setuptools.pypa.io/en/latest/pkg_resources.html. The pkg_resources package is slated for removal as early as 2025-11-30. Refrain from using this package or pin to Setuptools<81.
  from pkg_resources import get_distribution, DistributionNotFound
[load] primary: sim_paper/data/noisy/spot_sphere_r6000_ncells3008662/simulation_spot_z_qc.h5ad
[load] primary shape: 42146 observations x 556 genes
[slice] restricting to slice_id=5: 42146 -> 4356 observations
[load] compare: sim_paper/data/real_data_qc/lymph_node_visium/lymph_node_visium_qc.h5ad
[load] compare shape: 4029 observations x 18085 genes
[panel-match] subsetting compare from 18085 to top-556 highly-variable genes (matching the smaller panel)
[panel-match] compare shape after HVG subset: 4029 observations x 556 genes
[nb] spot: theta_hat = 0.73, X used for mean-variance/total-counts
[sparsity] spot: 44.35% zero entries, 0.00% fully-empty cells
[nb] lymph_node_visium: theta_hat = 0.76, X used for mean-variance/total-counts
[sparsity] lymph_node_visium: 34.37% zero entries, 0.00% fully-empty cells
[save] Comparison plots written to sim_paper/data/count_distribution/sweeps/spot_sphere_r6000/spot_sphere_r6000_ncells3008662_hvg_matched_vs_lymph_node_visium
[save] Numeric summary written to sim_paper/data/count_distribution/sweeps/spot_sphere_r6000/spot_sphere_r6000_ncells3008662_hvg_matched_vs_lymph_node_visium/comparison_summary.json
[done] spot_sphere_r6000_ncells3008662
