[config] n_cells=200000 sphere_r_um=2050 log_mu=-2.3 theta=0.40 jitter=0.15 batch_sigma=1.5 tag=cell_packing_sweep_ncells200000
[generate] cell_packing_sweep_ncells200000 not found, generating
Python: /dcs04/hicks/data/Jan/sim_project/sim_paper/env/albis-tutorial/bin/python
albis module: /dcs04/hicks/data/Jan/sim_project/albis/albis/__init__.py
albis version: 0.1.0

Generating cell data for slice axis Z with theta=0.4, theta_jitter=0.15, noise_scale=1.3, batch_sigma=1.5, base_gene_lognormal=(-2.3, 0.7), n_cells=200000, cell_r_mean=7.5, allow_cell_overlap=False, sphere_r_um=2050.0, capture_window_um=(12000.0, 24000.0), core_fuzz_width_um=102.5, max_shift=1025.0, bin_size_um=8.0, sync_unaligned_seed=True, seed=2025

Generated AnnData:
AnnData object with n_obs × n_vars = 200000 × 556
    obs: 'domain_true', 'cell_type_true', 'cell_radius', 'cell_sigma_for_95pct', 'slice_id_X', 'slice_id_Y', 'slice_id_Z', 'slice_axis', 'slice_id'
    var: 'gene_class', 'is_noise', 'is_shared_marker'
    uns: 'sim_params', 'batch_effect_factors', 'rigid_perturb_inplane', 'output'
    obsm: 'spatial', 'spatial_3d', 'spatial_unaligned', 'spatial_3d_unaligned'
    layers: 'counts_pre_batch'

[nb] empirical theta_hat = 0.23 (real data fits ~0.15-0.16 via count_distribution.py --compare-input; lower --theta further if this is still much higher)

Summary:
{
  "n_obs": 200000,
  "n_vars": 556,
  "total_counts": 64665593,
  "nonzero_counts": 8473936,
  "platform": "cell",
  "slice_axis": "Z",
  "n_slices": 10,
  "slice_ids": [
    0,
    1,
    2,
    3,
    4,
    5,
    6,
    7,
    8,
    9
  ],
  "obs_columns": [
    "domain_true",
    "cell_type_true",
    "cell_radius",
    "cell_sigma_for_95pct",
    "slice_id_X",
    "slice_id_Y",
    "slice_id_Z",
    "slice_axis",
    "slice_id"
  ],
  "var_columns": [
    "gene_class",
    "is_noise",
    "is_shared_marker"
  ],
  "layers": [
    "counts_pre_batch"
  ],
  "obsm_keys": [
    "spatial",
    "spatial_3d",
    "spatial_unaligned",
    "spatial_3d_unaligned"
  ],
  "uns_keys": [
    "sim_params",
    "batch_effect_factors",
    "rigid_perturb_inplane",
    "output"
  ],
  "truth_annotations": [
    "layers['counts_pre_batch']",
    "obs['cell_type_true']",
    "obs['domain_true']",
    "obs['cell_radius']",
    "obs['cell_sigma_for_95pct']"
  ]
}

Saved summary -> /dcs04/hicks/data/Jan/sim_project/sim_paper/data/noisy/cell_packing_sweep_ncells200000/simulation_cell_z_summary.json

Generating diagnostic plots...
Plotting a deterministic subset of 100,000 / 200,000 observations.
  saved /dcs04/hicks/data/Jan/sim_project/sim_paper/data/noisy/cell_packing_sweep_ncells200000/plots/simulation_cell_z/01_aligned_domain_true.png
  saved /dcs04/hicks/data/Jan/sim_project/sim_paper/data/noisy/cell_packing_sweep_ncells200000/plots/simulation_cell_z/02_aligned_cell_type_true.png
  saved /dcs04/hicks/data/Jan/sim_project/sim_paper/data/noisy/cell_packing_sweep_ncells200000/plots/simulation_cell_z/03_unaligned_slice_id.png
  saved /dcs04/hicks/data/Jan/sim_project/sim_paper/data/noisy/cell_packing_sweep_ncells200000/plots/simulation_cell_z/04_qc_count_distributions.png
  saved /dcs04/hicks/data/Jan/sim_project/sim_paper/data/noisy/cell_packing_sweep_ncells200000/plots/simulation_cell_z/05_cells_per_slice.png
  saved /dcs04/hicks/data/Jan/sim_project/sim_paper/data/noisy/cell_packing_sweep_ncells200000/plots/simulation_cell_z/06_domain_composition_per_slice.png

All diagnostic plots saved under /dcs04/hicks/data/Jan/sim_project/sim_paper/data/noisy/cell_packing_sweep_ncells200000/plots/simulation_cell_z

Saved dataset -> /dcs04/hicks/data/Jan/sim_project/sim_paper/data/noisy/cell_packing_sweep_ncells200000/simulation_cell_z.h5ad
[qc] sim_paper/data/noisy/cell_packing_sweep_ncells200000/simulation_cell_z_qc.h5ad not found, running 00_qc_filter.py
/dcs04/hicks/data/Jan/sim_project/sim_paper/env/albis-tutorial/lib/python3.10/site-packages/louvain/__init__.py:54: UserWarning: pkg_resources is deprecated as an API. See https://setuptools.pypa.io/en/latest/pkg_resources.html. The pkg_resources package is slated for removal as early as 2025-11-30. Refrain from using this package or pin to Setuptools<81.
  from pkg_resources import get_distribution, DistributionNotFound
[load] /dcs04/hicks/data/Jan/sim_project/sim_paper/data/noisy/cell_packing_sweep_ncells200000/simulation_cell_z.h5ad
[load] AnnData shape: 200000 x 556
[qc] fully-empty (total_counts == 0): 0 (0.00%)
[qc] near-empty (0 < total_counts, n_genes < 3): 0 (0.00%)
[qc] dropped 0 observations (0.00%); 200000 remain
[save] /dcs04/hicks/data/Jan/sim_project/sim_paper/data/noisy/cell_packing_sweep_ncells200000/simulation_cell_z_qc_summary.json
[save] /dcs04/hicks/data/Jan/sim_project/sim_paper/data/noisy/cell_packing_sweep_ncells200000/simulation_cell_z_qc.h5ad
[compare] cell_packing_sweep_ncells200000 vs lung_cancer (qc_filtered)
/dcs04/hicks/data/Jan/sim_project/sim_paper/env/albis-tutorial/lib/python3.10/site-packages/louvain/__init__.py:54: UserWarning: pkg_resources is deprecated as an API. See https://setuptools.pypa.io/en/latest/pkg_resources.html. The pkg_resources package is slated for removal as early as 2025-11-30. Refrain from using this package or pin to Setuptools<81.
  from pkg_resources import get_distribution, DistributionNotFound
[load] primary: sim_paper/data/noisy/cell_packing_sweep_ncells200000/simulation_cell_z_qc.h5ad
[load] primary shape: 200000 observations x 556 genes
[slice] restricting to slice_id=5: 200000 -> 29617 observations
[load] compare: sim_paper/data/real_data_qc/lung_cancer/lung_cancer_qc.h5ad
[load] compare shape: 508303 observations x 392 genes
[nb] cell: theta_hat = 0.08, X used for mean-variance/total-counts
[sparsity] cell: 92.31% zero entries, 0.00% fully-empty cells
[nb] lung_cancer: theta_hat = 0.16, X used for mean-variance/total-counts
[sparsity] lung_cancer: 83.61% zero entries, 0.00% fully-empty cells
[save] Comparison plots written to sim_paper/data/count_distribution/sweeps/cell_packing_sweep_r2050/cell_packing_sweep_ncells200000_qc_filtered_vs_lung_cancer
[save] Numeric summary written to sim_paper/data/count_distribution/sweeps/cell_packing_sweep_r2050/cell_packing_sweep_ncells200000_qc_filtered_vs_lung_cancer/comparison_summary.json
[compare] cell_packing_sweep_ncells200000 vs lung_cancer (hvg_matched)
/dcs04/hicks/data/Jan/sim_project/sim_paper/env/albis-tutorial/lib/python3.10/site-packages/louvain/__init__.py:54: UserWarning: pkg_resources is deprecated as an API. See https://setuptools.pypa.io/en/latest/pkg_resources.html. The pkg_resources package is slated for removal as early as 2025-11-30. Refrain from using this package or pin to Setuptools<81.
  from pkg_resources import get_distribution, DistributionNotFound
[load] primary: sim_paper/data/noisy/cell_packing_sweep_ncells200000/simulation_cell_z_qc.h5ad
[load] primary shape: 200000 observations x 556 genes
[slice] restricting to slice_id=5: 200000 -> 29617 observations
[load] compare: sim_paper/data/real_data_qc/lung_cancer/lung_cancer_qc.h5ad
[load] compare shape: 508303 observations x 392 genes
[panel-match] subsetting primary from 556 to top-392 highly-variable genes (matching the smaller panel)
[panel-match] primary shape after HVG subset: 29617 observations x 392 genes
[nb] cell: theta_hat = 0.06, X used for mean-variance/total-counts
[sparsity] cell: 94.34% zero entries, 0.00% fully-empty cells
[nb] lung_cancer: theta_hat = 0.16, X used for mean-variance/total-counts
[sparsity] lung_cancer: 83.61% zero entries, 0.00% fully-empty cells
[save] Comparison plots written to sim_paper/data/count_distribution/sweeps/cell_packing_sweep_r2050/cell_packing_sweep_ncells200000_hvg_matched_vs_lung_cancer
[save] Numeric summary written to sim_paper/data/count_distribution/sweeps/cell_packing_sweep_r2050/cell_packing_sweep_ncells200000_hvg_matched_vs_lung_cancer/comparison_summary.json
[compare] cell_packing_sweep_ncells200000 vs non_diseased_lung (qc_filtered)
/dcs04/hicks/data/Jan/sim_project/sim_paper/env/albis-tutorial/lib/python3.10/site-packages/louvain/__init__.py:54: UserWarning: pkg_resources is deprecated as an API. See https://setuptools.pypa.io/en/latest/pkg_resources.html. The pkg_resources package is slated for removal as early as 2025-11-30. Refrain from using this package or pin to Setuptools<81.
  from pkg_resources import get_distribution, DistributionNotFound
[load] primary: sim_paper/data/noisy/cell_packing_sweep_ncells200000/simulation_cell_z_qc.h5ad
[load] primary shape: 200000 observations x 556 genes
[slice] restricting to slice_id=5: 200000 -> 29617 observations
[load] compare: sim_paper/data/real_data_qc/non_diseased_lung/non_diseased_lung_qc.h5ad
[load] compare shape: 285358 observations x 392 genes
[nb] cell: theta_hat = 0.08, X used for mean-variance/total-counts
[sparsity] cell: 92.31% zero entries, 0.00% fully-empty cells
[nb] non_diseased_lung: theta_hat = 0.16, X used for mean-variance/total-counts
[sparsity] non_diseased_lung: 87.14% zero entries, 0.00% fully-empty cells
[save] Comparison plots written to sim_paper/data/count_distribution/sweeps/cell_packing_sweep_r2050/cell_packing_sweep_ncells200000_qc_filtered_vs_non_diseased_lung
[save] Numeric summary written to sim_paper/data/count_distribution/sweeps/cell_packing_sweep_r2050/cell_packing_sweep_ncells200000_qc_filtered_vs_non_diseased_lung/comparison_summary.json
[compare] cell_packing_sweep_ncells200000 vs non_diseased_lung (hvg_matched)
/dcs04/hicks/data/Jan/sim_project/sim_paper/env/albis-tutorial/lib/python3.10/site-packages/louvain/__init__.py:54: UserWarning: pkg_resources is deprecated as an API. See https://setuptools.pypa.io/en/latest/pkg_resources.html. The pkg_resources package is slated for removal as early as 2025-11-30. Refrain from using this package or pin to Setuptools<81.
  from pkg_resources import get_distribution, DistributionNotFound
[load] primary: sim_paper/data/noisy/cell_packing_sweep_ncells200000/simulation_cell_z_qc.h5ad
[load] primary shape: 200000 observations x 556 genes
[slice] restricting to slice_id=5: 200000 -> 29617 observations
[load] compare: sim_paper/data/real_data_qc/non_diseased_lung/non_diseased_lung_qc.h5ad
[load] compare shape: 285358 observations x 392 genes
[panel-match] subsetting primary from 556 to top-392 highly-variable genes (matching the smaller panel)
[panel-match] primary shape after HVG subset: 29617 observations x 392 genes
[nb] cell: theta_hat = 0.06, X used for mean-variance/total-counts
[sparsity] cell: 94.34% zero entries, 0.00% fully-empty cells
[nb] non_diseased_lung: theta_hat = 0.16, X used for mean-variance/total-counts
[sparsity] non_diseased_lung: 87.14% zero entries, 0.00% fully-empty cells
[save] Comparison plots written to sim_paper/data/count_distribution/sweeps/cell_packing_sweep_r2050/cell_packing_sweep_ncells200000_hvg_matched_vs_non_diseased_lung
[save] Numeric summary written to sim_paper/data/count_distribution/sweeps/cell_packing_sweep_r2050/cell_packing_sweep_ncells200000_hvg_matched_vs_non_diseased_lung/comparison_summary.json
[done] cell_packing_sweep_ncells200000
