[generate] cell_r_mean=35, sphere_r_um=900 (fixed), capture_window_um=975 (fixed), allow_cell_overlap
Python: /dcs04/hicks/data/Jan/sim_project/sim_app/env/sim-app-tutorial/bin/python
sim_app module: /dcs04/hicks/data/Jan/sim_project/sim_app/sim_app/__init__.py
sim_app version: 0.1.0

Generating bin data for slice axis Z with theta=2.0, theta_jitter=1.0, noise_scale=1.3, batch_sigma=0.22, base_gene_lognormal=(0.7, 0.7), n_cells=50000, cell_r_mean=35.0, allow_cell_overlap=True, sphere_r_um=900.0, capture_window_um=975.0, core_fuzz_width_um=45.0, max_shift=450.0

Generated AnnData:
AnnData object with n_obs × n_vars = 148840 × 556
    obs: 'slice_axis', 'slice_id', 'bin_size_um', 'window_center0', 'window_center1', 'window_size0', 'window_size1', 'plane_dim0', 'plane_dim1', 'cell_type_true', 'domain_true'
    var: 'gene_class', 'is_noise', 'is_shared_marker'
    uns: 'batch_effect_factors', 'rigid_perturb_inplane', 'output', 'sim_params'
    obsm: 'spatial', 'cell_type_frac_true', 'domain_frac_true', 'spatial_3d', 'spatial_unaligned', 'spatial_3d_unaligned'
    layers: 'counts_pre_batch'

[nb] empirical theta_hat = 1.78 (real data fits ~0.15-0.16 via count_distribution.py --compare-input; lower --theta further if this is still much higher)

Summary:
{
  "n_obs": 148840,
  "n_vars": 556,
  "total_counts": 59470189,
  "nonzero_counts": 23376946,
  "platform": "bin",
  "slice_axis": "Z",
  "n_slices": 10,
  "slice_ids": [
    0,
    1,
    2,
    3,
    4,
    5,
    6,
    7,
    8,
    9
  ],
  "obs_columns": [
    "slice_axis",
    "slice_id",
    "bin_size_um",
    "window_center0",
    "window_center1",
    "window_size0",
    "window_size1",
    "plane_dim0",
    "plane_dim1",
    "cell_type_true",
    "domain_true"
  ],
  "var_columns": [
    "gene_class",
    "is_noise",
    "is_shared_marker"
  ],
  "layers": [
    "counts_pre_batch"
  ],
  "obsm_keys": [
    "spatial",
    "cell_type_frac_true",
    "domain_frac_true",
    "spatial_3d",
    "spatial_unaligned",
    "spatial_3d_unaligned"
  ],
  "uns_keys": [
    "batch_effect_factors",
    "rigid_perturb_inplane",
    "output",
    "sim_params"
  ],
  "truth_annotations": [
    "layers['counts_pre_batch']",
    "obs['cell_type_true']",
    "obs['domain_true']",
    "obsm['cell_type_frac_true']",
    "obsm['domain_frac_true']"
  ]
}

Saved summary -> /dcs04/hicks/data/Jan/sim_project/sim_paper/data/noisy/radius_smoketest_r35_overlap/simulation_bin_z_summary.json

Generating diagnostic plots...
Plotting a deterministic subset of 100,000 / 148,840 observations.
  saved /dcs04/hicks/data/Jan/sim_project/sim_paper/data/noisy/radius_smoketest_r35_overlap/plots/simulation_bin_z/01_aligned_domain_true.png
  saved /dcs04/hicks/data/Jan/sim_project/sim_paper/data/noisy/radius_smoketest_r35_overlap/plots/simulation_bin_z/02_aligned_cell_type_true.png
  saved /dcs04/hicks/data/Jan/sim_project/sim_paper/data/noisy/radius_smoketest_r35_overlap/plots/simulation_bin_z/03_unaligned_slice_id.png
  saved /dcs04/hicks/data/Jan/sim_project/sim_paper/data/noisy/radius_smoketest_r35_overlap/plots/simulation_bin_z/04_qc_count_distributions.png
  saved /dcs04/hicks/data/Jan/sim_project/sim_paper/data/noisy/radius_smoketest_r35_overlap/plots/simulation_bin_z/05_bins_per_slice.png
  saved /dcs04/hicks/data/Jan/sim_project/sim_paper/data/noisy/radius_smoketest_r35_overlap/plots/simulation_bin_z/06_domain_composition_per_slice.png

All diagnostic plots saved under /dcs04/hicks/data/Jan/sim_project/sim_paper/data/noisy/radius_smoketest_r35_overlap/plots/simulation_bin_z

Saved dataset -> /dcs04/hicks/data/Jan/sim_project/sim_paper/data/noisy/radius_smoketest_r35_overlap/simulation_bin_z.h5ad
[compare] genes-per-bin summary vs. the two earlier smoke-test configs
/dcs04/hicks/data/Jan/sim_project/sim_app/env/sim-app-tutorial/lib/python3.10/site-packages/louvain/__init__.py:54: UserWarning: pkg_resources is deprecated as an API. See https://setuptools.pypa.io/en/latest/pkg_resources.html. The pkg_resources package is slated for removal as early as 2025-11-30. Refrain from using this package or pin to Setuptools<81.
  from pkg_resources import get_distribution, DistributionNotFound
  radius_smoketest_r7p5: empty=20.58% low=11.43% mid=57.14% high=10.85% median_nonempty=93.0
  radius_smoketest_r14_overlap: empty=6.98% low=5.35% mid=78.80% high=8.87% median_nonempty=121.0
  radius_smoketest_r35_overlap: empty=3.79% low=2.00% mid=90.97% high=3.23% median_nonempty=168.0
  [save] sim_paper/data/noisy/radius_smoketest_r35_overlap/genes_per_bin_radius_compare.png
  [save] sim_paper/data/noisy/radius_smoketest_r35_overlap/genes_per_bin_radius_compare_summary.json
[done] radius_smoketest_r35_overlap
